******************************************************************************
            TI ARM Clang Linker Unix v4.0.1                    
******************************************************************************
>> Linked Thu Apr 17 11:14:49 2025

OUTPUT FILE NAME:   <ECE319K_Lab9H.out>
ENTRY POINT SYMBOL: "_c_int00_noargs"  address: 0000a325


MEMORY CONFIGURATION

         name            origin    length      used     unused   attr    fill
----------------------  --------  ---------  --------  --------  ----  --------
  FLASH                 00000000   00020000  0000a670  00015990  R  X
  SRAM                  20200000   00008000  000075d1  00000a2f  RW X
  BCR_CONFIG            41c00000   00000080  00000000  00000080  R   
  BSL_CONFIG            41c00100   00000080  00000000  00000080  R   


SEGMENT ALLOCATION MAP

run origin  load origin   length   init length attrs members
----------  ----------- ---------- ----------- ----- -------
00000000    00000000    0000a670   0000a670    r-x
  00000000    00000000    000000c0   000000c0    r-- .intvecs
  000000c0    000000c0    00007900   00007900    r-- .rodata
  000079c0    000079c0    00002c10   00002c10    r-x .text
  0000a5d0    0000a5d0    00000008   00000008    r-- .init_array
  0000a5d8    0000a5d8    00000098   00000098    r-- .cinit
20200000    20200000    000055d4   00000000    rw-
  20200000    20200000    000033f5   00000000    rw- .data
  202033f8    202033f8    00002000   00000000    rw- .sysmem
  202053f8    202053f8    000001dc   00000000    rw- .bss
20206000    20206000    00002000   00000000    rw-
  20206000    20206000    00002000   00000000    rw- .stack


SECTION ALLOCATION MAP

 output                                  attributes/
section   page    origin      length       input sections
--------  ----  ----------  ----------   ----------------
.intvecs   0    00000000    000000c0     
                  00000000    000000c0     startup_mspm0g3507_ticlang.o (.intvecs)

.binit     0    00000000    00000000     

.text      0    000079c0    00002c10     
                  000079c0    000002a4     Lab9HMain.o (.text.main)
                  00007c64    00000210     ST7735.o (.text._Z17ST7735_DrawBitmapssPKtss)
                  00007e74    000001b4     Clock.o (.text._Z15Clock_Init80MHzi)
                  00008028    000001a0     ST7735.o (.text._Z16ST7735_DrawCharSsscssh)
                  000081c8    00000154     ST7735.o (.text._Z6drawBgv)
                  0000831c    00000154     libc.a : fopen.c.obj (.text._openfile)
                  00008470    0000011c     Lab9HMain.o (.text._Z16DrawBeamToBuffer10BeamSprite)
                  0000858c    00000118     ST7735.o (.text._Z15ST7735_FillRectsssst)
                  000086a4    00000114     libc.a : memory.c.obj (.text.aligned_alloc)
                  000087b8    000000f8     SPI.o (.text._Z8SPI_Initv)
                  000088b0    000000f4     ST7735.o (.text._Z18ST7735_SetRotationh)
                  000089a4    000000ec     libsysbm.a : add_device.c.obj (.text.add_device)
                  00008a90    000000e8     libc.a : memory.c.obj (.text.free)
                  00008b78    000000e0            : setvbuf.c.obj (.text.setvbuf)
                  00008c58    000000d0     ST7735.o (.text._Z14ST7735_OutCharc)
                  00008d28    000000cc     libc.a : memory.c.obj (.text.realloc)
                  00008df4    000000b0     Lab9HMain.o (.text.TIMG12_IRQHandler)
                  00008ea4    000000a2     ST7735.o (.text._ZL11commandListPKh)
                  00008f46    00000002     Sound.o (.text.SysTick_Handler)
                  00008f48    000000a0     libsysbm.a : open.c.obj (.text.open)
                  00008fe8    0000009c     ST7735.o (.text._Z17ST7735_InitPrintfv)
                  00009084    00000098     ST7735.o (.text._Z12ST7735_InitR10initRFlags)
                  0000911c    00000098     BeamSprite.o (.text._ZN10BeamSpriteC2Eh)
                  000091b4    00000094     Timer.o (.text._Z15TimerG12_IntArmjj)
                  00009248    00000088     ST7735.o (.text._ZL13setAddrWindowhhhh)
                  000092d0    00000088     libc.a : strcmp-armv6m.S.obj (.text:strcmp)
                  00009358    00000084     ST7735.o (.text._Z17ST7735_DrawStringttPcs)
                  000093dc    0000007c     LaunchPad.o (.text._Z14LaunchPad_Initv)
                  00009458    0000007c     SlidePot.o (.text._ZN8SlidePot4InitEv)
                  000094d4    0000007c     libc.a : fclose.c.obj (.text.__TI_closefile)
                  00009550    0000007c            : copy_decompress_lzss.c.obj (.text:decompress:lzss)
                  000095cc    0000007a     BeamSprite.o (.text._ZN10BeamSprite4tickEv)
                  00009646    00000002     libclang_rt.builtins.a : aeabi_div0.c.obj (.text.__aeabi_idiv0)
                  00009648    00000070     ST7735.o (.text._Z16ST7735_DrawPixelsst)
                  000096b8    0000006c     libsysbm.a : hostlseek.c.obj (.text.HOSTlseek)
                  00009724    0000006c                : hostrename.c.obj (.text.HOSTrename)
                  00009790    0000006c     libc.a : getdevice.c.obj (.text.getdevice)
                  000097fc    00000068     Lab9HMain.o (.text._Z10bgToBufferh)
                  00009864    00000068     Lab9HMain.o (.text._Z14runnerToBufferv)
                  000098cc    00000064     libc.a : memory.c.obj (.text.split)
                  00009930    00000060     libsysbm.a : hostopen.c.obj (.text.HOSTopen)
                  00009990    00000060     Timer.o (.text._Z13TimerG12_Initv)
                  000099f0    0000005c     DashSprite.o (.text._ZN10DashSprite4tickEv)
                  00009a4c    00000058     libsysbm.a : hostread.c.obj (.text.HOSTread)
                  00009aa4    00000058                : hostwrite.c.obj (.text.HOSTwrite)
                  00009afc    00000056     libclang_rt.builtins.a : aeabi_idivmod.S.obj (.text.__aeabi_idivmod)
                  00009b52    00000002     libc.a : _lock.c.obj (.text._nop)
                  00009b54    00000054            : autoinit.c.obj (.text:__TI_auto_init_nobinit)
                  00009ba8    00000052            : fflush.c.obj (.text.__TI_doflush)
                  00009bfa    00000002     --HOLE-- [fill = 0]
                  00009bfc    00000050     Lab9HMain.o (.text._Z21handleRunnerLeaveLanev)
                  00009c4c    00000050     libsysbm.a : close.c.obj (.text.close)
                  00009c9c    0000004c     ST7735.o (.text._Z5bgPixhh)
                  00009ce8    00000048     libsysbm.a : hostclose.c.obj (.text.HOSTclose)
                  00009d30    00000048                : hostunlink.c.obj (.text.HOSTunlink)
                  00009d78    00000048     SPI.o (.text._Z14SPI_OutCommandc)
                  00009dc0    00000048     SlidePot.o (.text._ZN8SlidePot2InEv)
                  00009e08    00000040     TExaS.o (.text.TIMG7_IRQHandler)
                  00009e48    00000040     SPI.o (.text._Z9SPI_Resetv)
                  00009e88    00000040     libclang_rt.builtins.a : aeabi_uidivmod.S.obj (.text.__aeabi_uidivmod)
                  00009ec8    00000040     libc.a : fopen.c.obj (.text._search_fp)
                  00009f08    0000003c            : memory.c.obj (.text.calloc)
                  00009f44    00000038     SPI.o (.text._Z11SPI_OutDatac)
                  00009f7c    00000038     LaunchPad.o (.text._Z15ActivatePortA_Bv)
                  00009fb4    00000038     libc.a : rand.c.obj (.text.rand)
                  00009fec    00000034     ST7735.o (.text._Z12ST7735_writeiPKcj)
                  0000a020    00000034     Clock.o (.text._Z14Clock_Delay1msj)
                  0000a054    00000034     ST7735.o (.text._Z16ST7735_SetCursorjj)
                  0000a088    00000034     libc.a : fopen.c.obj (.text.__TI_cleanup)
                  0000a0bc    00000034     libsysbm.a : trgmsg.c.obj (.text.__TI_readmsg)
                  0000a0f0    00000034                : trgmsg.c.obj (.text.__TI_writemsg)
                  0000a124    00000034     libc.a : exit.c.obj (.text.exit)
                  0000a158    00000034            : getdevice.c.obj (.text.finddevice)
                  0000a18c    00000034            : fopen.c.obj (.text.freopen)
                  0000a1c0    00000030     ST7735.o (.text._ZL10commonInitPKh)
                  0000a1f0    00000030     libc.a : fopen.c.obj (.text.fopen)
                  0000a220    0000002e     DashSprite.o (.text._ZN10DashSprite8prevLaneEv)
                  0000a24e    00000002     --HOLE-- [fill = 0]
                  0000a250    0000002c     ST7735.o (.text._Z17ST7735_FillScreent)
                  0000a27c    0000002c     libsysbm.a : unlink.c.obj (.text.unlink)
                  0000a2a8    0000002a     DashSprite.o (.text._ZN10DashSprite10changeLaneEh)
                  0000a2d2    00000002     --HOLE-- [fill = 0]
                  0000a2d4    00000028     libc.a : memory.c.obj (.text.free_list_insert)
                  0000a2fc    00000028     libsysbm.a : write.c.obj (.text.write)
                  0000a324    00000028     libc.a : boot_cortex_m.c.obj (.text:_c_int00_noargs)
                  0000a34c    00000024     DashSprite.o (.text._ZN10DashSpriteC2Eh)
                  0000a370    00000024     libc.a : rand.c.obj (.text.srand)
                  0000a394    0000001e     ST7735.o (.text._ZL9pushColort)
                  0000a3b2    0000001e     SlidePot.o (.text._ZN8SlidePotC2Ejj)
                  0000a3d0    0000001c     startup_mspm0g3507_ticlang.o (.text.Default_Handler)
                  0000a3ec    0000001c     startup_mspm0g3507_ticlang.o (.text.HardFault_Handler)
                  0000a408    0000001c     libc.a : memory.c.obj (.text.free_list_remove)
                  0000a424    00000016     ST7735.o (.text._Z11ST7735_openPKcji)
                  0000a43a    00000016     ST7735.o (.text._Z11ST7735_readiPcj)
                  0000a450    00000016     libc.a : copy_zero_init.c.obj (.text:decompress:ZI:__TI_zero_init_nomemset)
                  0000a466    00000002     --HOLE-- [fill = 0]
                  0000a468    00000014     Lab9HMain.o (.text.__cxx_global_var_init)
                  0000a47c    00000012     libc.a : memcpy16.S.obj (.text:TI_memcpy_small)
                  0000a48e    00000012            : copy_decompress_none.c.obj (.text:decompress:none)
                  0000a4a0    00000010     Lab9HMain.o (.text._GLOBAL__sub_I_Lab9HMain.cpp)
                  0000a4b0    00000010     Clock.o (.text._Z11Clock_Delayj)
                  0000a4c0    00000010     Lab9HMain.o (.text._ZN10BeamSprite13getBottomEdgeEv)
                  0000a4d0    00000010     Lab9HMain.o (.text._ZN10BeamSprite15getBeamLeftSideEv)
                  0000a4e0    00000010     Lab9HMain.o (.text.__cxx_global_var_init.1)
                  0000a4f0    00000010     Lab9HMain.o (.text.__cxx_global_var_init.2)
                  0000a500    0000000e     libc.a : memory.c.obj (.text.OUTLINED_FUNCTION_0)
                  0000a50e    0000000e     ST7735.o (.text._Z12ST7735_lseekili)
                  0000a51c    0000000e     DashSprite.o (.text._ZN10DashSprite21acknowledgeLaneChangeEv)
                  0000a52a    0000000e     libsysbm.a : hostrename.c.obj (.text.strcpy)
                  0000a538    0000000e                : hostrename.c.obj (.text.strlen)
                  0000a546    0000000e     libc.a : memset16.S.obj (.text:TI_memset_small)
                  0000a554    0000000c     Clock.o (.text._Z10Clock_Freqv)
                  0000a560    0000000c     ST7735.o (.text._Z13ST7735_renamePKcS0_)
                  0000a56c    0000000c     DashSprite.o (.text._ZN10DashSprite7getLaneEv)
                  0000a578    0000000c     libclang_rt.builtins.a : aeabi_memset.S.obj (.text.__aeabi_memclr)
                  0000a584    0000000c     libc.a : memory.c.obj (.text.malloc)
                  0000a590    0000000a     ST7735.o (.text._Z12ST7735_closei)
                  0000a59a    0000000a     ST7735.o (.text._Z13ST7735_unlinkPKc)
                  0000a5a4    0000000a     Lab9HMain.o (.text._Z8PLL_Initv)
                  0000a5ae    00000002     --HOLE-- [fill = 0]
                  0000a5b0    00000008     libclang_rt.builtins.a : aeabi_memcpy.S.obj (.text.__aeabi_memcpy)
                  0000a5b8    00000008     libsysbm.a : remove.c.obj (.text.remove)
                  0000a5c0    00000004     startup_mspm0g3507_ticlang.o (.text.Reset_Handler)
                  0000a5c4    00000004     libc.a : pre_init.c.obj (.text._system_pre_init)
                  0000a5c8    00000004            : exit.c.obj (.text:abort)
                  0000a5cc    00000004     --HOLE-- [fill = 0]

.cinit     0    0000a5d8    00000098     
                  0000a5d8    0000006f     (.cinit..data.load) [load image, compression = lzss]
                  0000a647    00000001     --HOLE-- [fill = 0]
                  0000a648    0000000c     (__TI_handler_table)
                  0000a654    00000008     (.cinit..bss.load) [load image, compression = zero_init]
                  0000a65c    00000010     (__TI_cinit_table)
                  0000a66c    00000004     --HOLE-- [fill = 0]

.rodata    0    000000c0    00007900     
                  000000c0    000018d8     DashSprite.o (.rodata._ZL14DashRunLeftBMP)
                  00001998    000018d8     DashSprite.o (.rodata._ZL15DashRunRightBMP)
                  00003270    000015e0     BeamSprite.o (.rodata._ZL10beamcolor1)
                  00004850    000015e0     BeamSprite.o (.rodata._ZL10beamcolor2)
                  00005e30    000015e0     BeamSprite.o (.rodata._ZL10beamcolor3)
                  00007410    000004fb     ST7735.o (.rodata._ZL4Font)
                  0000790b    0000003b     ST7735.o (.rodata._ZL5Rcmd1)
                  00007946    0000002b     ST7735.o (.rodata._ZL5Rcmd3)
                  00007971    00000016     ST7735.o (.rodata.str1.155458558172884536211)
                  00007987    0000000d     ST7735.o (.rodata._ZL10Rcmd2green)
                  00007994    0000000d     ST7735.o (.rodata._ZL8Rcmd2red)
                  000079a1    00000008     ST7735.o (.rodata.str1.163907349639611916321)
                  000079a9    00000007     ST7735.o (.rodata.str1.118566658787443733641)
                  000079b0    00000007     ST7735.o (.rodata.str1.50975551021031429701)
                  000079b7    00000002     ST7735.o (.rodata.str1.151553405499835365021)
                  000079b9    00000007     --HOLE-- [fill = 0]

.init_array 
*          0    0000a5d0    00000008     
                  0000a5d0    00000004     Lab9HMain.o (.init_array)
                  0000a5d4    00000004     --HOLE-- [fill = 0]

.data      0    20200000    000033f5     UNINITIALIZED
                  20200000    000031b0     Lab9HMain.o (.data.buffer)
                  202031b0    000000f0     libc.a : defs.c.obj (.data._ftable)
                  202032a0    00000078     libsysbm.a : host_device.c.obj (.data._device)
                  20203318    00000050                : host_device.c.obj (.data._stream)
                  20203368    00000034     Lab9HMain.o (.data.beam1)
                  2020339c    00000014     Lab9HMain.o (.data.Sensor)
                  202033b0    00000010     Lab9HMain.o (.data.dash)
                  202033c0    00000008     libc.a : exit.c.obj (.data..L_MergedGlobals)
                  202033c8    00000004     Clock.o (.data.BusFreq)
                  202033cc    00000004     ST7735.o (.data.StX)
                  202033d0    00000004     ST7735.o (.data.StY)
                  202033d4    00000004     libc.a : defs.c.obj (.data.__TI_ft_end)
                  202033d8    00000004            : _lock.c.obj (.data._lock)
                  202033dc    00000004            : _lock.c.obj (.data._unlock)
                  202033e0    00000004            : rand.c.obj (.data.next)
                  202033e4    00000002     ST7735.o (.data.StTextColor)
                  202033e6    00000002     ST7735.o (.data._ZL6_width)
                  202033e8    00000002     ST7735.o (.data._ZL7_height)
                  202033ea    00000002     --HOLE--
                  202033ec    00000001     libsysbm.a : add_device.c.obj (.data.add_device.device_init)
                  202033ed    00000003     --HOLE--
                  202033f0    00000001     libc.a : memory.c.obj (.data.memory_is_initialized)
                  202033f1    00000003     --HOLE--
                  202033f4    00000001     libsysbm.a : open.c.obj (.data.open.stream_init)

.sysmem    0    202033f8    00002000     UNINITIALIZED
                  202033f8    00000010     libc.a : memory.c.obj (.sysmem)
                  20203408    00001ff0     --HOLE--

.bss       0    202053f8    000001dc     UNINITIALIZED
                  202053f8    00000120     libsysbm.a : trgmsg.c.obj (.bss:_CIOBUF_)
                  20205518    000000a0     libc.a : defs.c.obj (.bss.__TI_tmpnams)
                  202055b8    00000008     libsysbm.a : hostopen.c.obj (.bss.parmbuf)
                  202055c0    00000004     TExaS.o (.bss.TExaSLogic)
                  202055c4    00000004     TExaS.o (.bss.TExaSadc)
                  202055c8    00000004     Lab9HMain.o (.bss.spData)
                  202055cc    00000004     libc.a : memory.c.obj (.bss.sys_free)
                  202055d0    00000001     ST7735.o (.bss._ZL8ColStart)
                  202055d1    00000001     ST7735.o (.bss._ZL8Rotation)
                  202055d2    00000001     ST7735.o (.bss._ZL8RowStart)
                  202055d3    00000001     ST7735.o (.bss._ZL8TabColor)

.stack     0    20206000    00002000     UNINITIALIZED
                  20206000    00000004     libc.a : boot_cortex_m.c.obj (.stack)
                  20206004    00001ffc     --HOLE--

__llvm_prf_cnts 
*          0    20200000    00000000     UNINITIALIZED

__llvm_prf_bits 
*          0    20200000    00000000     UNINITIALIZED

MODULE SUMMARY

       Module                         code    ro data   rw data
       ------                         ----    -------   -------
    ./
       BeamSprite.o                   274     16800     0      
       Lab9HMain.o                    1534    4         12812  
       DashSprite.o                   242     12720     0      
       ST7735.o                       3258    1449      18     
       Clock.o                        516     0         4      
       SPI.o                          440     0         0      
       Timer.o                        244     0         0      
       SlidePot.o                     226     0         0      
       LaunchPad.o                    180     0         0      
       TExaS.o                        64      0         8      
       Sound.o                        2       0         0      
    +--+------------------------------+-------+---------+---------+
       Total:                         6980    30973     12842  
                                                               
    ./ticlang/
       startup_mspm0g3507_ticlang.o   60      192       0      
    +--+------------------------------+-------+---------+---------+
       Total:                         60      192       0      
                                                               
    /Applications/ti/ccs2000/ccs/tools/compiler/ti-cgt-armllvm_4.0.1.LTS/lib/armv6m-ti-none-eabi/c/libc.a
       memory.c.obj                   966     0         5      
       fopen.c.obj                    556     0         0      
       defs.c.obj                     0       0         404    
       setvbuf.c.obj                  224     0         0      
       getdevice.c.obj                160     0         0      
       strcmp-armv6m.S.obj            136     0         0      
       copy_decompress_lzss.c.obj     124     0         0      
       fclose.c.obj                   124     0         0      
       rand.c.obj                     92      0         4      
       autoinit.c.obj                 84      0         0      
       fflush.c.obj                   82      0         0      
       exit.c.obj                     56      0         8      
       boot_cortex_m.c.obj            40      0         0      
       copy_zero_init.c.obj           22      0         0      
       copy_decompress_none.c.obj     18      0         0      
       memcpy16.S.obj                 18      0         0      
       memset16.S.obj                 14      0         0      
       _lock.c.obj                    2       0         8      
       pre_init.c.obj                 4       0         0      
    +--+------------------------------+-------+---------+---------+
       Total:                         2722    0         429    
                                                               
    /Applications/ti/ccs2000/ccs/tools/compiler/ti-cgt-armllvm_4.0.1.LTS/lib/armv6m-ti-none-eabi/c/libsysbm.a
       trgmsg.c.obj                   104     0         288    
       add_device.c.obj               236     0         1      
       host_device.c.obj              0       0         200    
       open.c.obj                     160     0         1      
       hostrename.c.obj               136     0         0      
       hostlseek.c.obj                108     0         0      
       hostopen.c.obj                 96      0         8      
       hostread.c.obj                 88      0         0      
       hostwrite.c.obj                88      0         0      
       close.c.obj                    80      0         0      
       hostclose.c.obj                72      0         0      
       hostunlink.c.obj               72      0         0      
       unlink.c.obj                   44      0         0      
       write.c.obj                    40      0         0      
       remove.c.obj                   8       0         0      
    +--+------------------------------+-------+---------+---------+
       Total:                         1332    0         498    
                                                               
    /Applications/ti/ccs2000/ccs/tools/compiler/ti-cgt-armllvm_4.0.1.LTS/lib/armv6m-ti-none-eabi/libclang_rt.builtins.a
       aeabi_idivmod.S.obj            86      0         0      
       aeabi_uidivmod.S.obj           64      0         0      
       aeabi_memset.S.obj             12      0         0      
       aeabi_memcpy.S.obj             8       0         0      
       aeabi_div0.c.obj               2       0         0      
    +--+------------------------------+-------+---------+---------+
       Total:                         172     0         0      
                                                               
       Heap:                          0       0         8192   
       Stack:                         0       0         8192   
       Linker Generated:              0       147       0      
    +--+------------------------------+-------+---------+---------+
       Grand Total:                   11266   31312     30153  


LINKER GENERATED COPY TABLES

__TI_cinit_table @ 0000a65c records: 2, size/record: 8, table size: 16
	.data: load addr=0000a5d8, load size=0000006f bytes, run addr=20200000, run size=000033f5 bytes, compression=lzss
	.bss: load addr=0000a654, load size=00000008 bytes, run addr=202053f8, run size=000001dc bytes, compression=zero_init


LINKER GENERATED HANDLER TABLE

__TI_handler_table @ 0000a648 records: 3, size/record: 4, table size: 12
	index: 0, handler: __TI_decompress_lzss
	index: 1, handler: __TI_decompress_none
	index: 2, handler: __TI_zero_init


GLOBAL SYMBOLS: SORTED ALPHABETICALLY BY Name 

address   name                                    
-------   ----                                    
0000a3d1  ADC0_IRQHandler                         
0000a3d1  ADC1_IRQHandler                         
0000a3d1  AES_IRQHandler                          
202033c8  BusFreq                                 
0000a5c8  C$$EXIT                                 
0000a11d  C$$IO$$                                 
0000a3d1  CANFD0_IRQHandler                       
0000a3d1  DAC0_IRQHandler                         
0000a3d1  DMA_IRQHandler                          
0000a3d1  Default_Handler                         
0000a3d1  GROUP0_IRQHandler                       
0000a3d1  GROUP1_IRQHandler                       
00009ce9  HOSTclose                               
000096b9  HOSTlseek                               
00009931  HOSTopen                                
00009a4d  HOSTread                                
00009725  HOSTrename                              
00009d31  HOSTunlink                              
00009aa5  HOSTwrite                               
0000a3ed  HardFault_Handler                       
0000a3d1  I2C0_IRQHandler                         
0000a3d1  I2C1_IRQHandler                         
0000a3d1  NMI_Handler                             
0000a3d1  PendSV_Handler                          
0000a3d1  RTC_IRQHandler                          
0000a5c1  Reset_Handler                           
0000a5d0  SHT$$INIT_ARRAY$$Base                   
0000a5d4  SHT$$INIT_ARRAY$$Limit                  
0000a3d1  SPI0_IRQHandler                         
0000a3d1  SPI1_IRQHandler                         
0000a3d1  SVC_Handler                             
2020339c  Sensor                                  
202033e4  StTextColor                             
202033cc  StX                                     
202033d0  StY                                     
00008f47  SysTick_Handler                         
202055c0  TExaSLogic                              
202055c4  TExaSadc                                
0000a3d1  TIMA0_IRQHandler                        
0000a3d1  TIMA1_IRQHandler                        
0000a3d1  TIMG0_IRQHandler                        
00008df5  TIMG12_IRQHandler                       
0000a3d1  TIMG6_IRQHandler                        
00009e09  TIMG7_IRQHandler                        
0000a3d1  TIMG8_IRQHandler                        
0000a47d  TI_memcpy_small                         
0000a547  TI_memset_small                         
0000a3d1  UART0_IRQHandler                        
0000a3d1  UART1_IRQHandler                        
0000a3d1  UART2_IRQHandler                        
0000a3d1  UART3_IRQHandler                        
202053f8  _CIOBUF_                                
0000a555  _Z10Clock_Freqv                         
000097fd  _Z10bgToBufferh                         
0000a4b1  _Z11Clock_Delayj                        
00009f45  _Z11SPI_OutDatac                        
0000a425  _Z11ST7735_openPKcji                    
0000a43b  _Z11ST7735_readiPcj                     
00009085  _Z12ST7735_InitR10initRFlags            
0000a591  _Z12ST7735_closei                       
0000a50f  _Z12ST7735_lseekili                     
00009fed  _Z12ST7735_writeiPKcj                   
0000a561  _Z13ST7735_renamePKcS0_                 
0000a59b  _Z13ST7735_unlinkPKc                    
00009991  _Z13TimerG12_Initv                      
0000a021  _Z14Clock_Delay1msj                     
000093dd  _Z14LaunchPad_Initv                     
00009d79  _Z14SPI_OutCommandc                     
00008c59  _Z14ST7735_OutCharc                     
00009865  _Z14runnerToBufferv                     
00009f7d  _Z15ActivatePortA_Bv                    
00007e75  _Z15Clock_Init80MHzi                    
0000858d  _Z15ST7735_FillRectsssst                
000091b5  _Z15TimerG12_IntArmjj                   
00008471  _Z16DrawBeamToBuffer10BeamSprite        
00008029  _Z16ST7735_DrawCharSsscssh              
00009649  _Z16ST7735_DrawPixelsst                 
0000a055  _Z16ST7735_SetCursorjj                  
00007c65  _Z17ST7735_DrawBitmapssPKtss            
00009359  _Z17ST7735_DrawStringttPcs              
0000a251  _Z17ST7735_FillScreent                  
00008fe9  _Z17ST7735_InitPrintfv                  
000088b1  _Z18ST7735_SetRotationh                 
00009bfd  _Z21handleRunnerLeaveLanev              
00009c9d  _Z5bgPixhh                              
000081c9  _Z6drawBgv                              
0000a5a5  _Z8PLL_Initv                            
000087b9  _Z8SPI_Initv                            
00009e49  _Z9SPI_Resetv                           
0000a4c1  _ZN10BeamSprite13getBottomEdgeEv        
0000a4d1  _ZN10BeamSprite15getBeamLeftSideEv      
000095cd  _ZN10BeamSprite4tickEv                  
0000911d  _ZN10BeamSpriteC1Eh                     
0000911d  _ZN10BeamSpriteC2Eh                     
0000a2a9  _ZN10DashSprite10changeLaneEh           
0000a51d  _ZN10DashSprite21acknowledgeLaneChangeEv
000099f1  _ZN10DashSprite4tickEv                  
0000a56d  _ZN10DashSprite7getLaneEv               
0000a221  _ZN10DashSprite8prevLaneEv              
0000a34d  _ZN10DashSpriteC1Eh                     
0000a34d  _ZN10DashSpriteC2Eh                     
00009dc1  _ZN8SlidePot2InEv                       
00009459  _ZN8SlidePot4InitEv                     
0000a3b3  _ZN8SlidePotC1Ejj                       
0000a3b3  _ZN8SlidePotC2Ejj                       
202053f8  __CIOBUF_                               
20208000  __STACK_END                             
00002000  __STACK_SIZE                            
00002000  __SYSMEM_SIZE                           
00000000  __TI_ATRegion0_region_sz                
00000000  __TI_ATRegion0_src_addr                 
00000000  __TI_ATRegion0_trg_addr                 
00000000  __TI_ATRegion1_region_sz                
00000000  __TI_ATRegion1_src_addr                 
00000000  __TI_ATRegion1_trg_addr                 
00000000  __TI_ATRegion2_region_sz                
00000000  __TI_ATRegion2_src_addr                 
00000000  __TI_ATRegion2_trg_addr                 
0000a65c  __TI_CINIT_Base                         
0000a66c  __TI_CINIT_Limit                        
0000a66c  __TI_CINIT_Warm                         
0000a648  __TI_Handler_Table_Base                 
0000a654  __TI_Handler_Table_Limit                
00009b55  __TI_auto_init_nobinit                  
0000a089  __TI_cleanup                            
202033c0  __TI_cleanup_ptr                        
000094d5  __TI_closefile                          
00009551  __TI_decompress_lzss                    
0000a48f  __TI_decompress_none                    
00009ba9  __TI_doflush                            
202033c4  __TI_dtors_ptr                          
202033d4  __TI_ft_end                             
ffffffff  __TI_pprof_out_hndl                     
ffffffff  __TI_prof_data_size                     
ffffffff  __TI_prof_data_start                    
0000a0bd  __TI_readmsg                            
00000000  __TI_static_base__                      
20205518  __TI_tmpnams                            
0000a0f1  __TI_writemsg                           
0000a451  __TI_zero_init_nomemset                 
00009afd  __aeabi_idiv                            
00009647  __aeabi_idiv0                           
00009afd  __aeabi_idivmod                         
0000a579  __aeabi_memclr                          
0000a579  __aeabi_memclr4                         
0000a579  __aeabi_memclr8                         
0000a5b1  __aeabi_memcpy                          
0000a5b1  __aeabi_memcpy4                         
0000a5b1  __aeabi_memcpy8                         
00009e89  __aeabi_uidiv                           
00009e89  __aeabi_uidivmod                        
ffffffff  __binit__                               
UNDEFED   __mpu_init                              
20206000  __stack                                 
20200000  __start___llvm_prf_bits                 
20200000  __start___llvm_prf_cnts                 
20200000  __stop___llvm_prf_bits                  
20200000  __stop___llvm_prf_cnts                  
0000a325  _c_int00_noargs                         
202032a0  _device                                 
202031b0  _ftable                                 
202033d8  _lock                                   
00009b53  _nop                                    
20203318  _stream                                 
202033f8  _sys_memory                             
UNDEFED   _system_post_cinit                      
0000a5c5  _system_pre_init                        
202033dc  _unlock                                 
0000a5c9  abort                                   
000089a5  add_device                              
000086a5  aligned_alloc                           
20203368  beam1                                   
ffffffff  binit                                   
20200000  buffer                                  
00009f09  calloc                                  
00009c4d  close                                   
202033b0  dash                                    
0000a125  exit                                    
0000a159  finddevice                              
0000a1f1  fopen                                   
00008a91  free                                    
0000a18d  freopen                                 
00009791  getdevice                               
00000000  interruptVectors                        
000079c1  main                                    
0000a585  malloc                                  
000086a5  memalign                                
00008f49  open                                    
202055b8  parmbuf                                 
00009fb5  rand                                    
00008d29  realloc                                 
0000a5b9  remove                                  
00008b79  setvbuf                                 
202055c8  spData                                  
0000a371  srand                                   
000092d1  strcmp                                  
0000a27d  unlink                                  
0000a2fd  write                                   


GLOBAL SYMBOLS: SORTED BY Symbol Address 

address   name                                    
-------   ----                                    
00000000  __TI_ATRegion0_region_sz                
00000000  __TI_ATRegion0_src_addr                 
00000000  __TI_ATRegion0_trg_addr                 
00000000  __TI_ATRegion1_region_sz                
00000000  __TI_ATRegion1_src_addr                 
00000000  __TI_ATRegion1_trg_addr                 
00000000  __TI_ATRegion2_region_sz                
00000000  __TI_ATRegion2_src_addr                 
00000000  __TI_ATRegion2_trg_addr                 
00000000  __TI_static_base__                      
00000000  interruptVectors                        
00002000  __STACK_SIZE                            
00002000  __SYSMEM_SIZE                           
000079c1  main                                    
00007c65  _Z17ST7735_DrawBitmapssPKtss            
00007e75  _Z15Clock_Init80MHzi                    
00008029  _Z16ST7735_DrawCharSsscssh              
000081c9  _Z6drawBgv                              
00008471  _Z16DrawBeamToBuffer10BeamSprite        
0000858d  _Z15ST7735_FillRectsssst                
000086a5  aligned_alloc                           
000086a5  memalign                                
000087b9  _Z8SPI_Initv                            
000088b1  _Z18ST7735_SetRotationh                 
000089a5  add_device                              
00008a91  free                                    
00008b79  setvbuf                                 
00008c59  _Z14ST7735_OutCharc                     
00008d29  realloc                                 
00008df5  TIMG12_IRQHandler                       
00008f47  SysTick_Handler                         
00008f49  open                                    
00008fe9  _Z17ST7735_InitPrintfv                  
00009085  _Z12ST7735_InitR10initRFlags            
0000911d  _ZN10BeamSpriteC1Eh                     
0000911d  _ZN10BeamSpriteC2Eh                     
000091b5  _Z15TimerG12_IntArmjj                   
000092d1  strcmp                                  
00009359  _Z17ST7735_DrawStringttPcs              
000093dd  _Z14LaunchPad_Initv                     
00009459  _ZN8SlidePot4InitEv                     
000094d5  __TI_closefile                          
00009551  __TI_decompress_lzss                    
000095cd  _ZN10BeamSprite4tickEv                  
00009647  __aeabi_idiv0                           
00009649  _Z16ST7735_DrawPixelsst                 
000096b9  HOSTlseek                               
00009725  HOSTrename                              
00009791  getdevice                               
000097fd  _Z10bgToBufferh                         
00009865  _Z14runnerToBufferv                     
00009931  HOSTopen                                
00009991  _Z13TimerG12_Initv                      
000099f1  _ZN10DashSprite4tickEv                  
00009a4d  HOSTread                                
00009aa5  HOSTwrite                               
00009afd  __aeabi_idiv                            
00009afd  __aeabi_idivmod                         
00009b53  _nop                                    
00009b55  __TI_auto_init_nobinit                  
00009ba9  __TI_doflush                            
00009bfd  _Z21handleRunnerLeaveLanev              
00009c4d  close                                   
00009c9d  _Z5bgPixhh                              
00009ce9  HOSTclose                               
00009d31  HOSTunlink                              
00009d79  _Z14SPI_OutCommandc                     
00009dc1  _ZN8SlidePot2InEv                       
00009e09  TIMG7_IRQHandler                        
00009e49  _Z9SPI_Resetv                           
00009e89  __aeabi_uidiv                           
00009e89  __aeabi_uidivmod                        
00009f09  calloc                                  
00009f45  _Z11SPI_OutDatac                        
00009f7d  _Z15ActivatePortA_Bv                    
00009fb5  rand                                    
00009fed  _Z12ST7735_writeiPKcj                   
0000a021  _Z14Clock_Delay1msj                     
0000a055  _Z16ST7735_SetCursorjj                  
0000a089  __TI_cleanup                            
0000a0bd  __TI_readmsg                            
0000a0f1  __TI_writemsg                           
0000a11d  C$$IO$$                                 
0000a125  exit                                    
0000a159  finddevice                              
0000a18d  freopen                                 
0000a1f1  fopen                                   
0000a221  _ZN10DashSprite8prevLaneEv              
0000a251  _Z17ST7735_FillScreent                  
0000a27d  unlink                                  
0000a2a9  _ZN10DashSprite10changeLaneEh           
0000a2fd  write                                   
0000a325  _c_int00_noargs                         
0000a34d  _ZN10DashSpriteC1Eh                     
0000a34d  _ZN10DashSpriteC2Eh                     
0000a371  srand                                   
0000a3b3  _ZN8SlidePotC1Ejj                       
0000a3b3  _ZN8SlidePotC2Ejj                       
0000a3d1  ADC0_IRQHandler                         
0000a3d1  ADC1_IRQHandler                         
0000a3d1  AES_IRQHandler                          
0000a3d1  CANFD0_IRQHandler                       
0000a3d1  DAC0_IRQHandler                         
0000a3d1  DMA_IRQHandler                          
0000a3d1  Default_Handler                         
0000a3d1  GROUP0_IRQHandler                       
0000a3d1  GROUP1_IRQHandler                       
0000a3d1  I2C0_IRQHandler                         
0000a3d1  I2C1_IRQHandler                         
0000a3d1  NMI_Handler                             
0000a3d1  PendSV_Handler                          
0000a3d1  RTC_IRQHandler                          
0000a3d1  SPI0_IRQHandler                         
0000a3d1  SPI1_IRQHandler                         
0000a3d1  SVC_Handler                             
0000a3d1  TIMA0_IRQHandler                        
0000a3d1  TIMA1_IRQHandler                        
0000a3d1  TIMG0_IRQHandler                        
0000a3d1  TIMG6_IRQHandler                        
0000a3d1  TIMG8_IRQHandler                        
0000a3d1  UART0_IRQHandler                        
0000a3d1  UART1_IRQHandler                        
0000a3d1  UART2_IRQHandler                        
0000a3d1  UART3_IRQHandler                        
0000a3ed  HardFault_Handler                       
0000a425  _Z11ST7735_openPKcji                    
0000a43b  _Z11ST7735_readiPcj                     
0000a451  __TI_zero_init_nomemset                 
0000a47d  TI_memcpy_small                         
0000a48f  __TI_decompress_none                    
0000a4b1  _Z11Clock_Delayj                        
0000a4c1  _ZN10BeamSprite13getBottomEdgeEv        
0000a4d1  _ZN10BeamSprite15getBeamLeftSideEv      
0000a50f  _Z12ST7735_lseekili                     
0000a51d  _ZN10DashSprite21acknowledgeLaneChangeEv
0000a547  TI_memset_small                         
0000a555  _Z10Clock_Freqv                         
0000a561  _Z13ST7735_renamePKcS0_                 
0000a56d  _ZN10DashSprite7getLaneEv               
0000a579  __aeabi_memclr                          
0000a579  __aeabi_memclr4                         
0000a579  __aeabi_memclr8                         
0000a585  malloc                                  
0000a591  _Z12ST7735_closei                       
0000a59b  _Z13ST7735_unlinkPKc                    
0000a5a5  _Z8PLL_Initv                            
0000a5b1  __aeabi_memcpy                          
0000a5b1  __aeabi_memcpy4                         
0000a5b1  __aeabi_memcpy8                         
0000a5b9  remove                                  
0000a5c1  Reset_Handler                           
0000a5c5  _system_pre_init                        
0000a5c8  C$$EXIT                                 
0000a5c9  abort                                   
0000a5d0  SHT$$INIT_ARRAY$$Base                   
0000a5d4  SHT$$INIT_ARRAY$$Limit                  
0000a648  __TI_Handler_Table_Base                 
0000a654  __TI_Handler_Table_Limit                
0000a65c  __TI_CINIT_Base                         
0000a66c  __TI_CINIT_Limit                        
0000a66c  __TI_CINIT_Warm                         
20200000  __start___llvm_prf_bits                 
20200000  __start___llvm_prf_cnts                 
20200000  __stop___llvm_prf_bits                  
20200000  __stop___llvm_prf_cnts                  
20200000  buffer                                  
202031b0  _ftable                                 
202032a0  _device                                 
20203318  _stream                                 
20203368  beam1                                   
2020339c  Sensor                                  
202033b0  dash                                    
202033c0  __TI_cleanup_ptr                        
202033c4  __TI_dtors_ptr                          
202033c8  BusFreq                                 
202033cc  StX                                     
202033d0  StY                                     
202033d4  __TI_ft_end                             
202033d8  _lock                                   
202033dc  _unlock                                 
202033e4  StTextColor                             
202033f8  _sys_memory                             
202053f8  _CIOBUF_                                
202053f8  __CIOBUF_                               
20205518  __TI_tmpnams                            
202055b8  parmbuf                                 
202055c0  TExaSLogic                              
202055c4  TExaSadc                                
202055c8  spData                                  
20206000  __stack                                 
20208000  __STACK_END                             
ffffffff  __TI_pprof_out_hndl                     
ffffffff  __TI_prof_data_size                     
ffffffff  __TI_prof_data_start                    
ffffffff  __binit__                               
ffffffff  binit                                   
UNDEFED   __mpu_init                              
UNDEFED   _system_post_cinit                      

[198 symbols]
