******************************************************************************
            TI ARM Clang Linker Unix v4.0.1                    
******************************************************************************
>> Linked Tue Apr 22 01:50:58 2025

OUTPUT FILE NAME:   <ECE319K_Lab9H.out>
ENTRY POINT SYMBOL: "_c_int00_noargs"  address: 00015b9d


MEMORY CONFIGURATION

         name            origin    length      used     unused   attr    fill
----------------------  --------  ---------  --------  --------  ----  --------
  FLASH                 00000000   00020000  000162f8  00009d08  R  X
  SRAM                  20200000   00008000  00006fa9  00001057  RW X
  BCR_CONFIG            41c00000   00000080  00000000  00000080  R   
  BSL_CONFIG            41c00100   00000080  00000000  00000080  R   


SEGMENT ALLOCATION MAP

run origin  load origin   length   init length attrs members
----------  ----------- ---------- ----------- ----- -------
00000000    00000000    000162f8   000162f8    r-x
  00000000    00000000    000000c0   000000c0    r-- .intvecs
  000000c0    000000c0    00010e48   00010e48    r-- .rodata
  00010f08    00010f08    00000008   00000008    r-- .init_array
  00010f10    00010f10    00005350   00005350    r-x .text
  00016260    00016260    00000098   00000098    r-- .cinit
20200000    20200000    00004fa9   00000000    rw-
  20200000    20200000    00002d58   00000000    rw- .bss
  20202d58    20202d58    00002000   00000000    rw- .sysmem
  20204d58    20204d58    00000251   00000000    rw- .data
20206000    20206000    00002000   00000000    rw-
  20206000    20206000    00002000   00000000    rw- .stack


SECTION ALLOCATION MAP

 output                                  attributes/
section   page    origin      length       input sections
--------  ----  ----------  ----------   ----------------
.intvecs   0    00000000    000000c0     
                  00000000    000000c0     startup_mspm0g3507_ticlang.o (.intvecs)

.binit     0    00000000    00000000     

.text      0    00010f10    00005350     
                  00010f10    000008d4     Lab9HMain.o (.text.main)
                  000117e4    00000528     Lab9HMain.o (.text.TIMG12_IRQHandler)
                  00011d0c    00000284     libc.a : _printfi.c.obj (.text:__TI_printfi_minimal)
                  00011f90    00000210     ST7735.o (.text._Z17ST7735_DrawBitmapssPKtss)
                  000121a0    000001f8     DashSprite.o (.text._ZN10DashSprite4tickEv)
                  00012398    000001b4     Clock.o (.text._Z15Clock_Init80MHzi)
                  0001254c    000001a0     ST7735.o (.text._Z16ST7735_DrawCharSsscssh)
                  000126ec    00000178     nitinHelpers.o (.text._Z12drawGameOverv)
                  00012864    00000154     libc.a : fopen.c.obj (.text._openfile)
                  000129b8    00000134     Lab9HMain.o (.text._Z17componentToBufferv)
                  00012aec    00000118     ST7735.o (.text._Z15ST7735_FillRectsssst)
                  00012c04    00000114     libc.a : memory.c.obj (.text.aligned_alloc)
                  00012d18    00000108     Lab9HMain.o (.text._Z14solderToBufferv)
                  00012e20    00000108     Lab9HMain.o (.text._Z16DrawBeamToBuffer10BeamSprite)
                  00012f28    000000f8     SPI.o (.text._Z8SPI_Initv)
                  00013020    000000f8     libc.a : fputs.c.obj (.text.fputs)
                  00013118    000000f4     ST7735.o (.text._Z18ST7735_SetRotationh)
                  0001320c    000000ec     libsysbm.a : add_device.c.obj (.text.add_device)
                  000132f8    000000e8     libc.a : memory.c.obj (.text.free)
                  000133e0    000000e4     ST7735.o (.text._Z14ST7735_OutCharctt)
                  000134c4    000000e4     nitinHelpers.o (.text._Z15drawMainButtonsv)
                  000135a8    000000e4     nitinHelpers.o (.text._Z18drawSpanishButtonsv)
                  0001368c    000000e0     libc++.a : string.cpp.obj (.text._ZNSt3__16__itoa13__base_10_u32B8nn180100EPcj)
                  0001376c    000000e0     libc.a : setvbuf.c.obj (.text.setvbuf)
                  0001384c    000000d0     ST7735.o (.text._Z14ST7735_OutCharc)
                  0001391c    000000c4     libc++.a : string.cpp.obj (.text._ZNSt3__112basic_stringIcNS_11char_traitsIcEENS_9allocatorIcEEE21__grow_by_and_replaceEjjjjjjPKc)
                  000139e0    000000b4     nitinHelpers.o (.text._Z13outlineButtonssss)
                  00013a94    000000b0     ST7735.o (.text._Z20ST7735_DrawFastHLinessst)
                  00013b44    000000b0     ST7735.o (.text._Z20ST7735_DrawFastVLinessst)
                  00013bf4    000000ac     ComponentSprite.o (.text._ZN15ComponentSprite4tickEv)
                  00013ca0    000000a2     ST7735.o (.text._ZL11commandListPKh)
                  00013d42    000000a2     Lab9HMain.o (.text._ZNSt3__1eqB8nn180100INS_9allocatorIcEEEEbRKNS_12basic_stringIcNS_11char_traitsIcEET_EES9_)
                  00013de4    000000a0     libsysbm.a : open.c.obj (.text.open)
                  00013e84    0000009c     libc.a : fputc.c.obj (.text.fputc)
                  00013f20    00000098     ST7735.o (.text._Z12ST7735_InitR10initRFlags)
                  00013fb8    00000098     ST7735.o (.text._Z17ST7735_InitPrintfv)
                  00014050    00000094     Timer.o (.text._Z15TimerG12_IntArmjj)
                  000140e4    00000090     ST7735.o (.text._Z17ST7735_DrawStringttPctt)
                  00014174    00000090     SolderSprite.o (.text._ZN12SolderSprite4tickEv)
                  00014204    00000088     Lab9HMain.o (.text._Z11getDiffLaneh)
                  0001428c    00000088     ST7735.o (.text._ZL13setAddrWindowhhhh)
                  00014314    0000000c     Clock.o (.text._Z10Clock_Freqv)
                  00014320    00000088     libc.a : strcmp-armv6m.S.obj (.text:strcmp)
                  000143a8    00000084     ST7735.o (.text._Z17ST7735_DrawStringttPcs)
                  0001442c    00000084     BeamSprite.o (.text._ZN10BeamSprite4initEha)
                  000144b0    0000007c     LaunchPad.o (.text._Z14LaunchPad_Initv)
                  0001452c    0000007c     SlidePot.o (.text._ZN8SlidePot4InitEv)
                  000145a8    0000007c     libc.a : fclose.c.obj (.text.__TI_closefile)
                  00014624    0000007c            : copy_decompress_lzss.c.obj (.text:decompress:lzss)
                  000146a0    00000078     Lab9HMain.o (.text._Z10bgToBufferh)
                  00014718    00000076     BeamSprite.o (.text._ZN10BeamSprite4tickEv)
                  0001478e    00000002     Sound.o (.text.SysTick_Handler)
                  00014790    00000074     Lab9HMain.o (.text._Z14runnerToBufferv)
                  00014804    00000070     ST7735.o (.text._Z16ST7735_DrawPixelsst)
                  00014874    00000070     libc++.a : string.cpp.obj (.text._ZNSt3__112basic_stringIcNS_11char_traitsIcEENS_9allocatorIcEEE6appendEPKcj)
                  000148e4    0000006c     libsysbm.a : hostlseek.c.obj (.text.HOSTlseek)
                  00014950    0000006c                : hostrename.c.obj (.text.HOSTrename)
                  000149bc    0000006c     libc.a : fseek.c.obj (.text.fseeko)
                  00014a28    0000006c            : getdevice.c.obj (.text.getdevice)
                  00014a94    00000068     ComponentSprite.o (.text._ZN15ComponentSpriteC2Ea)
                  00014afc    00000068     libc++.a : string.cpp.obj (.text._ZNSt3__112basic_stringIcNS_11char_traitsIcEENS_9allocatorIcEEE17__assign_externalEPKcj)
                  00014b64    00000064     DashSprite.o (.text._ZN10DashSprite6inBeamEv)
                  00014bc8    00000064     Lab9HMain.o (.text._ZN8Switches4PollEv)
                  00014c2c    00000064     libc.a : _io_perm.c.obj (.text.__TI_wrt_ok)
                  00014c90    00000064            : memory.c.obj (.text.split)
                  00014cf4    00000060     libsysbm.a : hostopen.c.obj (.text.HOSTopen)
                  00014d54    00000060     Timer.o (.text._Z13TimerG12_Initv)
                  00014db4    00000058     libsysbm.a : hostread.c.obj (.text.HOSTread)
                  00014e0c    00000058                : hostwrite.c.obj (.text.HOSTwrite)
                  00014e64    00000058     ST7735.o (.text._Z6drawBgv)
                  00014ebc    00000058     libclang_rt.builtins.a : clzsi2.c.obj (.text.__clzsi2)
                  00014f14    00000056                            : aeabi_idivmod.S.obj (.text.__aeabi_idivmod)
                  00014f6a    00000002                            : aeabi_div0.c.obj (.text.__aeabi_idiv0)
                  00014f6c    00000054     libc.a : autoinit.c.obj (.text:__TI_auto_init_nobinit)
                  00014fc0    00000052            : fflush.c.obj (.text.__TI_doflush)
                  00015012    00000002            : _lock.c.obj (.text._nop)
                  00015014    00000050     libsysbm.a : close.c.obj (.text.close)
                  00015064    0000004c     ST7735.o (.text._Z5bgPixhh)
                  000150b0    0000004c     libc++.a : string.cpp.obj (.text._ZNSt3__112basic_stringIcNS_11char_traitsIcEENS_9allocatorIcEEE16__init_with_sizeB8nn180100IPcS7_EEvT_T0_j)
                  000150fc    0000004c     libc.a : vfprintf.c.obj (.text.vfprintf)
                  00015148    00000048     libsysbm.a : hostclose.c.obj (.text.HOSTclose)
                  00015190    00000048                : hostunlink.c.obj (.text.HOSTunlink)
                  000151d8    00000048     SPI.o (.text._Z14SPI_OutCommandc)
                  00015220    00000048     DashSprite.o (.text._ZN10DashSprite10initHealthEv)
                  00015268    00000048     SlidePot.o (.text._ZN8SlidePot2InEv)
                  000152b0    00000046     libc++.a : string.cpp.obj (.text._ZNSt3__112basic_stringIcNS_11char_traitsIcEENS_9allocatorIcEEE17__assign_no_aliasILb0EEERS5_PKcj)
                  000152f6    00000002     --HOLE-- [fill = 0]
                  000152f8    00000040     TExaS.o (.text.TIMG7_IRQHandler)
                  00015338    00000040     SPI.o (.text._Z9SPI_Resetv)
                  00015378    00000040     libc++.a : string.cpp.obj (.text._ZNSt3__112basic_stringIcNS_11char_traitsIcEENS_9allocatorIcEEE17__assign_no_aliasILb1EEERS5_PKcj)
                  000153b8    00000040     libclang_rt.builtins.a : aeabi_uidivmod.S.obj (.text.__aeabi_uidivmod)
                  000153f8    00000040     libc.a : fopen.c.obj (.text._search_fp)
                  00015438    0000003c     libc++.a : string.cpp.obj (.text._ZNSt3__112basic_stringIcNS_11char_traitsIcEENS_9allocatorIcEEEaSERKS5_)
                  00015474    00000038     SPI.o (.text._Z11SPI_OutDatac)
                  000154ac    00000038     LaunchPad.o (.text._Z15ActivatePortA_Bv)
                  000154e4    00000038     libc++.a : string.cpp.obj (.text._ZNSt3__115__to_chars_itoaB8nn180100IjEENS_15to_chars_resultEPcS2_T_NS_17integral_constantIbLb0EEE)
                  0001551c    00000038              : string.cpp.obj (.text._ZNSt3__16__itoa9__append4B8nn180100EPcj)
                  00015554    00000038     libc.a : rand.c.obj (.text.rand)
                  0001558c    00000036     ST7735.o (.text._Z16ST7735_OutStringPctt)
                  000155c2    00000034     ST7735.o (.text._Z12ST7735_writeiPKcj)
                  000155f6    00000002     --HOLE-- [fill = 0]
                  000155f8    00000034     Clock.o (.text._Z14Clock_Delay1msj)
                  0001562c    00000034     ST7735.o (.text._Z16ST7735_SetCursorjj)
                  00015660    00000034     BeamSprite.o (.text._ZN10BeamSpriteC2Ea)
                  00015694    00000034     libc++.a : string.cpp.obj (.text._ZNSt3__16__itoa10__append10B8nn180100IjEEPcS2_T_)
                  000156c8    00000034              : string.cpp.obj (.text._ZNSt3__16__itoa9__append6B8nn180100EPcj)
                  000156fc    00000034              : string.cpp.obj (.text._ZNSt3__16__itoa9__append8B8nn180100EPcj)
                  00015730    00000034     libc.a : fopen.c.obj (.text.__TI_cleanup)
                  00015764    00000034     libsysbm.a : trgmsg.c.obj (.text.__TI_readmsg)
                  00015798    00000034                : trgmsg.c.obj (.text.__TI_writemsg)
                  000157cc    00000034     libc.a : exit.c.obj (.text.exit)
                  00015800    00000034            : getdevice.c.obj (.text.finddevice)
                  00015834    00000034            : fopen.c.obj (.text.freopen)
                  00015868    00000030     ST7735.o (.text._ZL10commonInitPKh)
                  00015898    00000030     libc++.a : string.cpp.obj (.text._ZNSt3__16__itoa13__traits_baseIjvE7__widthB8nn180100Ej)
                  000158c8    00000030     libc.a : fopen.c.obj (.text.fopen)
                  000158f8    0000002e     DashSprite.o (.text._ZN10DashSprite4tripEv)
                  00015926    0000002e     Lab9HMain.o (.text._ZNKSt3__112basic_stringIcNS_11char_traitsIcEENS_9allocatorIcEEE13__get_pointerB8nn180100Ev)
                  00015954    0000002e     Lab9HMain.o (.text._ZNKSt3__112basic_stringIcNS_11char_traitsIcEENS_9allocatorIcEEE4sizeB8nn180100Ev)
                  00015982    00000002     --HOLE-- [fill = 0]
                  00015984    0000002c     ST7735.o (.text._Z17ST7735_FillScreent)
                  000159b0    0000002c     DashSprite.o (.text._ZN10DashSpriteC2Ev)
                  000159dc    0000002c     libsysbm.a : unlink.c.obj (.text.unlink)
                  00015a08    0000002a     BeamSprite.o (.text._ZN10BeamSpriteC2Eha)
                  00015a32    0000002a     DashSprite.o (.text._ZN10DashSprite10changeLaneEh)
                  00015a5c    00000028     DashSprite.o (.text._ZN10DashSprite4jumpEv)
                  00015a84    00000028     DashSprite.o (.text._ZN10DashSprite9healthOffEv)
                  00015aac    00000028     Lab9HMain.o (.text._ZN8Switches4InitEv)
                  00015ad4    00000028     Lab9HMain.o (.text._ZNSt3__112basic_stringIcNS_11char_traitsIcEENS_9allocatorIcEEE6appendB8nn180100ERKS5_)
                  00015afc    00000028     libc.a : memory.c.obj (.text.free_list_insert)
                  00015b24    00000028     libsysbm.a : lseek.c.obj (.text.lseek)
                  00015b4c    00000028     libc.a : memmov.c.obj (.text.memmove)
                  00015b74    00000028     libsysbm.a : write.c.obj (.text.write)
                  00015b9c    00000028     libc.a : boot_cortex_m.c.obj (.text:_c_int00_noargs)
                  00015bc4    00000026     libc++abi.a : stdlib_new_delete.cpp.obj (.text._ZL17operator_new_implj)
                  00015bea    00000026     Lab9HMain.o (.text._ZNSt3__117__compressed_pairINS_12basic_stringIcNS_11char_traitsIcEENS_9allocatorIcEEE5__repES5_EC2B8nn180100INS_16__value_init_tagENS_18__default_init_tagEEEOT_OT0_)
                  00015c10    00000024     nitinHelpers.o (.text._Z14drawHomeScreenv)
                  00015c34    00000024     libc++.a : string.cpp.obj (.text._ZNSt3__16__itoa9__append5B8nn180100EPcj)
                  00015c58    00000024              : string.cpp.obj (.text._ZNSt3__16__itoa9__append7B8nn180100EPcj)
                  00015c7c    00000024              : string.cpp.obj (.text._ZNSt3__16__itoa9__append9B8nn180100EPcj)
                  00015ca0    00000024              : string.cpp.obj (.text._ZNSt3__19to_stringEi)
                  00015cc4    00000024     libc.a : rand.c.obj (.text.srand)
                  00015ce8    00000022            : memccpy.c.obj (.text.memccpy)
                  00015d0a    00000020     Lab9HMain.o (.text._GLOBAL__sub_I_Lab9HMain.cpp)
                  00015d2a    00000020     SolderSprite.o (.text._ZN12SolderSpriteC2Ea)
                  00015d4a    00000020     Lab9HMain.o (.text._ZNSt3__112basic_stringIcNS_11char_traitsIcEENS_9allocatorIcEEEC2B8nn180100Ev)
                  00015d6a    00000002     --HOLE-- [fill = 0]
                  00015d6c    00000020     libc++.a : verbose_abort.cpp.obj (.text._ZNSt3__122__libcpp_verbose_abortEPKcz)
                  00015d8c    00000020     libc.a : memcmp.c.obj (.text.memcmp)
                  00015dac    0000001e     ST7735.o (.text._ZL9pushColort)
                  00015dca    0000001e     SlidePot.o (.text._ZN8SlidePotC2Ejj)
                  00015de8    0000001e     libc++.a : string.cpp.obj (.text._ZNSt3__115__to_chars_itoaB8nn180100IiEENS_15to_chars_resultEPcS2_T_NS_17integral_constantIbLb1EEE)
                  00015e06    00000002     --HOLE-- [fill = 0]
                  00015e08    0000001c     startup_mspm0g3507_ticlang.o (.text.Default_Handler)
                  00015e24    0000001c     startup_mspm0g3507_ticlang.o (.text.HardFault_Handler)
                  00015e40    0000001c     libc.a : memory.c.obj (.text.free_list_remove)
                  00015e5c    00000018     Lab9HMain.o (.text._ZNSt3__111char_traitsIcE7compareB8nn180100EPKcS3_j)
                  00015e74    00000018     libc++.a : string.cpp.obj (.text._ZNSt3__112basic_stringIcNS_11char_traitsIcEENS_9allocatorIcEEE17__assign_externalEPKc)
                  00015e8c    00000018     Lab9HMain.o (.text._ZNSt3__1neB8nn180100IcNS_11char_traitsIcEENS_9allocatorIcEEEEbRKNS_12basic_stringIT_T0_T1_EESB_)
                  00015ea4    00000016     ST7735.o (.text._Z11ST7735_openPKcji)
                  00015eba    00000016     ST7735.o (.text._Z11ST7735_readiPcj)
                  00015ed0    00000016     Lab9HMain.o (.text._ZNKSt3__112basic_stringIcNS_11char_traitsIcEENS_9allocatorIcEEE19__get_short_pointerB8nn180100Ev)
                  00015ee6    00000016     Lab9HMain.o (.text._ZNKSt3__112basic_stringIcNS_11char_traitsIcEENS_9allocatorIcEEE9__is_longB8nn180100Ev)
                  00015efc    00000014     Lab9HMain.o (.text._ZN8SwitchesC2Ev)
                  00015f10    00000014     Lab9HMain.o (.text._ZNKSt3__112basic_stringIcNS_11char_traitsIcEENS_9allocatorIcEEE16__get_short_sizeB8nn180100Ev)
                  00015f24    00000014     Lab9HMain.o (.text._ZNKSt3__112basic_stringIcNS_11char_traitsIcEENS_9allocatorIcEEE4dataB8nn180100Ev)
                  00015f38    00000014     libc++.a : string.cpp.obj (.text._ZNSt3__112basic_stringIcNS_11char_traitsIcEENS_9allocatorIcEEED2Ev)
                  00015f4c    00000014     Lab9HMain.o (.text._ZNSt3__112basic_stringIcNS_11char_traitsIcEENS_9allocatorIcEEEaSB8nn180100EPKc)
                  00015f60    00000014     Lab9HMain.o (.text._ZNSt3__112basic_stringIcNS_11char_traitsIcEENS_9allocatorIcEEEpLB8nn180100ERKS5_)
                  00015f74    00000014     Lab9HMain.o (.text._ZNSt3__122__compressed_pair_elemINS_9allocatorIcEELi1ELb1EEC2B8nn180100ENS_18__default_init_tagE)
                  00015f88    00000014     Lab9HMain.o (.text._ZNSt3__19allocatorIcEC2B8nn180100Ev)
                  00015f9c    00000014     libc++abi.a : stdlib_new_delete.cpp.obj (.text._Znwj)
                  00015fb0    00000014     Lab9HMain.o (.text.__cxx_global_var_init.3)
                  00015fc4    00000014     Lab9HMain.o (.text.__cxx_global_var_init.4)
                  00015fd8    00000014     Lab9HMain.o (.text.__cxx_global_var_init.5)
                  00015fec    00000014     Lab9HMain.o (.text.__cxx_global_var_init)
                  00016000    00000012     Lab9HMain.o (.text._ZNKSt3__112basic_stringIcNS_11char_traitsIcEENS_9allocatorIcEEE15__get_long_sizeB8nn180100Ev)
                  00016012    00000012     Lab9HMain.o (.text._ZNKSt3__112basic_stringIcNS_11char_traitsIcEENS_9allocatorIcEEE18__get_long_pointerB8nn180100Ev)
                  00016024    00000012     Lab9HMain.o (.text._ZNSt3__122__compressed_pair_elemINS_12basic_stringIcNS_11char_traitsIcEENS_9allocatorIcEEE5__repELi0ELb0EEC2B8nn180100ENS_16__value_init_tagE)
                  00016036    00000012     libc.a : memcpy16.S.obj (.text:TI_memcpy_small)
                  00016048    00000012            : copy_decompress_none.c.obj (.text:decompress:none)
                  0001605a    00000010     Clock.o (.text._Z11Clock_Delayj)
                  0001606a    00000010     Lab9HMain.o (.text._ZN10BeamSprite13getBottomEdgeEv)
                  0001607a    00000010     Lab9HMain.o (.text._ZNKSt3__112basic_stringIcNS_11char_traitsIcEENS_9allocatorIcEEE5c_strB8nn180100Ev)
                  0001608a    00000010     Lab9HMain.o (.text._ZNKSt3__117__compressed_pairINS_12basic_stringIcNS_11char_traitsIcEENS_9allocatorIcEEE5__repES5_E5firstB8nn180100Ev)
                  0001609a    00000002     --HOLE-- [fill = 0]
                  0001609c    00000010     Lab9HMain.o (.text.__cxx_global_var_init.1)
                  000160ac    00000010     Lab9HMain.o (.text.__cxx_global_var_init.2)
                  000160bc    00000010     Lab9HMain.o (.text.__cxx_global_var_init.6)
                  000160cc    00000010     libc.a : copy_zero_init.c.obj (.text:decompress:ZI)
                  000160dc    0000000e            : memory.c.obj (.text.OUTLINED_FUNCTION_0)
                  000160ea    0000000e     ST7735.o (.text._Z12ST7735_lseekili)
                  000160f8    0000000e     libclang_rt.builtins.a : aeabi_memset.S.obj (.text.__aeabi_memset)
                  00016106    0000000e     libsysbm.a : hostrename.c.obj (.text.strcpy)
                  00016114    0000000e     libc.a : _printfi.c.obj (.text.strlen)
                  00016122    0000000e            : strlen.c.obj (.text.strlen)
                  00016130    0000000e     libsysbm.a : hostrename.c.obj (.text.strlen)
                  0001613e    0000000e     libc.a : memset16.S.obj (.text:TI_memset_small)
                  0001614c    0000000c     ST7735.o (.text._Z13ST7735_renamePKcS0_)
                  00016158    0000000c     libc++abi.a : stdlib_new_delete.cpp.obj (.text._Z22__throw_bad_alloc_shimv)
                  00016164    0000000c     DashSprite.o (.text._ZN10DashSprite7getLaneEv)
                  00016170    0000000c     libc++.a : string.cpp.obj (.text._ZNKSt3__112basic_stringIcNS_11char_traitsIcEENS_9allocatorIcEEE20__throw_length_errorB8nn180100Ev)
                  0001617c    0000000c              : string.cpp.obj (.text._ZNSt3__120__throw_length_errorB8nn180100EPKc)
                  00016188    0000000c     libc++abi.a : cxa_handlers.cpp.obj (.text._ZSt15get_new_handlerv)
                  00016194    0000000c     libclang_rt.builtins.a : aeabi_memset.S.obj (.text.__aeabi_memclr)
                  000161a0    0000000c     libc.a : memory.c.obj (.text.malloc)
                  000161ac    0000000a     ST7735.o (.text._Z12ST7735_closei)
                  000161b6    0000000a     ST7735.o (.text._Z13ST7735_unlinkPKc)
                  000161c0    0000000a     Lab9HMain.o (.text._Z8PLL_Initv)
                  000161ca    0000000a     Lab9HMain.o (.text._ZNKSt3__112basic_stringIcNS_11char_traitsIcEENS_9allocatorIcEEE14__annotate_newB8nn180100Ej)
                  000161d4    0000000a     Lab9HMain.o (.text._ZNKSt3__122__compressed_pair_elemINS_12basic_stringIcNS_11char_traitsIcEENS_9allocatorIcEEE5__repELi0ELb0EE5__getB8nn180100Ev)
                  000161de    0000000a     Lab9HMain.o (.text._ZNSt3__112__to_addressB8nn180100IKcEEPT_S3_)
                  000161e8    0000000a     libc++.a : string.cpp.obj (.text._ZNSt3__112basic_stringIcNS_11char_traitsIcEENS_9allocatorIcEEE6__initIPcTnNS_9enable_ifIXsr31__has_forward_iterator_categoryIT_EE5valueEiE4typeELi0EEEvS9_S9_)
                  000161f2    0000000a     Lab9HMain.o (.text._ZNSt3__114pointer_traitsIPKcE10pointer_toB8nn180100ERS1_)
                  000161fc    0000000a     Lab9HMain.o (.text._ZNSt3__116__non_trivial_ifILb1ENS_9allocatorIcEEEC2B8nn180100Ev)
                  00016206    00000008     libc++.a : string.cpp.obj (.text._ZNSt3__112basic_stringIcNS_11char_traitsIcEENS_9allocatorIcEEE6assignEPKc)
                  0001620e    00000008     libc++abi.a : stdlib_new_delete.cpp.obj (.text._ZdlPv)
                  00016216    00000002     --HOLE-- [fill = 0]
                  00016218    00000008     libclang_rt.builtins.a : aeabi_memcpy.S.obj (.text.__aeabi_memcpy)
                  00016220    00000008                            : aeabi_memmove.S.obj (.text.__aeabi_memmove)
                  00016228    00000008     libc.a : vfprintf.c.obj (.text._outc)
                  00016230    00000008            : vfprintf.c.obj (.text._outs)
                  00016238    00000008            : fseek.c.obj (.text.fseek)
                  00016240    00000008     libsysbm.a : remove.c.obj (.text.remove)
                  00016248    00000004     startup_mspm0g3507_ticlang.o (.text.Reset_Handler)
                  0001624c    00000004     libc.a : pre_init.c.obj (.text._system_pre_init)
                  00016250    00000004     libc++abi.a : abort_message.cpp.obj (.text.abort_message)
                  00016254    00000004     libc.a : exit.c.obj (.text:abort)
                  00016258    00000008     --HOLE-- [fill = 0]

.cinit     0    00016260    00000098     
                  00016260    00000073     (.cinit..data.load) [load image, compression = lzss]
                  000162d3    00000001     --HOLE-- [fill = 0]
                  000162d4    0000000c     (__TI_handler_table)
                  000162e0    00000008     (.cinit..bss.load) [load image, compression = zero_init]
                  000162e8    00000010     (__TI_cinit_table)

.rodata    0    000000c0    00010e48     
                  000000c0    00003200     nitinHelpers.o (.rodata._ZL14PcbStartScreen)
                  000032c0    000018d8     DashSprite.o (.rodata._ZL11DashJumpBMP)
                  00004b98    000018d8     DashSprite.o (.rodata._ZL14DashRunLeftBMP)
                  00006470    000018d8     DashSprite.o (.rodata._ZL15DashRunRightBMP)
                  00007d48    00001518     nitinHelpers.o (.rodata._ZL14LanguageButton)
                  00009260    000012fc     nitinHelpers.o (.rodata._ZL15ReiniciarButton)
                  0000a55c    00001290     nitinHelpers.o (.rodata._ZL13IdiomasButton)
                  0000b7ec    000011bc     nitinHelpers.o (.rodata._ZL13RestartButton)
                  0000c9a8    00000fd2     ComponentSprite.o (.rodata._ZL6button)
                  0000d97a    00000f78     nitinHelpers.o (.rodata._ZL11StartButton)
                  0000e8f2    00000ec4     nitinHelpers.o (.rodata._ZL13IniciarButton)
                  0000f7b6    000004fb     ST7735.o (.rodata._ZL4Font)
                  0000fcb1    00000001     --HOLE-- [fill = 0]
                  0000fcb2    000004e2     Lab9HMain.o (.rodata._ZL10solderPoop)
                  00010194    000004e2     ComponentSprite.o (.rodata._ZL3led)
                  00010676    000004e2     ComponentSprite.o (.rodata._ZL8resistor)
                  00010b58    000000c8     libc++.a : string.cpp.obj (.rodata._ZNSt3__16__itoa16__digits_base_10E)
                  00010c20    00000042              : string.cpp.obj (.rodata.str1.119502325174543091881)
                  00010c62    0000003b     ST7735.o (.rodata._ZL5Rcmd1)
                  00010c9d    0000002d     libc++abi.a : stdlib_new_delete.cpp.obj (.rodata.str1.6945404916631741401)
                  00010cca    0000002b     ST7735.o (.rodata._ZL5Rcmd3)
                  00010cf5    00000002     ST7735.o (.rodata.str1.118566658787443733641)
                  00010cf7    00000001     --HOLE-- [fill = 0]
                  00010cf8    00000028     libc++.a : string.cpp.obj (.rodata._ZNSt3__16__itoa10__pow10_32E)
                  00010d20    00000017     Lab9HMain.o (.rodata.str1.89800876338655967931)
                  00010d37    00000017     nitinHelpers.o (.rodata.str1.90832628545929150531)
                  00010d4e    00000016     Lab9HMain.o (.rodata.str1.109436695696880395661)
                  00010d64    00000016     nitinHelpers.o (.rodata.str1.114459609612514556551)
                  00010d7a    00000016     Lab9HMain.o (.rodata.str1.148045851500927898161)
                  00010d90    00000016     ST7735.o (.rodata.str1.155458558172884536211)
                  00010da6    00000016     nitinHelpers.o (.rodata.str1.45163651126224223561)
                  00010dbc    00000016     Lab9HMain.o (.rodata.str1.77946550721901366211)
                  00010dd2    00000016     Lab9HMain.o (.rodata.str1.94539348878818337631)
                  00010de8    00000015     nitinHelpers.o (.rodata.str1.128872770034521434501)
                  00010dfd    00000015     Lab9HMain.o (.rodata.str1.15360766164854299121)
                  00010e12    00000014     Lab9HMain.o (.rodata.str1.160588362872062865081)
                  00010e26    00000014     Lab9HMain.o (.rodata.str1.36435047076059183751)
                  00010e3a    00000014     Lab9HMain.o (.rodata.str1.64434510243936695551)
                  00010e4e    00000013     Lab9HMain.o (.rodata.str1.1045638472106105921)
                  00010e61    00000012     nitinHelpers.o (.rodata.str1.151652173960122546601)
                  00010e73    00000012     Lab9HMain.o (.rodata.str1.92738753765294272191)
                  00010e85    00000011     libc.a : _printfi.c.obj (.rodata.str1.153638888446227384661)
                  00010e96    00000010     nitinHelpers.o (.rodata.str1.146084403418159548331)
                  00010ea6    00000010     Lab9HMain.o (.rodata.str1.8734979013979085121)
                  00010eb6    0000000f     Lab9HMain.o (.rodata.str1.150864919958333191721)
                  00010ec5    0000000d     ST7735.o (.rodata._ZL10Rcmd2green)
                  00010ed2    0000000d     ST7735.o (.rodata._ZL8Rcmd2red)
                  00010edf    0000000d     libc++.a : string.cpp.obj (.rodata.str1.165106176394632186531)
                  00010eec    0000000a     Lab9HMain.o (.rodata.str1.11344128452655267101)
                  00010ef6    00000008     ST7735.o (.rodata.str1.151553405499835365021)
                  00010efe    00000007     ST7735.o (.rodata.str1.50975551021031429701)
                  00010f05    00000003     --HOLE-- [fill = 0]

.init_array 
*          0    00010f08    00000008     
                  00010f08    00000004     Lab9HMain.o (.init_array)
                  00010f0c    00000004     --HOLE-- [fill = 0]

.bss       0    20200000    00002d58     UNINITIALIZED
                  20200000    00002b7a     Lab9HMain.o (.bss.buffer)
                  20202b7a    00000001     ST7735.o (.bss._ZL8ColStart)
                  20202b7b    00000001     ST7735.o (.bss._ZL8Rotation)
                  20202b7c    00000120     libsysbm.a : trgmsg.c.obj (.bss:_CIOBUF_)
                  20202c9c    000000a0     libc.a : defs.c.obj (.bss.__TI_tmpnams)
                  20202d3c    00000008     libsysbm.a : hostopen.c.obj (.bss.parmbuf)
                  20202d44    00000004     TExaS.o (.bss.TExaSLogic)
                  20202d48    00000004     TExaS.o (.bss.TExaSadc)
                  20202d4c    00000004     Lab9HMain.o (.bss.spData)
                  20202d50    00000004     libc.a : memory.c.obj (.bss.sys_free)
                  20202d54    00000001     ST7735.o (.bss._ZL8RowStart)
                  20202d55    00000001     ST7735.o (.bss._ZL8TabColor)
                  20202d56    00000001     Lab9HMain.o (.bss.lock)
                  20202d57    00000001     Lab9HMain.o (.bss.stopped)

.sysmem    0    20202d58    00002000     UNINITIALIZED
                  20202d58    00000010     libc.a : memory.c.obj (.sysmem)
                  20202d68    00001ff0     --HOLE--

.data      0    20204d58    00000251     UNINITIALIZED
                  20204d58    000000f0     libc.a : defs.c.obj (.data._ftable)
                  20204e48    00000078     libsysbm.a : host_device.c.obj (.data._device)
                  20204ec0    00000050                : host_device.c.obj (.data._stream)
                  20204f10    00000014     Lab9HMain.o (.data.Sensor)
                  20204f24    00000014     Lab9HMain.o (.data.dash)
                  20204f38    00000010     Lab9HMain.o (.data.component)
                  20204f48    0000000c     Lab9HMain.o (.data.beam1)
                  20204f54    0000000c     Lab9HMain.o (.data.beam2)
                  20204f60    00000008     libc.a : exit.c.obj (.data..L_MergedGlobals)
                  20204f68    00000008     Lab9HMain.o (.data.buttons)
                  20204f70    00000006     Lab9HMain.o (.data.solderpoop)
                  20204f76    00000002     ST7735.o (.data.StTextColor)
                  20204f78    00000004     Clock.o (.data.BusFreq)
                  20204f7c    00000004     ST7735.o (.data.StX)
                  20204f80    00000004     ST7735.o (.data.StY)
                  20204f84    00000004     libc.a : defs.c.obj (.data.__TI_ft_end)
                  20204f88    00000004     libc++abi.a : cxa_default_handlers.cpp.obj (.data.__cxa_new_handler)
                  20204f8c    00000004     libc.a : _lock.c.obj (.data._lock)
                  20204f90    00000004            : _lock.c.obj (.data._unlock)
                  20204f94    00000004            : rand.c.obj (.data.next)
                  20204f98    00000002     ST7735.o (.data._ZL6_width)
                  20204f9a    00000002     ST7735.o (.data._ZL7_height)
                  20204f9c    00000001     ComponentSprite.o (.data._ZN15ComponentSprite12numCollectedE)
                  20204f9d    00000001     Lab9HMain.o (.data.isSpanish)
                  20204f9e    00000002     --HOLE--
                  20204fa0    00000001     libsysbm.a : add_device.c.obj (.data.add_device.device_init)
                  20204fa1    00000003     --HOLE--
                  20204fa4    00000001     libc.a : memory.c.obj (.data.memory_is_initialized)
                  20204fa5    00000003     --HOLE--
                  20204fa8    00000001     libsysbm.a : open.c.obj (.data.open.stream_init)

.stack     0    20206000    00002000     UNINITIALIZED
                  20206000    00000004     libc.a : boot_cortex_m.c.obj (.stack)
                  20206004    00001ffc     --HOLE--

__llvm_prf_cnts 
*          0    20200000    00000000     UNINITIALIZED

__llvm_prf_bits 
*          0    20200000    00000000     UNINITIALIZED

MODULE SUMMARY

       Module                         code    ro data   rw data
       ------                         ----    -------   -------
    ./
       nitinHelpers.o                 1048    40214     0      
       DashSprite.o                   900     19080     0      
       Lab9HMain.o                    5846    1524      11231  
       ComponentSprite.o              276     6550      1      
       ST7735.o                       3780    1442      18     
       Clock.o                        516     0         4      
       SPI.o                          440     0         0      
       BeamSprite.o                   344     0         0      
       Timer.o                        244     0         0      
       SlidePot.o                     226     0         0      
       LaunchPad.o                    180     0         0      
       SolderSprite.o                 176     0         0      
       TExaS.o                        64      0         8      
       Sound.o                        2       0         0      
    +--+------------------------------+-------+---------+---------+
       Total:                         14042   68810     11262  
                                                               
    ./ticlang/
       startup_mspm0g3507_ticlang.o   60      192       0      
    +--+------------------------------+-------+---------+---------+
       Total:                         60      192       0      
                                                               
    /Applications/ti/ccs2000/ccs/tools/compiler/ti-cgt-armllvm_4.0.1.LTS/lib/armv6m-ti-none-eabi/c/libc.a
       memory.c.obj                   702     0         5      
       _printfi.c.obj                 658     17        0      
       fopen.c.obj                    556     0         0      
       defs.c.obj                     0       0         404    
       fputs.c.obj                    248     0         0      
       setvbuf.c.obj                  224     0         0      
       getdevice.c.obj                160     0         0      
       fputc.c.obj                    156     0         0      
       strcmp-armv6m.S.obj            136     0         0      
       copy_decompress_lzss.c.obj     124     0         0      
       fclose.c.obj                   124     0         0      
       fseek.c.obj                    116     0         0      
       _io_perm.c.obj                 100     0         0      
       rand.c.obj                     92      0         4      
       vfprintf.c.obj                 92      0         0      
       autoinit.c.obj                 84      0         0      
       fflush.c.obj                   82      0         0      
       exit.c.obj                     56      0         8      
       boot_cortex_m.c.obj            40      0         0      
       memmov.c.obj                   40      0         0      
       memccpy.c.obj                  34      0         0      
       memcmp.c.obj                   32      0         0      
       copy_decompress_none.c.obj     18      0         0      
       memcpy16.S.obj                 18      0         0      
       copy_zero_init.c.obj           16      0         0      
       memset16.S.obj                 14      0         0      
       strlen.c.obj                   14      0         0      
       _lock.c.obj                    2       0         8      
       pre_init.c.obj                 4       0         0      
    +--+------------------------------+-------+---------+---------+
       Total:                         3942    17        429    
                                                               
    /Applications/ti/ccs2000/ccs/tools/compiler/ti-cgt-armllvm_4.0.1.LTS/lib/armv6m-ti-none-eabi/c/libsysbm.a
       trgmsg.c.obj                   104     0         288    
       add_device.c.obj               236     0         1      
       host_device.c.obj              0       0         200    
       open.c.obj                     160     0         1      
       hostrename.c.obj               136     0         0      
       hostlseek.c.obj                108     0         0      
       hostopen.c.obj                 96      0         8      
       hostread.c.obj                 88      0         0      
       hostwrite.c.obj                88      0         0      
       close.c.obj                    80      0         0      
       hostclose.c.obj                72      0         0      
       hostunlink.c.obj               72      0         0      
       unlink.c.obj                   44      0         0      
       lseek.c.obj                    40      0         0      
       write.c.obj                    40      0         0      
       remove.c.obj                   8       0         0      
    +--+------------------------------+-------+---------+---------+
       Total:                         1372    0         498    
                                                               
    /Applications/ti/ccs2000/ccs/tools/compiler/ti-cgt-armllvm_4.0.1.LTS/lib/armv6m-ti-none-eabi/libc++.a
       string.cpp.obj                 1482    319       0      
       verbose_abort.cpp.obj          32      0         0      
    +--+------------------------------+-------+---------+---------+
       Total:                         1514    319       0      
                                                               
    /Applications/ti/ccs2000/ccs/tools/compiler/ti-cgt-armllvm_4.0.1.LTS/lib/armv6m-ti-none-eabi/libc++abi.a
       stdlib_new_delete.cpp.obj      78      45        0      
       cxa_handlers.cpp.obj           12      0         0      
       abort_message.cpp.obj          4       0         0      
       cxa_default_handlers.cpp.obj   0       0         4      
    +--+------------------------------+-------+---------+---------+
       Total:                         94      45        4      
                                                               
    /Applications/ti/ccs2000/ccs/tools/compiler/ti-cgt-armllvm_4.0.1.LTS/lib/armv6m-ti-none-eabi/libclang_rt.builtins.a
       clzsi2.c.obj                   88      0         0      
       aeabi_idivmod.S.obj            86      0         0      
       aeabi_uidivmod.S.obj           64      0         0      
       aeabi_memset.S.obj             26      0         0      
       aeabi_memcpy.S.obj             8       0         0      
       aeabi_memmove.S.obj            8       0         0      
       aeabi_div0.c.obj               2       0         0      
    +--+------------------------------+-------+---------+---------+
       Total:                         282     0         0      
                                                               
       Heap:                          0       0         8192   
       Stack:                         0       0         8192   
       Linker Generated:              0       151       0      
    +--+------------------------------+-------+---------+---------+
       Grand Total:                   21306   69534     28577  


LINKER GENERATED COPY TABLES

__TI_cinit_table @ 000162e8 records: 2, size/record: 8, table size: 16
	.data: load addr=00016260, load size=00000073 bytes, run addr=20204d58, run size=00000251 bytes, compression=lzss
	.bss: load addr=000162e0, load size=00000008 bytes, run addr=20200000, run size=00002d58 bytes, compression=zero_init


LINKER GENERATED HANDLER TABLE

__TI_handler_table @ 000162d4 records: 3, size/record: 4, table size: 12
	index: 0, handler: __TI_decompress_lzss
	index: 1, handler: __TI_decompress_none
	index: 2, handler: __TI_zero_init


GLOBAL SYMBOLS: SORTED ALPHABETICALLY BY Name 

address   name                                                                                                                                                                 
-------   ----                                                                                                                                                                 
00015e09  ADC0_IRQHandler                                                                                                                                                      
00015e09  ADC1_IRQHandler                                                                                                                                                      
00015e09  AES_IRQHandler                                                                                                                                                       
20204f78  BusFreq                                                                                                                                                              
00016254  C$$EXIT                                                                                                                                                              
000157c5  C$$IO$$                                                                                                                                                              
00015e09  CANFD0_IRQHandler                                                                                                                                                    
00015e09  DAC0_IRQHandler                                                                                                                                                      
00015e09  DMA_IRQHandler                                                                                                                                                       
00015e09  Default_Handler                                                                                                                                                      
00015e09  GROUP0_IRQHandler                                                                                                                                                    
00015e09  GROUP1_IRQHandler                                                                                                                                                    
00015149  HOSTclose                                                                                                                                                            
000148e5  HOSTlseek                                                                                                                                                            
00014cf5  HOSTopen                                                                                                                                                             
00014db5  HOSTread                                                                                                                                                             
00014951  HOSTrename                                                                                                                                                           
00015191  HOSTunlink                                                                                                                                                           
00014e0d  HOSTwrite                                                                                                                                                            
00015e25  HardFault_Handler                                                                                                                                                    
00015e09  I2C0_IRQHandler                                                                                                                                                      
00015e09  I2C1_IRQHandler                                                                                                                                                      
00015e09  NMI_Handler                                                                                                                                                          
00015e09  PendSV_Handler                                                                                                                                                       
00015e09  RTC_IRQHandler                                                                                                                                                       
00016249  Reset_Handler                                                                                                                                                        
00010f08  SHT$$INIT_ARRAY$$Base                                                                                                                                                
00010f0c  SHT$$INIT_ARRAY$$Limit                                                                                                                                               
00015e09  SPI0_IRQHandler                                                                                                                                                      
00015e09  SPI1_IRQHandler                                                                                                                                                      
00015e09  SVC_Handler                                                                                                                                                          
20204f10  Sensor                                                                                                                                                               
20204f76  StTextColor                                                                                                                                                          
20204f7c  StX                                                                                                                                                                  
20204f80  StY                                                                                                                                                                  
0001478f  SysTick_Handler                                                                                                                                                      
20202d44  TExaSLogic                                                                                                                                                           
20202d48  TExaSadc                                                                                                                                                             
00015e09  TIMA0_IRQHandler                                                                                                                                                     
00015e09  TIMA1_IRQHandler                                                                                                                                                     
00015e09  TIMG0_IRQHandler                                                                                                                                                     
000117e5  TIMG12_IRQHandler                                                                                                                                                    
00015e09  TIMG6_IRQHandler                                                                                                                                                     
000152f9  TIMG7_IRQHandler                                                                                                                                                     
00015e09  TIMG8_IRQHandler                                                                                                                                                     
00016037  TI_memcpy_small                                                                                                                                                      
0001613f  TI_memset_small                                                                                                                                                      
00015e09  UART0_IRQHandler                                                                                                                                                     
00015e09  UART1_IRQHandler                                                                                                                                                     
00015e09  UART2_IRQHandler                                                                                                                                                     
00015e09  UART3_IRQHandler                                                                                                                                                     
20202b7c  _CIOBUF_                                                                                                                                                             
00014315  _Z10Clock_Freqv                                                                                                                                                      
000146a1  _Z10bgToBufferh                                                                                                                                                      
0001605b  _Z11Clock_Delayj                                                                                                                                                     
00015475  _Z11SPI_OutDatac                                                                                                                                                     
00015ea5  _Z11ST7735_openPKcji                                                                                                                                                 
00015ebb  _Z11ST7735_readiPcj                                                                                                                                                  
00014205  _Z11getDiffLaneh                                                                                                                                                     
00013f21  _Z12ST7735_InitR10initRFlags                                                                                                                                         
000161ad  _Z12ST7735_closei                                                                                                                                                    
000160eb  _Z12ST7735_lseekili                                                                                                                                                  
000155c3  _Z12ST7735_writeiPKcj                                                                                                                                                
000126ed  _Z12drawGameOverv                                                                                                                                                    
0001614d  _Z13ST7735_renamePKcS0_                                                                                                                                              
000161b7  _Z13ST7735_unlinkPKc                                                                                                                                                 
00014d55  _Z13TimerG12_Initv                                                                                                                                                   
000139e1  _Z13outlineButtonssss                                                                                                                                                
000155f9  _Z14Clock_Delay1msj                                                                                                                                                  
000144b1  _Z14LaunchPad_Initv                                                                                                                                                  
000151d9  _Z14SPI_OutCommandc                                                                                                                                                  
0001384d  _Z14ST7735_OutCharc                                                                                                                                                  
000133e1  _Z14ST7735_OutCharctt                                                                                                                                                
00015c11  _Z14drawHomeScreenv                                                                                                                                                  
00014791  _Z14runnerToBufferv                                                                                                                                                  
00012d19  _Z14solderToBufferv                                                                                                                                                  
000154ad  _Z15ActivatePortA_Bv                                                                                                                                                 
00012399  _Z15Clock_Init80MHzi                                                                                                                                                 
00012aed  _Z15ST7735_FillRectsssst                                                                                                                                             
00014051  _Z15TimerG12_IntArmjj                                                                                                                                                
000134c5  _Z15drawMainButtonsv                                                                                                                                                 
00012e21  _Z16DrawBeamToBuffer10BeamSprite                                                                                                                                     
0001254d  _Z16ST7735_DrawCharSsscssh                                                                                                                                           
00014805  _Z16ST7735_DrawPixelsst                                                                                                                                              
0001558d  _Z16ST7735_OutStringPctt                                                                                                                                             
0001562d  _Z16ST7735_SetCursorjj                                                                                                                                               
00011f91  _Z17ST7735_DrawBitmapssPKtss                                                                                                                                         
000143a9  _Z17ST7735_DrawStringttPcs                                                                                                                                           
000140e5  _Z17ST7735_DrawStringttPctt                                                                                                                                          
00015985  _Z17ST7735_FillScreent                                                                                                                                               
00013fb9  _Z17ST7735_InitPrintfv                                                                                                                                               
000129b9  _Z17componentToBufferv                                                                                                                                               
00013119  _Z18ST7735_SetRotationh                                                                                                                                              
000135a9  _Z18drawSpanishButtonsv                                                                                                                                              
00013a95  _Z20ST7735_DrawFastHLinessst                                                                                                                                         
00013b45  _Z20ST7735_DrawFastVLinessst                                                                                                                                         
00016159  _Z22__throw_bad_alloc_shimv                                                                                                                                          
00015065  _Z5bgPixhh                                                                                                                                                           
00014e65  _Z6drawBgv                                                                                                                                                           
000161c1  _Z8PLL_Initv                                                                                                                                                         
00012f29  _Z8SPI_Initv                                                                                                                                                         
00015339  _Z9SPI_Resetv                                                                                                                                                        
0001606b  _ZN10BeamSprite13getBottomEdgeEv                                                                                                                                     
0001442d  _ZN10BeamSprite4initEha                                                                                                                                              
00014719  _ZN10BeamSprite4tickEv                                                                                                                                               
00015661  _ZN10BeamSpriteC1Ea                                                                                                                                                  
00015a09  _ZN10BeamSpriteC1Eha                                                                                                                                                 
00015661  _ZN10BeamSpriteC2Ea                                                                                                                                                  
00015a09  _ZN10BeamSpriteC2Eha                                                                                                                                                 
00015a33  _ZN10DashSprite10changeLaneEh                                                                                                                                        
00015221  _ZN10DashSprite10initHealthEv                                                                                                                                        
00015a5d  _ZN10DashSprite4jumpEv                                                                                                                                               
000121a1  _ZN10DashSprite4tickEv                                                                                                                                               
000158f9  _ZN10DashSprite4tripEv                                                                                                                                               
00014b65  _ZN10DashSprite6inBeamEv                                                                                                                                             
00016165  _ZN10DashSprite7getLaneEv                                                                                                                                            
00015a85  _ZN10DashSprite9healthOffEv                                                                                                                                          
000159b1  _ZN10DashSpriteC1Ev                                                                                                                                                  
000159b1  _ZN10DashSpriteC2Ev                                                                                                                                                  
00014175  _ZN12SolderSprite4tickEv                                                                                                                                             
00015d2b  _ZN12SolderSpriteC1Ea                                                                                                                                                
00015d2b  _ZN12SolderSpriteC2Ea                                                                                                                                                
20204f9c  _ZN15ComponentSprite12numCollectedE                                                                                                                                  
00013bf5  _ZN15ComponentSprite4tickEv                                                                                                                                          
00014a95  _ZN15ComponentSpriteC1Ea                                                                                                                                             
00014a95  _ZN15ComponentSpriteC2Ea                                                                                                                                             
00015269  _ZN8SlidePot2InEv                                                                                                                                                    
0001452d  _ZN8SlidePot4InitEv                                                                                                                                                  
00015dcb  _ZN8SlidePotC1Ejj                                                                                                                                                    
00015dcb  _ZN8SlidePotC2Ejj                                                                                                                                                    
00015aad  _ZN8Switches4InitEv                                                                                                                                                  
00014bc9  _ZN8Switches4PollEv                                                                                                                                                  
00015efd  _ZN8SwitchesC2Ev                                                                                                                                                     
00015927  _ZNKSt3__112basic_stringIcNS_11char_traitsIcEENS_9allocatorIcEEE13__get_pointerB8nn180100Ev                                                                          
000161cb  _ZNKSt3__112basic_stringIcNS_11char_traitsIcEENS_9allocatorIcEEE14__annotate_newB8nn180100Ej                                                                         
00016001  _ZNKSt3__112basic_stringIcNS_11char_traitsIcEENS_9allocatorIcEEE15__get_long_sizeB8nn180100Ev                                                                        
00015f11  _ZNKSt3__112basic_stringIcNS_11char_traitsIcEENS_9allocatorIcEEE16__get_short_sizeB8nn180100Ev                                                                       
00016013  _ZNKSt3__112basic_stringIcNS_11char_traitsIcEENS_9allocatorIcEEE18__get_long_pointerB8nn180100Ev                                                                     
00015ed1  _ZNKSt3__112basic_stringIcNS_11char_traitsIcEENS_9allocatorIcEEE19__get_short_pointerB8nn180100Ev                                                                    
00016171  _ZNKSt3__112basic_stringIcNS_11char_traitsIcEENS_9allocatorIcEEE20__throw_length_errorB8nn180100Ev                                                                   
00015f25  _ZNKSt3__112basic_stringIcNS_11char_traitsIcEENS_9allocatorIcEEE4dataB8nn180100Ev                                                                                    
00015955  _ZNKSt3__112basic_stringIcNS_11char_traitsIcEENS_9allocatorIcEEE4sizeB8nn180100Ev                                                                                    
0001607b  _ZNKSt3__112basic_stringIcNS_11char_traitsIcEENS_9allocatorIcEEE5c_strB8nn180100Ev                                                                                   
00015ee7  _ZNKSt3__112basic_stringIcNS_11char_traitsIcEENS_9allocatorIcEEE9__is_longB8nn180100Ev                                                                               
0001608b  _ZNKSt3__117__compressed_pairINS_12basic_stringIcNS_11char_traitsIcEENS_9allocatorIcEEE5__repES5_E5firstB8nn180100Ev                                                 
000161d5  _ZNKSt3__122__compressed_pair_elemINS_12basic_stringIcNS_11char_traitsIcEENS_9allocatorIcEEE5__repELi0ELb0EE5__getB8nn180100Ev                                       
00015e5d  _ZNSt3__111char_traitsIcE7compareB8nn180100EPKcS3_j                                                                                                                  
000161df  _ZNSt3__112__to_addressB8nn180100IKcEEPT_S3_                                                                                                                         
000150b1  _ZNSt3__112basic_stringIcNS_11char_traitsIcEENS_9allocatorIcEEE16__init_with_sizeB8nn180100IPcS7_EEvT_T0_j                                                           
00015e75  _ZNSt3__112basic_stringIcNS_11char_traitsIcEENS_9allocatorIcEEE17__assign_externalEPKc                                                                               
00014afd  _ZNSt3__112basic_stringIcNS_11char_traitsIcEENS_9allocatorIcEEE17__assign_externalEPKcj                                                                              
000152b1  _ZNSt3__112basic_stringIcNS_11char_traitsIcEENS_9allocatorIcEEE17__assign_no_aliasILb0EEERS5_PKcj                                                                    
00015379  _ZNSt3__112basic_stringIcNS_11char_traitsIcEENS_9allocatorIcEEE17__assign_no_aliasILb1EEERS5_PKcj                                                                    
0001391d  _ZNSt3__112basic_stringIcNS_11char_traitsIcEENS_9allocatorIcEEE21__grow_by_and_replaceEjjjjjjPKc                                                                     
000161e9  _ZNSt3__112basic_stringIcNS_11char_traitsIcEENS_9allocatorIcEEE6__initIPcTnNS_9enable_ifIXsr31__has_forward_iterator_categoryIT_EE5valueEiE4typeELi0EEEvS9_S9_       
00015ad5  _ZNSt3__112basic_stringIcNS_11char_traitsIcEENS_9allocatorIcEEE6appendB8nn180100ERKS5_                                                                               
00014875  _ZNSt3__112basic_stringIcNS_11char_traitsIcEENS_9allocatorIcEEE6appendEPKcj                                                                                          
00016207  _ZNSt3__112basic_stringIcNS_11char_traitsIcEENS_9allocatorIcEEE6assignEPKc                                                                                           
00015d4b  _ZNSt3__112basic_stringIcNS_11char_traitsIcEENS_9allocatorIcEEEC2B8nn180100Ev                                                                                        
00015f39  _ZNSt3__112basic_stringIcNS_11char_traitsIcEENS_9allocatorIcEEED1Ev                                                                                                  
00015f39  _ZNSt3__112basic_stringIcNS_11char_traitsIcEENS_9allocatorIcEEED2Ev                                                                                                  
00015f4d  _ZNSt3__112basic_stringIcNS_11char_traitsIcEENS_9allocatorIcEEEaSB8nn180100EPKc                                                                                      
00015439  _ZNSt3__112basic_stringIcNS_11char_traitsIcEENS_9allocatorIcEEEaSERKS5_                                                                                              
00015f61  _ZNSt3__112basic_stringIcNS_11char_traitsIcEENS_9allocatorIcEEEpLB8nn180100ERKS5_                                                                                    
000161f3  _ZNSt3__114pointer_traitsIPKcE10pointer_toB8nn180100ERS1_                                                                                                            
00015de9  _ZNSt3__115__to_chars_itoaB8nn180100IiEENS_15to_chars_resultEPcS2_T_NS_17integral_constantIbLb1EEE                                                                   
000154e5  _ZNSt3__115__to_chars_itoaB8nn180100IjEENS_15to_chars_resultEPcS2_T_NS_17integral_constantIbLb0EEE                                                                   
000161fd  _ZNSt3__116__non_trivial_ifILb1ENS_9allocatorIcEEEC2B8nn180100Ev                                                                                                     
00015beb  _ZNSt3__117__compressed_pairINS_12basic_stringIcNS_11char_traitsIcEENS_9allocatorIcEEE5__repES5_EC2B8nn180100INS_16__value_init_tagENS_18__default_init_tagEEEOT_OT0_
0001617d  _ZNSt3__120__throw_length_errorB8nn180100EPKc                                                                                                                        
00016025  _ZNSt3__122__compressed_pair_elemINS_12basic_stringIcNS_11char_traitsIcEENS_9allocatorIcEEE5__repELi0ELb0EEC2B8nn180100ENS_16__value_init_tagE                       
00015f75  _ZNSt3__122__compressed_pair_elemINS_9allocatorIcEELi1ELb1EEC2B8nn180100ENS_18__default_init_tagE                                                                    
00015d6d  _ZNSt3__122__libcpp_verbose_abortEPKcz                                                                                                                               
00015695  _ZNSt3__16__itoa10__append10B8nn180100IjEEPcS2_T_                                                                                                                    
00010cf8  _ZNSt3__16__itoa10__pow10_32E                                                                                                                                        
0001368d  _ZNSt3__16__itoa13__base_10_u32B8nn180100EPcj                                                                                                                        
00015899  _ZNSt3__16__itoa13__traits_baseIjvE7__widthB8nn180100Ej                                                                                                              
00010b58  _ZNSt3__16__itoa16__digits_base_10E                                                                                                                                  
0001551d  _ZNSt3__16__itoa9__append4B8nn180100EPcj                                                                                                                             
00015c35  _ZNSt3__16__itoa9__append5B8nn180100EPcj                                                                                                                             
000156c9  _ZNSt3__16__itoa9__append6B8nn180100EPcj                                                                                                                             
00015c59  _ZNSt3__16__itoa9__append7B8nn180100EPcj                                                                                                                             
000156fd  _ZNSt3__16__itoa9__append8B8nn180100EPcj                                                                                                                             
00015c7d  _ZNSt3__16__itoa9__append9B8nn180100EPcj                                                                                                                             
00015f89  _ZNSt3__19allocatorIcEC2B8nn180100Ev                                                                                                                                 
00015ca1  _ZNSt3__19to_stringEi                                                                                                                                                
00013d43  _ZNSt3__1eqB8nn180100INS_9allocatorIcEEEEbRKNS_12basic_stringIcNS_11char_traitsIcEET_EES9_                                                                           
00015e8d  _ZNSt3__1neB8nn180100IcNS_11char_traitsIcEENS_9allocatorIcEEEEbRKNS_12basic_stringIT_T0_T1_EESB_                                                                     
00016189  _ZSt15get_new_handlerv                                                                                                                                               
0001620f  _ZdlPv                                                                                                                                                               
00015f9d  _Znwj                                                                                                                                                                
20202b7c  __CIOBUF_                                                                                                                                                            
20208000  __STACK_END                                                                                                                                                          
00002000  __STACK_SIZE                                                                                                                                                         
00002000  __SYSMEM_SIZE                                                                                                                                                        
00000000  __TI_ATRegion0_region_sz                                                                                                                                             
00000000  __TI_ATRegion0_src_addr                                                                                                                                              
00000000  __TI_ATRegion0_trg_addr                                                                                                                                              
00000000  __TI_ATRegion1_region_sz                                                                                                                                             
00000000  __TI_ATRegion1_src_addr                                                                                                                                              
00000000  __TI_ATRegion1_trg_addr                                                                                                                                              
00000000  __TI_ATRegion2_region_sz                                                                                                                                             
00000000  __TI_ATRegion2_src_addr                                                                                                                                              
00000000  __TI_ATRegion2_trg_addr                                                                                                                                              
000162e8  __TI_CINIT_Base                                                                                                                                                      
000162f8  __TI_CINIT_Limit                                                                                                                                                     
000162f8  __TI_CINIT_Warm                                                                                                                                                      
000162d4  __TI_Handler_Table_Base                                                                                                                                              
000162e0  __TI_Handler_Table_Limit                                                                                                                                             
00014f6d  __TI_auto_init_nobinit                                                                                                                                               
00015731  __TI_cleanup                                                                                                                                                         
20204f60  __TI_cleanup_ptr                                                                                                                                                     
000145a9  __TI_closefile                                                                                                                                                       
00014625  __TI_decompress_lzss                                                                                                                                                 
[...]
00015ed1  _ZNKSt3__112basic_stringIcNS_11char_traitsIcEENS_9allocatorIcEEE19__get_short_pointerB8nn180100Ev                                                                    
00015ee7  _ZNKSt3__112basic_stringIcNS_11char_traitsIcEENS_9allocatorIcEEE9__is_longB8nn180100Ev                                                                               
00015efd  _ZN8SwitchesC2Ev                                                                                                                                                     
00015f11  _ZNKSt3__112basic_stringIcNS_11char_traitsIcEENS_9allocatorIcEEE16__get_short_sizeB8nn180100Ev                                                                       
00015f25  _ZNKSt3__112basic_stringIcNS_11char_traitsIcEENS_9allocatorIcEEE4dataB8nn180100Ev                                                                                    
00015f39  _ZNSt3__112basic_stringIcNS_11char_traitsIcEENS_9allocatorIcEEED1Ev                                                                                                  
00015f39  _ZNSt3__112basic_stringIcNS_11char_traitsIcEENS_9allocatorIcEEED2Ev                                                                                                  
00015f4d  _ZNSt3__112basic_stringIcNS_11char_traitsIcEENS_9allocatorIcEEEaSB8nn180100EPKc                                                                                      
00015f61  _ZNSt3__112basic_stringIcNS_11char_traitsIcEENS_9allocatorIcEEEpLB8nn180100ERKS5_                                                                                    
00015f75  _ZNSt3__122__compressed_pair_elemINS_9allocatorIcEELi1ELb1EEC2B8nn180100ENS_18__default_init_tagE                                                                    
00015f89  _ZNSt3__19allocatorIcEC2B8nn180100Ev                                                                                                                                 
00015f9d  _Znwj                                                                                                                                                                
00016001  _ZNKSt3__112basic_stringIcNS_11char_traitsIcEENS_9allocatorIcEEE15__get_long_sizeB8nn180100Ev                                                                        
00016013  _ZNKSt3__112basic_stringIcNS_11char_traitsIcEENS_9allocatorIcEEE18__get_long_pointerB8nn180100Ev                                                                     
00016025  _ZNSt3__122__compressed_pair_elemINS_12basic_stringIcNS_11char_traitsIcEENS_9allocatorIcEEE5__repELi0ELb0EEC2B8nn180100ENS_16__value_init_tagE                       
00016037  TI_memcpy_small                                                                                                                                                      
00016049  __TI_decompress_none                                                                                                                                                 
0001605b  _Z11Clock_Delayj                                                                                                                                                     
0001606b  _ZN10BeamSprite13getBottomEdgeEv                                                                                                                                     
0001607b  _ZNKSt3__112basic_stringIcNS_11char_traitsIcEENS_9allocatorIcEEE5c_strB8nn180100Ev                                                                                   
0001608b  _ZNKSt3__117__compressed_pairINS_12basic_stringIcNS_11char_traitsIcEENS_9allocatorIcEEE5__repES5_E5firstB8nn180100Ev                                                 
000160cd  __TI_zero_init                                                                                                                                                       
000160eb  _Z12ST7735_lseekili                                                                                                                                                  
000160f9  __aeabi_memset                                                                                                                                                       
000160f9  __aeabi_memset4                                                                                                                                                      
000160f9  __aeabi_memset8                                                                                                                                                      
00016123  strlen                                                                                                                                                               
0001613f  TI_memset_small                                                                                                                                                      
0001614d  _Z13ST7735_renamePKcS0_                                                                                                                                              
00016159  _Z22__throw_bad_alloc_shimv                                                                                                                                          
00016165  _ZN10DashSprite7getLaneEv                                                                                                                                            
00016171  _ZNKSt3__112basic_stringIcNS_11char_traitsIcEENS_9allocatorIcEEE20__throw_length_errorB8nn180100Ev                                                                   
0001617d  _ZNSt3__120__throw_length_errorB8nn180100EPKc                                                                                                                        
00016189  _ZSt15get_new_handlerv                                                                                                                                               
00016195  __aeabi_memclr                                                                                                                                                       
00016195  __aeabi_memclr4                                                                                                                                                      
00016195  __aeabi_memclr8                                                                                                                                                      
000161a1  malloc                                                                                                                                                               
000161ad  _Z12ST7735_closei                                                                                                                                                    
000161b7  _Z13ST7735_unlinkPKc                                                                                                                                                 
000161c1  _Z8PLL_Initv                                                                                                                                                         
000161cb  _ZNKSt3__112basic_stringIcNS_11char_traitsIcEENS_9allocatorIcEEE14__annotate_newB8nn180100Ej                                                                         
000161d5  _ZNKSt3__122__compressed_pair_elemINS_12basic_stringIcNS_11char_traitsIcEENS_9allocatorIcEEE5__repELi0ELb0EE5__getB8nn180100Ev                                       
000161df  _ZNSt3__112__to_addressB8nn180100IKcEEPT_S3_                                                                                                                         
000161e9  _ZNSt3__112basic_stringIcNS_11char_traitsIcEENS_9allocatorIcEEE6__initIPcTnNS_9enable_ifIXsr31__has_forward_iterator_categoryIT_EE5valueEiE4typeELi0EEEvS9_S9_       
000161f3  _ZNSt3__114pointer_traitsIPKcE10pointer_toB8nn180100ERS1_                                                                                                            
000161fd  _ZNSt3__116__non_trivial_ifILb1ENS_9allocatorIcEEEC2B8nn180100Ev                                                                                                     
00016207  _ZNSt3__112basic_stringIcNS_11char_traitsIcEENS_9allocatorIcEEE6assignEPKc                                                                                           
0001620f  _ZdlPv                                                                                                                                                               
00016219  __aeabi_memcpy                                                                                                                                                       
00016219  __aeabi_memcpy4                                                                                                                                                      
00016219  __aeabi_memcpy8                                                                                                                                                      
00016221  __aeabi_memmove                                                                                                                                                      
00016221  __aeabi_memmove4                                                                                                                                                     
00016221  __aeabi_memmove8                                                                                                                                                     
00016239  fseek                                                                                                                                                                
00016241  remove                                                                                                                                                               
00016249  Reset_Handler                                                                                                                                                        
0001624d  _system_pre_init                                                                                                                                                     
00016251  abort_message                                                                                                                                                        
00016254  C$$EXIT                                                                                                                                                              
00016255  abort                                                                                                                                                                
000162d4  __TI_Handler_Table_Base                                                                                                                                              
000162e0  __TI_Handler_Table_Limit                                                                                                                                             
000162e8  __TI_CINIT_Base                                                                                                                                                      
000162f8  __TI_CINIT_Limit                                                                                                                                                     
000162f8  __TI_CINIT_Warm                                                                                                                                                      
20200000  __start___llvm_prf_bits                                                                                                                                              
20200000  __start___llvm_prf_cnts                                                                                                                                              
20200000  __stop___llvm_prf_bits                                                                                                                                               
20200000  __stop___llvm_prf_cnts                                                                                                                                               
20200000  buffer                                                                                                                                                               
20202b7c  _CIOBUF_                                                                                                                                                             
20202b7c  __CIOBUF_                                                                                                                                                            
20202c9c  __TI_tmpnams                                                                                                                                                         
20202d3c  parmbuf                                                                                                                                                              
20202d44  TExaSLogic                                                                                                                                                           
20202d48  TExaSadc                                                                                                                                                             
20202d4c  spData                                                                                                                                                               
20202d56  lock                                                                                                                                                                 
20202d57  stopped                                                                                                                                                              
20202d58  _sys_memory                                                                                                                                                          
20204d58  _ftable                                                                                                                                                              
20204e48  _device                                                                                                                                                              
20204ec0  _stream                                                                                                                                                              
20204f10  Sensor                                                                                                                                                               
20204f24  dash                                                                                                                                                                 
20204f38  component                                                                                                                                                            
20204f48  beam1                                                                                                                                                                
20204f54  beam2                                                                                                                                                                
20204f60  __TI_cleanup_ptr                                                                                                                                                     
20204f64  __TI_dtors_ptr                                                                                                                                                       
20204f68  buttons                                                                                                                                                              
20204f70  solderpoop                                                                                                                                                           
20204f76  StTextColor                                                                                                                                                          
20204f78  BusFreq                                                                                                                                                              
20204f7c  StX                                                                                                                                                                  
20204f80  StY                                                                                                                                                                  
20204f84  __TI_ft_end                                                                                                                                                          
20204f88  __cxa_new_handler                                                                                                                                                    
20204f8c  _lock                                                                                                                                                                
20204f90  _unlock                                                                                                                                                              
20204f9c  _ZN15ComponentSprite12numCollectedE                                                                                                                                  
20204f9d  isSpanish                                                                                                                                                            
20206000  __stack                                                                                                                                                              
20208000  __STACK_END                                                                                                                                                          
ffffffff  __TI_pprof_out_hndl                                                                                                                                                  
ffffffff  __TI_prof_data_size                                                                                                                                                  
ffffffff  __TI_prof_data_start                                                                                                                                                 
ffffffff  __binit__                                                                                                                                                            
ffffffff  binit                                                                                                                                                                
UNDEFED   __mpu_init                                                                                                                                                           
UNDEFED   _system_post_cinit                                                                                                                                                   

[310 symbols]
