******************************************************************************
            TI ARM Clang Linker Unix v4.0.1                    
******************************************************************************
>> Linked Mon Apr 21 00:38:20 2025

OUTPUT FILE NAME:   <ECE319K_Lab9H.out>
ENTRY POINT SYMBOL: "_c_int00_noargs"  address: 0000e525


MEMORY CONFIGURATION

         name            origin    length      used     unused   attr    fill
----------------------  --------  ---------  --------  --------  ----  --------
  FLASH                 00000000   00020000  0000e8e0  00011720  R  X
  SRAM                  20200000   00008000  000075db  00000a25  RW X
  BCR_CONFIG            41c00000   00000080  00000000  00000080  R   
  BSL_CONFIG            41c00100   00000080  00000000  00000080  R   


SEGMENT ALLOCATION MAP

run origin  load origin   length   init length attrs members
----------  ----------- ---------- ----------- ----- -------
00000000    00000000    0000e8e0   0000e8e0    r-x
  00000000    00000000    000000c0   000000c0    r-- .intvecs
  000000c0    000000c0    0000b050   0000b050    r-- .rodata
  0000b110    0000b110    00003730   00003730    r-x .text
  0000e840    0000e840    00000008   00000008    r-- .init_array
  0000e848    0000e848    00000098   00000098    r-- .cinit
20200000    20200000    000055de   00000000    rw-
  20200000    20200000    000033fd   00000000    rw- .data
  20203400    20203400    00002000   00000000    rw- .sysmem
  20205400    20205400    000001de   00000000    rw- .bss
20206000    20206000    00002000   00000000    rw-
  20206000    20206000    00002000   00000000    rw- .stack


SECTION ALLOCATION MAP

 output                                  attributes/
section   page    origin      length       input sections
--------  ----  ----------  ----------   ----------------
.intvecs   0    00000000    000000c0     
                  00000000    000000c0     startup_mspm0g3507_ticlang.o (.intvecs)

.binit     0    00000000    00000000     

.text      0    0000b110    00003730     
                  0000b110    00000540     Lab9HMain.o (.text.TIMG12_IRQHandler)
                  0000b650    00000298     Lab9HMain.o (.text.main)
                  0000b8e8    00000210     ST7735.o (.text._Z17ST7735_DrawBitmapssPKtss)
                  0000baf8    000001f4     DashSprite.o (.text._ZN10DashSprite4tickEv)
                  0000bcec    000001b4     Clock.o (.text._Z15Clock_Init80MHzi)
                  0000bea0    000001a0     ST7735.o (.text._Z16ST7735_DrawCharSsscssh)
                  0000c040    00000154     libc.a : fopen.c.obj (.text._openfile)
                  0000c194    00000138     ST7735.o (.text._Z6drawBgv)
                  0000c2cc    00000118     ST7735.o (.text._Z15ST7735_FillRectsssst)
                  0000c3e4    00000114     libc.a : memory.c.obj (.text.aligned_alloc)
                  0000c4f8    00000108     Lab9HMain.o (.text._Z14solderToBufferv)
                  0000c600    00000108     Lab9HMain.o (.text._Z17componentToBufferv)
                  0000c708    000000f8     SPI.o (.text._Z8SPI_Initv)
                  0000c800    000000f4     ST7735.o (.text._Z18ST7735_SetRotationh)
                  0000c8f4    000000ec     libsysbm.a : add_device.c.obj (.text.add_device)
                  0000c9e0    000000e8     libc.a : memory.c.obj (.text.free)
                  0000cac8    000000e0            : setvbuf.c.obj (.text.setvbuf)
                  0000cba8    000000dc     Lab9HMain.o (.text._Z16DrawBeamToBuffer10BeamSprite)
                  0000cc84    000000d0     ST7735.o (.text._Z14ST7735_OutCharc)
                  0000cd54    000000cc     libc.a : memory.c.obj (.text.realloc)
                  0000ce20    000000a2     ST7735.o (.text._ZL11commandListPKh)
                  0000cec2    00000002     Sound.o (.text.SysTick_Handler)
                  0000cec4    000000a0     libsysbm.a : open.c.obj (.text.open)
                  0000cf64    0000009c     ST7735.o (.text._Z17ST7735_InitPrintfv)
                  0000d000    00000098     ST7735.o (.text._Z12ST7735_InitR10initRFlags)
                  0000d098    00000094     Timer.o (.text._Z15TimerG12_IntArmjj)
                  0000d12c    00000090     SolderSprite.o (.text._ZN12SolderSprite4tickEv)
                  0000d1bc    00000090     ComponentSprite.o (.text._ZN15ComponentSprite4tickEv)
                  0000d24c    00000088     Lab9HMain.o (.text._Z11getDiffLaneh)
                  0000d2d4    00000088     ST7735.o (.text._ZL13setAddrWindowhhhh)
                  0000d35c    00000004     libc.a : pre_init.c.obj (.text._system_pre_init)
                  0000d360    00000088            : strcmp-armv6m.S.obj (.text:strcmp)
                  0000d3e8    00000084     ST7735.o (.text._Z17ST7735_DrawStringttPcs)
                  0000d46c    0000007c     LaunchPad.o (.text._Z14LaunchPad_Initv)
                  0000d4e8    0000007c     SlidePot.o (.text._ZN8SlidePot4InitEv)
                  0000d564    0000007c     libc.a : fclose.c.obj (.text.__TI_closefile)
                  0000d5e0    0000007c            : copy_decompress_lzss.c.obj (.text:decompress:lzss)
                  0000d65c    00000078     Lab9HMain.o (.text._Z10bgToBufferh)
                  0000d6d4    00000076     BeamSprite.o (.text._ZN10BeamSprite4tickEv)
                  0000d74a    00000002     libclang_rt.builtins.a : aeabi_div0.c.obj (.text.__aeabi_idiv0)
                  0000d74c    00000074     Lab9HMain.o (.text._Z14runnerToBufferv)
                  0000d7c0    00000070     ST7735.o (.text._Z16ST7735_DrawPixelsst)
                  0000d830    00000070     BeamSprite.o (.text._ZN10BeamSprite4initEha)
                  0000d8a0    0000006c     libsysbm.a : hostlseek.c.obj (.text.HOSTlseek)
                  0000d90c    0000006c                : hostrename.c.obj (.text.HOSTrename)
                  0000d978    0000006c     libc.a : getdevice.c.obj (.text.getdevice)
                  0000d9e4    00000068     ComponentSprite.o (.text._ZN15ComponentSpriteC2Ea)
                  0000da4c    00000064     libc.a : memory.c.obj (.text.split)
                  0000dab0    00000060     libsysbm.a : hostopen.c.obj (.text.HOSTopen)
                  0000db10    00000060     Timer.o (.text._Z13TimerG12_Initv)
                  0000db70    00000058     libsysbm.a : hostread.c.obj (.text.HOSTread)
                  0000dbc8    00000058                : hostwrite.c.obj (.text.HOSTwrite)
                  0000dc20    00000056     libclang_rt.builtins.a : aeabi_idivmod.S.obj (.text.__aeabi_idivmod)
                  0000dc76    00000002     libc.a : _lock.c.obj (.text._nop)
                  0000dc78    00000054            : autoinit.c.obj (.text:__TI_auto_init_nobinit)
                  0000dccc    00000052            : fflush.c.obj (.text.__TI_doflush)
                  0000dd1e    00000002     --HOLE-- [fill = 0]
                  0000dd20    00000050     libsysbm.a : close.c.obj (.text.close)
                  0000dd70    0000004c     ST7735.o (.text._Z5bgPixhh)
                  0000ddbc    00000048     libsysbm.a : hostclose.c.obj (.text.HOSTclose)
                  0000de04    00000048                : hostunlink.c.obj (.text.HOSTunlink)
                  0000de4c    00000048     SPI.o (.text._Z14SPI_OutCommandc)
                  0000de94    00000048     DashSprite.o (.text._ZN10DashSprite10initHealthEv)
                  0000dedc    00000048     SlidePot.o (.text._ZN8SlidePot2InEv)
                  0000df24    00000040     TExaS.o (.text.TIMG7_IRQHandler)
                  0000df64    00000040     SPI.o (.text._Z9SPI_Resetv)
                  0000dfa4    00000040     DashSprite.o (.text._ZN10DashSprite6inBeamEv)
                  0000dfe4    00000040     libclang_rt.builtins.a : aeabi_uidivmod.S.obj (.text.__aeabi_uidivmod)
                  0000e024    00000040     libc.a : fopen.c.obj (.text._search_fp)
                  0000e064    00000038     SPI.o (.text._Z11SPI_OutDatac)
                  0000e09c    00000038     LaunchPad.o (.text._Z15ActivatePortA_Bv)
                  0000e0d4    00000038     libc.a : rand.c.obj (.text.rand)
                  0000e10c    00000034     ST7735.o (.text._Z12ST7735_writeiPKcj)
                  0000e140    00000034     Clock.o (.text._Z14Clock_Delay1msj)
                  0000e174    00000034     ST7735.o (.text._Z16ST7735_SetCursorjj)
                  0000e1a8    00000034     BeamSprite.o (.text._ZN10BeamSpriteC2Ea)
                  0000e1dc    00000034     Lab9HMain.o (.text._ZN8Switches4PollEv)
                  0000e210    00000034     libc.a : fopen.c.obj (.text.__TI_cleanup)
                  0000e244    00000034     libsysbm.a : trgmsg.c.obj (.text.__TI_readmsg)
                  0000e278    00000034                : trgmsg.c.obj (.text.__TI_writemsg)
                  0000e2ac    00000034     libc.a : exit.c.obj (.text.exit)
                  0000e2e0    00000034            : getdevice.c.obj (.text.finddevice)
                  0000e314    00000034            : fopen.c.obj (.text.freopen)
                  0000e348    00000030     ST7735.o (.text._ZL10commonInitPKh)
                  0000e378    00000030     libc.a : fopen.c.obj (.text.fopen)
                  0000e3a8    0000002e     DashSprite.o (.text._ZN10DashSprite4tripEv)
                  0000e3d6    00000002     --HOLE-- [fill = 0]
                  0000e3d8    0000002c     ST7735.o (.text._Z17ST7735_FillScreent)
                  0000e404    0000002c     libsysbm.a : unlink.c.obj (.text.unlink)
                  0000e430    0000002a     BeamSprite.o (.text._ZN10BeamSpriteC2Eha)
                  0000e45a    0000002a     DashSprite.o (.text._ZN10DashSprite10changeLaneEh)
                  0000e484    00000028     DashSprite.o (.text._ZN10DashSprite4jumpEv)
                  0000e4ac    00000028     Lab9HMain.o (.text._ZN8Switches4InitEv)
                  0000e4d4    00000028     libc.a : memory.c.obj (.text.free_list_insert)
                  0000e4fc    00000028     libsysbm.a : write.c.obj (.text.write)
                  0000e524    00000028     libc.a : boot_cortex_m.c.obj (.text:_c_int00_noargs)
                  0000e54c    00000024     DashSprite.o (.text._ZN10DashSpriteC2Ev)
                  0000e570    00000024     libc.a : rand.c.obj (.text.srand)
                  0000e594    00000020     Lab9HMain.o (.text._GLOBAL__sub_I_Lab9HMain.cpp)
                  0000e5b4    00000020     SolderSprite.o (.text._ZN12SolderSpriteC2Ea)
                  0000e5d4    0000001e     ST7735.o (.text._ZL9pushColort)
                  0000e5f2    0000001e     SlidePot.o (.text._ZN8SlidePotC2Ejj)
                  0000e610    0000001c     startup_mspm0g3507_ticlang.o (.text.Default_Handler)
                  0000e62c    0000001c     startup_mspm0g3507_ticlang.o (.text.HardFault_Handler)
                  0000e648    0000001c     libc.a : memory.c.obj (.text.free_list_remove)
                  0000e664    00000016     ST7735.o (.text._Z11ST7735_openPKcji)
                  0000e67a    00000016     ST7735.o (.text._Z11ST7735_readiPcj)
                  0000e690    00000016     libc.a : copy_zero_init.c.obj (.text:decompress:ZI:__TI_zero_init_nomemset)
                  0000e6a6    00000002     --HOLE-- [fill = 0]
                  0000e6a8    00000014     Lab9HMain.o (.text.__cxx_global_var_init.3)
                  0000e6bc    00000014     Lab9HMain.o (.text.__cxx_global_var_init.4)
                  0000e6d0    00000014     Lab9HMain.o (.text.__cxx_global_var_init.5)
                  0000e6e4    00000014     Lab9HMain.o (.text.__cxx_global_var_init)
                  0000e6f8    00000012     Lab9HMain.o (.text._ZN8SwitchesC2Ev)
                  0000e70a    00000012     libc.a : memcpy16.S.obj (.text:TI_memcpy_small)
                  0000e71c    00000012            : copy_decompress_none.c.obj (.text:decompress:none)
                  0000e72e    00000010     Clock.o (.text._Z11Clock_Delayj)
                  0000e73e    00000010     Lab9HMain.o (.text._ZN10BeamSprite13getBottomEdgeEv)
                  0000e74e    00000002     --HOLE-- [fill = 0]
                  0000e750    00000010     Lab9HMain.o (.text.__cxx_global_var_init.1)
                  0000e760    00000010     Lab9HMain.o (.text.__cxx_global_var_init.2)
                  0000e770    00000010     Lab9HMain.o (.text.__cxx_global_var_init.6)
                  0000e780    0000000e     libc.a : memory.c.obj (.text.OUTLINED_FUNCTION_0)
                  0000e78e    0000000e     ST7735.o (.text._Z12ST7735_lseekili)
                  0000e79c    0000000e     libsysbm.a : hostrename.c.obj (.text.strcpy)
                  0000e7aa    0000000e                : hostrename.c.obj (.text.strlen)
                  0000e7b8    0000000e     libc.a : memset16.S.obj (.text:TI_memset_small)
                  0000e7c6    00000002     --HOLE-- [fill = 0]
                  0000e7c8    0000000c     Clock.o (.text._Z10Clock_Freqv)
                  0000e7d4    0000000c     ST7735.o (.text._Z13ST7735_renamePKcS0_)
                  0000e7e0    0000000c     DashSprite.o (.text._ZN10DashSprite7getLaneEv)
                  0000e7ec    0000000c     libclang_rt.builtins.a : aeabi_memset.S.obj (.text.__aeabi_memclr)
                  0000e7f8    0000000c     libc.a : memory.c.obj (.text.malloc)
                  0000e804    0000000a     ST7735.o (.text._Z12ST7735_closei)
                  0000e80e    0000000a     ST7735.o (.text._Z13ST7735_unlinkPKc)
                  0000e818    0000000a     Lab9HMain.o (.text._Z8PLL_Initv)
                  0000e822    00000002     --HOLE-- [fill = 0]
                  0000e824    00000008     libclang_rt.builtins.a : aeabi_memcpy.S.obj (.text.__aeabi_memcpy)
                  0000e82c    00000008     libsysbm.a : remove.c.obj (.text.remove)
                  0000e834    00000004     startup_mspm0g3507_ticlang.o (.text.Reset_Handler)
                  0000e838    00000004     libc.a : exit.c.obj (.text:abort)
                  0000e83c    00000004     --HOLE-- [fill = 0]

.cinit     0    0000e848    00000098     
                  0000e848    00000070     (.cinit..data.load) [load image, compression = lzss]
                  0000e8b8    0000000c     (__TI_handler_table)
                  0000e8c4    00000008     (.cinit..bss.load) [load image, compression = zero_init]
                  0000e8cc    00000010     (__TI_cinit_table)
                  0000e8dc    00000004     --HOLE-- [fill = 0]

.rodata    0    000000c0    0000b050     
                  000000c0    000018d8     DashSprite.o (.rodata._ZL11DashJumpBMP)
                  00001998    000018d8     DashSprite.o (.rodata._ZL14DashRunLeftBMP)
                  00003270    000018d8     DashSprite.o (.rodata._ZL15DashRunRightBMP)
                  00004b48    000015e0     BeamSprite.o (.rodata._ZL10beamcolor1)
                  00006128    000015e0     BeamSprite.o (.rodata._ZL10beamcolor2)
                  00007708    000015e0     BeamSprite.o (.rodata._ZL10beamcolor3)
                  00008ce8    00000fd2     ComponentSprite.o (.rodata._ZL6button)
                  00009cba    000004fb     ST7735.o (.rodata._ZL4Font)
                  0000a1b5    00000001     --HOLE-- [fill = 0]
                  0000a1b6    000004e2     Lab9HMain.o (.rodata._ZL10solderPoop)
                  0000a698    000004e2     ComponentSprite.o (.rodata._ZL3led)
                  0000ab7a    000004e2     ComponentSprite.o (.rodata._ZL8resistor)
                  0000b05c    0000003b     ST7735.o (.rodata._ZL5Rcmd1)
                  0000b097    0000002b     ST7735.o (.rodata._ZL5Rcmd3)
                  0000b0c2    00000016     ST7735.o (.rodata.str1.155458558172884536211)
                  0000b0d8    0000000d     ST7735.o (.rodata._ZL10Rcmd2green)
                  0000b0e5    0000000d     ST7735.o (.rodata._ZL8Rcmd2red)
                  0000b0f2    00000008     ST7735.o (.rodata.str1.163907349639611916321)
                  0000b0fa    00000007     ST7735.o (.rodata.str1.118566658787443733641)
                  0000b101    00000007     ST7735.o (.rodata.str1.50975551021031429701)
                  0000b108    00000002     ST7735.o (.rodata.str1.151553405499835365021)
                  0000b10a    00000006     --HOLE-- [fill = 0]

.init_array 
*          0    0000e840    00000008     
                  0000e840    00000004     Lab9HMain.o (.init_array)
                  0000e844    00000004     --HOLE-- [fill = 0]

.data      0    20200000    000033fd     UNINITIALIZED
                  20200000    000031b0     Lab9HMain.o (.data.buffer)
                  202031b0    000000f0     libc.a : defs.c.obj (.data._ftable)
                  202032a0    00000078     libsysbm.a : host_device.c.obj (.data._device)
                  20203318    00000050                : host_device.c.obj (.data._stream)
                  20203368    00000014     Lab9HMain.o (.data.Sensor)
                  2020337c    00000014     Lab9HMain.o (.data.dash)
                  20203390    00000010     Lab9HMain.o (.data.component)
                  202033a0    0000000c     Lab9HMain.o (.data.beam1)
                  202033ac    0000000c     Lab9HMain.o (.data.beam2)
                  202033b8    00000008     libc.a : exit.c.obj (.data..L_MergedGlobals)
                  202033c0    00000008     Lab9HMain.o (.data.UpDownPause)
                  202033c8    00000006     Lab9HMain.o (.data.solderpoop)
                  202033ce    00000002     ST7735.o (.data.StTextColor)
                  202033d0    00000004     Clock.o (.data.BusFreq)
                  202033d4    00000004     ST7735.o (.data.StX)
                  202033d8    00000004     ST7735.o (.data.StY)
                  202033dc    00000004     libc.a : defs.c.obj (.data.__TI_ft_end)
                  202033e0    00000004            : _lock.c.obj (.data._lock)
                  202033e4    00000004            : _lock.c.obj (.data._unlock)
                  202033e8    00000004            : rand.c.obj (.data.next)
                  202033ec    00000002     ST7735.o (.data._ZL6_width)
                  202033ee    00000002     ST7735.o (.data._ZL7_height)
                  202033f0    00000001     ComponentSprite.o (.data._ZN15ComponentSprite12numCollectedE)
                  202033f1    00000003     --HOLE--
                  202033f4    00000001     libsysbm.a : add_device.c.obj (.data.add_device.device_init)
                  202033f5    00000003     --HOLE--
                  202033f8    00000001     libc.a : memory.c.obj (.data.memory_is_initialized)
                  202033f9    00000003     --HOLE--
                  202033fc    00000001     libsysbm.a : open.c.obj (.data.open.stream_init)

.sysmem    0    20203400    00002000     UNINITIALIZED
                  20203400    00000010     libc.a : memory.c.obj (.sysmem)
                  20203410    00001ff0     --HOLE--

.bss       0    20205400    000001de     UNINITIALIZED
                  20205400    00000120     libsysbm.a : trgmsg.c.obj (.bss:_CIOBUF_)
                  20205520    000000a0     libc.a : defs.c.obj (.bss.__TI_tmpnams)
                  202055c0    00000008     libsysbm.a : hostopen.c.obj (.bss.parmbuf)
                  202055c8    00000004     TExaS.o (.bss.TExaSLogic)
                  202055cc    00000004     TExaS.o (.bss.TExaSadc)
                  202055d0    00000004     Lab9HMain.o (.bss.spData)
                  202055d4    00000004     libc.a : memory.c.obj (.bss.sys_free)
                  202055d8    00000001     ST7735.o (.bss._ZL8ColStart)
                  202055d9    00000001     ST7735.o (.bss._ZL8Rotation)
                  202055da    00000001     ST7735.o (.bss._ZL8RowStart)
                  202055db    00000001     ST7735.o (.bss._ZL8TabColor)
                  202055dc    00000001     Lab9HMain.o (.bss.lock)
                  202055dd    00000001     Lab9HMain.o (.bss.stopped)

.stack     0    20206000    00002000     UNINITIALIZED
                  20206000    00000004     libc.a : boot_cortex_m.c.obj (.stack)
                  20206004    00001ffc     --HOLE--

__llvm_prf_cnts 
*          0    20200000    00000000     UNINITIALIZED

__llvm_prf_bits 
*          0    20200000    00000000     UNINITIALIZED

MODULE SUMMARY

       Module                         code    ro data   rw data
       ------                         ----    -------   -------
    ./
       DashSprite.o                   812     19080     0      
       Lab9HMain.o                    3424    1254      12820  
       BeamSprite.o                   324     16800     0      
       ComponentSprite.o              248     6550      1      
       ST7735.o                       3230    1449      18     
       Clock.o                        516     0         4      
       SPI.o                          440     0         0      
       Timer.o                        244     0         0      
       SlidePot.o                     226     0         0      
       LaunchPad.o                    180     0         0      
       SolderSprite.o                 176     0         0      
       TExaS.o                        64      0         8      
       Sound.o                        2       0         0      
    +--+------------------------------+-------+---------+---------+
       Total:                         9886    45133     12851  
                                                               
    ./ticlang/
       startup_mspm0g3507_ticlang.o   60      192       0      
    +--+------------------------------+-------+---------+---------+
       Total:                         60      192       0      
                                                               
    /Applications/ti/ccs2000/ccs/tools/compiler/ti-cgt-armllvm_4.0.1.LTS/lib/armv6m-ti-none-eabi/c/libc.a
       memory.c.obj                   906     0         5      
       fopen.c.obj                    556     0         0      
       defs.c.obj                     0       0         404    
       setvbuf.c.obj                  224     0         0      
       getdevice.c.obj                160     0         0      
       strcmp-armv6m.S.obj            136     0         0      
       copy_decompress_lzss.c.obj     124     0         0      
       fclose.c.obj                   124     0         0      
       rand.c.obj                     92      0         4      
       autoinit.c.obj                 84      0         0      
       fflush.c.obj                   82      0         0      
       exit.c.obj                     56      0         8      
       boot_cortex_m.c.obj            40      0         0      
       copy_zero_init.c.obj           22      0         0      
       copy_decompress_none.c.obj     18      0         0      
       memcpy16.S.obj                 18      0         0      
       memset16.S.obj                 14      0         0      
       _lock.c.obj                    2       0         8      
       pre_init.c.obj                 4       0         0      
    +--+------------------------------+-------+---------+---------+
       Total:                         2662    0         429    
                                                               
    /Applications/ti/ccs2000/ccs/tools/compiler/ti-cgt-armllvm_4.0.1.LTS/lib/armv6m-ti-none-eabi/c/libsysbm.a
       trgmsg.c.obj                   104     0         288    
       add_device.c.obj               236     0         1      
       host_device.c.obj              0       0         200    
       open.c.obj                     160     0         1      
       hostrename.c.obj               136     0         0      
       hostlseek.c.obj                108     0         0      
       hostopen.c.obj                 96      0         8      
       hostread.c.obj                 88      0         0      
       hostwrite.c.obj                88      0         0      
       close.c.obj                    80      0         0      
       hostclose.c.obj                72      0         0      
       hostunlink.c.obj               72      0         0      
       unlink.c.obj                   44      0         0      
       write.c.obj                    40      0         0      
       remove.c.obj                   8       0         0      
    +--+------------------------------+-------+---------+---------+
       Total:                         1332    0         498    
                                                               
    /Applications/ti/ccs2000/ccs/tools/compiler/ti-cgt-armllvm_4.0.1.LTS/lib/armv6m-ti-none-eabi/libclang_rt.builtins.a
       aeabi_idivmod.S.obj            86      0         0      
       aeabi_uidivmod.S.obj           64      0         0      
       aeabi_memset.S.obj             12      0         0      
       aeabi_memcpy.S.obj             8       0         0      
       aeabi_div0.c.obj               2       0         0      
    +--+------------------------------+-------+---------+---------+
       Total:                         172     0         0      
                                                               
       Heap:                          0       0         8192   
       Stack:                         0       0         8192   
       Linker Generated:              0       148       0      
    +--+------------------------------+-------+---------+---------+
       Grand Total:                   14112   45473     30162  


LINKER GENERATED COPY TABLES

__TI_cinit_table @ 0000e8cc records: 2, size/record: 8, table size: 16
	.data: load addr=0000e848, load size=00000070 bytes, run addr=20200000, run size=000033fd bytes, compression=lzss
	.bss: load addr=0000e8c4, load size=00000008 bytes, run addr=20205400, run size=000001de bytes, compression=zero_init


LINKER GENERATED HANDLER TABLE

__TI_handler_table @ 0000e8b8 records: 3, size/record: 4, table size: 12
	index: 0, handler: __TI_decompress_lzss
	index: 1, handler: __TI_decompress_none
	index: 2, handler: __TI_zero_init


GLOBAL SYMBOLS: SORTED ALPHABETICALLY BY Name 

address   name                               
-------   ----                               
0000e611  ADC0_IRQHandler                    
0000e611  ADC1_IRQHandler                    
0000e611  AES_IRQHandler                     
202033d0  BusFreq                            
0000e838  C$$EXIT                            
0000e2a5  C$$IO$$                            
0000e611  CANFD0_IRQHandler                  
0000e611  DAC0_IRQHandler                    
0000e611  DMA_IRQHandler                     
0000e611  Default_Handler                    
0000e611  GROUP0_IRQHandler                  
0000e611  GROUP1_IRQHandler                  
0000ddbd  HOSTclose                          
0000d8a1  HOSTlseek                          
0000dab1  HOSTopen                           
0000db71  HOSTread                           
0000d90d  HOSTrename                         
0000de05  HOSTunlink                         
0000dbc9  HOSTwrite                          
0000e62d  HardFault_Handler                  
0000e611  I2C0_IRQHandler                    
0000e611  I2C1_IRQHandler                    
0000e611  NMI_Handler                        
0000e611  PendSV_Handler                     
0000e611  RTC_IRQHandler                     
0000e835  Reset_Handler                      
0000e840  SHT$$INIT_ARRAY$$Base              
0000e844  SHT$$INIT_ARRAY$$Limit             
0000e611  SPI0_IRQHandler                    
0000e611  SPI1_IRQHandler                    
0000e611  SVC_Handler                        
20203368  Sensor                             
202033ce  StTextColor                        
202033d4  StX                                
202033d8  StY                                
0000cec3  SysTick_Handler                    
202055c8  TExaSLogic                         
202055cc  TExaSadc                           
0000e611  TIMA0_IRQHandler                   
0000e611  TIMA1_IRQHandler                   
0000e611  TIMG0_IRQHandler                   
0000b111  TIMG12_IRQHandler                  
0000e611  TIMG6_IRQHandler                   
0000df25  TIMG7_IRQHandler                   
0000e611  TIMG8_IRQHandler                   
0000e70b  TI_memcpy_small                    
0000e7b9  TI_memset_small                    
0000e611  UART0_IRQHandler                   
0000e611  UART1_IRQHandler                   
0000e611  UART2_IRQHandler                   
0000e611  UART3_IRQHandler                   
202033c0  UpDownPause                        
20205400  _CIOBUF_                           
0000e7c9  _Z10Clock_Freqv                    
0000d65d  _Z10bgToBufferh                    
0000e72f  _Z11Clock_Delayj                   
0000e065  _Z11SPI_OutDatac                   
0000e665  _Z11ST7735_openPKcji               
0000e67b  _Z11ST7735_readiPcj                
0000d24d  _Z11getDiffLaneh                   
0000d001  _Z12ST7735_InitR10initRFlags       
0000e805  _Z12ST7735_closei                  
0000e78f  _Z12ST7735_lseekili                
0000e10d  _Z12ST7735_writeiPKcj              
0000e7d5  _Z13ST7735_renamePKcS0_            
0000e80f  _Z13ST7735_unlinkPKc               
0000db11  _Z13TimerG12_Initv                 
0000e141  _Z14Clock_Delay1msj                
0000d46d  _Z14LaunchPad_Initv                
0000de4d  _Z14SPI_OutCommandc                
0000cc85  _Z14ST7735_OutCharc                
0000d74d  _Z14runnerToBufferv                
0000c4f9  _Z14solderToBufferv                
0000e09d  _Z15ActivatePortA_Bv               
0000bced  _Z15Clock_Init80MHzi               
0000c2cd  _Z15ST7735_FillRectsssst           
0000d099  _Z15TimerG12_IntArmjj              
0000cba9  _Z16DrawBeamToBuffer10BeamSprite   
0000bea1  _Z16ST7735_DrawCharSsscssh         
0000d7c1  _Z16ST7735_DrawPixelsst            
0000e175  _Z16ST7735_SetCursorjj             
0000b8e9  _Z17ST7735_DrawBitmapssPKtss       
0000d3e9  _Z17ST7735_DrawStringttPcs         
0000e3d9  _Z17ST7735_FillScreent             
0000cf65  _Z17ST7735_InitPrintfv             
0000c601  _Z17componentToBufferv             
0000c801  _Z18ST7735_SetRotationh            
0000dd71  _Z5bgPixhh                         
0000c195  _Z6drawBgv                         
0000e819  _Z8PLL_Initv                       
0000c709  _Z8SPI_Initv                       
0000df65  _Z9SPI_Resetv                      
0000e73f  _ZN10BeamSprite13getBottomEdgeEv   
0000d831  _ZN10BeamSprite4initEha            
0000d6d5  _ZN10BeamSprite4tickEv             
0000e1a9  _ZN10BeamSpriteC1Ea                
0000e431  _ZN10BeamSpriteC1Eha               
0000e1a9  _ZN10BeamSpriteC2Ea                
0000e431  _ZN10BeamSpriteC2Eha               
0000e45b  _ZN10DashSprite10changeLaneEh      
0000de95  _ZN10DashSprite10initHealthEv      
0000e485  _ZN10DashSprite4jumpEv             
0000baf9  _ZN10DashSprite4tickEv             
0000e3a9  _ZN10DashSprite4tripEv             
0000dfa5  _ZN10DashSprite6inBeamEv           
0000e7e1  _ZN10DashSprite7getLaneEv          
0000e54d  _ZN10DashSpriteC1Ev                
0000e54d  _ZN10DashSpriteC2Ev                
0000d12d  _ZN12SolderSprite4tickEv           
0000e5b5  _ZN12SolderSpriteC1Ea              
0000e5b5  _ZN12SolderSpriteC2Ea              
202033f0  _ZN15ComponentSprite12numCollectedE
0000d1bd  _ZN15ComponentSprite4tickEv        
0000d9e5  _ZN15ComponentSpriteC1Ea           
0000d9e5  _ZN15ComponentSpriteC2Ea           
0000dedd  _ZN8SlidePot2InEv                  
0000d4e9  _ZN8SlidePot4InitEv                
0000e5f3  _ZN8SlidePotC1Ejj                  
0000e5f3  _ZN8SlidePotC2Ejj                  
0000e4ad  _ZN8Switches4InitEv                
0000e1dd  _ZN8Switches4PollEv                
0000e6f9  _ZN8SwitchesC2Ev                   
20205400  __CIOBUF_                          
20208000  __STACK_END                        
00002000  __STACK_SIZE                       
00002000  __SYSMEM_SIZE                      
00000000  __TI_ATRegion0_region_sz           
00000000  __TI_ATRegion0_src_addr            
00000000  __TI_ATRegion0_trg_addr            
00000000  __TI_ATRegion1_region_sz           
00000000  __TI_ATRegion1_src_addr            
00000000  __TI_ATRegion1_trg_addr            
00000000  __TI_ATRegion2_region_sz           
00000000  __TI_ATRegion2_src_addr            
00000000  __TI_ATRegion2_trg_addr            
0000e8cc  __TI_CINIT_Base                    
0000e8dc  __TI_CINIT_Limit                   
0000e8dc  __TI_CINIT_Warm                    
0000e8b8  __TI_Handler_Table_Base            
0000e8c4  __TI_Handler_Table_Limit           
0000dc79  __TI_auto_init_nobinit             
0000e211  __TI_cleanup                       
202033b8  __TI_cleanup_ptr                   
0000d565  __TI_closefile                     
0000d5e1  __TI_decompress_lzss               
0000e71d  __TI_decompress_none               
0000dccd  __TI_doflush                       
202033bc  __TI_dtors_ptr                     
202033dc  __TI_ft_end                        
ffffffff  __TI_pprof_out_hndl                
ffffffff  __TI_prof_data_size                
ffffffff  __TI_prof_data_start               
0000e245  __TI_readmsg                       
00000000  __TI_static_base__                 
20205520  __TI_tmpnams                       
0000e279  __TI_writemsg                      
0000e691  __TI_zero_init_nomemset            
0000dc21  __aeabi_idiv                       
0000d74b  __aeabi_idiv0                      
0000dc21  __aeabi_idivmod                    
0000e7ed  __aeabi_memclr                     
0000e7ed  __aeabi_memclr4                    
0000e7ed  __aeabi_memclr8                    
0000e825  __aeabi_memcpy                     
0000e825  __aeabi_memcpy4                    
0000e825  __aeabi_memcpy8                    
0000dfe5  __aeabi_uidiv                      
0000dfe5  __aeabi_uidivmod                   
ffffffff  __binit__                          
UNDEFED   __mpu_init                         
20206000  __stack                            
20200000  __start___llvm_prf_bits            
20200000  __start___llvm_prf_cnts            
20200000  __stop___llvm_prf_bits             
20200000  __stop___llvm_prf_cnts             
0000e525  _c_int00_noargs                    
202032a0  _device                            
202031b0  _ftable                            
202033e0  _lock                              
0000dc77  _nop                               
20203318  _stream                            
20203400  _sys_memory                        
UNDEFED   _system_post_cinit                 
0000d35d  _system_pre_init                   
202033e4  _unlock                            
0000e839  abort                              
0000c8f5  add_device                         
0000c3e5  aligned_alloc                      
202033a0  beam1                              
202033ac  beam2                              
ffffffff  binit                              
20200000  buffer                             
0000dd21  close                              
20203390  component                          
2020337c  dash                               
0000e2ad  exit                               
0000e2e1  finddevice                         
0000e379  fopen                              
0000c9e1  free                               
0000e315  freopen                            
0000d979  getdevice                          
00000000  interruptVectors                   
202055dc  lock                               
0000b651  main                               
0000e7f9  malloc                             
0000c3e5  memalign                           
0000cec5  open                               
202055c0  parmbuf                            
0000e0d5  rand                               
0000cd55  realloc                            
0000e82d  remove                             
0000cac9  setvbuf                            
202033c8  solderpoop                         
202055d0  spData                             
0000e571  srand                              
202055dd  stopped                            
0000d361  strcmp                             
0000e405  unlink                             
0000e4fd  write                              


GLOBAL SYMBOLS: SORTED BY Symbol Address 

address   name                               
-------   ----                               
00000000  __TI_ATRegion0_region_sz           
00000000  __TI_ATRegion0_src_addr            
00000000  __TI_ATRegion0_trg_addr            
00000000  __TI_ATRegion1_region_sz           
00000000  __TI_ATRegion1_src_addr            
00000000  __TI_ATRegion1_trg_addr            
00000000  __TI_ATRegion2_region_sz           
00000000  __TI_ATRegion2_src_addr            
00000000  __TI_ATRegion2_trg_addr            
00000000  __TI_static_base__                 
00000000  interruptVectors                   
00002000  __STACK_SIZE                       
00002000  __SYSMEM_SIZE                      
0000b111  TIMG12_IRQHandler                  
0000b651  main                               
0000b8e9  _Z17ST7735_DrawBitmapssPKtss       
0000baf9  _ZN10DashSprite4tickEv             
0000bced  _Z15Clock_Init80MHzi               
0000bea1  _Z16ST7735_DrawCharSsscssh         
0000c195  _Z6drawBgv                         
0000c2cd  _Z15ST7735_FillRectsssst           
0000c3e5  aligned_alloc                      
0000c3e5  memalign                           
0000c4f9  _Z14solderToBufferv                
0000c601  _Z17componentToBufferv             
0000c709  _Z8SPI_Initv                       
0000c801  _Z18ST7735_SetRotationh            
0000c8f5  add_device                         
0000c9e1  free                               
0000cac9  setvbuf                            
0000cba9  _Z16DrawBeamToBuffer10BeamSprite   
0000cc85  _Z14ST7735_OutCharc                
0000cd55  realloc                            
0000cec3  SysTick_Handler                    
0000cec5  open                               
0000cf65  _Z17ST7735_InitPrintfv             
0000d001  _Z12ST7735_InitR10initRFlags       
0000d099  _Z15TimerG12_IntArmjj              
0000d12d  _ZN12SolderSprite4tickEv           
0000d1bd  _ZN15ComponentSprite4tickEv        
0000d24d  _Z11getDiffLaneh                   
0000d35d  _system_pre_init                   
0000d361  strcmp                             
0000d3e9  _Z17ST7735_DrawStringttPcs         
0000d46d  _Z14LaunchPad_Initv                
0000d4e9  _ZN8SlidePot4InitEv                
0000d565  __TI_closefile                     
0000d5e1  __TI_decompress_lzss               
0000d65d  _Z10bgToBufferh                    
0000d6d5  _ZN10BeamSprite4tickEv             
0000d74b  __aeabi_idiv0                      
0000d74d  _Z14runnerToBufferv                
0000d7c1  _Z16ST7735_DrawPixelsst            
0000d831  _ZN10BeamSprite4initEha            
0000d8a1  HOSTlseek                          
0000d90d  HOSTrename                         
0000d979  getdevice                          
0000d9e5  _ZN15ComponentSpriteC1Ea           
0000d9e5  _ZN15ComponentSpriteC2Ea           
0000dab1  HOSTopen                           
0000db11  _Z13TimerG12_Initv                 
0000db71  HOSTread                           
0000dbc9  HOSTwrite                          
0000dc21  __aeabi_idiv                       
0000dc21  __aeabi_idivmod                    
0000dc77  _nop                               
0000dc79  __TI_auto_init_nobinit             
0000dccd  __TI_doflush                       
0000dd21  close                              
0000dd71  _Z5bgPixhh                         
0000ddbd  HOSTclose                          
0000de05  HOSTunlink                         
0000de4d  _Z14SPI_OutCommandc                
0000de95  _ZN10DashSprite10initHealthEv      
0000dedd  _ZN8SlidePot2InEv                  
0000df25  TIMG7_IRQHandler                   
0000df65  _Z9SPI_Resetv                      
0000dfa5  _ZN10DashSprite6inBeamEv           
0000dfe5  __aeabi_uidiv                      
0000dfe5  __aeabi_uidivmod                   
0000e065  _Z11SPI_OutDatac                   
0000e09d  _Z15ActivatePortA_Bv               
0000e0d5  rand                               
0000e10d  _Z12ST7735_writeiPKcj              
0000e141  _Z14Clock_Delay1msj                
0000e175  _Z16ST7735_SetCursorjj             
0000e1a9  _ZN10BeamSpriteC1Ea                
0000e1a9  _ZN10BeamSpriteC2Ea                
0000e1dd  _ZN8Switches4PollEv                
0000e211  __TI_cleanup                       
0000e245  __TI_readmsg                       
0000e279  __TI_writemsg                      
0000e2a5  C$$IO$$                            
0000e2ad  exit                               
0000e2e1  finddevice                         
0000e315  freopen                            
0000e379  fopen                              
0000e3a9  _ZN10DashSprite4tripEv             
0000e3d9  _Z17ST7735_FillScreent             
0000e405  unlink                             
0000e431  _ZN10BeamSpriteC1Eha               
0000e431  _ZN10BeamSpriteC2Eha               
0000e45b  _ZN10DashSprite10changeLaneEh      
0000e485  _ZN10DashSprite4jumpEv             
0000e4ad  _ZN8Switches4InitEv                
0000e4fd  write                              
0000e525  _c_int00_noargs                    
0000e54d  _ZN10DashSpriteC1Ev                
0000e54d  _ZN10DashSpriteC2Ev                
0000e571  srand                              
0000e5b5  _ZN12SolderSpriteC1Ea              
0000e5b5  _ZN12SolderSpriteC2Ea              
0000e5f3  _ZN8SlidePotC1Ejj                  
0000e5f3  _ZN8SlidePotC2Ejj                  
0000e611  ADC0_IRQHandler                    
0000e611  ADC1_IRQHandler                    
0000e611  AES_IRQHandler                     
0000e611  CANFD0_IRQHandler                  
0000e611  DAC0_IRQHandler                    
0000e611  DMA_IRQHandler                     
0000e611  Default_Handler                    
0000e611  GROUP0_IRQHandler                  
0000e611  GROUP1_IRQHandler                  
0000e611  I2C0_IRQHandler                    
0000e611  I2C1_IRQHandler                    
0000e611  NMI_Handler                        
0000e611  PendSV_Handler                     
0000e611  RTC_IRQHandler                     
0000e611  SPI0_IRQHandler                    
0000e611  SPI1_IRQHandler                    
0000e611  SVC_Handler                        
0000e611  TIMA0_IRQHandler                   
0000e611  TIMA1_IRQHandler                   
0000e611  TIMG0_IRQHandler                   
0000e611  TIMG6_IRQHandler                   
0000e611  TIMG8_IRQHandler                   
0000e611  UART0_IRQHandler                   
0000e611  UART1_IRQHandler                   
0000e611  UART2_IRQHandler                   
0000e611  UART3_IRQHandler                   
0000e62d  HardFault_Handler                  
0000e665  _Z11ST7735_openPKcji               
0000e67b  _Z11ST7735_readiPcj                
0000e691  __TI_zero_init_nomemset            
0000e6f9  _ZN8SwitchesC2Ev                   
0000e70b  TI_memcpy_small                    
0000e71d  __TI_decompress_none               
0000e72f  _Z11Clock_Delayj                   
0000e73f  _ZN10BeamSprite13getBottomEdgeEv   
0000e78f  _Z12ST7735_lseekili                
0000e7b9  TI_memset_small                    
0000e7c9  _Z10Clock_Freqv                    
0000e7d5  _Z13ST7735_renamePKcS0_            
0000e7e1  _ZN10DashSprite7getLaneEv          
0000e7ed  __aeabi_memclr                     
0000e7ed  __aeabi_memclr4                    
0000e7ed  __aeabi_memclr8                    
0000e7f9  malloc                             
0000e805  _Z12ST7735_closei                  
0000e80f  _Z13ST7735_unlinkPKc               
0000e819  _Z8PLL_Initv                       
0000e825  __aeabi_memcpy                     
0000e825  __aeabi_memcpy4                    
0000e825  __aeabi_memcpy8                    
0000e82d  remove                             
0000e835  Reset_Handler                      
0000e838  C$$EXIT                            
0000e839  abort                              
0000e840  SHT$$INIT_ARRAY$$Base              
0000e844  SHT$$INIT_ARRAY$$Limit             
0000e8b8  __TI_Handler_Table_Base            
0000e8c4  __TI_Handler_Table_Limit           
0000e8cc  __TI_CINIT_Base                    
0000e8dc  __TI_CINIT_Limit                   
0000e8dc  __TI_CINIT_Warm                    
20200000  __start___llvm_prf_bits            
20200000  __start___llvm_prf_cnts            
20200000  __stop___llvm_prf_bits             
20200000  __stop___llvm_prf_cnts             
20200000  buffer                             
202031b0  _ftable                            
202032a0  _device                            
20203318  _stream                            
20203368  Sensor                             
2020337c  dash                               
20203390  component                          
202033a0  beam1                              
202033ac  beam2                              
202033b8  __TI_cleanup_ptr                   
202033bc  __TI_dtors_ptr                     
202033c0  UpDownPause                        
202033c8  solderpoop                         
202033ce  StTextColor                        
202033d0  BusFreq                            
202033d4  StX                                
202033d8  StY                                
202033dc  __TI_ft_end                        
202033e0  _lock                              
202033e4  _unlock                            
202033f0  _ZN15ComponentSprite12numCollectedE
20203400  _sys_memory                        
20205400  _CIOBUF_                           
20205400  __CIOBUF_                          
20205520  __TI_tmpnams                       
202055c0  parmbuf                            
202055c8  TExaSLogic                         
202055cc  TExaSadc                           
202055d0  spData                             
202055dc  lock                               
202055dd  stopped                            
20206000  __stack                            
20208000  __STACK_END                        
ffffffff  __TI_pprof_out_hndl                
ffffffff  __TI_prof_data_size                
ffffffff  __TI_prof_data_start               
ffffffff  __binit__                          
ffffffff  binit                              
UNDEFED   __mpu_init                         
UNDEFED   _system_post_cinit                 

[219 symbols]
