<?xml version="1.0" encoding="ISO-8859-1" ?>
<link_info>
   <banner>TI ARM Clang Linker Unix v4.0.1.LTS</banner>
   <copyright>Copyright (c) 1996-2018 Texas Instruments Incorporated</copyright>
   <command_line>/Applications/ti/ccs2000/ccs/tools/compiler/ti-cgt-armllvm_4.0.1.LTS/bin/tiarmlnk -I/Applications/ti/ccs2000/ccs/tools/compiler/ti-cgt-armllvm_4.0.1.LTS/lib -o ECE319K_Lab9H.out -mECE319K_Lab9H.map --heap_size=8192 --stack_size=8192 -i/Users/adipu/Library/CloudStorage/OneDrive-TheUniversityofTexasatAustin/Freshman/319H/MSPM0_ValvanoWare/ECE319K_Lab9H/Debug/syscfg -i/Applications/ti/ccs2000/ccs/tools/compiler/ti-cgt-armllvm_4.0.1.LTS/lib --diag_wrap=off --display_error_number --warn_sections --xml_link_info=ECE319K_Lab9H_linkInfo.xml --rom_model ./BeamSprite.o ./Clock.o ./ComponentSprite.o ./DashSprite.o ./Lab9HMain.o ./LaunchPad.o ./SPI.o ./ST7735.o ./SlidePot.o ./SolderSprite.o ./TExaS.o ./Timer.o ./nitinHelpers.o ./images/pipedreams/PipeSound.o ./ticlang/startup_mspm0g3507_ticlang.o ../mspm0g3507.cmd -l/Applications/ti/mspm0_sdk_2_03_00_07/source/ti/driverlib/lib/ticlang/m0p/mspm0g1x0x_g3x0x/driverlib.a -llibc.a --start-group -llibc++.a -llibc++abi.a -llibc.a -llibsys.a -llibsysbm.a -llibclang_rt.builtins.a -llibclang_rt.profile.a --end-group --cg_opt_level=0</command_line>
   <link_time>0x680a949b</link_time>
   <link_errors>0x0</link_errors>
   <output_file>/Users/adipu/Library/CloudStorage/OneDrive-TheUniversityofTexasatAustin/Freshman/319H/MSPM0_ValvanoWare/ECE319K_Lab9H/Debug/ECE319K_Lab9H.out</output_file>
   <entry_point>
      <name>_c_int00_noargs</name>
      <address>0x1e8f5</address>
   </entry_point>
   <input_file_list>
      <input_file id="fl-1">
         <path>/Users/adipu/Library/CloudStorage/OneDrive-TheUniversityofTexasatAustin/Freshman/319H/MSPM0_ValvanoWare/ECE319K_Lab9H/Debug/./</path>
         <kind>object</kind>
         <file>BeamSprite.o</file>
         <name>BeamSprite.o</name>
      </input_file>
      <input_file id="fl-2">
         <path>/Users/adipu/Library/CloudStorage/OneDrive-TheUniversityofTexasatAustin/Freshman/319H/MSPM0_ValvanoWare/ECE319K_Lab9H/Debug/./</path>
         <kind>object</kind>
         <file>Clock.o</file>
         <name>Clock.o</name>
      </input_file>
      <input_file id="fl-3">
         <path>/Users/adipu/Library/CloudStorage/OneDrive-TheUniversityofTexasatAustin/Freshman/319H/MSPM0_ValvanoWare/ECE319K_Lab9H/Debug/./</path>
         <kind>object</kind>
         <file>ComponentSprite.o</file>
         <name>ComponentSprite.o</name>
      </input_file>
      <input_file id="fl-4">
         <path>/Users/adipu/Library/CloudStorage/OneDrive-TheUniversityofTexasatAustin/Freshman/319H/MSPM0_ValvanoWare/ECE319K_Lab9H/Debug/./</path>
         <kind>object</kind>
         <file>DashSprite.o</file>
         <name>DashSprite.o</name>
      </input_file>
      <input_file id="fl-5">
         <path>/Users/adipu/Library/CloudStorage/OneDrive-TheUniversityofTexasatAustin/Freshman/319H/MSPM0_ValvanoWare/ECE319K_Lab9H/Debug/./</path>
         <kind>object</kind>
         <file>Lab9HMain.o</file>
         <name>Lab9HMain.o</name>
      </input_file>
      <input_file id="fl-6">
         <path>/Users/adipu/Library/CloudStorage/OneDrive-TheUniversityofTexasatAustin/Freshman/319H/MSPM0_ValvanoWare/ECE319K_Lab9H/Debug/./</path>
         <kind>object</kind>
         <file>LaunchPad.o</file>
         <name>LaunchPad.o</name>
      </input_file>
      <input_file id="fl-7">
         <path>/Users/adipu/Library/CloudStorage/OneDrive-TheUniversityofTexasatAustin/Freshman/319H/MSPM0_ValvanoWare/ECE319K_Lab9H/Debug/./</path>
         <kind>object</kind>
         <file>SPI.o</file>
         <name>SPI.o</name>
      </input_file>
      <input_file id="fl-8">
         <path>/Users/adipu/Library/CloudStorage/OneDrive-TheUniversityofTexasatAustin/Freshman/319H/MSPM0_ValvanoWare/ECE319K_Lab9H/Debug/./</path>
         <kind>object</kind>
         <file>ST7735.o</file>
         <name>ST7735.o</name>
      </input_file>
      <input_file id="fl-9">
         <path>/Users/adipu/Library/CloudStorage/OneDrive-TheUniversityofTexasatAustin/Freshman/319H/MSPM0_ValvanoWare/ECE319K_Lab9H/Debug/./</path>
         <kind>object</kind>
         <file>SlidePot.o</file>
         <name>SlidePot.o</name>
      </input_file>
      <input_file id="fl-a">
         <path>/Users/adipu/Library/CloudStorage/OneDrive-TheUniversityofTexasatAustin/Freshman/319H/MSPM0_ValvanoWare/ECE319K_Lab9H/Debug/./</path>
         <kind>object</kind>
         <file>SolderSprite.o</file>
         <name>SolderSprite.o</name>
      </input_file>
      <input_file id="fl-b">
         <path>/Users/adipu/Library/CloudStorage/OneDrive-TheUniversityofTexasatAustin/Freshman/319H/MSPM0_ValvanoWare/ECE319K_Lab9H/Debug/./</path>
         <kind>object</kind>
         <file>TExaS.o</file>
         <name>TExaS.o</name>
      </input_file>
      <input_file id="fl-c">
         <path>/Users/adipu/Library/CloudStorage/OneDrive-TheUniversityofTexasatAustin/Freshman/319H/MSPM0_ValvanoWare/ECE319K_Lab9H/Debug/./</path>
         <kind>object</kind>
         <file>Timer.o</file>
         <name>Timer.o</name>
      </input_file>
      <input_file id="fl-d">
         <path>/Users/adipu/Library/CloudStorage/OneDrive-TheUniversityofTexasatAustin/Freshman/319H/MSPM0_ValvanoWare/ECE319K_Lab9H/Debug/./</path>
         <kind>object</kind>
         <file>nitinHelpers.o</file>
         <name>nitinHelpers.o</name>
      </input_file>
      <input_file id="fl-e">
         <path>/Users/adipu/Library/CloudStorage/OneDrive-TheUniversityofTexasatAustin/Freshman/319H/MSPM0_ValvanoWare/ECE319K_Lab9H/Debug/./images/pipedreams/</path>
         <kind>object</kind>
         <file>PipeSound.o</file>
         <name>PipeSound.o</name>
      </input_file>
      <input_file id="fl-f">
         <path>/Users/adipu/Library/CloudStorage/OneDrive-TheUniversityofTexasatAustin/Freshman/319H/MSPM0_ValvanoWare/ECE319K_Lab9H/Debug/./ticlang/</path>
         <kind>object</kind>
         <file>startup_mspm0g3507_ticlang.o</file>
         <name>startup_mspm0g3507_ticlang.o</name>
      </input_file>
      <input_file id="fl-1b">
         <path>/Users/adipu/Library/CloudStorage/OneDrive-TheUniversityofTexasatAustin/Freshman/319H/MSPM0_ValvanoWare/ECE319K_Lab9H/Debug/</path>
         <kind>object</kind>
         <file>&lt;internal&gt;</file>
         <name>&lt;internal&gt;</name>
      </input_file>
      <input_file id="fl-30">
         <path>/Applications/ti/ccs2000/ccs/tools/compiler/ti-cgt-armllvm_4.0.1.LTS/lib/armv6m-ti-none-eabi/c/</path>
         <kind>archive</kind>
         <file>libc.a</file>
         <name>fopen.c.obj</name>
      </input_file>
      <input_file id="fl-31">
         <path>/Applications/ti/ccs2000/ccs/tools/compiler/ti-cgt-armllvm_4.0.1.LTS/lib/armv6m-ti-none-eabi/c/</path>
         <kind>archive</kind>
         <file>libc.a</file>
         <name>setvbuf.c.obj</name>
      </input_file>
      <input_file id="fl-32">
         <path>/Applications/ti/ccs2000/ccs/tools/compiler/ti-cgt-armllvm_4.0.1.LTS/lib/armv6m-ti-none-eabi/c/</path>
         <kind>archive</kind>
         <file>libc.a</file>
         <name>aeabi_portable.c.obj</name>
      </input_file>
      <input_file id="fl-33">
         <path>/Applications/ti/ccs2000/ccs/tools/compiler/ti-cgt-armllvm_4.0.1.LTS/lib/armv6m-ti-none-eabi/c/</path>
         <kind>archive</kind>
         <file>libc.a</file>
         <name>exit.c.obj</name>
      </input_file>
      <input_file id="fl-34">
         <path>/Applications/ti/ccs2000/ccs/tools/compiler/ti-cgt-armllvm_4.0.1.LTS/lib/armv6m-ti-none-eabi/c/</path>
         <kind>archive</kind>
         <file>libc.a</file>
         <name>_lock.c.obj</name>
      </input_file>
      <input_file id="fl-35">
         <path>/Applications/ti/ccs2000/ccs/tools/compiler/ti-cgt-armllvm_4.0.1.LTS/lib/armv6m-ti-none-eabi/c/</path>
         <kind>archive</kind>
         <file>libc.a</file>
         <name>assert.c.obj</name>
      </input_file>
      <input_file id="fl-36">
         <path>/Applications/ti/ccs2000/ccs/tools/compiler/ti-cgt-armllvm_4.0.1.LTS/lib/armv6m-ti-none-eabi/c/</path>
         <kind>archive</kind>
         <file>libc.a</file>
         <name>defs.c.obj</name>
      </input_file>
      <input_file id="fl-37">
         <path>/Applications/ti/ccs2000/ccs/tools/compiler/ti-cgt-armllvm_4.0.1.LTS/lib/armv6m-ti-none-eabi/c/</path>
         <kind>archive</kind>
         <file>libc.a</file>
         <name>memcmp.c.obj</name>
      </input_file>
      <input_file id="fl-38">
         <path>/Applications/ti/ccs2000/ccs/tools/compiler/ti-cgt-armllvm_4.0.1.LTS/lib/armv6m-ti-none-eabi/c/</path>
         <kind>archive</kind>
         <file>libc.a</file>
         <name>memory.c.obj</name>
      </input_file>
      <input_file id="fl-39">
         <path>/Applications/ti/ccs2000/ccs/tools/compiler/ti-cgt-armllvm_4.0.1.LTS/lib/armv6m-ti-none-eabi/c/</path>
         <kind>archive</kind>
         <file>libc.a</file>
         <name>rand.c.obj</name>
      </input_file>
      <input_file id="fl-3a">
         <path>/Applications/ti/ccs2000/ccs/tools/compiler/ti-cgt-armllvm_4.0.1.LTS/lib/armv6m-ti-none-eabi/c/</path>
         <kind>archive</kind>
         <file>libc.a</file>
         <name>copy_zero_init.c.obj</name>
      </input_file>
      <input_file id="fl-3b">
         <path>/Applications/ti/ccs2000/ccs/tools/compiler/ti-cgt-armllvm_4.0.1.LTS/lib/armv6m-ti-none-eabi/c/</path>
         <kind>archive</kind>
         <file>libc.a</file>
         <name>copy_decompress_none.c.obj</name>
      </input_file>
      <input_file id="fl-3c">
         <path>/Applications/ti/ccs2000/ccs/tools/compiler/ti-cgt-armllvm_4.0.1.LTS/lib/armv6m-ti-none-eabi/c/</path>
         <kind>archive</kind>
         <file>libc.a</file>
         <name>copy_decompress_lzss.c.obj</name>
      </input_file>
      <input_file id="fl-3d">
         <path>/Applications/ti/ccs2000/ccs/tools/compiler/ti-cgt-armllvm_4.0.1.LTS/lib/armv6m-ti-none-eabi/c/</path>
         <kind>archive</kind>
         <file>libc.a</file>
         <name>boot_cortex_m.c.obj</name>
      </input_file>
      <input_file id="fl-3e">
         <path>/Applications/ti/ccs2000/ccs/tools/compiler/ti-cgt-armllvm_4.0.1.LTS/lib/armv6m-ti-none-eabi/c/</path>
         <kind>archive</kind>
         <file>libc.a</file>
         <name>mathacl_init.c.obj</name>
      </input_file>
      <input_file id="fl-3f">
         <path>/Applications/ti/ccs2000/ccs/tools/compiler/ti-cgt-armllvm_4.0.1.LTS/lib/armv6m-ti-none-eabi/c/</path>
         <kind>archive</kind>
         <file>libc.a</file>
         <name>sprintf.c.obj</name>
      </input_file>
      <input_file id="fl-40">
         <path>/Applications/ti/ccs2000/ccs/tools/compiler/ti-cgt-armllvm_4.0.1.LTS/lib/armv6m-ti-none-eabi/c/</path>
         <kind>archive</kind>
         <file>libc.a</file>
         <name>fclose.c.obj</name>
      </input_file>
      <input_file id="fl-41">
         <path>/Applications/ti/ccs2000/ccs/tools/compiler/ti-cgt-armllvm_4.0.1.LTS/lib/armv6m-ti-none-eabi/c/</path>
         <kind>archive</kind>
         <file>libc.a</file>
         <name>fflush.c.obj</name>
      </input_file>
      <input_file id="fl-42">
         <path>/Applications/ti/ccs2000/ccs/tools/compiler/ti-cgt-armllvm_4.0.1.LTS/lib/armv6m-ti-none-eabi/c/</path>
         <kind>archive</kind>
         <file>libc.a</file>
         <name>fputs.c.obj</name>
      </input_file>
      <input_file id="fl-43">
         <path>/Applications/ti/ccs2000/ccs/tools/compiler/ti-cgt-armllvm_4.0.1.LTS/lib/armv6m-ti-none-eabi/c/</path>
         <kind>archive</kind>
         <file>libc.a</file>
         <name>_io_perm.c.obj</name>
      </input_file>
      <input_file id="fl-44">
         <path>/Applications/ti/ccs2000/ccs/tools/compiler/ti-cgt-armllvm_4.0.1.LTS/lib/armv6m-ti-none-eabi/c/</path>
         <kind>archive</kind>
         <file>libc.a</file>
         <name>args_main.c.obj</name>
      </input_file>
      <input_file id="fl-45">
         <path>/Applications/ti/ccs2000/ccs/tools/compiler/ti-cgt-armllvm_4.0.1.LTS/lib/armv6m-ti-none-eabi/c/</path>
         <kind>archive</kind>
         <file>libc.a</file>
         <name>autoinit.c.obj</name>
      </input_file>
      <input_file id="fl-46">
         <path>/Applications/ti/ccs2000/ccs/tools/compiler/ti-cgt-armllvm_4.0.1.LTS/lib/armv6m-ti-none-eabi/c/</path>
         <kind>archive</kind>
         <file>libc.a</file>
         <name>pre_init.c.obj</name>
      </input_file>
      <input_file id="fl-47">
         <path>/Applications/ti/ccs2000/ccs/tools/compiler/ti-cgt-armllvm_4.0.1.LTS/lib/armv6m-ti-none-eabi/c/</path>
         <kind>archive</kind>
         <file>libc.a</file>
         <name>cpy_tbl.c.obj</name>
      </input_file>
      <input_file id="fl-48">
         <path>/Applications/ti/ccs2000/ccs/tools/compiler/ti-cgt-armllvm_4.0.1.LTS/lib/armv6m-ti-none-eabi/c/</path>
         <kind>archive</kind>
         <file>libc.a</file>
         <name>_printfi.c.obj</name>
      </input_file>
      <input_file id="fl-49">
         <path>/Applications/ti/ccs2000/ccs/tools/compiler/ti-cgt-armllvm_4.0.1.LTS/lib/armv6m-ti-none-eabi/c/</path>
         <kind>archive</kind>
         <file>libc.a</file>
         <name>fseek.c.obj</name>
      </input_file>
      <input_file id="fl-4a">
         <path>/Applications/ti/ccs2000/ccs/tools/compiler/ti-cgt-armllvm_4.0.1.LTS/lib/armv6m-ti-none-eabi/c/</path>
         <kind>archive</kind>
         <file>libc.a</file>
         <name>s_frexp.c.obj</name>
      </input_file>
      <input_file id="fl-4b">
         <path>/Applications/ti/ccs2000/ccs/tools/compiler/ti-cgt-armllvm_4.0.1.LTS/lib/armv6m-ti-none-eabi/c/</path>
         <kind>archive</kind>
         <file>libc.a</file>
         <name>s_scalbn.c.obj</name>
      </input_file>
      <input_file id="fl-4c">
         <path>/Applications/ti/ccs2000/ccs/tools/compiler/ti-cgt-armllvm_4.0.1.LTS/lib/armv6m-ti-none-eabi/c/</path>
         <kind>archive</kind>
         <file>libc.a</file>
         <name>_ltoa.c.obj</name>
      </input_file>
      <input_file id="fl-4d">
         <path>/Applications/ti/ccs2000/ccs/tools/compiler/ti-cgt-armllvm_4.0.1.LTS/lib/armv6m-ti-none-eabi/c/</path>
         <kind>archive</kind>
         <file>libc.a</file>
         <name>atoi.c.obj</name>
      </input_file>
      <input_file id="fl-4e">
         <path>/Applications/ti/ccs2000/ccs/tools/compiler/ti-cgt-armllvm_4.0.1.LTS/lib/armv6m-ti-none-eabi/c/</path>
         <kind>archive</kind>
         <file>libc.a</file>
         <name>memccpy.c.obj</name>
      </input_file>
      <input_file id="fl-4f">
         <path>/Applications/ti/ccs2000/ccs/tools/compiler/ti-cgt-armllvm_4.0.1.LTS/lib/armv6m-ti-none-eabi/c/</path>
         <kind>archive</kind>
         <file>libc.a</file>
         <name>wcslen.c.obj</name>
      </input_file>
      <input_file id="fl-50">
         <path>/Applications/ti/ccs2000/ccs/tools/compiler/ti-cgt-armllvm_4.0.1.LTS/lib/armv6m-ti-none-eabi/c/</path>
         <kind>archive</kind>
         <file>libc.a</file>
         <name>aeabi_ctype.S.obj</name>
      </input_file>
      <input_file id="fl-e6">
         <path>/Applications/ti/ccs2000/ccs/tools/compiler/ti-cgt-armllvm_4.0.1.LTS/lib/armv6m-ti-none-eabi/</path>
         <kind>archive</kind>
         <file>libc++.a</file>
         <name>string.cpp.obj</name>
      </input_file>
      <input_file id="fl-e7">
         <path>/Applications/ti/ccs2000/ccs/tools/compiler/ti-cgt-armllvm_4.0.1.LTS/lib/armv6m-ti-none-eabi/</path>
         <kind>archive</kind>
         <file>libc++.a</file>
         <name>verbose_abort.cpp.obj</name>
      </input_file>
      <input_file id="fl-e8">
         <path>/Applications/ti/ccs2000/ccs/tools/compiler/ti-cgt-armllvm_4.0.1.LTS/lib/armv6m-ti-none-eabi/</path>
         <kind>archive</kind>
         <file>libc++abi.a</file>
         <name>stdlib_new_delete.cpp.obj</name>
      </input_file>
      <input_file id="fl-e9">
         <path>/Applications/ti/ccs2000/ccs/tools/compiler/ti-cgt-armllvm_4.0.1.LTS/lib/armv6m-ti-none-eabi/</path>
         <kind>archive</kind>
         <file>libc++abi.a</file>
         <name>cxa_handlers.cpp.obj</name>
      </input_file>
      <input_file id="fl-ea">
         <path>/Applications/ti/ccs2000/ccs/tools/compiler/ti-cgt-armllvm_4.0.1.LTS/lib/armv6m-ti-none-eabi/</path>
         <kind>archive</kind>
         <file>libc++abi.a</file>
         <name>abort_message.cpp.obj</name>
      </input_file>
      <input_file id="fl-eb">
         <path>/Applications/ti/ccs2000/ccs/tools/compiler/ti-cgt-armllvm_4.0.1.LTS/lib/armv6m-ti-none-eabi/</path>
         <kind>archive</kind>
         <file>libc++abi.a</file>
         <name>cxa_default_handlers.cpp.obj</name>
      </input_file>
      <input_file id="fl-ec">
         <path>/Applications/ti/ccs2000/ccs/tools/compiler/ti-cgt-armllvm_4.0.1.LTS/lib/armv6m-ti-none-eabi/c/</path>
         <kind>archive</kind>
         <file>libc.a</file>
         <name>wcstof.c.obj</name>
      </input_file>
      <input_file id="fl-ed">
         <path>/Applications/ti/ccs2000/ccs/tools/compiler/ti-cgt-armllvm_4.0.1.LTS/lib/armv6m-ti-none-eabi/c/</path>
         <kind>archive</kind>
         <file>libc.a</file>
         <name>wcstod.c.obj</name>
      </input_file>
      <input_file id="fl-ee">
         <path>/Applications/ti/ccs2000/ccs/tools/compiler/ti-cgt-armllvm_4.0.1.LTS/lib/armv6m-ti-none-eabi/c/</path>
         <kind>archive</kind>
         <file>libc.a</file>
         <name>wcstold.c.obj</name>
      </input_file>
      <input_file id="fl-ef">
         <path>/Applications/ti/ccs2000/ccs/tools/compiler/ti-cgt-armllvm_4.0.1.LTS/lib/armv6m-ti-none-eabi/c/</path>
         <kind>archive</kind>
         <file>libc.a</file>
         <name>wcstol.c.obj</name>
      </input_file>
      <input_file id="fl-f0">
         <path>/Applications/ti/ccs2000/ccs/tools/compiler/ti-cgt-armllvm_4.0.1.LTS/lib/armv6m-ti-none-eabi/c/</path>
         <kind>archive</kind>
         <file>libc.a</file>
         <name>wcstoul.c.obj</name>
      </input_file>
      <input_file id="fl-f1">
         <path>/Applications/ti/ccs2000/ccs/tools/compiler/ti-cgt-armllvm_4.0.1.LTS/lib/armv6m-ti-none-eabi/c/</path>
         <kind>archive</kind>
         <file>libc.a</file>
         <name>wcstoll.c.obj</name>
      </input_file>
      <input_file id="fl-f2">
         <path>/Applications/ti/ccs2000/ccs/tools/compiler/ti-cgt-armllvm_4.0.1.LTS/lib/armv6m-ti-none-eabi/c/</path>
         <kind>archive</kind>
         <file>libc.a</file>
         <name>wcstoull.c.obj</name>
      </input_file>
      <input_file id="fl-f3">
         <path>/Applications/ti/ccs2000/ccs/tools/compiler/ti-cgt-armllvm_4.0.1.LTS/lib/armv6m-ti-none-eabi/c/</path>
         <kind>archive</kind>
         <file>libc.a</file>
         <name>swprintf.c.obj</name>
      </input_file>
      <input_file id="fl-f4">
         <path>/Applications/ti/ccs2000/ccs/tools/compiler/ti-cgt-armllvm_4.0.1.LTS/lib/armv6m-ti-none-eabi/c/</path>
         <kind>archive</kind>
         <file>libc.a</file>
         <name>wmemchr.c.obj</name>
      </input_file>
      <input_file id="fl-f5">
         <path>/Applications/ti/ccs2000/ccs/tools/compiler/ti-cgt-armllvm_4.0.1.LTS/lib/armv6m-ti-none-eabi/c/</path>
         <kind>archive</kind>
         <file>libc.a</file>
         <name>wmemcmp.c.obj</name>
      </input_file>
      <input_file id="fl-f6">
         <path>/Applications/ti/ccs2000/ccs/tools/compiler/ti-cgt-armllvm_4.0.1.LTS/lib/armv6m-ti-none-eabi/c/</path>
         <kind>archive</kind>
         <file>libc.a</file>
         <name>none_mb.c.obj</name>
      </input_file>
      <input_file id="fl-f7">
         <path>/Applications/ti/ccs2000/ccs/tools/compiler/ti-cgt-armllvm_4.0.1.LTS/lib/armv6m-ti-none-eabi/c/</path>
         <kind>archive</kind>
         <file>libc.a</file>
         <name>vswprintf.c.obj</name>
      </input_file>
      <input_file id="fl-f8">
         <path>/Applications/ti/ccs2000/ccs/tools/compiler/ti-cgt-armllvm_4.0.1.LTS/lib/armv6m-ti-none-eabi/c/</path>
         <kind>archive</kind>
         <file>libc.a</file>
         <name>snprintf.c.obj</name>
      </input_file>
      <input_file id="fl-f9">
         <path>/Applications/ti/ccs2000/ccs/tools/compiler/ti-cgt-armllvm_4.0.1.LTS/lib/armv6m-ti-none-eabi/c/</path>
         <kind>archive</kind>
         <file>libc.a</file>
         <name>vfprintf.c.obj</name>
      </input_file>
      <input_file id="fl-fa">
         <path>/Applications/ti/ccs2000/ccs/tools/compiler/ti-cgt-armllvm_4.0.1.LTS/lib/armv6m-ti-none-eabi/c/</path>
         <kind>archive</kind>
         <file>libc.a</file>
         <name>vsnprintf.c.obj</name>
      </input_file>
      <input_file id="fl-fb">
         <path>/Applications/ti/ccs2000/ccs/tools/compiler/ti-cgt-armllvm_4.0.1.LTS/lib/armv6m-ti-none-eabi/c/</path>
         <kind>archive</kind>
         <file>libc.a</file>
         <name>fputc.c.obj</name>
      </input_file>
      <input_file id="fl-fc">
         <path>/Applications/ti/ccs2000/ccs/tools/compiler/ti-cgt-armllvm_4.0.1.LTS/lib/armv6m-ti-none-eabi/c/</path>
         <kind>archive</kind>
         <file>libc.a</file>
         <name>locale_stdlib.c.obj</name>
      </input_file>
      <input_file id="fl-fd">
         <path>/Applications/ti/ccs2000/ccs/tools/compiler/ti-cgt-armllvm_4.0.1.LTS/lib/armv6m-ti-none-eabi/c/</path>
         <kind>archive</kind>
         <file>libc.a</file>
         <name>locale_wchar.c.obj</name>
      </input_file>
      <input_file id="fl-fe">
         <path>/Applications/ti/ccs2000/ccs/tools/compiler/ti-cgt-armllvm_4.0.1.LTS/lib/armv6m-ti-none-eabi/c/</path>
         <kind>archive</kind>
         <file>libc.a</file>
         <name>atol.c.obj</name>
      </input_file>
      <input_file id="fl-ff">
         <path>/Applications/ti/ccs2000/ccs/tools/compiler/ti-cgt-armllvm_4.0.1.LTS/lib/armv6m-ti-none-eabi/c/</path>
         <kind>archive</kind>
         <file>libc.a</file>
         <name>atoll.c.obj</name>
      </input_file>
      <input_file id="fl-100">
         <path>/Applications/ti/ccs2000/ccs/tools/compiler/ti-cgt-armllvm_4.0.1.LTS/lib/armv6m-ti-none-eabi/c/</path>
         <kind>archive</kind>
         <file>libc.a</file>
         <name>memchr.c.obj</name>
      </input_file>
      <input_file id="fl-101">
         <path>/Applications/ti/ccs2000/ccs/tools/compiler/ti-cgt-armllvm_4.0.1.LTS/lib/armv6m-ti-none-eabi/c/</path>
         <kind>archive</kind>
         <file>libc.a</file>
         <name>strlen.c.obj</name>
      </input_file>
      <input_file id="fl-102">
         <path>/Applications/ti/ccs2000/ccs/tools/compiler/ti-cgt-armllvm_4.0.1.LTS/lib/armv6m-ti-none-eabi/c/</path>
         <kind>archive</kind>
         <file>libc.a</file>
         <name>strtod.c.obj</name>
      </input_file>
      <input_file id="fl-103">
         <path>/Applications/ti/ccs2000/ccs/tools/compiler/ti-cgt-armllvm_4.0.1.LTS/lib/armv6m-ti-none-eabi/c/</path>
         <kind>archive</kind>
         <file>libc.a</file>
         <name>strtof.c.obj</name>
      </input_file>
      <input_file id="fl-104">
         <path>/Applications/ti/ccs2000/ccs/tools/compiler/ti-cgt-armllvm_4.0.1.LTS/lib/armv6m-ti-none-eabi/c/</path>
         <kind>archive</kind>
         <file>libc.a</file>
         <name>strtol.c.obj</name>
      </input_file>
      <input_file id="fl-105">
         <path>/Applications/ti/ccs2000/ccs/tools/compiler/ti-cgt-armllvm_4.0.1.LTS/lib/armv6m-ti-none-eabi/c/</path>
         <kind>archive</kind>
         <file>libc.a</file>
         <name>strtoll.c.obj</name>
      </input_file>
      <input_file id="fl-106">
         <path>/Applications/ti/ccs2000/ccs/tools/compiler/ti-cgt-armllvm_4.0.1.LTS/lib/armv6m-ti-none-eabi/c/</path>
         <kind>archive</kind>
         <file>libc.a</file>
         <name>strtoul.c.obj</name>
      </input_file>
      <input_file id="fl-107">
         <path>/Applications/ti/ccs2000/ccs/tools/compiler/ti-cgt-armllvm_4.0.1.LTS/lib/armv6m-ti-none-eabi/c/</path>
         <kind>archive</kind>
         <file>libc.a</file>
         <name>strtoull.c.obj</name>
      </input_file>
      <input_file id="fl-108">
         <path>/Applications/ti/ccs2000/ccs/tools/compiler/ti-cgt-armllvm_4.0.1.LTS/lib/armv6m-ti-none-eabi/c/</path>
         <kind>archive</kind>
         <file>libc.a</file>
         <name>wctype.c.obj</name>
      </input_file>
      <input_file id="fl-109">
         <path>/Applications/ti/ccs2000/ccs/tools/compiler/ti-cgt-armllvm_4.0.1.LTS/lib/armv6m-ti-none-eabi/c/</path>
         <kind>archive</kind>
         <file>libc.a</file>
         <name>fgetwc.c.obj</name>
      </input_file>
      <input_file id="fl-10a">
         <path>/Applications/ti/ccs2000/ccs/tools/compiler/ti-cgt-armllvm_4.0.1.LTS/lib/armv6m-ti-none-eabi/c/</path>
         <kind>archive</kind>
         <file>libc.a</file>
         <name>fgetws.c.obj</name>
      </input_file>
      <input_file id="fl-10b">
         <path>/Applications/ti/ccs2000/ccs/tools/compiler/ti-cgt-armllvm_4.0.1.LTS/lib/armv6m-ti-none-eabi/c/</path>
         <kind>archive</kind>
         <file>libc.a</file>
         <name>fputws.c.obj</name>
      </input_file>
      <input_file id="fl-10c">
         <path>/Applications/ti/ccs2000/ccs/tools/compiler/ti-cgt-armllvm_4.0.1.LTS/lib/armv6m-ti-none-eabi/c/</path>
         <kind>archive</kind>
         <file>libc.a</file>
         <name>vfwprintf.c.obj</name>
      </input_file>
      <input_file id="fl-10d">
         <path>/Applications/ti/ccs2000/ccs/tools/compiler/ti-cgt-armllvm_4.0.1.LTS/lib/armv6m-ti-none-eabi/c/</path>
         <kind>archive</kind>
         <file>libc.a</file>
         <name>vfwscanf.c.obj</name>
      </input_file>
      <input_file id="fl-10e">
         <path>/Applications/ti/ccs2000/ccs/tools/compiler/ti-cgt-armllvm_4.0.1.LTS/lib/armv6m-ti-none-eabi/c/</path>
         <kind>archive</kind>
         <file>libc.a</file>
         <name>wcscoll.c.obj</name>
      </input_file>
      <input_file id="fl-10f">
         <path>/Applications/ti/ccs2000/ccs/tools/compiler/ti-cgt-armllvm_4.0.1.LTS/lib/armv6m-ti-none-eabi/c/</path>
         <kind>archive</kind>
         <file>libc.a</file>
         <name>wcsxfrm.c.obj</name>
      </input_file>
      <input_file id="fl-110">
         <path>/Applications/ti/ccs2000/ccs/tools/compiler/ti-cgt-armllvm_4.0.1.LTS/lib/armv6m-ti-none-eabi/c/</path>
         <kind>archive</kind>
         <file>libc.a</file>
         <name>fscanf.c.obj</name>
      </input_file>
      <input_file id="fl-111">
         <path>/Applications/ti/ccs2000/ccs/tools/compiler/ti-cgt-armllvm_4.0.1.LTS/lib/armv6m-ti-none-eabi/c/</path>
         <kind>archive</kind>
         <file>libc.a</file>
         <name>fgetc.c.obj</name>
      </input_file>
      <input_file id="fl-112">
         <path>/Applications/ti/ccs2000/ccs/tools/compiler/ti-cgt-armllvm_4.0.1.LTS/lib/armv6m-ti-none-eabi/c/</path>
         <kind>archive</kind>
         <file>libc.a</file>
         <name>fgets.c.obj</name>
      </input_file>
      <input_file id="fl-113">
         <path>/Applications/ti/ccs2000/ccs/tools/compiler/ti-cgt-armllvm_4.0.1.LTS/lib/armv6m-ti-none-eabi/c/</path>
         <kind>archive</kind>
         <file>libc.a</file>
         <name>_bufread.c.obj</name>
      </input_file>
      <input_file id="fl-114">
         <path>/Applications/ti/ccs2000/ccs/tools/compiler/ti-cgt-armllvm_4.0.1.LTS/lib/armv6m-ti-none-eabi/c/</path>
         <kind>archive</kind>
         <file>libc.a</file>
         <name>ungetc.c.obj</name>
      </input_file>
      <input_file id="fl-115">
         <path>/Applications/ti/ccs2000/ccs/tools/compiler/ti-cgt-armllvm_4.0.1.LTS/lib/armv6m-ti-none-eabi/c/</path>
         <kind>archive</kind>
         <file>libc.a</file>
         <name>s_scalbnf.c.obj</name>
      </input_file>
      <input_file id="fl-116">
         <path>/Applications/ti/ccs2000/ccs/tools/compiler/ti-cgt-armllvm_4.0.1.LTS/lib/armv6m-ti-none-eabi/c/</path>
         <kind>archive</kind>
         <file>libc.a</file>
         <name>strcmp-armv6m.S.obj</name>
      </input_file>
      <input_file id="fl-117">
         <path>/Applications/ti/ccs2000/ccs/tools/compiler/ti-cgt-armllvm_4.0.1.LTS/lib/armv6m-ti-none-eabi/c/</path>
         <kind>archive</kind>
         <file>libc.a</file>
         <name>_scanfi.c.obj</name>
      </input_file>
      <input_file id="fl-118">
         <path>/Applications/ti/ccs2000/ccs/tools/compiler/ti-cgt-armllvm_4.0.1.LTS/lib/armv6m-ti-none-eabi/c/</path>
         <kind>archive</kind>
         <file>libsysbm.a</file>
         <name>write.c.obj</name>
      </input_file>
      <input_file id="fl-119">
         <path>/Applications/ti/ccs2000/ccs/tools/compiler/ti-cgt-armllvm_4.0.1.LTS/lib/armv6m-ti-none-eabi/c/</path>
         <kind>archive</kind>
         <file>libsysbm.a</file>
         <name>host_device.c.obj</name>
      </input_file>
      <input_file id="fl-11a">
         <path>/Applications/ti/ccs2000/ccs/tools/compiler/ti-cgt-armllvm_4.0.1.LTS/lib/armv6m-ti-none-eabi/c/</path>
         <kind>archive</kind>
         <file>libsysbm.a</file>
         <name>remove.c.obj</name>
      </input_file>
      <input_file id="fl-11b">
         <path>/Applications/ti/ccs2000/ccs/tools/compiler/ti-cgt-armllvm_4.0.1.LTS/lib/armv6m-ti-none-eabi/c/</path>
         <kind>archive</kind>
         <file>libsysbm.a</file>
         <name>read.c.obj</name>
      </input_file>
      <input_file id="fl-11c">
         <path>/Applications/ti/ccs2000/ccs/tools/compiler/ti-cgt-armllvm_4.0.1.LTS/lib/armv6m-ti-none-eabi/c/</path>
         <kind>archive</kind>
         <file>libsysbm.a</file>
         <name>open.c.obj</name>
      </input_file>
      <input_file id="fl-11d">
         <path>/Applications/ti/ccs2000/ccs/tools/compiler/ti-cgt-armllvm_4.0.1.LTS/lib/armv6m-ti-none-eabi/c/</path>
         <kind>archive</kind>
         <file>libsysbm.a</file>
         <name>lseek.c.obj</name>
      </input_file>
      <input_file id="fl-11e">
         <path>/Applications/ti/ccs2000/ccs/tools/compiler/ti-cgt-armllvm_4.0.1.LTS/lib/armv6m-ti-none-eabi/c/</path>
         <kind>archive</kind>
         <file>libsysbm.a</file>
         <name>close.c.obj</name>
      </input_file>
      <input_file id="fl-11f">
         <path>/Applications/ti/ccs2000/ccs/tools/compiler/ti-cgt-armllvm_4.0.1.LTS/lib/armv6m-ti-none-eabi/c/</path>
         <kind>archive</kind>
         <file>libsysbm.a</file>
         <name>add_device.c.obj</name>
      </input_file>
      <input_file id="fl-120">
         <path>/Applications/ti/ccs2000/ccs/tools/compiler/ti-cgt-armllvm_4.0.1.LTS/lib/armv6m-ti-none-eabi/c/</path>
         <kind>archive</kind>
         <file>libsysbm.a</file>
         <name>unlink.c.obj</name>
      </input_file>
      <input_file id="fl-121">
         <path>/Applications/ti/ccs2000/ccs/tools/compiler/ti-cgt-armllvm_4.0.1.LTS/lib/armv6m-ti-none-eabi/c/</path>
         <kind>archive</kind>
         <file>libsysbm.a</file>
         <name>hostclose.c.obj</name>
      </input_file>
      <input_file id="fl-122">
         <path>/Applications/ti/ccs2000/ccs/tools/compiler/ti-cgt-armllvm_4.0.1.LTS/lib/armv6m-ti-none-eabi/c/</path>
         <kind>archive</kind>
         <file>libsysbm.a</file>
         <name>hostlseek.c.obj</name>
      </input_file>
      <input_file id="fl-123">
         <path>/Applications/ti/ccs2000/ccs/tools/compiler/ti-cgt-armllvm_4.0.1.LTS/lib/armv6m-ti-none-eabi/c/</path>
         <kind>archive</kind>
         <file>libsysbm.a</file>
         <name>hostopen.c.obj</name>
      </input_file>
      <input_file id="fl-124">
         <path>/Applications/ti/ccs2000/ccs/tools/compiler/ti-cgt-armllvm_4.0.1.LTS/lib/armv6m-ti-none-eabi/c/</path>
         <kind>archive</kind>
         <file>libsysbm.a</file>
         <name>hostread.c.obj</name>
      </input_file>
      <input_file id="fl-125">
         <path>/Applications/ti/ccs2000/ccs/tools/compiler/ti-cgt-armllvm_4.0.1.LTS/lib/armv6m-ti-none-eabi/c/</path>
         <kind>archive</kind>
         <file>libsysbm.a</file>
         <name>hostrename.c.obj</name>
      </input_file>
      <input_file id="fl-126">
         <path>/Applications/ti/ccs2000/ccs/tools/compiler/ti-cgt-armllvm_4.0.1.LTS/lib/armv6m-ti-none-eabi/c/</path>
         <kind>archive</kind>
         <file>libsysbm.a</file>
         <name>hostunlink.c.obj</name>
      </input_file>
      <input_file id="fl-127">
         <path>/Applications/ti/ccs2000/ccs/tools/compiler/ti-cgt-armllvm_4.0.1.LTS/lib/armv6m-ti-none-eabi/c/</path>
         <kind>archive</kind>
         <file>libsysbm.a</file>
         <name>hostwrite.c.obj</name>
      </input_file>
      <input_file id="fl-128">
         <path>/Applications/ti/ccs2000/ccs/tools/compiler/ti-cgt-armllvm_4.0.1.LTS/lib/armv6m-ti-none-eabi/c/</path>
         <kind>archive</kind>
         <file>libsysbm.a</file>
         <name>trgmsg.c.obj</name>
      </input_file>
      <input_file id="fl-129">
         <path>/Applications/ti/ccs2000/ccs/tools/compiler/ti-cgt-armllvm_4.0.1.LTS/lib/armv6m-ti-none-eabi/</path>
         <kind>archive</kind>
         <file>libclang_rt.builtins.a</file>
         <name>addsf3.S.obj</name>
      </input_file>
      <input_file id="fl-12a">
         <path>/Applications/ti/ccs2000/ccs/tools/compiler/ti-cgt-armllvm_4.0.1.LTS/lib/armv6m-ti-none-eabi/</path>
         <kind>archive</kind>
         <file>libclang_rt.builtins.a</file>
         <name>adddf3.S.obj</name>
      </input_file>
      <input_file id="fl-12b">
         <path>/Applications/ti/ccs2000/ccs/tools/compiler/ti-cgt-armllvm_4.0.1.LTS/lib/armv6m-ti-none-eabi/</path>
         <kind>archive</kind>
         <file>libclang_rt.builtins.a</file>
         <name>muldf3.S.obj</name>
      </input_file>
      <input_file id="fl-12c">
         <path>/Applications/ti/ccs2000/ccs/tools/compiler/ti-cgt-armllvm_4.0.1.LTS/lib/armv6m-ti-none-eabi/</path>
         <kind>archive</kind>
         <file>libclang_rt.builtins.a</file>
         <name>muldsi3.S.obj</name>
      </input_file>
      <input_file id="fl-12d">
         <path>/Applications/ti/ccs2000/ccs/tools/compiler/ti-cgt-armllvm_4.0.1.LTS/lib/armv6m-ti-none-eabi/</path>
         <kind>archive</kind>
         <file>libclang_rt.builtins.a</file>
         <name>mulsf3.S.obj</name>
      </input_file>
      <input_file id="fl-12e">
         <path>/Applications/ti/ccs2000/ccs/tools/compiler/ti-cgt-armllvm_4.0.1.LTS/lib/armv6m-ti-none-eabi/</path>
         <kind>archive</kind>
         <file>libclang_rt.builtins.a</file>
         <name>divsf3.S.obj</name>
      </input_file>
      <input_file id="fl-12f">
         <path>/Applications/ti/ccs2000/ccs/tools/compiler/ti-cgt-armllvm_4.0.1.LTS/lib/armv6m-ti-none-eabi/</path>
         <kind>archive</kind>
         <file>libclang_rt.builtins.a</file>
         <name>divdf3.S.obj</name>
      </input_file>
      <input_file id="fl-130">
         <path>/Applications/ti/ccs2000/ccs/tools/compiler/ti-cgt-armllvm_4.0.1.LTS/lib/armv6m-ti-none-eabi/</path>
         <kind>archive</kind>
         <file>libclang_rt.builtins.a</file>
         <name>extendsfdf2.S.obj</name>
      </input_file>
      <input_file id="fl-131">
         <path>/Applications/ti/ccs2000/ccs/tools/compiler/ti-cgt-armllvm_4.0.1.LTS/lib/armv6m-ti-none-eabi/</path>
         <kind>archive</kind>
         <file>libclang_rt.builtins.a</file>
         <name>fixdfsi.S.obj</name>
      </input_file>
      <input_file id="fl-132">
         <path>/Applications/ti/ccs2000/ccs/tools/compiler/ti-cgt-armllvm_4.0.1.LTS/lib/armv6m-ti-none-eabi/</path>
         <kind>archive</kind>
         <file>libclang_rt.builtins.a</file>
         <name>floatsidf.S.obj</name>
      </input_file>
      <input_file id="fl-133">
         <path>/Applications/ti/ccs2000/ccs/tools/compiler/ti-cgt-armllvm_4.0.1.LTS/lib/armv6m-ti-none-eabi/</path>
         <kind>archive</kind>
         <file>libclang_rt.builtins.a</file>
         <name>floatunsidf.S.obj</name>
      </input_file>
      <input_file id="fl-134">
         <path>/Applications/ti/ccs2000/ccs/tools/compiler/ti-cgt-armllvm_4.0.1.LTS/lib/armv6m-ti-none-eabi/</path>
         <kind>archive</kind>
         <file>libclang_rt.builtins.a</file>
         <name>muldi3.S.obj</name>
      </input_file>
      <input_file id="fl-135">
         <path>/Applications/ti/ccs2000/ccs/tools/compiler/ti-cgt-armllvm_4.0.1.LTS/lib/armv6m-ti-none-eabi/</path>
         <kind>archive</kind>
         <file>libclang_rt.builtins.a</file>
         <name>truncdfsf2.S.obj</name>
      </input_file>
      <input_file id="fl-136">
         <path>/Applications/ti/ccs2000/ccs/tools/compiler/ti-cgt-armllvm_4.0.1.LTS/lib/armv6m-ti-none-eabi/</path>
         <kind>archive</kind>
         <file>libclang_rt.builtins.a</file>
         <name>clzsi2.c.obj</name>
      </input_file>
      <input_file id="fl-137">
         <path>/Applications/ti/ccs2000/ccs/tools/compiler/ti-cgt-armllvm_4.0.1.LTS/lib/armv6m-ti-none-eabi/</path>
         <kind>archive</kind>
         <file>libclang_rt.builtins.a</file>
         <name>aeabi_dcmp.S.obj</name>
      </input_file>
      <input_file id="fl-138">
         <path>/Applications/ti/ccs2000/ccs/tools/compiler/ti-cgt-armllvm_4.0.1.LTS/lib/armv6m-ti-none-eabi/</path>
         <kind>archive</kind>
         <file>libclang_rt.builtins.a</file>
         <name>aeabi_fcmp.S.obj</name>
      </input_file>
      <input_file id="fl-139">
         <path>/Applications/ti/ccs2000/ccs/tools/compiler/ti-cgt-armllvm_4.0.1.LTS/lib/armv6m-ti-none-eabi/</path>
         <kind>archive</kind>
         <file>libclang_rt.builtins.a</file>
         <name>aeabi_idivmod.S.obj</name>
      </input_file>
      <input_file id="fl-13a">
         <path>/Applications/ti/ccs2000/ccs/tools/compiler/ti-cgt-armllvm_4.0.1.LTS/lib/armv6m-ti-none-eabi/</path>
         <kind>archive</kind>
         <file>libclang_rt.builtins.a</file>
         <name>aeabi_memcpy.S.obj</name>
      </input_file>
      <input_file id="fl-13b">
         <path>/Applications/ti/ccs2000/ccs/tools/compiler/ti-cgt-armllvm_4.0.1.LTS/lib/armv6m-ti-none-eabi/</path>
         <kind>archive</kind>
         <file>libclang_rt.builtins.a</file>
         <name>aeabi_memmove.S.obj</name>
      </input_file>
      <input_file id="fl-13c">
         <path>/Applications/ti/ccs2000/ccs/tools/compiler/ti-cgt-armllvm_4.0.1.LTS/lib/armv6m-ti-none-eabi/</path>
         <kind>archive</kind>
         <file>libclang_rt.builtins.a</file>
         <name>aeabi_memset.S.obj</name>
      </input_file>
      <input_file id="fl-13d">
         <path>/Applications/ti/ccs2000/ccs/tools/compiler/ti-cgt-armllvm_4.0.1.LTS/lib/armv6m-ti-none-eabi/</path>
         <kind>archive</kind>
         <file>libclang_rt.builtins.a</file>
         <name>aeabi_uidivmod.S.obj</name>
      </input_file>
      <input_file id="fl-13e">
         <path>/Applications/ti/ccs2000/ccs/tools/compiler/ti-cgt-armllvm_4.0.1.LTS/lib/armv6m-ti-none-eabi/</path>
         <kind>archive</kind>
         <file>libclang_rt.builtins.a</file>
         <name>aeabi_uldivmod.S.obj</name>
      </input_file>
      <input_file id="fl-13f">
         <path>/Applications/ti/ccs2000/ccs/tools/compiler/ti-cgt-armllvm_4.0.1.LTS/lib/armv6m-ti-none-eabi/</path>
         <kind>archive</kind>
         <file>libclang_rt.builtins.a</file>
         <name>comparesf2.S.obj</name>
      </input_file>
      <input_file id="fl-140">
         <path>/Applications/ti/ccs2000/ccs/tools/compiler/ti-cgt-armllvm_4.0.1.LTS/lib/armv6m-ti-none-eabi/</path>
         <kind>archive</kind>
         <file>libclang_rt.builtins.a</file>
         <name>udivmoddi4.S.obj</name>
      </input_file>
      <input_file id="fl-141">
         <path>/Applications/ti/ccs2000/ccs/tools/compiler/ti-cgt-armllvm_4.0.1.LTS/lib/armv6m-ti-none-eabi/</path>
         <kind>archive</kind>
         <file>libclang_rt.builtins.a</file>
         <name>ashldi3.S.obj</name>
      </input_file>
      <input_file id="fl-142">
         <path>/Applications/ti/ccs2000/ccs/tools/compiler/ti-cgt-armllvm_4.0.1.LTS/lib/armv6m-ti-none-eabi/</path>
         <kind>archive</kind>
         <file>libclang_rt.builtins.a</file>
         <name>comparedf2.c.obj</name>
      </input_file>
      <input_file id="fl-143">
         <path>/Applications/ti/ccs2000/ccs/tools/compiler/ti-cgt-armllvm_4.0.1.LTS/lib/armv6m-ti-none-eabi/</path>
         <kind>archive</kind>
         <file>libclang_rt.builtins.a</file>
         <name>aeabi_div0.c.obj</name>
      </input_file>
      <input_file id="fl-144">
         <path>/Applications/ti/ccs2000/ccs/tools/compiler/ti-cgt-armllvm_4.0.1.LTS/lib/armv6m-ti-none-eabi/c/</path>
         <kind>archive</kind>
         <file>libc.a</file>
         <name>getdevice.c.obj</name>
      </input_file>
      <input_file id="fl-145">
         <path>/Applications/ti/ccs2000/ccs/tools/compiler/ti-cgt-armllvm_4.0.1.LTS/lib/armv6m-ti-none-eabi/c/</path>
         <kind>archive</kind>
         <file>libc.a</file>
         <name>memcpy16.S.obj</name>
      </input_file>
      <input_file id="fl-146">
         <path>/Applications/ti/ccs2000/ccs/tools/compiler/ti-cgt-armllvm_4.0.1.LTS/lib/armv6m-ti-none-eabi/c/</path>
         <kind>archive</kind>
         <file>libc.a</file>
         <name>memset16.S.obj</name>
      </input_file>
      <input_file id="fl-147">
         <path>/Applications/ti/ccs2000/ccs/tools/compiler/ti-cgt-armllvm_4.0.1.LTS/lib/armv6m-ti-none-eabi/c/</path>
         <kind>archive</kind>
         <file>libc.a</file>
         <name>memmov.c.obj</name>
      </input_file>
   </input_file_list>
   <object_component_list>
      <object_component id="oc-18">
         <name>.intvecs</name>
         <load_address>0x0</load_address>
         <readonly>true</readonly>
         <run_address>0x0</run_address>
         <size>0xc0</size>
         <alignment>0x4</alignment>
         <input_file_ref idref="fl-f"/>
      </object_component>
      <object_component id="oc-be">
         <name>.text.main</name>
         <load_address>0x18e00</load_address>
         <readonly>true</readonly>
         <executable>true</executable>
         <run_address>0x18e00</run_address>
         <size>0x115c</size>
         <alignment>0x4</alignment>
         <input_file_ref idref="fl-5"/>
      </object_component>
      <object_component id="oc-42">
         <name>.text.TIMG12_IRQHandler</name>
         <load_address>0x19f5c</load_address>
         <readonly>true</readonly>
         <executable>true</executable>
         <run_address>0x19f5c</run_address>
         <size>0x5f0</size>
         <alignment>0x4</alignment>
         <input_file_ref idref="fl-5"/>
      </object_component>
      <object_component id="oc-33a">
         <name>.text:__TI_printfi_minimal</name>
         <load_address>0x1a54c</load_address>
         <readonly>true</readonly>
         <executable>true</executable>
         <run_address>0x1a54c</run_address>
         <size>0x284</size>
         <alignment>0x4</alignment>
         <input_file_ref idref="fl-48"/>
      </object_component>
      <object_component id="oc-140">
         <name>.text._Z17ST7735_DrawBitmapssPKtss</name>
         <load_address>0x1a7d0</load_address>
         <readonly>true</readonly>
         <executable>true</executable>
         <run_address>0x1a7d0</run_address>
         <size>0x210</size>
         <alignment>0x4</alignment>
         <input_file_ref idref="fl-8"/>
      </object_component>
      <object_component id="oc-75">
         <name>.text._ZN10DashSprite4tickEv</name>
         <load_address>0x1a9e0</load_address>
         <readonly>true</readonly>
         <executable>true</executable>
         <run_address>0x1a9e0</run_address>
         <size>0x1f8</size>
         <alignment>0x4</alignment>
         <input_file_ref idref="fl-4"/>
      </object_component>
      <object_component id="oc-199">
         <name>.text._Z15Clock_Init80MHzi</name>
         <load_address>0x1abd8</load_address>
         <readonly>true</readonly>
         <executable>true</executable>
         <run_address>0x1abd8</run_address>
         <size>0x1b4</size>
         <alignment>0x4</alignment>
         <input_file_ref idref="fl-2"/>
      </object_component>
      <object_component id="oc-237">
         <name>.text._Z16ST7735_DrawCharSsscssh</name>
         <load_address>0x1ad8c</load_address>
         <readonly>true</readonly>
         <executable>true</executable>
         <run_address>0x1ad8c</run_address>
         <size>0x1a0</size>
         <alignment>0x4</alignment>
         <input_file_ref idref="fl-8"/>
      </object_component>
      <object_component id="oc-21e">
         <name>.text._openfile</name>
         <load_address>0x1af2c</load_address>
         <readonly>true</readonly>
         <executable>true</executable>
         <run_address>0x1af2c</run_address>
         <size>0x154</size>
         <alignment>0x4</alignment>
         <input_file_ref idref="fl-30"/>
      </object_component>
      <object_component id="oc-13e">
         <name>.text._Z17componentToBufferv</name>
         <load_address>0x1b080</load_address>
         <readonly>true</readonly>
         <executable>true</executable>
         <run_address>0x1b080</run_address>
         <size>0x134</size>
         <alignment>0x4</alignment>
         <input_file_ref idref="fl-5"/>
      </object_component>
      <object_component id="oc-138">
         <name>.text._Z15ST7735_FillRectsssst</name>
         <load_address>0x1b1b4</load_address>
         <readonly>true</readonly>
         <executable>true</executable>
         <run_address>0x1b1b4</run_address>
         <size>0x118</size>
         <alignment>0x4</alignment>
         <input_file_ref idref="fl-8"/>
      </object_component>
      <object_component id="oc-28f">
         <name>.text.aligned_alloc</name>
         <load_address>0x1b2cc</load_address>
         <readonly>true</readonly>
         <executable>true</executable>
         <run_address>0x1b2cc</run_address>
         <size>0x114</size>
         <alignment>0x4</alignment>
         <input_file_ref idref="fl-38"/>
      </object_component>
      <object_component id="oc-13d">
         <name>.text._Z14solderToBufferv</name>
         <load_address>0x1b3e0</load_address>
         <readonly>true</readonly>
         <executable>true</executable>
         <run_address>0x1b3e0</run_address>
         <size>0x108</size>
         <alignment>0x4</alignment>
         <input_file_ref idref="fl-5"/>
      </object_component>
      <object_component id="oc-13c">
         <name>.text._Z16DrawBeamToBuffer10BeamSprite</name>
         <load_address>0x1b4e8</load_address>
         <readonly>true</readonly>
         <executable>true</executable>
         <run_address>0x1b4e8</run_address>
         <size>0x108</size>
         <alignment>0x4</alignment>
         <input_file_ref idref="fl-5"/>
      </object_component>
      <object_component id="oc-249">
         <name>.text._Z22ST7735_DrawSmallCirclesst</name>
         <load_address>0x1b5f0</load_address>
         <readonly>true</readonly>
         <executable>true</executable>
         <run_address>0x1b5f0</run_address>
         <size>0x100</size>
         <alignment>0x4</alignment>
         <input_file_ref idref="fl-8"/>
      </object_component>
      <object_component id="oc-24e">
         <name>.text._Z8SPI_Initv</name>
         <load_address>0x1b6f0</load_address>
         <readonly>true</readonly>
         <executable>true</executable>
         <run_address>0x1b6f0</run_address>
         <size>0xf8</size>
         <alignment>0x4</alignment>
         <input_file_ref idref="fl-7"/>
      </object_component>
      <object_component id="oc-342">
         <name>.text.fputs</name>
         <load_address>0x1b7e8</load_address>
         <readonly>true</readonly>
         <executable>true</executable>
         <run_address>0x1b7e8</run_address>
         <size>0xf8</size>
         <alignment>0x4</alignment>
         <input_file_ref idref="fl-42"/>
      </object_component>
      <object_component id="oc-169">
         <name>.text._Z13drawEndScreenv</name>
         <load_address>0x1b8e0</load_address>
         <readonly>true</readonly>
         <executable>true</executable>
         <run_address>0x1b8e0</run_address>
         <size>0xf4</size>
         <alignment>0x4</alignment>
         <input_file_ref idref="fl-d"/>
      </object_component>
      <object_component id="oc-10b">
         <name>.text._Z18ST7735_SetRotationh</name>
         <load_address>0x1b9d4</load_address>
         <readonly>true</readonly>
         <executable>true</executable>
         <run_address>0x1b9d4</run_address>
         <size>0xf4</size>
         <alignment>0x4</alignment>
         <input_file_ref idref="fl-8"/>
      </object_component>
      <object_component id="oc-19f">
         <name>.text.add_device</name>
         <load_address>0x1bac8</load_address>
         <readonly>true</readonly>
         <executable>true</executable>
         <run_address>0x1bac8</run_address>
         <size>0xec</size>
         <alignment>0x4</alignment>
         <input_file_ref idref="fl-11f"/>
      </object_component>
      <object_component id="oc-227">
         <name>.text.free</name>
         <load_address>0x1bbb4</load_address>
         <readonly>true</readonly>
         <executable>true</executable>
         <run_address>0x1bbb4</run_address>
         <size>0xe8</size>
         <alignment>0x4</alignment>
         <input_file_ref idref="fl-38"/>
      </object_component>
      <object_component id="oc-141">
         <name>.text._Z12drawGameOverv</name>
         <load_address>0x1bc9c</load_address>
         <readonly>true</readonly>
         <executable>true</executable>
         <run_address>0x1bc9c</run_address>
         <size>0xe4</size>
         <alignment>0x4</alignment>
         <input_file_ref idref="fl-d"/>
      </object_component>
      <object_component id="oc-1d6">
         <name>.text._Z14ST7735_OutCharctt</name>
         <load_address>0x1bd80</load_address>
         <readonly>true</readonly>
         <executable>true</executable>
         <run_address>0x1bd80</run_address>
         <size>0xe4</size>
         <alignment>0x4</alignment>
         <input_file_ref idref="fl-8"/>
      </object_component>
      <object_component id="oc-111">
         <name>.text._Z15drawMainButtonsv</name>
         <load_address>0x1be64</load_address>
         <readonly>true</readonly>
         <executable>true</executable>
         <run_address>0x1be64</run_address>
         <size>0xe4</size>
         <alignment>0x4</alignment>
         <input_file_ref idref="fl-d"/>
      </object_component>
      <object_component id="oc-11a">
         <name>.text._Z18drawSpanishButtonsv</name>
         <load_address>0x1bf48</load_address>
         <readonly>true</readonly>
         <executable>true</executable>
         <run_address>0x1bf48</run_address>
         <size>0xe4</size>
         <alignment>0x4</alignment>
         <input_file_ref idref="fl-d"/>
      </object_component>
      <object_component id="oc-29a">
         <name>.text._ZNSt3__16__itoa13__base_10_u32B8nn180100EPcj</name>
         <load_address>0x1c02c</load_address>
         <readonly>true</readonly>
         <executable>true</executable>
         <run_address>0x1c02c</run_address>
         <size>0xe0</size>
         <alignment>0x4</alignment>
         <input_file_ref idref="fl-e6"/>
      </object_component>
      <object_component id="oc-1aa">
         <name>.text.setvbuf</name>
         <load_address>0x1c10c</load_address>
         <readonly>true</readonly>
         <executable>true</executable>
         <run_address>0x1c10c</run_address>
         <size>0xe0</size>
         <alignment>0x4</alignment>
         <input_file_ref idref="fl-31"/>
      </object_component>
      <object_component id="oc-1f3">
         <name>.text._Z10PcbOutlineh</name>
         <load_address>0x1c1ec</load_address>
         <readonly>true</readonly>
         <executable>true</executable>
         <run_address>0x1c1ec</run_address>
         <size>0xd8</size>
         <alignment>0x4</alignment>
         <input_file_ref idref="fl-d"/>
      </object_component>
      <object_component id="oc-22e">
         <name>.text._Z14ST7735_OutCharc</name>
         <load_address>0x1c2c4</load_address>
         <readonly>true</readonly>
         <executable>true</executable>
         <run_address>0x1c2c4</run_address>
         <size>0xd0</size>
         <alignment>0x4</alignment>
         <input_file_ref idref="fl-8"/>
      </object_component>
      <object_component id="oc-15b">
         <name>.text._Z22ST7735_FillSmallCirclesst</name>
         <load_address>0x1c394</load_address>
         <readonly>true</readonly>
         <executable>true</executable>
         <run_address>0x1c394</run_address>
         <size>0xc8</size>
         <alignment>0x4</alignment>
         <input_file_ref idref="fl-8"/>
      </object_component>
      <object_component id="oc-248">
         <name>.text._ZNSt3__112basic_stringIcNS_11char_traitsIcEENS_9allocatorIcEEE21__grow_by_and_replaceEjjjjjjPKc</name>
         <load_address>0x1c45c</load_address>
         <readonly>true</readonly>
         <executable>true</executable>
         <run_address>0x1c45c</run_address>
         <size>0xc4</size>
         <alignment>0x4</alignment>
         <input_file_ref idref="fl-e6"/>
      </object_component>
      <object_component id="oc-11b">
         <name>.text._Z13outlineButtonssss</name>
         <load_address>0x1c520</load_address>
         <readonly>true</readonly>
         <executable>true</executable>
         <run_address>0x1c520</run_address>
         <size>0xb4</size>
         <alignment>0x4</alignment>
         <input_file_ref idref="fl-d"/>
      </object_component>
      <object_component id="oc-1d2">
         <name>.text._Z20ST7735_DrawFastHLinessst</name>
         <load_address>0x1c5d4</load_address>
         <readonly>true</readonly>
         <executable>true</executable>
         <run_address>0x1c5d4</run_address>
         <size>0xb0</size>
         <alignment>0x4</alignment>
         <input_file_ref idref="fl-8"/>
      </object_component>
      <object_component id="oc-1d3">
         <name>.text._Z20ST7735_DrawFastVLinessst</name>
         <load_address>0x1c684</load_address>
         <readonly>true</readonly>
         <executable>true</executable>
         <run_address>0x1c684</run_address>
         <size>0xb0</size>
         <alignment>0x4</alignment>
         <input_file_ref idref="fl-8"/>
      </object_component>
      <object_component id="oc-7f">
         <name>.text._ZN15ComponentSprite4tickEv</name>
         <load_address>0x1c734</load_address>
         <readonly>true</readonly>
         <executable>true</executable>
         <run_address>0x1c734</run_address>
         <size>0xac</size>
         <alignment>0x2</alignment>
         <input_file_ref idref="fl-3"/>
      </object_component>
      <object_component id="oc-209">
         <name>.text._ZL11commandListPKh</name>
         <load_address>0x1c7e0</load_address>
         <readonly>true</readonly>
         <executable>true</executable>
         <run_address>0x1c7e0</run_address>
         <size>0xa2</size>
         <alignment>0x2</alignment>
         <input_file_ref idref="fl-8"/>
      </object_component>
      <object_component id="oc-1e3">
         <name>.text._ZNSt3__1eqB8nn180100INS_9allocatorIcEEEEbRKNS_12basic_stringIcNS_11char_traitsIcEET_EES9_</name>
         <load_address>0x1c882</load_address>
         <readonly>true</readonly>
         <executable>true</executable>
         <run_address>0x1c882</run_address>
         <size>0xa2</size>
         <alignment>0x2</alignment>
         <input_file_ref idref="fl-5"/>
      </object_component>
      <object_component id="oc-1f2">
         <name>.text._Z13drawComponenth</name>
         <load_address>0x1c924</load_address>
         <readonly>true</readonly>
         <executable>true</executable>
         <run_address>0x1c924</run_address>
         <size>0xa0</size>
         <alignment>0x4</alignment>
         <input_file_ref idref="fl-d"/>
      </object_component>
      <object_component id="oc-277">
         <name>.text.open</name>
         <load_address>0x1c9c4</load_address>
         <readonly>true</readonly>
         <executable>true</executable>
         <run_address>0x1c9c4</run_address>
         <size>0xa0</size>
         <alignment>0x4</alignment>
         <input_file_ref idref="fl-11c"/>
      </object_component>
      <object_component id="oc-348">
         <name>.text.fputc</name>
         <load_address>0x1ca64</load_address>
         <readonly>true</readonly>
         <executable>true</executable>
         <run_address>0x1ca64</run_address>
         <size>0x9c</size>
         <alignment>0x4</alignment>
         <input_file_ref idref="fl-fb"/>
      </object_component>
      <object_component id="oc-19e">
         <name>.text._Z12ST7735_InitR10initRFlags</name>
         <load_address>0x1cb00</load_address>
         <readonly>true</readonly>
         <executable>true</executable>
         <run_address>0x1cb00</run_address>
         <size>0x98</size>
         <alignment>0x4</alignment>
         <input_file_ref idref="fl-8"/>
      </object_component>
      <object_component id="oc-103">
         <name>.text._Z17ST7735_InitPrintfv</name>
         <load_address>0x1cb98</load_address>
         <readonly>true</readonly>
         <executable>true</executable>
         <run_address>0x1cb98</run_address>
         <size>0x98</size>
         <alignment>0x4</alignment>
         <input_file_ref idref="fl-8"/>
      </object_component>
      <object_component id="oc-112">
         <name>.text._Z15TimerG12_IntArmjj</name>
         <load_address>0x1cc30</load_address>
         <readonly>true</readonly>
         <executable>true</executable>
         <run_address>0x1cc30</run_address>
         <size>0x94</size>
         <alignment>0x4</alignment>
         <input_file_ref idref="fl-c"/>
      </object_component>
      <object_component id="oc-236">
         <name>.text._Z17ST7735_DrawStringttPctt</name>
         <load_address>0x1ccc4</load_address>
         <readonly>true</readonly>
         <executable>true</executable>
         <run_address>0x1ccc4</run_address>
         <size>0x90</size>
         <alignment>0x2</alignment>
         <input_file_ref idref="fl-8"/>
      </object_component>
      <object_component id="oc-84">
         <name>.text._ZN12SolderSprite4tickEv</name>
         <load_address>0x1cd54</load_address>
         <readonly>true</readonly>
         <executable>true</executable>
         <run_address>0x1cd54</run_address>
         <size>0x90</size>
         <alignment>0x2</alignment>
         <input_file_ref idref="fl-a"/>
      </object_component>
      <object_component id="oc-94">
         <name>.text._Z11getDiffLaneh</name>
         <load_address>0x1cde4</load_address>
         <readonly>true</readonly>
         <executable>true</executable>
         <run_address>0x1cde4</run_address>
         <size>0x88</size>
         <alignment>0x2</alignment>
         <input_file_ref idref="fl-5"/>
      </object_component>
      <object_component id="oc-1e4">
         <name>.text._ZL13setAddrWindowhhhh</name>
         <load_address>0x1ce6c</load_address>
         <readonly>true</readonly>
         <executable>true</executable>
         <run_address>0x1ce6c</run_address>
         <size>0x88</size>
         <alignment>0x4</alignment>
         <input_file_ref idref="fl-8"/>
      </object_component>
      <object_component id="oc-2ac">
         <name>.text._Z10Clock_Freqv</name>
         <load_address>0x1cef4</load_address>
         <readonly>true</readonly>
         <executable>true</executable>
         <run_address>0x1cef4</run_address>
         <size>0xc</size>
         <alignment>0x4</alignment>
         <input_file_ref idref="fl-2"/>
      </object_component>
      <object_component id="oc-24f">
         <name>.text:strcmp</name>
         <load_address>0x1cf00</load_address>
         <readonly>true</readonly>
         <executable>true</executable>
         <run_address>0x1cf00</run_address>
         <size>0x88</size>
         <alignment>0x10</alignment>
         <input_file_ref idref="fl-116"/>
      </object_component>
      <object_component id="oc-290">
         <name>.text._Z17ST7735_DrawStringttPcs</name>
         <load_address>0x1cf88</load_address>
         <readonly>true</readonly>
         <executable>true</executable>
         <run_address>0x1cf88</run_address>
         <size>0x84</size>
         <alignment>0x2</alignment>
         <input_file_ref idref="fl-8"/>
      </object_component>
      <object_component id="oc-e6">
         <name>.text._ZN10BeamSprite4initEha</name>
         <load_address>0x1d00c</load_address>
         <readonly>true</readonly>
         <executable>true</executable>
         <run_address>0x1d00c</run_address>
         <size>0x84</size>
         <alignment>0x4</alignment>
         <input_file_ref idref="fl-1"/>
      </object_component>
      <object_component id="oc-fd">
         <name>.text._Z14LaunchPad_Initv</name>
         <load_address>0x1d090</load_address>
         <readonly>true</readonly>
         <executable>true</executable>
         <run_address>0x1d090</run_address>
         <size>0x7c</size>
         <alignment>0x4</alignment>
         <input_file_ref idref="fl-6"/>
      </object_component>
      <object_component id="oc-109">
         <name>.text._ZN8SlidePot4InitEv</name>
         <load_address>0x1d10c</load_address>
         <readonly>true</readonly>
         <executable>true</executable>
         <run_address>0x1d10c</run_address>
         <size>0x7c</size>
         <alignment>0x4</alignment>
         <input_file_ref idref="fl-9"/>
      </object_component>
      <object_component id="oc-221">
         <name>.text.__TI_closefile</name>
         <load_address>0x1d188</load_address>
         <readonly>true</readonly>
         <executable>true</executable>
         <run_address>0x1d188</run_address>
         <size>0x7c</size>
         <alignment>0x4</alignment>
         <input_file_ref idref="fl-40"/>
      </object_component>
      <object_component id="oc-1c">
         <name>.text:decompress:lzss</name>
         <load_address>0x1d204</load_address>
         <readonly>true</readonly>
         <executable>true</executable>
         <run_address>0x1d204</run_address>
         <size>0x7c</size>
         <alignment>0x4</alignment>
         <input_file_ref idref="fl-3c"/>
      </object_component>
      <object_component id="oc-13b">
         <name>.text._Z10bgToBufferh</name>
         <load_address>0x1d280</load_address>
         <readonly>true</readonly>
         <executable>true</executable>
         <run_address>0x1d280</run_address>
         <size>0x78</size>
         <alignment>0x4</alignment>
         <input_file_ref idref="fl-5"/>
      </object_component>
      <object_component id="oc-7a">
         <name>.text._ZN10BeamSprite4tickEv</name>
         <load_address>0x1d2f8</load_address>
         <readonly>true</readonly>
         <executable>true</executable>
         <run_address>0x1d2f8</run_address>
         <size>0x76</size>
         <alignment>0x2</alignment>
         <input_file_ref idref="fl-1"/>
      </object_component>
      <object_component id="oc-e0">
         <name>.text.__aeabi_idiv0</name>
         <load_address>0x1d36e</load_address>
         <readonly>true</readonly>
         <executable>true</executable>
         <run_address>0x1d36e</run_address>
         <size>0x2</size>
         <alignment>0x2</alignment>
         <input_file_ref idref="fl-143"/>
      </object_component>
      <object_component id="oc-13f">
         <name>.text._Z14runnerToBufferv</name>
         <load_address>0x1d370</load_address>
         <readonly>true</readonly>
         <executable>true</executable>
         <run_address>0x1d370</run_address>
         <size>0x74</size>
         <alignment>0x4</alignment>
         <input_file_ref idref="fl-5"/>
      </object_component>
      <object_component id="oc-292">
         <name>.text._Z16ST7735_DrawPixelsst</name>
         <load_address>0x1d3e4</load_address>
         <readonly>true</readonly>
         <executable>true</executable>
         <run_address>0x1d3e4</run_address>
         <size>0x70</size>
         <alignment>0x4</alignment>
         <input_file_ref idref="fl-8"/>
      </object_component>
      <object_component id="oc-23d">
         <name>.text._ZNSt3__112basic_stringIcNS_11char_traitsIcEENS_9allocatorIcEEE6appendEPKcj</name>
         <load_address>0x1d454</load_address>
         <readonly>true</readonly>
         <executable>true</executable>
         <run_address>0x1d454</run_address>
         <size>0x70</size>
         <alignment>0x2</alignment>
         <input_file_ref idref="fl-e6"/>
      </object_component>
      <object_component id="oc-265">
         <name>.text.HOSTlseek</name>
         <load_address>0x1d4c4</load_address>
         <readonly>true</readonly>
         <executable>true</executable>
         <run_address>0x1d4c4</run_address>
         <size>0x6c</size>
         <alignment>0x4</alignment>
         <input_file_ref idref="fl-122"/>
      </object_component>
      <object_component id="oc-26d">
         <name>.text.HOSTrename</name>
         <load_address>0x1d530</load_address>
         <readonly>true</readonly>
         <executable>true</executable>
         <run_address>0x1d530</run_address>
         <size>0x6c</size>
         <alignment>0x4</alignment>
         <input_file_ref idref="fl-125"/>
      </object_component>
      <object_component id="oc-96">
         <name>.text._ZN15ComponentSpriteC2Ea</name>
         <load_address>0x1d59c</load_address>
         <readonly>true</readonly>
         <executable>true</executable>
         <run_address>0x1d59c</run_address>
         <size>0x6c</size>
         <alignment>0x4</alignment>
         <input_file_ref idref="fl-3"/>
      </object_component>
      <object_component id="oc-3e5">
         <name>.text.fseeko</name>
         <load_address>0x1d608</load_address>
         <readonly>true</readonly>
         <executable>true</executable>
         <run_address>0x1d608</run_address>
         <size>0x6c</size>
         <alignment>0x4</alignment>
         <input_file_ref idref="fl-49"/>
      </object_component>
      <object_component id="oc-2cd">
         <name>.text.getdevice</name>
         <load_address>0x1d674</load_address>
         <readonly>true</readonly>
         <executable>true</executable>
         <run_address>0x1d674</run_address>
         <size>0x6c</size>
         <alignment>0x4</alignment>
         <input_file_ref idref="fl-144"/>
      </object_component>
      <object_component id="oc-298">
         <name>.text._ZNSt3__112basic_stringIcNS_11char_traitsIcEENS_9allocatorIcEEE17__assign_externalEPKcj</name>
         <load_address>0x1d6e0</load_address>
         <readonly>true</readonly>
         <executable>true</executable>
         <run_address>0x1d6e0</run_address>
         <size>0x68</size>
         <alignment>0x2</alignment>
         <input_file_ref idref="fl-e6"/>
      </object_component>
      <object_component id="oc-99">
         <name>.text._ZN10DashSprite6inBeamEv</name>
         <load_address>0x1d748</load_address>
         <readonly>true</readonly>
         <executable>true</executable>
         <run_address>0x1d748</run_address>
         <size>0x64</size>
         <alignment>0x2</alignment>
         <input_file_ref idref="fl-4"/>
      </object_component>
      <object_component id="oc-a9">
         <name>.text._ZN8Switches4PollEv</name>
         <load_address>0x1d7ac</load_address>
         <readonly>true</readonly>
         <executable>true</executable>
         <run_address>0x1d7ac</run_address>
         <size>0x64</size>
         <alignment>0x4</alignment>
         <input_file_ref idref="fl-5"/>
      </object_component>
      <object_component id="oc-375">
         <name>.text.__TI_wrt_ok</name>
         <load_address>0x1d810</load_address>
         <readonly>true</readonly>
         <executable>true</executable>
         <run_address>0x1d810</run_address>
         <size>0x64</size>
         <alignment>0x2</alignment>
         <input_file_ref idref="fl-43"/>
      </object_component>
      <object_component id="oc-2e4">
         <name>.text.split</name>
         <load_address>0x1d874</load_address>
         <readonly>true</readonly>
         <executable>true</executable>
         <run_address>0x1d874</run_address>
         <size>0x64</size>
         <alignment>0x4</alignment>
         <input_file_ref idref="fl-38"/>
      </object_component>
      <object_component id="oc-255">
         <name>.text.HOSTopen</name>
         <load_address>0x1d8d8</load_address>
         <readonly>true</readonly>
         <executable>true</executable>
         <run_address>0x1d8d8</run_address>
         <size>0x60</size>
         <alignment>0x4</alignment>
         <input_file_ref idref="fl-123"/>
      </object_component>
      <object_component id="oc-f7">
         <name>.text._Z13TimerG12_Initv</name>
         <load_address>0x1d938</load_address>
         <readonly>true</readonly>
         <executable>true</executable>
         <run_address>0x1d938</run_address>
         <size>0x60</size>
         <alignment>0x4</alignment>
         <input_file_ref idref="fl-c"/>
      </object_component>
      <object_component id="oc-156">
         <name>.text._Z9PCBScreenv</name>
         <load_address>0x1d998</load_address>
         <readonly>true</readonly>
         <executable>true</executable>
         <run_address>0x1d998</run_address>
         <size>0x5c</size>
         <alignment>0x4</alignment>
         <input_file_ref idref="fl-d"/>
      </object_component>
      <object_component id="oc-25d">
         <name>.text.HOSTread</name>
         <load_address>0x1d9f4</load_address>
         <readonly>true</readonly>
         <executable>true</executable>
         <run_address>0x1d9f4</run_address>
         <size>0x58</size>
         <alignment>0x4</alignment>
         <input_file_ref idref="fl-124"/>
      </object_component>
      <object_component id="oc-261">
         <name>.text.HOSTwrite</name>
         <load_address>0x1da4c</load_address>
         <readonly>true</readonly>
         <executable>true</executable>
         <run_address>0x1da4c</run_address>
         <size>0x58</size>
         <alignment>0x4</alignment>
         <input_file_ref idref="fl-127"/>
      </object_component>
      <object_component id="oc-38">
         <name>.text.SysTick_Handler</name>
         <load_address>0x1daa4</load_address>
         <readonly>true</readonly>
         <executable>true</executable>
         <run_address>0x1daa4</run_address>
         <size>0x58</size>
         <alignment>0x4</alignment>
         <input_file_ref idref="fl-5"/>
      </object_component>
      <object_component id="oc-120">
         <name>.text._Z6drawBgv</name>
         <load_address>0x1dafc</load_address>
         <readonly>true</readonly>
         <executable>true</executable>
         <run_address>0x1dafc</run_address>
         <size>0x58</size>
         <alignment>0x4</alignment>
         <input_file_ref idref="fl-8"/>
      </object_component>
      <object_component id="oc-2eb">
         <name>.text.__clzsi2</name>
         <load_address>0x1db54</load_address>
         <readonly>true</readonly>
         <executable>true</executable>
         <run_address>0x1db54</run_address>
         <size>0x58</size>
         <alignment>0x2</alignment>
         <input_file_ref idref="fl-136"/>
      </object_component>
      <object_component id="oc-8f">
         <name>.text.__aeabi_idivmod</name>
         <load_address>0x1dbac</load_address>
         <readonly>true</readonly>
         <executable>true</executable>
         <run_address>0x1dbac</run_address>
         <size>0x56</size>
         <alignment>0x4</alignment>
         <input_file_ref idref="fl-139"/>
      </object_component>
      <object_component id="oc-186">
         <name>.text._nop</name>
         <load_address>0x1dc02</load_address>
         <readonly>true</readonly>
         <executable>true</executable>
         <run_address>0x1dc02</run_address>
         <size>0x2</size>
         <alignment>0x2</alignment>
         <input_file_ref idref="fl-34"/>
      </object_component>
      <object_component id="oc-178">
         <name>.text:__TI_auto_init_nobinit</name>
         <load_address>0x1dc04</load_address>
         <readonly>true</readonly>
         <executable>true</executable>
         <run_address>0x1dc04</run_address>
         <size>0x54</size>
         <alignment>0x4</alignment>
         <input_file_ref idref="fl-45"/>
      </object_component>
      <object_component id="oc-27b">
         <name>.text.__TI_doflush</name>
         <load_address>0x1dc58</load_address>
         <readonly>true</readonly>
         <executable>true</executable>
         <run_address>0x1dc58</run_address>
         <size>0x52</size>
         <alignment>0x2</alignment>
         <input_file_ref idref="fl-41"/>
      </object_component>
      <object_component id="oc-281">
         <name>.text.close</name>
         <load_address>0x1dcac</load_address>
         <readonly>true</readonly>
         <executable>true</executable>
         <run_address>0x1dcac</run_address>
         <size>0x50</size>
         <alignment>0x4</alignment>
         <input_file_ref idref="fl-11e"/>
      </object_component>
      <object_component id="oc-1e8">
         <name>.text._Z5bgPixhh</name>
         <load_address>0x1dcfc</load_address>
         <readonly>true</readonly>
         <executable>true</executable>
         <run_address>0x1dcfc</run_address>
         <size>0x4c</size>
         <alignment>0x4</alignment>
         <input_file_ref idref="fl-8"/>
      </object_component>
      <object_component id="oc-23b">
         <name>.text._ZNSt3__112basic_stringIcNS_11char_traitsIcEENS_9allocatorIcEEE16__init_with_sizeB8nn180100IPcS7_EEvT_T0_j</name>
         <load_address>0x1dd48</load_address>
         <readonly>true</readonly>
         <executable>true</executable>
         <run_address>0x1dd48</run_address>
         <size>0x4c</size>
         <alignment>0x2</alignment>
         <input_file_ref idref="fl-e6"/>
      </object_component>
      <object_component id="oc-327">
         <name>.text.vfprintf</name>
         <load_address>0x1dd94</load_address>
         <readonly>true</readonly>
         <executable>true</executable>
         <run_address>0x1dd94</run_address>
         <size>0x4c</size>
         <alignment>0x4</alignment>
         <input_file_ref idref="fl-f9"/>
      </object_component>
      <object_component id="oc-259">
         <name>.text.HOSTclose</name>
         <load_address>0x1dde0</load_address>
         <readonly>true</readonly>
         <executable>true</executable>
         <run_address>0x1dde0</run_address>
         <size>0x48</size>
         <alignment>0x4</alignment>
         <input_file_ref idref="fl-121"/>
      </object_component>
      <object_component id="oc-269">
         <name>.text.HOSTunlink</name>
         <load_address>0x1de28</load_address>
         <readonly>true</readonly>
         <executable>true</executable>
         <run_address>0x1de28</run_address>
         <size>0x48</size>
         <alignment>0x4</alignment>
         <input_file_ref idref="fl-126"/>
      </object_component>
      <object_component id="oc-102">
         <name>.text._Z10Sound_Initv</name>
         <load_address>0x1de70</load_address>
         <readonly>true</readonly>
         <executable>true</executable>
         <run_address>0x1de70</run_address>
         <size>0x48</size>
         <alignment>0x4</alignment>
         <input_file_ref idref="fl-5"/>
      </object_component>
      <object_component id="oc-1bc">
         <name>.text._Z14SPI_OutCommandc</name>
         <load_address>0x1deb8</load_address>
         <readonly>true</readonly>
         <executable>true</executable>
         <run_address>0x1deb8</run_address>
         <size>0x48</size>
         <alignment>0x4</alignment>
         <input_file_ref idref="fl-7"/>
      </object_component>
      <object_component id="oc-11f">
         <name>.text._ZN10DashSprite10initHealthEv</name>
         <load_address>0x1df00</load_address>
         <readonly>true</readonly>
         <executable>true</executable>
         <run_address>0x1df00</run_address>
         <size>0x48</size>
         <alignment>0x4</alignment>
         <input_file_ref idref="fl-4"/>
      </object_component>
      <object_component id="oc-a3">
         <name>.text._ZN8SlidePot2InEv</name>
         <load_address>0x1df48</load_address>
         <readonly>true</readonly>
         <executable>true</executable>
         <run_address>0x1df48</run_address>
         <size>0x48</size>
         <alignment>0x4</alignment>
         <input_file_ref idref="fl-9"/>
      </object_component>
      <object_component id="oc-1e7">
         <name>.text._ZNSt3__112basic_stringIcNS_11char_traitsIcEENS_9allocatorIcEEE17__assign_no_aliasILb0EEERS5_PKcj</name>
         <load_address>0x1df90</load_address>
         <readonly>true</readonly>
         <executable>true</executable>
         <run_address>0x1df90</run_address>
         <size>0x46</size>
         <alignment>0x2</alignment>
         <input_file_ref idref="fl-e6"/>
      </object_component>
      <object_component id="oc-3d">
         <name>.text.TIMG7_IRQHandler</name>
         <load_address>0x1dfd8</load_address>
         <readonly>true</readonly>
         <executable>true</executable>
         <run_address>0x1dfd8</run_address>
         <size>0x40</size>
         <alignment>0x4</alignment>
         <input_file_ref idref="fl-b"/>
      </object_component>
      <object_component id="oc-2ad">
         <name>.text._Z9SPI_Resetv</name>
         <load_address>0x1e018</load_address>
         <readonly>true</readonly>
         <executable>true</executable>
         <run_address>0x1e018</run_address>
         <size>0x40</size>
         <alignment>0x4</alignment>
         <input_file_ref idref="fl-7"/>
      </object_component>
      <object_component id="oc-1e6">
         <name>.text._ZNSt3__112basic_stringIcNS_11char_traitsIcEENS_9allocatorIcEEE17__assign_no_aliasILb1EEERS5_PKcj</name>
         <load_address>0x1e058</load_address>
         <readonly>true</readonly>
         <executable>true</executable>
         <run_address>0x1e058</run_address>
         <size>0x40</size>
         <alignment>0x2</alignment>
         <input_file_ref idref="fl-e6"/>
      </object_component>
      <object_component id="oc-157">
         <name>.text.__aeabi_uidivmod</name>
         <load_address>0x1e098</load_address>
         <readonly>true</readonly>
         <executable>true</executable>
         <run_address>0x1e098</run_address>
         <size>0x40</size>
         <alignment>0x4</alignment>
         <input_file_ref idref="fl-13d"/>
      </object_component>
      <object_component id="oc-21d">
         <name>.text._search_fp</name>
         <load_address>0x1e0d8</load_address>
         <readonly>true</readonly>
         <executable>true</executable>
         <run_address>0x1e0d8</run_address>
         <size>0x40</size>
         <alignment>0x4</alignment>
         <input_file_ref idref="fl-30"/>
      </object_component>
      <object_component id="oc-a1">
         <name>.text._Z11Sound_StartPKht</name>
         <load_address>0x1e118</load_address>
         <readonly>true</readonly>
         <executable>true</executable>
         <run_address>0x1e118</run_address>
         <size>0x3c</size>
         <alignment>0x4</alignment>
         <input_file_ref idref="fl-5"/>
      </object_component>
      <object_component id="oc-19d">
         <name>.text._Z9DAC5_Initv</name>
         <load_address>0x1e154</load_address>
         <readonly>true</readonly>
         <executable>true</executable>
         <run_address>0x1e154</run_address>
[...]
         <value>0x20204f74</value>
         <object_component_ref idref="oc-200"/>
      </symbol>
      <symbol id="sm-35c">
         <name>exit</name>
         <value>0x1e525</value>
         <object_component_ref idref="oc-170"/>
      </symbol>
      <symbol id="sm-365">
         <name>_nop</name>
         <value>0x1dc03</value>
         <object_component_ref idref="oc-186"/>
      </symbol>
      <symbol id="sm-366">
         <name>_lock</name>
         <value>0x20204fa0</value>
         <object_component_ref idref="oc-da"/>
      </symbol>
      <symbol id="sm-367">
         <name>_unlock</name>
         <value>0x20204fa4</value>
         <object_component_ref idref="oc-dd"/>
      </symbol>
      <symbol id="sm-36d">
         <name>_ftable</name>
         <value>0x20204d68</value>
         <object_component_ref idref="oc-1b7"/>
      </symbol>
      <symbol id="sm-36e">
         <name>__TI_ft_end</name>
         <value>0x20204f98</value>
         <object_component_ref idref="oc-276"/>
      </symbol>
      <symbol id="sm-36f">
         <name>__TI_tmpnams</name>
         <value>0x20202c9c</value>
         <object_component_ref idref="oc-289"/>
      </symbol>
      <symbol id="sm-378">
         <name>memcmp</name>
         <value>0x1eb29</value>
         <object_component_ref idref="oc-2a0"/>
      </symbol>
      <symbol id="sm-39b">
         <name>malloc</name>
         <value>0x1ef3d</value>
         <object_component_ref idref="oc-229"/>
      </symbol>
      <symbol id="sm-39c">
         <name>aligned_alloc</name>
         <value>0x1b2cd</value>
         <object_component_ref idref="oc-28f"/>
      </symbol>
      <symbol id="sm-39d">
         <name>free</name>
         <value>0x1bbb5</value>
         <object_component_ref idref="oc-227"/>
      </symbol>
      <symbol id="sm-39e">
         <name>_sys_memory</name>
         <value>0x20202d68</value>
         <object_component_ref idref="oc-30"/>
      </symbol>
      <symbol id="sm-39f">
         <name>memalign</name>
         <value>0x1b2cd</value>
         <object_component_ref idref="oc-28f"/>
      </symbol>
      <symbol id="sm-3af">
         <name>rand</name>
         <value>0x1e2ad</value>
         <object_component_ref idref="oc-89"/>
      </symbol>
      <symbol id="sm-3b0">
         <name>srand</name>
         <value>0x1ea41</value>
         <object_component_ref idref="oc-108"/>
      </symbol>
      <symbol id="sm-3ba">
         <name>__TI_zero_init</name>
         <value>0x1ee69</value>
         <object_component_ref idref="oc-5b"/>
      </symbol>
      <symbol id="sm-3c3">
         <name>__TI_decompress_none</name>
         <value>0x1ede5</value>
         <object_component_ref idref="oc-20"/>
      </symbol>
      <symbol id="sm-3ce">
         <name>__TI_decompress_lzss</name>
         <value>0x1d205</value>
         <object_component_ref idref="oc-1c"/>
      </symbol>
      <symbol id="sm-3d9">
         <name>_c_int00_noargs</name>
         <value>0x1e8f5</value>
         <object_component_ref idref="oc-5e"/>
      </symbol>
      <symbol id="sm-3da">
         <name>__stack</name>
         <value>0x20206000</value>
         <object_component_ref idref="oc-1a"/>
      </symbol>
      <symbol id="sm-3e7">
         <name>__TI_closefile</name>
         <value>0x1d189</value>
         <object_component_ref idref="oc-221"/>
      </symbol>
      <symbol id="sm-3f1">
         <name>__TI_doflush</name>
         <value>0x1dc59</value>
         <object_component_ref idref="oc-27b"/>
      </symbol>
      <symbol id="sm-3fc">
         <name>fputs</name>
         <value>0x1b7e9</value>
         <object_component_ref idref="oc-342"/>
      </symbol>
      <symbol id="sm-406">
         <name>__TI_wrt_ok</name>
         <value>0x1d811</value>
         <object_component_ref idref="oc-375"/>
      </symbol>
      <symbol id="sm-412">
         <name>__TI_auto_init_nobinit</name>
         <value>0x1dc05</value>
         <object_component_ref idref="oc-178"/>
      </symbol>
      <symbol id="sm-41a">
         <name>_system_pre_init</name>
         <value>0x1efe9</value>
         <object_component_ref idref="oc-ba"/>
      </symbol>
      <symbol id="sm-431">
         <name>__TI_printfi_minimal</name>
         <value>0x1a54d</value>
         <object_component_ref idref="oc-33a"/>
      </symbol>
      <symbol id="sm-43e">
         <name>fseek</name>
         <value>0x1efd5</value>
         <object_component_ref idref="oc-3c6"/>
      </symbol>
      <symbol id="sm-43f">
         <name>fseeko</name>
         <value>0x1d609</value>
         <object_component_ref idref="oc-3e5"/>
      </symbol>
      <symbol id="sm-44c">
         <name>memccpy</name>
         <value>0x1ea65</value>
         <object_component_ref idref="oc-350"/>
      </symbol>
      <symbol id="sm-496">
         <name>_ZNSt3__112basic_stringIcNS_11char_traitsIcEENS_9allocatorIcEEE21__grow_by_and_replaceEjjjjjjPKc</name>
         <value>0x1c45d</value>
         <object_component_ref idref="oc-248"/>
      </symbol>
      <symbol id="sm-497">
         <name>_ZNKSt3__112basic_stringIcNS_11char_traitsIcEENS_9allocatorIcEEE20__throw_length_errorB8nn180100Ev</name>
         <value>0x1ef0d</value>
         <object_component_ref idref="oc-29c"/>
      </symbol>
      <symbol id="sm-498">
         <name>_ZNSt3__120__throw_length_errorB8nn180100EPKc</name>
         <value>0x1ef19</value>
         <object_component_ref idref="oc-2fa"/>
      </symbol>
      <symbol id="sm-499">
         <name>_ZNSt3__112basic_stringIcNS_11char_traitsIcEENS_9allocatorIcEEED2Ev</name>
         <value>0x1ecd5</value>
         <object_component_ref idref="oc-136"/>
      </symbol>
      <symbol id="sm-49a">
         <name>_ZNSt3__112basic_stringIcNS_11char_traitsIcEENS_9allocatorIcEEE17__assign_externalEPKcj</name>
         <value>0x1d6e1</value>
         <object_component_ref idref="oc-298"/>
      </symbol>
      <symbol id="sm-49b">
         <name>_ZNSt3__112basic_stringIcNS_11char_traitsIcEENS_9allocatorIcEEE6appendEPKcj</name>
         <value>0x1d455</value>
         <object_component_ref idref="oc-23d"/>
      </symbol>
      <symbol id="sm-49c">
         <name>_ZNSt3__112basic_stringIcNS_11char_traitsIcEENS_9allocatorIcEEE6assignEPKc</name>
         <value>0x1efa3</value>
         <object_component_ref idref="oc-1d7"/>
      </symbol>
      <symbol id="sm-49d">
         <name>_ZNSt3__112basic_stringIcNS_11char_traitsIcEENS_9allocatorIcEEE17__assign_externalEPKc</name>
         <value>0x1ec11</value>
         <object_component_ref idref="oc-239"/>
      </symbol>
      <symbol id="sm-49e">
         <name>_ZNSt3__112basic_stringIcNS_11char_traitsIcEENS_9allocatorIcEEEaSERKS5_</name>
         <value>0x1e191</value>
         <object_component_ref idref="oc-13a"/>
      </symbol>
      <symbol id="sm-49f">
         <name>_ZNSt3__112basic_stringIcNS_11char_traitsIcEENS_9allocatorIcEEE17__assign_no_aliasILb1EEERS5_PKcj</name>
         <value>0x1e059</value>
         <object_component_ref idref="oc-1e6"/>
      </symbol>
      <symbol id="sm-4a0">
         <name>_ZNSt3__112basic_stringIcNS_11char_traitsIcEENS_9allocatorIcEEE17__assign_no_aliasILb0EEERS5_PKcj</name>
         <value>0x1df91</value>
         <object_component_ref idref="oc-1e7"/>
      </symbol>
      <symbol id="sm-4a1">
         <name>_ZNSt3__112basic_stringIcNS_11char_traitsIcEENS_9allocatorIcEEED1Ev</name>
         <value>0x1ecd5</value>
         <object_component_ref idref="oc-136"/>
      </symbol>
      <symbol id="sm-4a2">
         <name>_ZNSt3__19to_stringEi</name>
         <value>0x1ea1d</value>
         <object_component_ref idref="oc-12f"/>
      </symbol>
      <symbol id="sm-4a3">
         <name>_ZNSt3__115__to_chars_itoaB8nn180100IiEENS_15to_chars_resultEPcS2_T_NS_17integral_constantIbLb1EEE</name>
         <value>0x1eb85</value>
         <object_component_ref idref="oc-1d8"/>
      </symbol>
      <symbol id="sm-4a4">
         <name>_ZNSt3__112basic_stringIcNS_11char_traitsIcEENS_9allocatorIcEEE6__initIPcTnNS_9enable_ifIXsr31__has_forward_iterator_categoryIT_EE5valueEiE4typeELi0EEEvS9_S9_</name>
         <value>0x1ef85</value>
         <object_component_ref idref="oc-1d9"/>
      </symbol>
      <symbol id="sm-4a5">
         <name>_ZNSt3__16__itoa13__base_10_u32B8nn180100EPcj</name>
         <value>0x1c02d</value>
         <object_component_ref idref="oc-29a"/>
      </symbol>
      <symbol id="sm-4a6">
         <name>_ZNSt3__115__to_chars_itoaB8nn180100IjEENS_15to_chars_resultEPcS2_T_NS_17integral_constantIbLb0EEE</name>
         <value>0x1e23d</value>
         <object_component_ref idref="oc-23a"/>
      </symbol>
      <symbol id="sm-4a7">
         <name>_ZNSt3__16__itoa13__traits_baseIjvE7__widthB8nn180100Ej</name>
         <value>0x1e5f1</value>
         <object_component_ref idref="oc-299"/>
      </symbol>
      <symbol id="sm-4a8">
         <name>_ZNSt3__16__itoa10__pow10_32E</name>
         <value>0x189d8</value>
         <object_component_ref idref="oc-2ef"/>
      </symbol>
      <symbol id="sm-4a9">
         <name>_ZNSt3__16__itoa9__append7B8nn180100EPcj</name>
         <value>0x1e9d5</value>
         <object_component_ref idref="oc-2f0"/>
      </symbol>
      <symbol id="sm-4aa">
         <name>_ZNSt3__16__itoa9__append5B8nn180100EPcj</name>
         <value>0x1e9b1</value>
         <object_component_ref idref="oc-2f1"/>
      </symbol>
      <symbol id="sm-4ab">
         <name>_ZNSt3__16__itoa9__append9B8nn180100EPcj</name>
         <value>0x1e9f9</value>
         <object_component_ref idref="oc-2f2"/>
      </symbol>
      <symbol id="sm-4ac">
         <name>_ZNSt3__16__itoa9__append8B8nn180100EPcj</name>
         <value>0x1e455</value>
         <object_component_ref idref="oc-2f3"/>
      </symbol>
      <symbol id="sm-4ad">
         <name>_ZNSt3__16__itoa9__append6B8nn180100EPcj</name>
         <value>0x1e421</value>
         <object_component_ref idref="oc-2f4"/>
      </symbol>
      <symbol id="sm-4ae">
         <name>_ZNSt3__16__itoa10__append10B8nn180100IjEEPcS2_T_</name>
         <value>0x1e3ed</value>
         <object_component_ref idref="oc-2f5"/>
      </symbol>
      <symbol id="sm-4af">
         <name>_ZNSt3__16__itoa9__append4B8nn180100EPcj</name>
         <value>0x1e275</value>
         <object_component_ref idref="oc-2f6"/>
      </symbol>
      <symbol id="sm-4b0">
         <name>_ZNSt3__16__itoa16__digits_base_10E</name>
         <value>0x187fc</value>
         <object_component_ref idref="oc-2f7"/>
      </symbol>
      <symbol id="sm-4b1">
         <name>_ZNSt3__112basic_stringIcNS_11char_traitsIcEENS_9allocatorIcEEE16__init_with_sizeB8nn180100IPcS7_EEvT_T0_j</name>
         <value>0x1dd49</value>
         <object_component_ref idref="oc-23b"/>
      </symbol>
      <symbol id="sm-4bb">
         <name>_ZNSt3__122__libcpp_verbose_abortEPKcz</name>
         <value>0x1eb09</value>
         <object_component_ref idref="oc-31b"/>
      </symbol>
      <symbol id="sm-4ce">
         <name>_Znwj</name>
         <value>0x1ed39</value>
         <object_component_ref idref="oc-29b"/>
      </symbol>
      <symbol id="sm-4cf">
         <name>_Z22__throw_bad_alloc_shimv</name>
         <value>0x1eef5</value>
         <object_component_ref idref="oc-2f9"/>
      </symbol>
      <symbol id="sm-4d0">
         <name>_ZdlPv</name>
         <value>0x1efab</value>
         <object_component_ref idref="oc-1dd"/>
      </symbol>
      <symbol id="sm-4db">
         <name>_ZSt15get_new_handlerv</name>
         <value>0x1ef25</value>
         <object_component_ref idref="oc-310"/>
      </symbol>
      <symbol id="sm-4e4">
         <name>abort_message</name>
         <value>0x1efed</value>
         <object_component_ref idref="oc-316"/>
      </symbol>
      <symbol id="sm-4eb">
         <name>__cxa_new_handler</name>
         <value>0x20204f9c</value>
         <object_component_ref idref="oc-320"/>
      </symbol>
      <symbol id="sm-509">
         <name>vfprintf</name>
         <value>0x1dd95</value>
         <object_component_ref idref="oc-327"/>
      </symbol>
      <symbol id="sm-515">
         <name>fputc</name>
         <value>0x1ca65</value>
         <object_component_ref idref="oc-348"/>
      </symbol>
      <symbol id="sm-523">
         <name>strlen</name>
         <value>0x1eebf</value>
         <object_component_ref idref="oc-294"/>
      </symbol>
      <symbol id="sm-53f">
         <name>strcmp</name>
         <value>0x1cf01</value>
         <object_component_ref idref="oc-24f"/>
      </symbol>
      <symbol id="sm-54a">
         <name>write</name>
         <value>0x1e8cd</value>
         <object_component_ref idref="oc-2d3"/>
      </symbol>
      <symbol id="sm-54f">
         <name>_device</name>
         <value>0x20204e58</value>
         <object_component_ref idref="oc-218"/>
      </symbol>
      <symbol id="sm-550">
         <name>_stream</name>
         <value>0x20204ed0</value>
         <object_component_ref idref="oc-2cf"/>
      </symbol>
      <symbol id="sm-559">
         <name>remove</name>
         <value>0x1efdd</value>
         <object_component_ref idref="oc-285"/>
      </symbol>
      <symbol id="sm-566">
         <name>open</name>
         <value>0x1c9c5</value>
         <object_component_ref idref="oc-277"/>
      </symbol>
      <symbol id="sm-570">
         <name>lseek</name>
         <value>0x1e87d</value>
         <object_component_ref idref="oc-3e9"/>
      </symbol>
      <symbol id="sm-57a">
         <name>close</name>
         <value>0x1dcad</value>
         <object_component_ref idref="oc-281"/>
      </symbol>
      <symbol id="sm-586">
         <name>add_device</name>
         <value>0x1bac9</value>
         <object_component_ref idref="oc-19f"/>
      </symbol>
      <symbol id="sm-590">
         <name>unlink</name>
         <value>0x1e735</value>
         <object_component_ref idref="oc-2dc"/>
      </symbol>
      <symbol id="sm-59a">
         <name>HOSTclose</name>
         <value>0x1dde1</value>
         <object_component_ref idref="oc-259"/>
      </symbol>
      <symbol id="sm-5a4">
         <name>HOSTlseek</name>
         <value>0x1d4c5</value>
         <object_component_ref idref="oc-265"/>
      </symbol>
      <symbol id="sm-5ae">
         <name>HOSTopen</name>
         <value>0x1d8d9</value>
         <object_component_ref idref="oc-255"/>
      </symbol>
      <symbol id="sm-5af">
         <name>parmbuf</name>
         <value>0x20202d3c</value>
         <object_component_ref idref="oc-2b6"/>
      </symbol>
      <symbol id="sm-5b9">
         <name>HOSTread</name>
         <value>0x1d9f5</value>
         <object_component_ref idref="oc-25d"/>
      </symbol>
      <symbol id="sm-5ca">
         <name>HOSTrename</name>
         <value>0x1d531</value>
         <object_component_ref idref="oc-26d"/>
      </symbol>
      <symbol id="sm-5d4">
         <name>HOSTunlink</name>
         <value>0x1de29</value>
         <object_component_ref idref="oc-269"/>
      </symbol>
      <symbol id="sm-5de">
         <name>HOSTwrite</name>
         <value>0x1da4d</value>
         <object_component_ref idref="oc-261"/>
      </symbol>
      <symbol id="sm-5ec">
         <name>C$$IO$$</name>
         <value>0x1e51d</value>
         <object_component_ref idref="oc-2af"/>
      </symbol>
      <symbol id="sm-5ed">
         <name>__TI_writemsg</name>
         <value>0x1e4f1</value>
         <object_component_ref idref="oc-2af"/>
      </symbol>
      <symbol id="sm-5ee">
         <name>__CIOBUF_</name>
         <value>0x20202b7c</value>
         <object_component_ref idref="oc-304"/>
      </symbol>
      <symbol id="sm-5ef">
         <name>__TI_readmsg</name>
         <value>0x1e4bd</value>
         <object_component_ref idref="oc-2b5"/>
      </symbol>
      <symbol id="sm-5f0">
         <name>_CIOBUF_</name>
         <value>0x20202b7c</value>
         <object_component_ref idref="oc-304"/>
      </symbol>
      <symbol id="sm-5f9">
         <name>__clzsi2</name>
         <value>0x1db55</value>
         <object_component_ref idref="oc-2eb"/>
      </symbol>
      <symbol id="sm-5ff">
         <name>__aeabi_idiv</name>
         <value>0x1dbad</value>
         <object_component_ref idref="oc-8f"/>
      </symbol>
      <symbol id="sm-600">
         <name>__aeabi_idivmod</name>
         <value>0x1dbad</value>
         <object_component_ref idref="oc-8f"/>
      </symbol>
      <symbol id="sm-606">
         <name>__aeabi_memcpy</name>
         <value>0x1efb5</value>
         <object_component_ref idref="oc-4e"/>
      </symbol>
      <symbol id="sm-607">
         <name>__aeabi_memcpy4</name>
         <value>0x1efb5</value>
         <object_component_ref idref="oc-4e"/>
      </symbol>
      <symbol id="sm-608">
         <name>__aeabi_memcpy8</name>
         <value>0x1efb5</value>
         <object_component_ref idref="oc-4e"/>
      </symbol>
      <symbol id="sm-60e">
         <name>__aeabi_memmove</name>
         <value>0x1efbd</value>
         <object_component_ref idref="oc-244"/>
      </symbol>
      <symbol id="sm-60f">
         <name>__aeabi_memmove4</name>
         <value>0x1efbd</value>
         <object_component_ref idref="oc-244"/>
      </symbol>
      <symbol id="sm-610">
         <name>__aeabi_memmove8</name>
         <value>0x1efbd</value>
         <object_component_ref idref="oc-244"/>
      </symbol>
      <symbol id="sm-619">
         <name>__aeabi_memset</name>
         <value>0x1ee95</value>
         <object_component_ref idref="oc-34f"/>
      </symbol>
      <symbol id="sm-61a">
         <name>__aeabi_memset4</name>
         <value>0x1ee95</value>
         <object_component_ref idref="oc-34f"/>
      </symbol>
      <symbol id="sm-61b">
         <name>__aeabi_memset8</name>
         <value>0x1ee95</value>
         <object_component_ref idref="oc-34f"/>
      </symbol>
      <symbol id="sm-61c">
         <name>__aeabi_memclr</name>
         <value>0x1ef31</value>
         <object_component_ref idref="oc-b5"/>
      </symbol>
      <symbol id="sm-61d">
         <name>__aeabi_memclr4</name>
         <value>0x1ef31</value>
         <object_component_ref idref="oc-b5"/>
      </symbol>
      <symbol id="sm-61e">
         <name>__aeabi_memclr8</name>
         <value>0x1ef31</value>
         <object_component_ref idref="oc-b5"/>
      </symbol>
      <symbol id="sm-624">
         <name>__aeabi_uidiv</name>
         <value>0x1e099</value>
         <object_component_ref idref="oc-157"/>
      </symbol>
      <symbol id="sm-625">
         <name>__aeabi_uidivmod</name>
         <value>0x1e099</value>
         <object_component_ref idref="oc-157"/>
      </symbol>
      <symbol id="sm-630">
         <name>__aeabi_idiv0</name>
         <value>0x1d36f</value>
         <object_component_ref idref="oc-e0"/>
      </symbol>
      <symbol id="sm-63e">
         <name>finddevice</name>
         <value>0x1e559</value>
         <object_component_ref idref="oc-211"/>
      </symbol>
      <symbol id="sm-63f">
         <name>getdevice</name>
         <value>0x1d675</value>
         <object_component_ref idref="oc-2cd"/>
      </symbol>
      <symbol id="sm-648">
         <name>TI_memcpy_small</name>
         <value>0x1edd3</value>
         <object_component_ref idref="oc-ed"/>
      </symbol>
      <symbol id="sm-651">
         <name>TI_memset_small</name>
         <value>0x1eedb</value>
         <object_component_ref idref="oc-190"/>
      </symbol>
      <symbol id="sm-65a">
         <name>memmove</name>
         <value>0x1e8a5</value>
         <object_component_ref idref="oc-2a6"/>
      </symbol>
      <symbol id="sm-65b">
         <name>__TI_static_base__</name>
         <value>0x0</value>
      </symbol>
      <symbol id="sm-65e">
         <name>__mpu_init</name>
         <value>0x0</value>
      </symbol>
      <symbol id="sm-65f">
         <name>_system_post_cinit</name>
         <value>0x0</value>
      </symbol>
   </symbol_table>
   <title>Link successful</title>
</link_info>
