******************************************************************************
            TI ARM Clang Linker Unix v4.0.1                    
******************************************************************************
>> Linked Tue Apr 15 22:00:58 2025

OUTPUT FILE NAME:   <ECE319K_Lab9H.out>
ENTRY POINT SYMBOL: "_c_int00_noargs"  address: 0000cbed


MEMORY CONFIGURATION

         name            origin    length      used     unused   attr    fill
----------------------  --------  ---------  --------  --------  ----  --------
  FLASH                 00000000   00020000  0000ce88  00013178  R  X
  SRAM                  20200000   00008000  000027d5  0000582b  RW X
  BCR_CONFIG            41c00000   00000080  00000000  00000080  R   
  BSL_CONFIG            41c00100   00000080  00000000  00000080  R   


SEGMENT ALLOCATION MAP

run origin  load origin   length   init length attrs members
----------  ----------- ---------- ----------- ----- -------
00000000    00000000    0000ce88   0000ce88    r-x
  00000000    00000000    000000c0   000000c0    r-- .intvecs
  000000c0    000000c0    0000ab80   0000ab80    r-- .rodata
  0000ac40    0000ac40    000021b0   000021b0    r-x .text
  0000cdf0    0000cdf0    00000008   00000008    r-- .init_array
  0000cdf8    0000cdf8    00000090   00000090    r-- .cinit
20200000    20200000    000025d8   00000000    rw-
  20200000    20200000    000021fd   00000000    rw- .data
  20202200    20202200    00000200   00000000    rw- .sysmem
  20202400    20202400    000001d8   00000000    rw- .bss
20207e00    20207e00    00000200   00000000    rw-
  20207e00    20207e00    00000200   00000000    rw- .stack


SECTION ALLOCATION MAP

 output                                  attributes/
section   page    origin      length       input sections
--------  ----  ----------  ----------   ----------------
.intvecs   0    00000000    000000c0     
                  00000000    000000c0     startup_mspm0g3507_ticlang.o (.intvecs)

.binit     0    00000000    00000000     

.text      0    0000ac40    000021b0     
                  0000ac40    00000210     ST7735.o (.text._Z17ST7735_DrawBitmapssPKtss)
                  0000ae50    000001b4     Clock.o (.text._Z15Clock_Init80MHzi)
                  0000b004    000001a0     ST7735.o (.text._Z16ST7735_DrawCharSsscssh)
                  0000b1a4    00000180     SmallFont.o (.text._Z21SmallFont_OutVerticaljss)
                  0000b324    00000154     libc.a : fopen.c.obj (.text._openfile)
                  0000b478    00000118     ST7735.o (.text._Z15ST7735_FillRectsssst)
                  0000b590    00000114     libc.a : memory.c.obj (.text.aligned_alloc)
                  0000b6a4    000000f8     SPI.o (.text._Z8SPI_Initv)
                  0000b79c    000000f4     ST7735.o (.text._Z18ST7735_SetRotationh)
                  0000b890    000000ec     libsysbm.a : add_device.c.obj (.text.add_device)
                  0000b97c    000000e8     libc.a : memory.c.obj (.text.free)
                  0000ba64    000000e8     Lab9HMain.o (.text.main)
                  0000bb4c    000000e0     libc.a : setvbuf.c.obj (.text.setvbuf)
                  0000bc2c    000000d0     ST7735.o (.text._Z14ST7735_OutCharc)
                  0000bcfc    000000a2     ST7735.o (.text._ZL11commandListPKh)
                  0000bd9e    00000002     Sound.o (.text.SysTick_Handler)
                  0000bda0    000000a0     libsysbm.a : open.c.obj (.text.open)
                  0000be40    0000009c     ST7735.o (.text._Z17ST7735_InitPrintfv)
                  0000bedc    00000098     ST7735.o (.text._Z12ST7735_InitR10initRFlags)
                  0000bf74    00000088     ST7735.o (.text._ZL13setAddrWindowhhhh)
                  0000bffc    00000004     libc.a : pre_init.c.obj (.text._system_pre_init)
                  0000c000    00000088            : strcmp-armv6m.S.obj (.text:strcmp)
                  0000c088    00000084     ST7735.o (.text._Z17ST7735_DrawStringttPcs)
                  0000c10c    0000007c     LaunchPad.o (.text._Z14LaunchPad_Initv)
                  0000c188    0000007c     libc.a : fclose.c.obj (.text.__TI_closefile)
                  0000c204    0000007c            : copy_decompress_lzss.c.obj (.text:decompress:lzss)
                  0000c280    00000070     ST7735.o (.text._Z16ST7735_DrawPixelsst)
                  0000c2f0    0000006c     libsysbm.a : hostlseek.c.obj (.text.HOSTlseek)
                  0000c35c    0000006c                : hostrename.c.obj (.text.HOSTrename)
                  0000c3c8    0000006c     libc.a : getdevice.c.obj (.text.getdevice)
                  0000c434    00000064            : memory.c.obj (.text.split)
                  0000c498    00000060     libsysbm.a : hostopen.c.obj (.text.HOSTopen)
                  0000c4f8    00000058                : hostread.c.obj (.text.HOSTread)
                  0000c550    00000058                : hostwrite.c.obj (.text.HOSTwrite)
                  0000c5a8    00000054     libc.a : autoinit.c.obj (.text:__TI_auto_init_nobinit)
                  0000c5fc    00000052            : fflush.c.obj (.text.__TI_doflush)
                  0000c64e    00000002     libclang_rt.builtins.a : aeabi_div0.c.obj (.text.__aeabi_idiv0)
                  0000c650    00000050     libsysbm.a : close.c.obj (.text.close)
                  0000c6a0    00000048                : hostclose.c.obj (.text.HOSTclose)
                  0000c6e8    00000048                : hostunlink.c.obj (.text.HOSTunlink)
                  0000c730    00000048     SPI.o (.text._Z14SPI_OutCommandc)
                  0000c778    00000040     TExaS.o (.text.TIMG7_IRQHandler)
                  0000c7b8    00000040     SPI.o (.text._Z9SPI_Resetv)
                  0000c7f8    00000040     libclang_rt.builtins.a : aeabi_uidivmod.S.obj (.text.__aeabi_uidivmod)
                  0000c838    00000040     libc.a : fopen.c.obj (.text._search_fp)
                  0000c878    00000038     SPI.o (.text._Z11SPI_OutDatac)
                  0000c8b0    00000038     LaunchPad.o (.text._Z15ActivatePortA_Bv)
                  0000c8e8    00000034     ST7735.o (.text._Z12ST7735_writeiPKcj)
                  0000c91c    00000034     Clock.o (.text._Z14Clock_Delay1msj)
                  0000c950    00000034     ST7735.o (.text._Z16ST7735_SetCursorjj)
                  0000c984    00000034     libc.a : fopen.c.obj (.text.__TI_cleanup)
                  0000c9b8    00000034     libsysbm.a : trgmsg.c.obj (.text.__TI_readmsg)
                  0000c9ec    00000034                : trgmsg.c.obj (.text.__TI_writemsg)
                  0000ca20    00000034     libc.a : exit.c.obj (.text.exit)
                  0000ca54    00000034            : getdevice.c.obj (.text.finddevice)
                  0000ca88    00000034            : fopen.c.obj (.text.freopen)
                  0000cabc    00000030     ST7735.o (.text._ZL10commonInitPKh)
                  0000caec    00000030     libc.a : fopen.c.obj (.text.fopen)
                  0000cb1c    0000002c     ST7735.o (.text._Z17ST7735_FillScreent)
                  0000cb48    0000002c     libsysbm.a : unlink.c.obj (.text.unlink)
                  0000cb74    00000028     Lab9HMain.o (.text.TIMG12_IRQHandler)
                  0000cb9c    00000028     libc.a : memory.c.obj (.text.free_list_insert)
                  0000cbc4    00000028     libsysbm.a : write.c.obj (.text.write)
                  0000cbec    00000028     libc.a : boot_cortex_m.c.obj (.text:_c_int00_noargs)
                  0000cc14    0000001e     ST7735.o (.text._ZL9pushColort)
                  0000cc32    0000001e     SlidePot.o (.text._ZN8SlidePotC2Ejj)
                  0000cc50    0000001c     startup_mspm0g3507_ticlang.o (.text.Default_Handler)
                  0000cc6c    0000001c     startup_mspm0g3507_ticlang.o (.text.HardFault_Handler)
                  0000cc88    0000001c     libc.a : memory.c.obj (.text.free_list_remove)
                  0000cca4    00000018     Lab9HMain.o (.text.__cxx_global_var_init)
                  0000ccbc    00000016     ST7735.o (.text._Z11ST7735_openPKcji)
                  0000ccd2    00000016     ST7735.o (.text._Z11ST7735_readiPcj)
                  0000cce8    00000016     libc.a : copy_zero_init.c.obj (.text:decompress:ZI:__TI_zero_init_nomemset)
                  0000ccfe    00000012            : memcpy16.S.obj (.text:TI_memcpy_small)
                  0000cd10    00000012            : copy_decompress_none.c.obj (.text:decompress:none)
                  0000cd22    00000010     Clock.o (.text._Z11Clock_Delayj)
                  0000cd32    0000000e     libc.a : memory.c.obj (.text.OUTLINED_FUNCTION_0)
                  0000cd40    0000000e     ST7735.o (.text._Z12ST7735_lseekili)
                  0000cd4e    0000000e     libsysbm.a : hostrename.c.obj (.text.strcpy)
                  0000cd5c    0000000e                : hostrename.c.obj (.text.strlen)
                  0000cd6a    0000000e     libc.a : memset16.S.obj (.text:TI_memset_small)
                  0000cd78    0000000c     Clock.o (.text._Z10Clock_Freqv)
                  0000cd84    0000000c     ST7735.o (.text._Z13ST7735_renamePKcS0_)
                  0000cd90    0000000c     libclang_rt.builtins.a : aeabi_memset.S.obj (.text.__aeabi_memclr)
                  0000cd9c    0000000c     libc.a : memory.c.obj (.text.malloc)
                  0000cda8    0000000a     ST7735.o (.text._Z12ST7735_closei)
                  0000cdb2    0000000a     ST7735.o (.text._Z13ST7735_unlinkPKc)
                  0000cdbc    0000000a     Lab9HMain.o (.text._Z8PLL_Initv)
                  0000cdc6    00000008     Lab9HMain.o (.text._GLOBAL__sub_I_Lab9HMain.cpp)
                  0000cdce    00000002     libc.a : _lock.c.obj (.text._nop)
                  0000cdd0    00000008     libclang_rt.builtins.a : aeabi_memcpy.S.obj (.text.__aeabi_memcpy)
                  0000cdd8    00000008     libsysbm.a : remove.c.obj (.text.remove)
                  0000cde0    00000004     startup_mspm0g3507_ticlang.o (.text.Reset_Handler)
                  0000cde4    00000004     libc.a : exit.c.obj (.text:abort)
                  0000cde8    00000008     --HOLE-- [fill = 0]

.cinit     0    0000cdf8    00000090     
                  0000cdf8    0000006c     (.cinit..data.load) [load image, compression = lzss]
                  0000ce64    0000000c     (__TI_handler_table)
                  0000ce70    00000008     (.cinit..bss.load) [load image, compression = zero_init]
                  0000ce78    00000010     (__TI_cinit_table)

.rodata    0    000000c0    0000ab80     
                  000000c0    00008340     Lab9HMain.o (.rodata._ZL10background)
                  00008400    00002000     Lab9HMain.o (.rodata._ZL15DashRunRightBMP)
                  0000a400    000004fb     ST7735.o (.rodata._ZL4Font)
                  0000a8fb    00000001     --HOLE-- [fill = 0]
                  0000a8fc    00000258     SmallFont.o (.rodata._ZL17SmallFontVertical)
                  0000ab54    0000003c     SmallFont.o (.rodata._ZL6dblank)
                  0000ab90    0000003b     ST7735.o (.rodata._ZL5Rcmd1)
                  0000abcb    0000002b     ST7735.o (.rodata._ZL5Rcmd3)
                  0000abf6    00000016     ST7735.o (.rodata.str1.155458558172884536211)
                  0000ac0c    0000000d     ST7735.o (.rodata._ZL10Rcmd2green)
                  0000ac19    0000000d     ST7735.o (.rodata._ZL8Rcmd2red)
                  0000ac26    00000008     ST7735.o (.rodata.str1.163907349639611916321)
                  0000ac2e    00000007     ST7735.o (.rodata.str1.118566658787443733641)
                  0000ac35    00000007     ST7735.o (.rodata.str1.50975551021031429701)
                  0000ac3c    00000002     ST7735.o (.rodata.str1.151553405499835365021)
                  0000ac3e    00000002     --HOLE-- [fill = 0]

.init_array 
*          0    0000cdf0    00000008     
                  0000cdf0    00000004     Lab9HMain.o (.init_array)
                  0000cdf4    00000004     --HOLE-- [fill = 0]

.data      0    20200000    000021fd     UNINITIALIZED
                  20200000    00002000     Lab9HMain.o (.data.buffer)
                  20202000    000000f0     libc.a : defs.c.obj (.data._ftable)
                  202020f0    00000078     libsysbm.a : host_device.c.obj (.data._device)
                  20202168    00000050                : host_device.c.obj (.data._stream)
                  202021b8    00000014     Lab9HMain.o (.data.Sensor)
                  202021cc    00000008     libc.a : exit.c.obj (.data..L_MergedGlobals)
                  202021d4    00000004     Clock.o (.data.BusFreq)
                  202021d8    00000004     ST7735.o (.data.StX)
                  202021dc    00000004     ST7735.o (.data.StY)
                  202021e0    00000004     libc.a : defs.c.obj (.data.__TI_ft_end)
                  202021e4    00000004            : _lock.c.obj (.data._lock)
                  202021e8    00000004            : _lock.c.obj (.data._unlock)
                  202021ec    00000002     ST7735.o (.data.StTextColor)
                  202021ee    00000002     ST7735.o (.data._ZL6_width)
                  202021f0    00000002     ST7735.o (.data._ZL7_height)
                  202021f2    00000002     --HOLE--
                  202021f4    00000001     libsysbm.a : add_device.c.obj (.data.add_device.device_init)
                  202021f5    00000003     --HOLE--
                  202021f8    00000001     libc.a : memory.c.obj (.data.memory_is_initialized)
                  202021f9    00000003     --HOLE--
                  202021fc    00000001     libsysbm.a : open.c.obj (.data.open.stream_init)

.sysmem    0    20202200    00000200     UNINITIALIZED
                  20202200    00000010     libc.a : memory.c.obj (.sysmem)
                  20202210    000001f0     --HOLE--

.bss       0    20202400    000001d8     UNINITIALIZED
                  20202400    00000120     libsysbm.a : trgmsg.c.obj (.bss:_CIOBUF_)
                  20202520    000000a0     libc.a : defs.c.obj (.bss.__TI_tmpnams)
                  202025c0    00000008     libsysbm.a : hostopen.c.obj (.bss.parmbuf)
                  202025c8    00000004     TExaS.o (.bss.TExaSLogic)
                  202025cc    00000004     TExaS.o (.bss.TExaSadc)
                  202025d0    00000004     libc.a : memory.c.obj (.bss.sys_free)
                  202025d4    00000001     ST7735.o (.bss._ZL8ColStart)
                  202025d5    00000001     ST7735.o (.bss._ZL8Rotation)
                  202025d6    00000001     ST7735.o (.bss._ZL8RowStart)
                  202025d7    00000001     ST7735.o (.bss._ZL8TabColor)

.stack     0    20207e00    00000200     UNINITIALIZED
                  20207e00    00000004     libc.a : boot_cortex_m.c.obj (.stack)
                  20207e04    000001fc     --HOLE--

__llvm_prf_cnts 
*          0    20200000    00000000     UNINITIALIZED

__llvm_prf_bits 
*          0    20200000    00000000     UNINITIALIZED

MODULE SUMMARY

       Module                         code   ro data   rw data
       ------                         ----   -------   -------
    ./
       Lab9HMain.o                    314    41796     8212   
       ST7735.o                       2842   1449      18     
       SmallFont.o                    384    660       0      
       Clock.o                        516    0         4      
       SPI.o                          440    0         0      
       LaunchPad.o                    180    0         0      
       TExaS.o                        64     0         8      
       SlidePot.o                     30     0         0      
       Sound.o                        2      0         0      
    +--+------------------------------+------+---------+---------+
       Total:                         4772   43905     8242   
                                                              
    ./ticlang/
       startup_mspm0g3507_ticlang.o   60     192       0      
    +--+------------------------------+------+---------+---------+
       Total:                         60     192       0      
                                                              
    /Applications/ti/ccs2000/ccs/tools/compiler/ti-cgt-armllvm_4.0.1.LTS/lib/armv6m-ti-none-eabi/c/libc.a
       memory.c.obj                   702    0         5      
       fopen.c.obj                    556    0         0      
       defs.c.obj                     0      0         404    
       setvbuf.c.obj                  224    0         0      
       getdevice.c.obj                160    0         0      
       strcmp-armv6m.S.obj            136    0         0      
       copy_decompress_lzss.c.obj     124    0         0      
       fclose.c.obj                   124    0         0      
       autoinit.c.obj                 84     0         0      
       fflush.c.obj                   82     0         0      
       exit.c.obj                     56     0         8      
       boot_cortex_m.c.obj            40     0         0      
       copy_zero_init.c.obj           22     0         0      
       copy_decompress_none.c.obj     18     0         0      
       memcpy16.S.obj                 18     0         0      
       memset16.S.obj                 14     0         0      
       _lock.c.obj                    2      0         8      
       pre_init.c.obj                 4      0         0      
    +--+------------------------------+------+---------+---------+
       Total:                         2366   0         425    
                                                              
    /Applications/ti/ccs2000/ccs/tools/compiler/ti-cgt-armllvm_4.0.1.LTS/lib/armv6m-ti-none-eabi/c/libsysbm.a
       trgmsg.c.obj                   104    0         288    
       add_device.c.obj               236    0         1      
       host_device.c.obj              0      0         200    
       open.c.obj                     160    0         1      
       hostrename.c.obj               136    0         0      
       hostlseek.c.obj                108    0         0      
       hostopen.c.obj                 96     0         8      
       hostread.c.obj                 88     0         0      
       hostwrite.c.obj                88     0         0      
       close.c.obj                    80     0         0      
       hostclose.c.obj                72     0         0      
       hostunlink.c.obj               72     0         0      
       unlink.c.obj                   44     0         0      
       write.c.obj                    40     0         0      
       remove.c.obj                   8      0         0      
    +--+------------------------------+------+---------+---------+
       Total:                         1332   0         498    
                                                              
    /Applications/ti/ccs2000/ccs/tools/compiler/ti-cgt-armllvm_4.0.1.LTS/lib/armv6m-ti-none-eabi/libclang_rt.builtins.a
       aeabi_uidivmod.S.obj           64     0         0      
       aeabi_memset.S.obj             12     0         0      
       aeabi_memcpy.S.obj             8      0         0      
       aeabi_div0.c.obj               2      0         0      
    +--+------------------------------+------+---------+---------+
       Total:                         86     0         0      
                                                              
       Heap:                          0      0         512    
       Stack:                         0      0         512    
       Linker Generated:              0      144       0      
    +--+------------------------------+------+---------+---------+
       Grand Total:                   8616   44241     10189  


LINKER GENERATED COPY TABLES

__TI_cinit_table @ 0000ce78 records: 2, size/record: 8, table size: 16
	.data: load addr=0000cdf8, load size=0000006c bytes, run addr=20200000, run size=000021fd bytes, compression=lzss
	.bss: load addr=0000ce70, load size=00000008 bytes, run addr=20202400, run size=000001d8 bytes, compression=zero_init


LINKER GENERATED HANDLER TABLE

__TI_handler_table @ 0000ce64 records: 3, size/record: 4, table size: 12
	index: 0, handler: __TI_decompress_lzss
	index: 1, handler: __TI_decompress_none
	index: 2, handler: __TI_zero_init


GLOBAL SYMBOLS: SORTED ALPHABETICALLY BY Name 

address   name                        
-------   ----                        
0000cc51  ADC0_IRQHandler             
0000cc51  ADC1_IRQHandler             
0000cc51  AES_IRQHandler              
202021d4  BusFreq                     
0000cde4  C$$EXIT                     
0000ca19  C$$IO$$                     
0000cc51  CANFD0_IRQHandler           
0000cc51  DAC0_IRQHandler             
0000cc51  DMA_IRQHandler              
0000cc51  Default_Handler             
0000cc51  GROUP0_IRQHandler           
0000cc51  GROUP1_IRQHandler           
0000c6a1  HOSTclose                   
0000c2f1  HOSTlseek                   
0000c499  HOSTopen                    
0000c4f9  HOSTread                    
0000c35d  HOSTrename                  
0000c6e9  HOSTunlink                  
0000c551  HOSTwrite                   
0000cc6d  HardFault_Handler           
0000cc51  I2C0_IRQHandler             
0000cc51  I2C1_IRQHandler             
0000cc51  NMI_Handler                 
0000cc51  PendSV_Handler              
0000cc51  RTC_IRQHandler              
0000cde1  Reset_Handler               
0000cdf0  SHT$$INIT_ARRAY$$Base       
0000cdf4  SHT$$INIT_ARRAY$$Limit      
0000cc51  SPI0_IRQHandler             
0000cc51  SPI1_IRQHandler             
0000cc51  SVC_Handler                 
202021b8  Sensor                      
202021ec  StTextColor                 
202021d8  StX                         
202021dc  StY                         
0000bd9f  SysTick_Handler             
202025c8  TExaSLogic                  
202025cc  TExaSadc                    
0000cc51  TIMA0_IRQHandler            
0000cc51  TIMA1_IRQHandler            
0000cc51  TIMG0_IRQHandler            
0000cb75  TIMG12_IRQHandler           
0000cc51  TIMG6_IRQHandler            
0000c779  TIMG7_IRQHandler            
0000cc51  TIMG8_IRQHandler            
0000ccff  TI_memcpy_small             
0000cd6b  TI_memset_small             
0000cc51  UART0_IRQHandler            
0000cc51  UART1_IRQHandler            
0000cc51  UART2_IRQHandler            
0000cc51  UART3_IRQHandler            
20202400  _CIOBUF_                    
0000cd79  _Z10Clock_Freqv             
0000cd23  _Z11Clock_Delayj            
0000c879  _Z11SPI_OutDatac            
0000ccbd  _Z11ST7735_openPKcji        
0000ccd3  _Z11ST7735_readiPcj         
0000bedd  _Z12ST7735_InitR10initRFlags
0000cda9  _Z12ST7735_closei           
0000cd41  _Z12ST7735_lseekili         
0000c8e9  _Z12ST7735_writeiPKcj       
0000cd85  _Z13ST7735_renamePKcS0_     
0000cdb3  _Z13ST7735_unlinkPKc        
0000c91d  _Z14Clock_Delay1msj         
0000c10d  _Z14LaunchPad_Initv         
0000c731  _Z14SPI_OutCommandc         
0000bc2d  _Z14ST7735_OutCharc         
0000c8b1  _Z15ActivatePortA_Bv        
0000ae51  _Z15Clock_Init80MHzi        
0000b479  _Z15ST7735_FillRectsssst    
0000b005  _Z16ST7735_DrawCharSsscssh  
0000c281  _Z16ST7735_DrawPixelsst     
0000c951  _Z16ST7735_SetCursorjj      
0000ac41  _Z17ST7735_DrawBitmapssPKtss
0000c089  _Z17ST7735_DrawStringttPcs  
0000cb1d  _Z17ST7735_FillScreent      
0000be41  _Z17ST7735_InitPrintfv      
0000b79d  _Z18ST7735_SetRotationh     
0000b1a5  _Z21SmallFont_OutVerticaljss
0000cdbd  _Z8PLL_Initv                
0000b6a5  _Z8SPI_Initv                
0000c7b9  _Z9SPI_Resetv               
0000cc33  _ZN8SlidePotC1Ejj           
0000cc33  _ZN8SlidePotC2Ejj           
20202400  __CIOBUF_                   
20208000  __STACK_END                 
00000200  __STACK_SIZE                
00000200  __SYSMEM_SIZE               
00000000  __TI_ATRegion0_region_sz    
00000000  __TI_ATRegion0_src_addr     
00000000  __TI_ATRegion0_trg_addr     
00000000  __TI_ATRegion1_region_sz    
00000000  __TI_ATRegion1_src_addr     
00000000  __TI_ATRegion1_trg_addr     
00000000  __TI_ATRegion2_region_sz    
00000000  __TI_ATRegion2_src_addr     
00000000  __TI_ATRegion2_trg_addr     
0000ce78  __TI_CINIT_Base             
0000ce88  __TI_CINIT_Limit            
0000ce88  __TI_CINIT_Warm             
0000ce64  __TI_Handler_Table_Base     
0000ce70  __TI_Handler_Table_Limit    
0000c5a9  __TI_auto_init_nobinit      
0000c985  __TI_cleanup                
202021cc  __TI_cleanup_ptr            
0000c189  __TI_closefile              
0000c205  __TI_decompress_lzss        
0000cd11  __TI_decompress_none        
0000c5fd  __TI_doflush                
202021d0  __TI_dtors_ptr              
202021e0  __TI_ft_end                 
ffffffff  __TI_pprof_out_hndl         
ffffffff  __TI_prof_data_size         
ffffffff  __TI_prof_data_start        
0000c9b9  __TI_readmsg                
00000000  __TI_static_base__          
20202520  __TI_tmpnams                
0000c9ed  __TI_writemsg               
0000cce9  __TI_zero_init_nomemset     
0000c64f  __aeabi_idiv0               
0000cd91  __aeabi_memclr              
0000cd91  __aeabi_memclr4             
0000cd91  __aeabi_memclr8             
0000cdd1  __aeabi_memcpy              
0000cdd1  __aeabi_memcpy4             
0000cdd1  __aeabi_memcpy8             
0000c7f9  __aeabi_uidiv               
0000c7f9  __aeabi_uidivmod            
ffffffff  __binit__                   
UNDEFED   __mpu_init                  
20207e00  __stack                     
20200000  __start___llvm_prf_bits     
20200000  __start___llvm_prf_cnts     
20200000  __stop___llvm_prf_bits      
20200000  __stop___llvm_prf_cnts      
0000cbed  _c_int00_noargs             
202020f0  _device                     
20202000  _ftable                     
202021e4  _lock                       
0000cdcf  _nop                        
20202168  _stream                     
20202200  _sys_memory                 
UNDEFED   _system_post_cinit          
0000bffd  _system_pre_init            
202021e8  _unlock                     
0000cde5  abort                       
0000b891  add_device                  
0000b591  aligned_alloc               
ffffffff  binit                       
20200000  buffer                      
0000c651  close                       
0000ca21  exit                        
0000ca55  finddevice                  
0000caed  fopen                       
0000b97d  free                        
0000ca89  freopen                     
0000c3c9  getdevice                   
00000000  interruptVectors            
0000ba65  main                        
0000cd9d  malloc                      
0000b591  memalign                    
0000bda1  open                        
202025c0  parmbuf                     
0000cdd9  remove                      
0000bb4d  setvbuf                     
0000c001  strcmp                      
0000cb49  unlink                      
0000cbc5  write                       


GLOBAL SYMBOLS: SORTED BY Symbol Address 

address   name                        
-------   ----                        
00000000  __TI_ATRegion0_region_sz    
00000000  __TI_ATRegion0_src_addr     
00000000  __TI_ATRegion0_trg_addr     
00000000  __TI_ATRegion1_region_sz    
00000000  __TI_ATRegion1_src_addr     
00000000  __TI_ATRegion1_trg_addr     
00000000  __TI_ATRegion2_region_sz    
00000000  __TI_ATRegion2_src_addr     
00000000  __TI_ATRegion2_trg_addr     
00000000  __TI_static_base__          
00000000  interruptVectors            
00000200  __STACK_SIZE                
00000200  __SYSMEM_SIZE               
0000ac41  _Z17ST7735_DrawBitmapssPKtss
0000ae51  _Z15Clock_Init80MHzi        
0000b005  _Z16ST7735_DrawCharSsscssh  
0000b1a5  _Z21SmallFont_OutVerticaljss
0000b479  _Z15ST7735_FillRectsssst    
0000b591  aligned_alloc               
0000b591  memalign                    
0000b6a5  _Z8SPI_Initv                
0000b79d  _Z18ST7735_SetRotationh     
0000b891  add_device                  
0000b97d  free                        
0000ba65  main                        
0000bb4d  setvbuf                     
0000bc2d  _Z14ST7735_OutCharc         
0000bd9f  SysTick_Handler             
0000bda1  open                        
0000be41  _Z17ST7735_InitPrintfv      
0000bedd  _Z12ST7735_InitR10initRFlags
0000bffd  _system_pre_init            
0000c001  strcmp                      
0000c089  _Z17ST7735_DrawStringttPcs  
0000c10d  _Z14LaunchPad_Initv         
0000c189  __TI_closefile              
0000c205  __TI_decompress_lzss        
0000c281  _Z16ST7735_DrawPixelsst     
0000c2f1  HOSTlseek                   
0000c35d  HOSTrename                  
0000c3c9  getdevice                   
0000c499  HOSTopen                    
0000c4f9  HOSTread                    
0000c551  HOSTwrite                   
0000c5a9  __TI_auto_init_nobinit      
0000c5fd  __TI_doflush                
0000c64f  __aeabi_idiv0               
0000c651  close                       
0000c6a1  HOSTclose                   
0000c6e9  HOSTunlink                  
0000c731  _Z14SPI_OutCommandc         
0000c779  TIMG7_IRQHandler            
0000c7b9  _Z9SPI_Resetv               
0000c7f9  __aeabi_uidiv               
0000c7f9  __aeabi_uidivmod            
0000c879  _Z11SPI_OutDatac            
0000c8b1  _Z15ActivatePortA_Bv        
0000c8e9  _Z12ST7735_writeiPKcj       
0000c91d  _Z14Clock_Delay1msj         
0000c951  _Z16ST7735_SetCursorjj      
0000c985  __TI_cleanup                
0000c9b9  __TI_readmsg                
0000c9ed  __TI_writemsg               
0000ca19  C$$IO$$                     
0000ca21  exit                        
0000ca55  finddevice                  
0000ca89  freopen                     
0000caed  fopen                       
0000cb1d  _Z17ST7735_FillScreent      
0000cb49  unlink                      
0000cb75  TIMG12_IRQHandler           
0000cbc5  write                       
0000cbed  _c_int00_noargs             
0000cc33  _ZN8SlidePotC1Ejj           
0000cc33  _ZN8SlidePotC2Ejj           
0000cc51  ADC0_IRQHandler             
0000cc51  ADC1_IRQHandler             
0000cc51  AES_IRQHandler              
0000cc51  CANFD0_IRQHandler           
0000cc51  DAC0_IRQHandler             
0000cc51  DMA_IRQHandler              
0000cc51  Default_Handler             
0000cc51  GROUP0_IRQHandler           
0000cc51  GROUP1_IRQHandler           
0000cc51  I2C0_IRQHandler             
0000cc51  I2C1_IRQHandler             
0000cc51  NMI_Handler                 
0000cc51  PendSV_Handler              
0000cc51  RTC_IRQHandler              
0000cc51  SPI0_IRQHandler             
0000cc51  SPI1_IRQHandler             
0000cc51  SVC_Handler                 
0000cc51  TIMA0_IRQHandler            
0000cc51  TIMA1_IRQHandler            
0000cc51  TIMG0_IRQHandler            
0000cc51  TIMG6_IRQHandler            
0000cc51  TIMG8_IRQHandler            
0000cc51  UART0_IRQHandler            
0000cc51  UART1_IRQHandler            
0000cc51  UART2_IRQHandler            
0000cc51  UART3_IRQHandler            
0000cc6d  HardFault_Handler           
0000ccbd  _Z11ST7735_openPKcji        
0000ccd3  _Z11ST7735_readiPcj         
0000cce9  __TI_zero_init_nomemset     
0000ccff  TI_memcpy_small             
0000cd11  __TI_decompress_none        
0000cd23  _Z11Clock_Delayj            
0000cd41  _Z12ST7735_lseekili         
0000cd6b  TI_memset_small             
0000cd79  _Z10Clock_Freqv             
0000cd85  _Z13ST7735_renamePKcS0_     
0000cd91  __aeabi_memclr              
0000cd91  __aeabi_memclr4             
0000cd91  __aeabi_memclr8             
0000cd9d  malloc                      
0000cda9  _Z12ST7735_closei           
0000cdb3  _Z13ST7735_unlinkPKc        
0000cdbd  _Z8PLL_Initv                
0000cdcf  _nop                        
0000cdd1  __aeabi_memcpy              
0000cdd1  __aeabi_memcpy4             
0000cdd1  __aeabi_memcpy8             
0000cdd9  remove                      
0000cde1  Reset_Handler               
0000cde4  C$$EXIT                     
0000cde5  abort                       
0000cdf0  SHT$$INIT_ARRAY$$Base       
0000cdf4  SHT$$INIT_ARRAY$$Limit      
0000ce64  __TI_Handler_Table_Base     
0000ce70  __TI_Handler_Table_Limit    
0000ce78  __TI_CINIT_Base             
0000ce88  __TI_CINIT_Limit            
0000ce88  __TI_CINIT_Warm             
20200000  __start___llvm_prf_bits     
20200000  __start___llvm_prf_cnts     
20200000  __stop___llvm_prf_bits      
20200000  __stop___llvm_prf_cnts      
20200000  buffer                      
20202000  _ftable                     
202020f0  _device                     
20202168  _stream                     
202021b8  Sensor                      
202021cc  __TI_cleanup_ptr            
202021d0  __TI_dtors_ptr              
202021d4  BusFreq                     
202021d8  StX                         
202021dc  StY                         
202021e0  __TI_ft_end                 
202021e4  _lock                       
202021e8  _unlock                     
202021ec  StTextColor                 
20202200  _sys_memory                 
20202400  _CIOBUF_                    
20202400  __CIOBUF_                   
20202520  __TI_tmpnams                
202025c0  parmbuf                     
202025c8  TExaSLogic                  
202025cc  TExaSadc                    
20207e00  __stack                     
20208000  __STACK_END                 
ffffffff  __TI_pprof_out_hndl         
ffffffff  __TI_prof_data_size         
ffffffff  __TI_prof_data_start        
ffffffff  __binit__                   
ffffffff  binit                       
UNDEFED   __mpu_init                  
UNDEFED   _system_post_cinit          

[168 symbols]
