<?xml version="1.0" encoding="ISO-8859-1" ?>
<link_info>
   <banner>TI ARM Clang Linker Unix v4.0.1.LTS</banner>
   <copyright>Copyright (c) 1996-2018 Texas Instruments Incorporated</copyright>
   <command_line>/Applications/ti/ccs2000/ccs/tools/compiler/ti-cgt-armllvm_4.0.1.LTS/bin/tiarmlnk -I/Applications/ti/ccs2000/ccs/tools/compiler/ti-cgt-armllvm_4.0.1.LTS/lib -o ECE319K_Lab9H.out -mECE319K_Lab9H.map --heap_size=8192 --stack_size=8192 -i/Users/adipu/Library/CloudStorage/OneDrive-TheUniversityofTexasatAustin/Freshman/319H/MSPM0_ValvanoWare/ECE319K_Lab9H/Debug/syscfg -i/Applications/ti/ccs2000/ccs/tools/compiler/ti-cgt-armllvm_4.0.1.LTS/lib --diag_wrap=off --display_error_number --warn_sections --xml_link_info=ECE319K_Lab9H_linkInfo.xml --rom_model ./BeamSprite.o ./Clock.o ./ComponentSprite.o ./DashSprite.o ./Lab9HMain.o ./LaunchPad.o ./SPI.o ./ST7735.o ./SlidePot.o ./SolderSprite.o ./TExaS.o ./Timer.o ./nitinHelpers.o ./images/pipedreams/PipeSound.o ./ticlang/startup_mspm0g3507_ticlang.o ../mspm0g3507.cmd -l/Applications/ti/mspm0_sdk_2_03_00_07/source/ti/driverlib/lib/ticlang/m0p/mspm0g1x0x_g3x0x/driverlib.a -llibc.a --start-group -llibc++.a -llibc++abi.a -llibc.a -llibsys.a -llibsysbm.a -llibclang_rt.builtins.a -llibclang_rt.profile.a --end-group --cg_opt_level=0</command_line>
   <link_time>0x68091f4b</link_time>
   <link_errors>0x0</link_errors>
   <output_file>/Users/adipu/Library/CloudStorage/OneDrive-TheUniversityofTexasatAustin/Freshman/319H/MSPM0_ValvanoWare/ECE319K_Lab9H/Debug/ECE319K_Lab9H.out</output_file>
   <entry_point>
      <name>_c_int00_noargs</name>
      <address>0x1e8c5</address>
   </entry_point>
   <input_file_list>
      <input_file id="fl-1">
         <path>/Users/adipu/Library/CloudStorage/OneDrive-TheUniversityofTexasatAustin/Freshman/319H/MSPM0_ValvanoWare/ECE319K_Lab9H/Debug/./</path>
         <kind>object</kind>
         <file>BeamSprite.o</file>
         <name>BeamSprite.o</name>
      </input_file>
      <input_file id="fl-2">
         <path>/Users/adipu/Library/CloudStorage/OneDrive-TheUniversityofTexasatAustin/Freshman/319H/MSPM0_ValvanoWare/ECE319K_Lab9H/Debug/./</path>
         <kind>object</kind>
         <file>Clock.o</file>
         <name>Clock.o</name>
      </input_file>
      <input_file id="fl-3">
         <path>/Users/adipu/Library/CloudStorage/OneDrive-TheUniversityofTexasatAustin/Freshman/319H/MSPM0_ValvanoWare/ECE319K_Lab9H/Debug/./</path>
         <kind>object</kind>
         <file>ComponentSprite.o</file>
         <name>ComponentSprite.o</name>
      </input_file>
      <input_file id="fl-4">
         <path>/Users/adipu/Library/CloudStorage/OneDrive-TheUniversityofTexasatAustin/Freshman/319H/MSPM0_ValvanoWare/ECE319K_Lab9H/Debug/./</path>
         <kind>object</kind>
         <file>DashSprite.o</file>
         <name>DashSprite.o</name>
      </input_file>
      <input_file id="fl-5">
         <path>/Users/adipu/Library/CloudStorage/OneDrive-TheUniversityofTexasatAustin/Freshman/319H/MSPM0_ValvanoWare/ECE319K_Lab9H/Debug/./</path>
         <kind>object</kind>
         <file>Lab9HMain.o</file>
         <name>Lab9HMain.o</name>
      </input_file>
      <input_file id="fl-6">
         <path>/Users/adipu/Library/CloudStorage/OneDrive-TheUniversityofTexasatAustin/Freshman/319H/MSPM0_ValvanoWare/ECE319K_Lab9H/Debug/./</path>
         <kind>object</kind>
         <file>LaunchPad.o</file>
         <name>LaunchPad.o</name>
      </input_file>
      <input_file id="fl-7">
         <path>/Users/adipu/Library/CloudStorage/OneDrive-TheUniversityofTexasatAustin/Freshman/319H/MSPM0_ValvanoWare/ECE319K_Lab9H/Debug/./</path>
         <kind>object</kind>
         <file>SPI.o</file>
         <name>SPI.o</name>
      </input_file>
      <input_file id="fl-8">
         <path>/Users/adipu/Library/CloudStorage/OneDrive-TheUniversityofTexasatAustin/Freshman/319H/MSPM0_ValvanoWare/ECE319K_Lab9H/Debug/./</path>
         <kind>object</kind>
         <file>ST7735.o</file>
         <name>ST7735.o</name>
      </input_file>
      <input_file id="fl-9">
         <path>/Users/adipu/Library/CloudStorage/OneDrive-TheUniversityofTexasatAustin/Freshman/319H/MSPM0_ValvanoWare/ECE319K_Lab9H/Debug/./</path>
         <kind>object</kind>
         <file>SlidePot.o</file>
         <name>SlidePot.o</name>
      </input_file>
      <input_file id="fl-a">
         <path>/Users/adipu/Library/CloudStorage/OneDrive-TheUniversityofTexasatAustin/Freshman/319H/MSPM0_ValvanoWare/ECE319K_Lab9H/Debug/./</path>
         <kind>object</kind>
         <file>SolderSprite.o</file>
         <name>SolderSprite.o</name>
      </input_file>
      <input_file id="fl-b">
         <path>/Users/adipu/Library/CloudStorage/OneDrive-TheUniversityofTexasatAustin/Freshman/319H/MSPM0_ValvanoWare/ECE319K_Lab9H/Debug/./</path>
         <kind>object</kind>
         <file>TExaS.o</file>
         <name>TExaS.o</name>
      </input_file>
      <input_file id="fl-c">
         <path>/Users/adipu/Library/CloudStorage/OneDrive-TheUniversityofTexasatAustin/Freshman/319H/MSPM0_ValvanoWare/ECE319K_Lab9H/Debug/./</path>
         <kind>object</kind>
         <file>Timer.o</file>
         <name>Timer.o</name>
      </input_file>
      <input_file id="fl-d">
         <path>/Users/adipu/Library/CloudStorage/OneDrive-TheUniversityofTexasatAustin/Freshman/319H/MSPM0_ValvanoWare/ECE319K_Lab9H/Debug/./</path>
         <kind>object</kind>
         <file>nitinHelpers.o</file>
         <name>nitinHelpers.o</name>
      </input_file>
      <input_file id="fl-e">
         <path>/Users/adipu/Library/CloudStorage/OneDrive-TheUniversityofTexasatAustin/Freshman/319H/MSPM0_ValvanoWare/ECE319K_Lab9H/Debug/./images/pipedreams/</path>
         <kind>object</kind>
         <file>PipeSound.o</file>
         <name>PipeSound.o</name>
      </input_file>
      <input_file id="fl-f">
         <path>/Users/adipu/Library/CloudStorage/OneDrive-TheUniversityofTexasatAustin/Freshman/319H/MSPM0_ValvanoWare/ECE319K_Lab9H/Debug/./ticlang/</path>
         <kind>object</kind>
         <file>startup_mspm0g3507_ticlang.o</file>
         <name>startup_mspm0g3507_ticlang.o</name>
      </input_file>
      <input_file id="fl-1b">
         <path>/Users/adipu/Library/CloudStorage/OneDrive-TheUniversityofTexasatAustin/Freshman/319H/MSPM0_ValvanoWare/ECE319K_Lab9H/Debug/</path>
         <kind>object</kind>
         <file>&lt;internal&gt;</file>
         <name>&lt;internal&gt;</name>
      </input_file>
      <input_file id="fl-30">
         <path>/Applications/ti/ccs2000/ccs/tools/compiler/ti-cgt-armllvm_4.0.1.LTS/lib/armv6m-ti-none-eabi/c/</path>
         <kind>archive</kind>
         <file>libc.a</file>
         <name>fopen.c.obj</name>
      </input_file>
      <input_file id="fl-31">
         <path>/Applications/ti/ccs2000/ccs/tools/compiler/ti-cgt-armllvm_4.0.1.LTS/lib/armv6m-ti-none-eabi/c/</path>
         <kind>archive</kind>
         <file>libc.a</file>
         <name>setvbuf.c.obj</name>
      </input_file>
      <input_file id="fl-32">
         <path>/Applications/ti/ccs2000/ccs/tools/compiler/ti-cgt-armllvm_4.0.1.LTS/lib/armv6m-ti-none-eabi/c/</path>
         <kind>archive</kind>
         <file>libc.a</file>
         <name>aeabi_portable.c.obj</name>
      </input_file>
      <input_file id="fl-33">
         <path>/Applications/ti/ccs2000/ccs/tools/compiler/ti-cgt-armllvm_4.0.1.LTS/lib/armv6m-ti-none-eabi/c/</path>
         <kind>archive</kind>
         <file>libc.a</file>
         <name>exit.c.obj</name>
      </input_file>
      <input_file id="fl-34">
         <path>/Applications/ti/ccs2000/ccs/tools/compiler/ti-cgt-armllvm_4.0.1.LTS/lib/armv6m-ti-none-eabi/c/</path>
         <kind>archive</kind>
         <file>libc.a</file>
         <name>_lock.c.obj</name>
      </input_file>
      <input_file id="fl-35">
         <path>/Applications/ti/ccs2000/ccs/tools/compiler/ti-cgt-armllvm_4.0.1.LTS/lib/armv6m-ti-none-eabi/c/</path>
         <kind>archive</kind>
         <file>libc.a</file>
         <name>assert.c.obj</name>
      </input_file>
      <input_file id="fl-36">
         <path>/Applications/ti/ccs2000/ccs/tools/compiler/ti-cgt-armllvm_4.0.1.LTS/lib/armv6m-ti-none-eabi/c/</path>
         <kind>archive</kind>
         <file>libc.a</file>
         <name>defs.c.obj</name>
      </input_file>
      <input_file id="fl-37">
         <path>/Applications/ti/ccs2000/ccs/tools/compiler/ti-cgt-armllvm_4.0.1.LTS/lib/armv6m-ti-none-eabi/c/</path>
         <kind>archive</kind>
         <file>libc.a</file>
         <name>memcmp.c.obj</name>
      </input_file>
      <input_file id="fl-38">
         <path>/Applications/ti/ccs2000/ccs/tools/compiler/ti-cgt-armllvm_4.0.1.LTS/lib/armv6m-ti-none-eabi/c/</path>
         <kind>archive</kind>
         <file>libc.a</file>
         <name>memory.c.obj</name>
      </input_file>
      <input_file id="fl-39">
         <path>/Applications/ti/ccs2000/ccs/tools/compiler/ti-cgt-armllvm_4.0.1.LTS/lib/armv6m-ti-none-eabi/c/</path>
         <kind>archive</kind>
         <file>libc.a</file>
         <name>rand.c.obj</name>
      </input_file>
      <input_file id="fl-3a">
         <path>/Applications/ti/ccs2000/ccs/tools/compiler/ti-cgt-armllvm_4.0.1.LTS/lib/armv6m-ti-none-eabi/c/</path>
         <kind>archive</kind>
         <file>libc.a</file>
         <name>copy_zero_init.c.obj</name>
      </input_file>
      <input_file id="fl-3b">
         <path>/Applications/ti/ccs2000/ccs/tools/compiler/ti-cgt-armllvm_4.0.1.LTS/lib/armv6m-ti-none-eabi/c/</path>
         <kind>archive</kind>
         <file>libc.a</file>
         <name>copy_decompress_none.c.obj</name>
      </input_file>
      <input_file id="fl-3c">
         <path>/Applications/ti/ccs2000/ccs/tools/compiler/ti-cgt-armllvm_4.0.1.LTS/lib/armv6m-ti-none-eabi/c/</path>
         <kind>archive</kind>
         <file>libc.a</file>
         <name>copy_decompress_lzss.c.obj</name>
      </input_file>
      <input_file id="fl-3d">
         <path>/Applications/ti/ccs2000/ccs/tools/compiler/ti-cgt-armllvm_4.0.1.LTS/lib/armv6m-ti-none-eabi/c/</path>
         <kind>archive</kind>
         <file>libc.a</file>
         <name>boot_cortex_m.c.obj</name>
      </input_file>
      <input_file id="fl-3e">
         <path>/Applications/ti/ccs2000/ccs/tools/compiler/ti-cgt-armllvm_4.0.1.LTS/lib/armv6m-ti-none-eabi/c/</path>
         <kind>archive</kind>
         <file>libc.a</file>
         <name>mathacl_init.c.obj</name>
      </input_file>
      <input_file id="fl-3f">
         <path>/Applications/ti/ccs2000/ccs/tools/compiler/ti-cgt-armllvm_4.0.1.LTS/lib/armv6m-ti-none-eabi/c/</path>
         <kind>archive</kind>
         <file>libc.a</file>
         <name>sprintf.c.obj</name>
      </input_file>
      <input_file id="fl-40">
         <path>/Applications/ti/ccs2000/ccs/tools/compiler/ti-cgt-armllvm_4.0.1.LTS/lib/armv6m-ti-none-eabi/c/</path>
         <kind>archive</kind>
         <file>libc.a</file>
         <name>fclose.c.obj</name>
      </input_file>
      <input_file id="fl-41">
         <path>/Applications/ti/ccs2000/ccs/tools/compiler/ti-cgt-armllvm_4.0.1.LTS/lib/armv6m-ti-none-eabi/c/</path>
         <kind>archive</kind>
         <file>libc.a</file>
         <name>fflush.c.obj</name>
      </input_file>
      <input_file id="fl-42">
         <path>/Applications/ti/ccs2000/ccs/tools/compiler/ti-cgt-armllvm_4.0.1.LTS/lib/armv6m-ti-none-eabi/c/</path>
         <kind>archive</kind>
         <file>libc.a</file>
         <name>fputs.c.obj</name>
      </input_file>
      <input_file id="fl-43">
         <path>/Applications/ti/ccs2000/ccs/tools/compiler/ti-cgt-armllvm_4.0.1.LTS/lib/armv6m-ti-none-eabi/c/</path>
         <kind>archive</kind>
         <file>libc.a</file>
         <name>_io_perm.c.obj</name>
      </input_file>
      <input_file id="fl-44">
         <path>/Applications/ti/ccs2000/ccs/tools/compiler/ti-cgt-armllvm_4.0.1.LTS/lib/armv6m-ti-none-eabi/c/</path>
         <kind>archive</kind>
         <file>libc.a</file>
         <name>args_main.c.obj</name>
      </input_file>
      <input_file id="fl-45">
         <path>/Applications/ti/ccs2000/ccs/tools/compiler/ti-cgt-armllvm_4.0.1.LTS/lib/armv6m-ti-none-eabi/c/</path>
         <kind>archive</kind>
         <file>libc.a</file>
         <name>autoinit.c.obj</name>
      </input_file>
      <input_file id="fl-46">
         <path>/Applications/ti/ccs2000/ccs/tools/compiler/ti-cgt-armllvm_4.0.1.LTS/lib/armv6m-ti-none-eabi/c/</path>
         <kind>archive</kind>
         <file>libc.a</file>
         <name>pre_init.c.obj</name>
      </input_file>
      <input_file id="fl-47">
         <path>/Applications/ti/ccs2000/ccs/tools/compiler/ti-cgt-armllvm_4.0.1.LTS/lib/armv6m-ti-none-eabi/c/</path>
         <kind>archive</kind>
         <file>libc.a</file>
         <name>cpy_tbl.c.obj</name>
      </input_file>
      <input_file id="fl-48">
         <path>/Applications/ti/ccs2000/ccs/tools/compiler/ti-cgt-armllvm_4.0.1.LTS/lib/armv6m-ti-none-eabi/c/</path>
         <kind>archive</kind>
         <file>libc.a</file>
         <name>_printfi.c.obj</name>
      </input_file>
      <input_file id="fl-49">
         <path>/Applications/ti/ccs2000/ccs/tools/compiler/ti-cgt-armllvm_4.0.1.LTS/lib/armv6m-ti-none-eabi/c/</path>
         <kind>archive</kind>
         <file>libc.a</file>
         <name>fseek.c.obj</name>
      </input_file>
      <input_file id="fl-4a">
         <path>/Applications/ti/ccs2000/ccs/tools/compiler/ti-cgt-armllvm_4.0.1.LTS/lib/armv6m-ti-none-eabi/c/</path>
         <kind>archive</kind>
         <file>libc.a</file>
         <name>s_frexp.c.obj</name>
      </input_file>
      <input_file id="fl-4b">
         <path>/Applications/ti/ccs2000/ccs/tools/compiler/ti-cgt-armllvm_4.0.1.LTS/lib/armv6m-ti-none-eabi/c/</path>
         <kind>archive</kind>
         <file>libc.a</file>
         <name>s_scalbn.c.obj</name>
      </input_file>
      <input_file id="fl-4c">
         <path>/Applications/ti/ccs2000/ccs/tools/compiler/ti-cgt-armllvm_4.0.1.LTS/lib/armv6m-ti-none-eabi/c/</path>
         <kind>archive</kind>
         <file>libc.a</file>
         <name>_ltoa.c.obj</name>
      </input_file>
      <input_file id="fl-4d">
         <path>/Applications/ti/ccs2000/ccs/tools/compiler/ti-cgt-armllvm_4.0.1.LTS/lib/armv6m-ti-none-eabi/c/</path>
         <kind>archive</kind>
         <file>libc.a</file>
         <name>atoi.c.obj</name>
      </input_file>
      <input_file id="fl-4e">
         <path>/Applications/ti/ccs2000/ccs/tools/compiler/ti-cgt-armllvm_4.0.1.LTS/lib/armv6m-ti-none-eabi/c/</path>
         <kind>archive</kind>
         <file>libc.a</file>
         <name>memccpy.c.obj</name>
      </input_file>
      <input_file id="fl-4f">
         <path>/Applications/ti/ccs2000/ccs/tools/compiler/ti-cgt-armllvm_4.0.1.LTS/lib/armv6m-ti-none-eabi/c/</path>
         <kind>archive</kind>
         <file>libc.a</file>
         <name>wcslen.c.obj</name>
      </input_file>
      <input_file id="fl-50">
         <path>/Applications/ti/ccs2000/ccs/tools/compiler/ti-cgt-armllvm_4.0.1.LTS/lib/armv6m-ti-none-eabi/c/</path>
         <kind>archive</kind>
         <file>libc.a</file>
         <name>aeabi_ctype.S.obj</name>
      </input_file>
      <input_file id="fl-e6">
         <path>/Applications/ti/ccs2000/ccs/tools/compiler/ti-cgt-armllvm_4.0.1.LTS/lib/armv6m-ti-none-eabi/</path>
         <kind>archive</kind>
         <file>libc++.a</file>
         <name>string.cpp.obj</name>
      </input_file>
      <input_file id="fl-e7">
         <path>/Applications/ti/ccs2000/ccs/tools/compiler/ti-cgt-armllvm_4.0.1.LTS/lib/armv6m-ti-none-eabi/</path>
         <kind>archive</kind>
         <file>libc++.a</file>
         <name>verbose_abort.cpp.obj</name>
      </input_file>
      <input_file id="fl-e8">
         <path>/Applications/ti/ccs2000/ccs/tools/compiler/ti-cgt-armllvm_4.0.1.LTS/lib/armv6m-ti-none-eabi/</path>
         <kind>archive</kind>
         <file>libc++abi.a</file>
         <name>stdlib_new_delete.cpp.obj</name>
      </input_file>
      <input_file id="fl-e9">
         <path>/Applications/ti/ccs2000/ccs/tools/compiler/ti-cgt-armllvm_4.0.1.LTS/lib/armv6m-ti-none-eabi/</path>
         <kind>archive</kind>
         <file>libc++abi.a</file>
         <name>cxa_handlers.cpp.obj</name>
      </input_file>
      <input_file id="fl-ea">
         <path>/Applications/ti/ccs2000/ccs/tools/compiler/ti-cgt-armllvm_4.0.1.LTS/lib/armv6m-ti-none-eabi/</path>
         <kind>archive</kind>
         <file>libc++abi.a</file>
         <name>abort_message.cpp.obj</name>
      </input_file>
      <input_file id="fl-eb">
         <path>/Applications/ti/ccs2000/ccs/tools/compiler/ti-cgt-armllvm_4.0.1.LTS/lib/armv6m-ti-none-eabi/</path>
         <kind>archive</kind>
         <file>libc++abi.a</file>
         <name>cxa_default_handlers.cpp.obj</name>
      </input_file>
      <input_file id="fl-ec">
         <path>/Applications/ti/ccs2000/ccs/tools/compiler/ti-cgt-armllvm_4.0.1.LTS/lib/armv6m-ti-none-eabi/c/</path>
         <kind>archive</kind>
         <file>libc.a</file>
         <name>wcstof.c.obj</name>
      </input_file>
      <input_file id="fl-ed">
         <path>/Applications/ti/ccs2000/ccs/tools/compiler/ti-cgt-armllvm_4.0.1.LTS/lib/armv6m-ti-none-eabi/c/</path>
         <kind>archive</kind>
         <file>libc.a</file>
         <name>wcstod.c.obj</name>
      </input_file>
      <input_file id="fl-ee">
         <path>/Applications/ti/ccs2000/ccs/tools/compiler/ti-cgt-armllvm_4.0.1.LTS/lib/armv6m-ti-none-eabi/c/</path>
         <kind>archive</kind>
         <file>libc.a</file>
         <name>wcstold.c.obj</name>
      </input_file>
      <input_file id="fl-ef">
         <path>/Applications/ti/ccs2000/ccs/tools/compiler/ti-cgt-armllvm_4.0.1.LTS/lib/armv6m-ti-none-eabi/c/</path>
         <kind>archive</kind>
         <file>libc.a</file>
         <name>wcstol.c.obj</name>
      </input_file>
      <input_file id="fl-f0">
         <path>/Applications/ti/ccs2000/ccs/tools/compiler/ti-cgt-armllvm_4.0.1.LTS/lib/armv6m-ti-none-eabi/c/</path>
         <kind>archive</kind>
         <file>libc.a</file>
         <name>wcstoul.c.obj</name>
      </input_file>
      <input_file id="fl-f1">
         <path>/Applications/ti/ccs2000/ccs/tools/compiler/ti-cgt-armllvm_4.0.1.LTS/lib/armv6m-ti-none-eabi/c/</path>
         <kind>archive</kind>
         <file>libc.a</file>
         <name>wcstoll.c.obj</name>
      </input_file>
      <input_file id="fl-f2">
         <path>/Applications/ti/ccs2000/ccs/tools/compiler/ti-cgt-armllvm_4.0.1.LTS/lib/armv6m-ti-none-eabi/c/</path>
         <kind>archive</kind>
         <file>libc.a</file>
         <name>wcstoull.c.obj</name>
      </input_file>
      <input_file id="fl-f3">
         <path>/Applications/ti/ccs2000/ccs/tools/compiler/ti-cgt-armllvm_4.0.1.LTS/lib/armv6m-ti-none-eabi/c/</path>
         <kind>archive</kind>
         <file>libc.a</file>
         <name>swprintf.c.obj</name>
      </input_file>
      <input_file id="fl-f4">
         <path>/Applications/ti/ccs2000/ccs/tools/compiler/ti-cgt-armllvm_4.0.1.LTS/lib/armv6m-ti-none-eabi/c/</path>
         <kind>archive</kind>
         <file>libc.a</file>
         <name>wmemchr.c.obj</name>
      </input_file>
      <input_file id="fl-f5">
         <path>/Applications/ti/ccs2000/ccs/tools/compiler/ti-cgt-armllvm_4.0.1.LTS/lib/armv6m-ti-none-eabi/c/</path>
         <kind>archive</kind>
         <file>libc.a</file>
         <name>wmemcmp.c.obj</name>
      </input_file>
      <input_file id="fl-f6">
         <path>/Applications/ti/ccs2000/ccs/tools/compiler/ti-cgt-armllvm_4.0.1.LTS/lib/armv6m-ti-none-eabi/c/</path>
         <kind>archive</kind>
         <file>libc.a</file>
         <name>none_mb.c.obj</name>
      </input_file>
      <input_file id="fl-f7">
         <path>/Applications/ti/ccs2000/ccs/tools/compiler/ti-cgt-armllvm_4.0.1.LTS/lib/armv6m-ti-none-eabi/c/</path>
         <kind>archive</kind>
         <file>libc.a</file>
         <name>vswprintf.c.obj</name>
      </input_file>
      <input_file id="fl-f8">
         <path>/Applications/ti/ccs2000/ccs/tools/compiler/ti-cgt-armllvm_4.0.1.LTS/lib/armv6m-ti-none-eabi/c/</path>
         <kind>archive</kind>
         <file>libc.a</file>
         <name>snprintf.c.obj</name>
      </input_file>
      <input_file id="fl-f9">
         <path>/Applications/ti/ccs2000/ccs/tools/compiler/ti-cgt-armllvm_4.0.1.LTS/lib/armv6m-ti-none-eabi/c/</path>
         <kind>archive</kind>
         <file>libc.a</file>
         <name>vfprintf.c.obj</name>
      </input_file>
      <input_file id="fl-fa">
         <path>/Applications/ti/ccs2000/ccs/tools/compiler/ti-cgt-armllvm_4.0.1.LTS/lib/armv6m-ti-none-eabi/c/</path>
         <kind>archive</kind>
         <file>libc.a</file>
         <name>vsnprintf.c.obj</name>
      </input_file>
      <input_file id="fl-fb">
         <path>/Applications/ti/ccs2000/ccs/tools/compiler/ti-cgt-armllvm_4.0.1.LTS/lib/armv6m-ti-none-eabi/c/</path>
         <kind>archive</kind>
         <file>libc.a</file>
         <name>fputc.c.obj</name>
      </input_file>
      <input_file id="fl-fc">
         <path>/Applications/ti/ccs2000/ccs/tools/compiler/ti-cgt-armllvm_4.0.1.LTS/lib/armv6m-ti-none-eabi/c/</path>
         <kind>archive</kind>
         <file>libc.a</file>
         <name>locale_stdlib.c.obj</name>
      </input_file>
      <input_file id="fl-fd">
         <path>/Applications/ti/ccs2000/ccs/tools/compiler/ti-cgt-armllvm_4.0.1.LTS/lib/armv6m-ti-none-eabi/c/</path>
         <kind>archive</kind>
         <file>libc.a</file>
         <name>locale_wchar.c.obj</name>
      </input_file>
      <input_file id="fl-fe">
         <path>/Applications/ti/ccs2000/ccs/tools/compiler/ti-cgt-armllvm_4.0.1.LTS/lib/armv6m-ti-none-eabi/c/</path>
         <kind>archive</kind>
         <file>libc.a</file>
         <name>atol.c.obj</name>
      </input_file>
      <input_file id="fl-ff">
         <path>/Applications/ti/ccs2000/ccs/tools/compiler/ti-cgt-armllvm_4.0.1.LTS/lib/armv6m-ti-none-eabi/c/</path>
         <kind>archive</kind>
         <file>libc.a</file>
         <name>atoll.c.obj</name>
      </input_file>
      <input_file id="fl-100">
         <path>/Applications/ti/ccs2000/ccs/tools/compiler/ti-cgt-armllvm_4.0.1.LTS/lib/armv6m-ti-none-eabi/c/</path>
         <kind>archive</kind>
         <file>libc.a</file>
         <name>memchr.c.obj</name>
      </input_file>
      <input_file id="fl-101">
         <path>/Applications/ti/ccs2000/ccs/tools/compiler/ti-cgt-armllvm_4.0.1.LTS/lib/armv6m-ti-none-eabi/c/</path>
         <kind>archive</kind>
         <file>libc.a</file>
         <name>strlen.c.obj</name>
      </input_file>
      <input_file id="fl-102">
         <path>/Applications/ti/ccs2000/ccs/tools/compiler/ti-cgt-armllvm_4.0.1.LTS/lib/armv6m-ti-none-eabi/c/</path>
         <kind>archive</kind>
         <file>libc.a</file>
         <name>strtod.c.obj</name>
      </input_file>
      <input_file id="fl-103">
         <path>/Applications/ti/ccs2000/ccs/tools/compiler/ti-cgt-armllvm_4.0.1.LTS/lib/armv6m-ti-none-eabi/c/</path>
         <kind>archive</kind>
         <file>libc.a</file>
         <name>strtof.c.obj</name>
      </input_file>
      <input_file id="fl-104">
         <path>/Applications/ti/ccs2000/ccs/tools/compiler/ti-cgt-armllvm_4.0.1.LTS/lib/armv6m-ti-none-eabi/c/</path>
         <kind>archive</kind>
         <file>libc.a</file>
         <name>strtol.c.obj</name>
      </input_file>
      <input_file id="fl-105">
         <path>/Applications/ti/ccs2000/ccs/tools/compiler/ti-cgt-armllvm_4.0.1.LTS/lib/armv6m-ti-none-eabi/c/</path>
         <kind>archive</kind>
         <file>libc.a</file>
         <name>strtoll.c.obj</name>
      </input_file>
      <input_file id="fl-106">
         <path>/Applications/ti/ccs2000/ccs/tools/compiler/ti-cgt-armllvm_4.0.1.LTS/lib/armv6m-ti-none-eabi/c/</path>
         <kind>archive</kind>
         <file>libc.a</file>
         <name>strtoul.c.obj</name>
      </input_file>
      <input_file id="fl-107">
         <path>/Applications/ti/ccs2000/ccs/tools/compiler/ti-cgt-armllvm_4.0.1.LTS/lib/armv6m-ti-none-eabi/c/</path>
         <kind>archive</kind>
         <file>libc.a</file>
         <name>strtoull.c.obj</name>
      </input_file>
      <input_file id="fl-108">
         <path>/Applications/ti/ccs2000/ccs/tools/compiler/ti-cgt-armllvm_4.0.1.LTS/lib/armv6m-ti-none-eabi/c/</path>
         <kind>archive</kind>
         <file>libc.a</file>
         <name>wctype.c.obj</name>
      </input_file>
      <input_file id="fl-109">
         <path>/Applications/ti/ccs2000/ccs/tools/compiler/ti-cgt-armllvm_4.0.1.LTS/lib/armv6m-ti-none-eabi/c/</path>
         <kind>archive</kind>
         <file>libc.a</file>
         <name>fgetwc.c.obj</name>
      </input_file>
      <input_file id="fl-10a">
         <path>/Applications/ti/ccs2000/ccs/tools/compiler/ti-cgt-armllvm_4.0.1.LTS/lib/armv6m-ti-none-eabi/c/</path>
         <kind>archive</kind>
         <file>libc.a</file>
         <name>fgetws.c.obj</name>
      </input_file>
      <input_file id="fl-10b">
         <path>/Applications/ti/ccs2000/ccs/tools/compiler/ti-cgt-armllvm_4.0.1.LTS/lib/armv6m-ti-none-eabi/c/</path>
         <kind>archive</kind>
         <file>libc.a</file>
         <name>fputws.c.obj</name>
      </input_file>
      <input_file id="fl-10c">
         <path>/Applications/ti/ccs2000/ccs/tools/compiler/ti-cgt-armllvm_4.0.1.LTS/lib/armv6m-ti-none-eabi/c/</path>
         <kind>archive</kind>
         <file>libc.a</file>
         <name>vfwprintf.c.obj</name>
      </input_file>
      <input_file id="fl-10d">
         <path>/Applications/ti/ccs2000/ccs/tools/compiler/ti-cgt-armllvm_4.0.1.LTS/lib/armv6m-ti-none-eabi/c/</path>
         <kind>archive</kind>
         <file>libc.a</file>
         <name>vfwscanf.c.obj</name>
      </input_file>
      <input_file id="fl-10e">
         <path>/Applications/ti/ccs2000/ccs/tools/compiler/ti-cgt-armllvm_4.0.1.LTS/lib/armv6m-ti-none-eabi/c/</path>
         <kind>archive</kind>
         <file>libc.a</file>
         <name>wcscoll.c.obj</name>
      </input_file>
      <input_file id="fl-10f">
         <path>/Applications/ti/ccs2000/ccs/tools/compiler/ti-cgt-armllvm_4.0.1.LTS/lib/armv6m-ti-none-eabi/c/</path>
         <kind>archive</kind>
         <file>libc.a</file>
         <name>wcsxfrm.c.obj</name>
      </input_file>
      <input_file id="fl-110">
         <path>/Applications/ti/ccs2000/ccs/tools/compiler/ti-cgt-armllvm_4.0.1.LTS/lib/armv6m-ti-none-eabi/c/</path>
         <kind>archive</kind>
         <file>libc.a</file>
         <name>fscanf.c.obj</name>
      </input_file>
      <input_file id="fl-111">
         <path>/Applications/ti/ccs2000/ccs/tools/compiler/ti-cgt-armllvm_4.0.1.LTS/lib/armv6m-ti-none-eabi/c/</path>
         <kind>archive</kind>
         <file>libc.a</file>
         <name>fgetc.c.obj</name>
      </input_file>
      <input_file id="fl-112">
         <path>/Applications/ti/ccs2000/ccs/tools/compiler/ti-cgt-armllvm_4.0.1.LTS/lib/armv6m-ti-none-eabi/c/</path>
         <kind>archive</kind>
         <file>libc.a</file>
         <name>fgets.c.obj</name>
      </input_file>
      <input_file id="fl-113">
         <path>/Applications/ti/ccs2000/ccs/tools/compiler/ti-cgt-armllvm_4.0.1.LTS/lib/armv6m-ti-none-eabi/c/</path>
         <kind>archive</kind>
         <file>libc.a</file>
         <name>_bufread.c.obj</name>
      </input_file>
      <input_file id="fl-114">
         <path>/Applications/ti/ccs2000/ccs/tools/compiler/ti-cgt-armllvm_4.0.1.LTS/lib/armv6m-ti-none-eabi/c/</path>
         <kind>archive</kind>
         <file>libc.a</file>
         <name>ungetc.c.obj</name>
      </input_file>
      <input_file id="fl-115">
         <path>/Applications/ti/ccs2000/ccs/tools/compiler/ti-cgt-armllvm_4.0.1.LTS/lib/armv6m-ti-none-eabi/c/</path>
         <kind>archive</kind>
         <file>libc.a</file>
         <name>s_scalbnf.c.obj</name>
      </input_file>
      <input_file id="fl-116">
         <path>/Applications/ti/ccs2000/ccs/tools/compiler/ti-cgt-armllvm_4.0.1.LTS/lib/armv6m-ti-none-eabi/c/</path>
         <kind>archive</kind>
         <file>libc.a</file>
         <name>strcmp-armv6m.S.obj</name>
      </input_file>
      <input_file id="fl-117">
         <path>/Applications/ti/ccs2000/ccs/tools/compiler/ti-cgt-armllvm_4.0.1.LTS/lib/armv6m-ti-none-eabi/c/</path>
         <kind>archive</kind>
         <file>libc.a</file>
         <name>_scanfi.c.obj</name>
      </input_file>
      <input_file id="fl-118">
         <path>/Applications/ti/ccs2000/ccs/tools/compiler/ti-cgt-armllvm_4.0.1.LTS/lib/armv6m-ti-none-eabi/c/</path>
         <kind>archive</kind>
         <file>libsysbm.a</file>
         <name>write.c.obj</name>
      </input_file>
      <input_file id="fl-119">
         <path>/Applications/ti/ccs2000/ccs/tools/compiler/ti-cgt-armllvm_4.0.1.LTS/lib/armv6m-ti-none-eabi/c/</path>
         <kind>archive</kind>
         <file>libsysbm.a</file>
         <name>host_device.c.obj</name>
      </input_file>
      <input_file id="fl-11a">
         <path>/Applications/ti/ccs2000/ccs/tools/compiler/ti-cgt-armllvm_4.0.1.LTS/lib/armv6m-ti-none-eabi/c/</path>
         <kind>archive</kind>
         <file>libsysbm.a</file>
         <name>remove.c.obj</name>
      </input_file>
      <input_file id="fl-11b">
         <path>/Applications/ti/ccs2000/ccs/tools/compiler/ti-cgt-armllvm_4.0.1.LTS/lib/armv6m-ti-none-eabi/c/</path>
         <kind>archive</kind>
         <file>libsysbm.a</file>
         <name>read.c.obj</name>
      </input_file>
      <input_file id="fl-11c">
         <path>/Applications/ti/ccs2000/ccs/tools/compiler/ti-cgt-armllvm_4.0.1.LTS/lib/armv6m-ti-none-eabi/c/</path>
         <kind>archive</kind>
         <file>libsysbm.a</file>
         <name>open.c.obj</name>
      </input_file>
      <input_file id="fl-11d">
         <path>/Applications/ti/ccs2000/ccs/tools/compiler/ti-cgt-armllvm_4.0.1.LTS/lib/armv6m-ti-none-eabi/c/</path>
         <kind>archive</kind>
         <file>libsysbm.a</file>
         <name>lseek.c.obj</name>
      </input_file>
      <input_file id="fl-11e">
         <path>/Applications/ti/ccs2000/ccs/tools/compiler/ti-cgt-armllvm_4.0.1.LTS/lib/armv6m-ti-none-eabi/c/</path>
         <kind>archive</kind>
         <file>libsysbm.a</file>
         <name>close.c.obj</name>
      </input_file>
      <input_file id="fl-11f">
         <path>/Applications/ti/ccs2000/ccs/tools/compiler/ti-cgt-armllvm_4.0.1.LTS/lib/armv6m-ti-none-eabi/c/</path>
         <kind>archive</kind>
         <file>libsysbm.a</file>
         <name>add_device.c.obj</name>
      </input_file>
      <input_file id="fl-120">
         <path>/Applications/ti/ccs2000/ccs/tools/compiler/ti-cgt-armllvm_4.0.1.LTS/lib/armv6m-ti-none-eabi/c/</path>
         <kind>archive</kind>
         <file>libsysbm.a</file>
         <name>unlink.c.obj</name>
      </input_file>
      <input_file id="fl-121">
         <path>/Applications/ti/ccs2000/ccs/tools/compiler/ti-cgt-armllvm_4.0.1.LTS/lib/armv6m-ti-none-eabi/c/</path>
         <kind>archive</kind>
         <file>libsysbm.a</file>
         <name>hostclose.c.obj</name>
      </input_file>
      <input_file id="fl-122">
         <path>/Applications/ti/ccs2000/ccs/tools/compiler/ti-cgt-armllvm_4.0.1.LTS/lib/armv6m-ti-none-eabi/c/</path>
         <kind>archive</kind>
         <file>libsysbm.a</file>
         <name>hostlseek.c.obj</name>
      </input_file>
      <input_file id="fl-123">
         <path>/Applications/ti/ccs2000/ccs/tools/compiler/ti-cgt-armllvm_4.0.1.LTS/lib/armv6m-ti-none-eabi/c/</path>
         <kind>archive</kind>
         <file>libsysbm.a</file>
         <name>hostopen.c.obj</name>
      </input_file>
      <input_file id="fl-124">
         <path>/Applications/ti/ccs2000/ccs/tools/compiler/ti-cgt-armllvm_4.0.1.LTS/lib/armv6m-ti-none-eabi/c/</path>
         <kind>archive</kind>
         <file>libsysbm.a</file>
         <name>hostread.c.obj</name>
      </input_file>
      <input_file id="fl-125">
         <path>/Applications/ti/ccs2000/ccs/tools/compiler/ti-cgt-armllvm_4.0.1.LTS/lib/armv6m-ti-none-eabi/c/</path>
         <kind>archive</kind>
         <file>libsysbm.a</file>
         <name>hostrename.c.obj</name>
      </input_file>
      <input_file id="fl-126">
         <path>/Applications/ti/ccs2000/ccs/tools/compiler/ti-cgt-armllvm_4.0.1.LTS/lib/armv6m-ti-none-eabi/c/</path>
         <kind>archive</kind>
         <file>libsysbm.a</file>
         <name>hostunlink.c.obj</name>
      </input_file>
      <input_file id="fl-127">
         <path>/Applications/ti/ccs2000/ccs/tools/compiler/ti-cgt-armllvm_4.0.1.LTS/lib/armv6m-ti-none-eabi/c/</path>
         <kind>archive</kind>
         <file>libsysbm.a</file>
         <name>hostwrite.c.obj</name>
      </input_file>
      <input_file id="fl-128">
         <path>/Applications/ti/ccs2000/ccs/tools/compiler/ti-cgt-armllvm_4.0.1.LTS/lib/armv6m-ti-none-eabi/c/</path>
         <kind>archive</kind>
         <file>libsysbm.a</file>
         <name>trgmsg.c.obj</name>
      </input_file>
      <input_file id="fl-129">
         <path>/Applications/ti/ccs2000/ccs/tools/compiler/ti-cgt-armllvm_4.0.1.LTS/lib/armv6m-ti-none-eabi/</path>
         <kind>archive</kind>
         <file>libclang_rt.builtins.a</file>
         <name>addsf3.S.obj</name>
      </input_file>
      <input_file id="fl-12a">
         <path>/Applications/ti/ccs2000/ccs/tools/compiler/ti-cgt-armllvm_4.0.1.LTS/lib/armv6m-ti-none-eabi/</path>
         <kind>archive</kind>
         <file>libclang_rt.builtins.a</file>
         <name>adddf3.S.obj</name>
      </input_file>
      <input_file id="fl-12b">
         <path>/Applications/ti/ccs2000/ccs/tools/compiler/ti-cgt-armllvm_4.0.1.LTS/lib/armv6m-ti-none-eabi/</path>
         <kind>archive</kind>
         <file>libclang_rt.builtins.a</file>
         <name>muldf3.S.obj</name>
      </input_file>
      <input_file id="fl-12c">
         <path>/Applications/ti/ccs2000/ccs/tools/compiler/ti-cgt-armllvm_4.0.1.LTS/lib/armv6m-ti-none-eabi/</path>
         <kind>archive</kind>
         <file>libclang_rt.builtins.a</file>
         <name>muldsi3.S.obj</name>
      </input_file>
      <input_file id="fl-12d">
         <path>/Applications/ti/ccs2000/ccs/tools/compiler/ti-cgt-armllvm_4.0.1.LTS/lib/armv6m-ti-none-eabi/</path>
         <kind>archive</kind>
         <file>libclang_rt.builtins.a</file>
         <name>mulsf3.S.obj</name>
      </input_file>
      <input_file id="fl-12e">
         <path>/Applications/ti/ccs2000/ccs/tools/compiler/ti-cgt-armllvm_4.0.1.LTS/lib/armv6m-ti-none-eabi/</path>
         <kind>archive</kind>
         <file>libclang_rt.builtins.a</file>
         <name>divsf3.S.obj</name>
      </input_file>
      <input_file id="fl-12f">
         <path>/Applications/ti/ccs2000/ccs/tools/compiler/ti-cgt-armllvm_4.0.1.LTS/lib/armv6m-ti-none-eabi/</path>
         <kind>archive</kind>
         <file>libclang_rt.builtins.a</file>
         <name>divdf3.S.obj</name>
      </input_file>
      <input_file id="fl-130">
         <path>/Applications/ti/ccs2000/ccs/tools/compiler/ti-cgt-armllvm_4.0.1.LTS/lib/armv6m-ti-none-eabi/</path>
         <kind>archive</kind>
         <file>libclang_rt.builtins.a</file>
         <name>extendsfdf2.S.obj</name>
      </input_file>
      <input_file id="fl-131">
         <path>/Applications/ti/ccs2000/ccs/tools/compiler/ti-cgt-armllvm_4.0.1.LTS/lib/armv6m-ti-none-eabi/</path>
         <kind>archive</kind>
         <file>libclang_rt.builtins.a</file>
         <name>fixdfsi.S.obj</name>
      </input_file>
      <input_file id="fl-132">
         <path>/Applications/ti/ccs2000/ccs/tools/compiler/ti-cgt-armllvm_4.0.1.LTS/lib/armv6m-ti-none-eabi/</path>
         <kind>archive</kind>
         <file>libclang_rt.builtins.a</file>
         <name>floatsidf.S.obj</name>
      </input_file>
      <input_file id="fl-133">
         <path>/Applications/ti/ccs2000/ccs/tools/compiler/ti-cgt-armllvm_4.0.1.LTS/lib/armv6m-ti-none-eabi/</path>
         <kind>archive</kind>
         <file>libclang_rt.builtins.a</file>
         <name>floatunsidf.S.obj</name>
      </input_file>
      <input_file id="fl-134">
         <path>/Applications/ti/ccs2000/ccs/tools/compiler/ti-cgt-armllvm_4.0.1.LTS/lib/armv6m-ti-none-eabi/</path>
         <kind>archive</kind>
         <file>libclang_rt.builtins.a</file>
         <name>muldi3.S.obj</name>
      </input_file>
      <input_file id="fl-135">
         <path>/Applications/ti/ccs2000/ccs/tools/compiler/ti-cgt-armllvm_4.0.1.LTS/lib/armv6m-ti-none-eabi/</path>
         <kind>archive</kind>
         <file>libclang_rt.builtins.a</file>
         <name>truncdfsf2.S.obj</name>
      </input_file>
      <input_file id="fl-136">
         <path>/Applications/ti/ccs2000/ccs/tools/compiler/ti-cgt-armllvm_4.0.1.LTS/lib/armv6m-ti-none-eabi/</path>
         <kind>archive</kind>
         <file>libclang_rt.builtins.a</file>
         <name>clzsi2.c.obj</name>
      </input_file>
      <input_file id="fl-137">
         <path>/Applications/ti/ccs2000/ccs/tools/compiler/ti-cgt-armllvm_4.0.1.LTS/lib/armv6m-ti-none-eabi/</path>
         <kind>archive</kind>
         <file>libclang_rt.builtins.a</file>
         <name>aeabi_dcmp.S.obj</name>
      </input_file>
      <input_file id="fl-138">
         <path>/Applications/ti/ccs2000/ccs/tools/compiler/ti-cgt-armllvm_4.0.1.LTS/lib/armv6m-ti-none-eabi/</path>
         <kind>archive</kind>
         <file>libclang_rt.builtins.a</file>
         <name>aeabi_fcmp.S.obj</name>
      </input_file>
      <input_file id="fl-139">
         <path>/Applications/ti/ccs2000/ccs/tools/compiler/ti-cgt-armllvm_4.0.1.LTS/lib/armv6m-ti-none-eabi/</path>
         <kind>archive</kind>
         <file>libclang_rt.builtins.a</file>
         <name>aeabi_idivmod.S.obj</name>
      </input_file>
      <input_file id="fl-13a">
         <path>/Applications/ti/ccs2000/ccs/tools/compiler/ti-cgt-armllvm_4.0.1.LTS/lib/armv6m-ti-none-eabi/</path>
         <kind>archive</kind>
         <file>libclang_rt.builtins.a</file>
         <name>aeabi_memcpy.S.obj</name>
      </input_file>
      <input_file id="fl-13b">
         <path>/Applications/ti/ccs2000/ccs/tools/compiler/ti-cgt-armllvm_4.0.1.LTS/lib/armv6m-ti-none-eabi/</path>
         <kind>archive</kind>
         <file>libclang_rt.builtins.a</file>
         <name>aeabi_memmove.S.obj</name>
      </input_file>
      <input_file id="fl-13c">
         <path>/Applications/ti/ccs2000/ccs/tools/compiler/ti-cgt-armllvm_4.0.1.LTS/lib/armv6m-ti-none-eabi/</path>
         <kind>archive</kind>
         <file>libclang_rt.builtins.a</file>
         <name>aeabi_memset.S.obj</name>
      </input_file>
      <input_file id="fl-13d">
         <path>/Applications/ti/ccs2000/ccs/tools/compiler/ti-cgt-armllvm_4.0.1.LTS/lib/armv6m-ti-none-eabi/</path>
         <kind>archive</kind>
         <file>libclang_rt.builtins.a</file>
         <name>aeabi_uidivmod.S.obj</name>
      </input_file>
      <input_file id="fl-13e">
         <path>/Applications/ti/ccs2000/ccs/tools/compiler/ti-cgt-armllvm_4.0.1.LTS/lib/armv6m-ti-none-eabi/</path>
         <kind>archive</kind>
         <file>libclang_rt.builtins.a</file>
         <name>aeabi_uldivmod.S.obj</name>
      </input_file>
      <input_file id="fl-13f">
         <path>/Applications/ti/ccs2000/ccs/tools/compiler/ti-cgt-armllvm_4.0.1.LTS/lib/armv6m-ti-none-eabi/</path>
         <kind>archive</kind>
         <file>libclang_rt.builtins.a</file>
         <name>comparesf2.S.obj</name>
      </input_file>
      <input_file id="fl-140">
         <path>/Applications/ti/ccs2000/ccs/tools/compiler/ti-cgt-armllvm_4.0.1.LTS/lib/armv6m-ti-none-eabi/</path>
         <kind>archive</kind>
         <file>libclang_rt.builtins.a</file>
         <name>udivmoddi4.S.obj</name>
      </input_file>
      <input_file id="fl-141">
         <path>/Applications/ti/ccs2000/ccs/tools/compiler/ti-cgt-armllvm_4.0.1.LTS/lib/armv6m-ti-none-eabi/</path>
         <kind>archive</kind>
         <file>libclang_rt.builtins.a</file>
         <name>ashldi3.S.obj</name>
      </input_file>
      <input_file id="fl-142">
         <path>/Applications/ti/ccs2000/ccs/tools/compiler/ti-cgt-armllvm_4.0.1.LTS/lib/armv6m-ti-none-eabi/</path>
         <kind>archive</kind>
         <file>libclang_rt.builtins.a</file>
         <name>comparedf2.c.obj</name>
      </input_file>
      <input_file id="fl-143">
         <path>/Applications/ti/ccs2000/ccs/tools/compiler/ti-cgt-armllvm_4.0.1.LTS/lib/armv6m-ti-none-eabi/</path>
         <kind>archive</kind>
         <file>libclang_rt.builtins.a</file>
         <name>aeabi_div0.c.obj</name>
      </input_file>
      <input_file id="fl-144">
         <path>/Applications/ti/ccs2000/ccs/tools/compiler/ti-cgt-armllvm_4.0.1.LTS/lib/armv6m-ti-none-eabi/c/</path>
         <kind>archive</kind>
         <file>libc.a</file>
         <name>getdevice.c.obj</name>
      </input_file>
      <input_file id="fl-145">
         <path>/Applications/ti/ccs2000/ccs/tools/compiler/ti-cgt-armllvm_4.0.1.LTS/lib/armv6m-ti-none-eabi/c/</path>
         <kind>archive</kind>
         <file>libc.a</file>
         <name>memcpy16.S.obj</name>
      </input_file>
      <input_file id="fl-146">
         <path>/Applications/ti/ccs2000/ccs/tools/compiler/ti-cgt-armllvm_4.0.1.LTS/lib/armv6m-ti-none-eabi/c/</path>
         <kind>archive</kind>
         <file>libc.a</file>
         <name>memset16.S.obj</name>
      </input_file>
      <input_file id="fl-147">
         <path>/Applications/ti/ccs2000/ccs/tools/compiler/ti-cgt-armllvm_4.0.1.LTS/lib/armv6m-ti-none-eabi/c/</path>
         <kind>archive</kind>
         <file>libc.a</file>
         <name>memmov.c.obj</name>
      </input_file>
   </input_file_list>
   <object_component_list>
      <object_component id="oc-18">
         <name>.intvecs</name>
         <load_address>0x0</load_address>
         <readonly>true</readonly>
         <run_address>0x0</run_address>
         <size>0xc0</size>
         <alignment>0x4</alignment>
         <input_file_ref idref="fl-f"/>
      </object_component>
      <object_component id="oc-be">
         <name>.text.main</name>
         <load_address>0x18e00</load_address>
         <readonly>true</readonly>
         <executable>true</executable>
         <run_address>0x18e00</run_address>
         <size>0x1134</size>
         <alignment>0x4</alignment>
         <input_file_ref idref="fl-5"/>
      </object_component>
      <object_component id="oc-42">
         <name>.text.TIMG12_IRQHandler</name>
         <load_address>0x19f34</load_address>
         <readonly>true</readonly>
         <executable>true</executable>
         <run_address>0x19f34</run_address>
         <size>0x5f0</size>
         <alignment>0x4</alignment>
         <input_file_ref idref="fl-5"/>
      </object_component>
      <object_component id="oc-339">
         <name>.text:__TI_printfi_minimal</name>
         <load_address>0x1a524</load_address>
         <readonly>true</readonly>
         <executable>true</executable>
         <run_address>0x1a524</run_address>
         <size>0x284</size>
         <alignment>0x4</alignment>
         <input_file_ref idref="fl-48"/>
      </object_component>
      <object_component id="oc-140">
         <name>.text._Z17ST7735_DrawBitmapssPKtss</name>
         <load_address>0x1a7a8</load_address>
         <readonly>true</readonly>
         <executable>true</executable>
         <run_address>0x1a7a8</run_address>
         <size>0x210</size>
         <alignment>0x4</alignment>
         <input_file_ref idref="fl-8"/>
      </object_component>
      <object_component id="oc-75">
         <name>.text._ZN10DashSprite4tickEv</name>
         <load_address>0x1a9b8</load_address>
         <readonly>true</readonly>
         <executable>true</executable>
         <run_address>0x1a9b8</run_address>
         <size>0x1f8</size>
         <alignment>0x4</alignment>
         <input_file_ref idref="fl-4"/>
      </object_component>
      <object_component id="oc-198">
         <name>.text._Z15Clock_Init80MHzi</name>
         <load_address>0x1abb0</load_address>
         <readonly>true</readonly>
         <executable>true</executable>
         <run_address>0x1abb0</run_address>
         <size>0x1b4</size>
         <alignment>0x4</alignment>
         <input_file_ref idref="fl-2"/>
      </object_component>
      <object_component id="oc-236">
         <name>.text._Z16ST7735_DrawCharSsscssh</name>
         <load_address>0x1ad64</load_address>
         <readonly>true</readonly>
         <executable>true</executable>
         <run_address>0x1ad64</run_address>
         <size>0x1a0</size>
         <alignment>0x4</alignment>
         <input_file_ref idref="fl-8"/>
      </object_component>
      <object_component id="oc-21d">
         <name>.text._openfile</name>
         <load_address>0x1af04</load_address>
         <readonly>true</readonly>
         <executable>true</executable>
         <run_address>0x1af04</run_address>
         <size>0x154</size>
         <alignment>0x4</alignment>
         <input_file_ref idref="fl-30"/>
      </object_component>
      <object_component id="oc-13e">
         <name>.text._Z17componentToBufferv</name>
         <load_address>0x1b058</load_address>
         <readonly>true</readonly>
         <executable>true</executable>
         <run_address>0x1b058</run_address>
         <size>0x134</size>
         <alignment>0x4</alignment>
         <input_file_ref idref="fl-5"/>
      </object_component>
      <object_component id="oc-138">
         <name>.text._Z15ST7735_FillRectsssst</name>
         <load_address>0x1b18c</load_address>
         <readonly>true</readonly>
         <executable>true</executable>
         <run_address>0x1b18c</run_address>
         <size>0x118</size>
         <alignment>0x4</alignment>
         <input_file_ref idref="fl-8"/>
      </object_component>
      <object_component id="oc-28e">
         <name>.text.aligned_alloc</name>
         <load_address>0x1b2a4</load_address>
         <readonly>true</readonly>
         <executable>true</executable>
         <run_address>0x1b2a4</run_address>
         <size>0x114</size>
         <alignment>0x4</alignment>
         <input_file_ref idref="fl-38"/>
      </object_component>
      <object_component id="oc-13d">
         <name>.text._Z14solderToBufferv</name>
         <load_address>0x1b3b8</load_address>
         <readonly>true</readonly>
         <executable>true</executable>
         <run_address>0x1b3b8</run_address>
         <size>0x108</size>
         <alignment>0x4</alignment>
         <input_file_ref idref="fl-5"/>
      </object_component>
      <object_component id="oc-13c">
         <name>.text._Z16DrawBeamToBuffer10BeamSprite</name>
         <load_address>0x1b4c0</load_address>
         <readonly>true</readonly>
         <executable>true</executable>
         <run_address>0x1b4c0</run_address>
         <size>0x108</size>
         <alignment>0x4</alignment>
         <input_file_ref idref="fl-5"/>
      </object_component>
      <object_component id="oc-248">
         <name>.text._Z22ST7735_DrawSmallCirclesst</name>
         <load_address>0x1b5c8</load_address>
         <readonly>true</readonly>
         <executable>true</executable>
         <run_address>0x1b5c8</run_address>
         <size>0x100</size>
         <alignment>0x4</alignment>
         <input_file_ref idref="fl-8"/>
      </object_component>
      <object_component id="oc-24d">
         <name>.text._Z8SPI_Initv</name>
         <load_address>0x1b6c8</load_address>
         <readonly>true</readonly>
         <executable>true</executable>
         <run_address>0x1b6c8</run_address>
         <size>0xf8</size>
         <alignment>0x4</alignment>
         <input_file_ref idref="fl-7"/>
      </object_component>
      <object_component id="oc-341">
         <name>.text.fputs</name>
         <load_address>0x1b7c0</load_address>
         <readonly>true</readonly>
         <executable>true</executable>
         <run_address>0x1b7c0</run_address>
         <size>0xf8</size>
         <alignment>0x4</alignment>
         <input_file_ref idref="fl-42"/>
      </object_component>
      <object_component id="oc-168">
         <name>.text._Z13drawEndScreenv</name>
         <load_address>0x1b8b8</load_address>
         <readonly>true</readonly>
         <executable>true</executable>
         <run_address>0x1b8b8</run_address>
         <size>0xf4</size>
         <alignment>0x4</alignment>
         <input_file_ref idref="fl-d"/>
      </object_component>
      <object_component id="oc-10b">
         <name>.text._Z18ST7735_SetRotationh</name>
         <load_address>0x1b9ac</load_address>
         <readonly>true</readonly>
         <executable>true</executable>
         <run_address>0x1b9ac</run_address>
         <size>0xf4</size>
         <alignment>0x4</alignment>
         <input_file_ref idref="fl-8"/>
      </object_component>
      <object_component id="oc-19e">
         <name>.text.add_device</name>
         <load_address>0x1baa0</load_address>
         <readonly>true</readonly>
         <executable>true</executable>
         <run_address>0x1baa0</run_address>
         <size>0xec</size>
         <alignment>0x4</alignment>
         <input_file_ref idref="fl-11f"/>
      </object_component>
      <object_component id="oc-226">
         <name>.text.free</name>
         <load_address>0x1bb8c</load_address>
         <readonly>true</readonly>
         <executable>true</executable>
         <run_address>0x1bb8c</run_address>
         <size>0xe8</size>
         <alignment>0x4</alignment>
         <input_file_ref idref="fl-38"/>
      </object_component>
      <object_component id="oc-141">
         <name>.text._Z12drawGameOverv</name>
         <load_address>0x1bc74</load_address>
         <readonly>true</readonly>
         <executable>true</executable>
         <run_address>0x1bc74</run_address>
         <size>0xe4</size>
         <alignment>0x4</alignment>
         <input_file_ref idref="fl-d"/>
      </object_component>
      <object_component id="oc-1d5">
         <name>.text._Z14ST7735_OutCharctt</name>
         <load_address>0x1bd58</load_address>
         <readonly>true</readonly>
         <executable>true</executable>
         <run_address>0x1bd58</run_address>
         <size>0xe4</size>
         <alignment>0x4</alignment>
         <input_file_ref idref="fl-8"/>
      </object_component>
      <object_component id="oc-111">
         <name>.text._Z15drawMainButtonsv</name>
         <load_address>0x1be3c</load_address>
         <readonly>true</readonly>
         <executable>true</executable>
         <run_address>0x1be3c</run_address>
         <size>0xe4</size>
         <alignment>0x4</alignment>
         <input_file_ref idref="fl-d"/>
      </object_component>
      <object_component id="oc-11a">
         <name>.text._Z18drawSpanishButtonsv</name>
         <load_address>0x1bf20</load_address>
         <readonly>true</readonly>
         <executable>true</executable>
         <run_address>0x1bf20</run_address>
         <size>0xe4</size>
         <alignment>0x4</alignment>
         <input_file_ref idref="fl-d"/>
      </object_component>
      <object_component id="oc-299">
         <name>.text._ZNSt3__16__itoa13__base_10_u32B8nn180100EPcj</name>
         <load_address>0x1c004</load_address>
         <readonly>true</readonly>
         <executable>true</executable>
         <run_address>0x1c004</run_address>
         <size>0xe0</size>
         <alignment>0x4</alignment>
         <input_file_ref idref="fl-e6"/>
      </object_component>
      <object_component id="oc-1a9">
         <name>.text.setvbuf</name>
         <load_address>0x1c0e4</load_address>
         <readonly>true</readonly>
         <executable>true</executable>
         <run_address>0x1c0e4</run_address>
         <size>0xe0</size>
         <alignment>0x4</alignment>
         <input_file_ref idref="fl-31"/>
      </object_component>
      <object_component id="oc-1f2">
         <name>.text._Z10PcbOutlineh</name>
         <load_address>0x1c1c4</load_address>
         <readonly>true</readonly>
         <executable>true</executable>
         <run_address>0x1c1c4</run_address>
         <size>0xd8</size>
         <alignment>0x4</alignment>
         <input_file_ref idref="fl-d"/>
      </object_component>
      <object_component id="oc-22d">
         <name>.text._Z14ST7735_OutCharc</name>
         <load_address>0x1c29c</load_address>
         <readonly>true</readonly>
         <executable>true</executable>
         <run_address>0x1c29c</run_address>
         <size>0xd0</size>
         <alignment>0x4</alignment>
         <input_file_ref idref="fl-8"/>
      </object_component>
      <object_component id="oc-15a">
         <name>.text._Z22ST7735_FillSmallCirclesst</name>
         <load_address>0x1c36c</load_address>
         <readonly>true</readonly>
         <executable>true</executable>
         <run_address>0x1c36c</run_address>
         <size>0xc8</size>
         <alignment>0x4</alignment>
         <input_file_ref idref="fl-8"/>
      </object_component>
      <object_component id="oc-247">
         <name>.text._ZNSt3__112basic_stringIcNS_11char_traitsIcEENS_9allocatorIcEEE21__grow_by_and_replaceEjjjjjjPKc</name>
         <load_address>0x1c434</load_address>
         <readonly>true</readonly>
         <executable>true</executable>
         <run_address>0x1c434</run_address>
         <size>0xc4</size>
         <alignment>0x4</alignment>
         <input_file_ref idref="fl-e6"/>
      </object_component>
      <object_component id="oc-11b">
         <name>.text._Z13outlineButtonssss</name>
         <load_address>0x1c4f8</load_address>
         <readonly>true</readonly>
         <executable>true</executable>
         <run_address>0x1c4f8</run_address>
         <size>0xb4</size>
         <alignment>0x4</alignment>
         <input_file_ref idref="fl-d"/>
      </object_component>
      <object_component id="oc-1d1">
         <name>.text._Z20ST7735_DrawFastHLinessst</name>
         <load_address>0x1c5ac</load_address>
         <readonly>true</readonly>
         <executable>true</executable>
         <run_address>0x1c5ac</run_address>
         <size>0xb0</size>
         <alignment>0x4</alignment>
         <input_file_ref idref="fl-8"/>
      </object_component>
      <object_component id="oc-1d2">
         <name>.text._Z20ST7735_DrawFastVLinessst</name>
         <load_address>0x1c65c</load_address>
         <readonly>true</readonly>
         <executable>true</executable>
         <run_address>0x1c65c</run_address>
         <size>0xb0</size>
         <alignment>0x4</alignment>
         <input_file_ref idref="fl-8"/>
      </object_component>
      <object_component id="oc-7f">
         <name>.text._ZN15ComponentSprite4tickEv</name>
         <load_address>0x1c70c</load_address>
         <readonly>true</readonly>
         <executable>true</executable>
         <run_address>0x1c70c</run_address>
         <size>0xac</size>
         <alignment>0x2</alignment>
         <input_file_ref idref="fl-3"/>
      </object_component>
      <object_component id="oc-208">
         <name>.text._ZL11commandListPKh</name>
         <load_address>0x1c7b8</load_address>
         <readonly>true</readonly>
         <executable>true</executable>
         <run_address>0x1c7b8</run_address>
         <size>0xa2</size>
         <alignment>0x2</alignment>
         <input_file_ref idref="fl-8"/>
      </object_component>
      <object_component id="oc-1e2">
         <name>.text._ZNSt3__1eqB8nn180100INS_9allocatorIcEEEEbRKNS_12basic_stringIcNS_11char_traitsIcEET_EES9_</name>
         <load_address>0x1c85a</load_address>
         <readonly>true</readonly>
         <executable>true</executable>
         <run_address>0x1c85a</run_address>
         <size>0xa2</size>
         <alignment>0x2</alignment>
         <input_file_ref idref="fl-5"/>
      </object_component>
      <object_component id="oc-1f1">
         <name>.text._Z13drawComponenth</name>
         <load_address>0x1c8fc</load_address>
         <readonly>true</readonly>
         <executable>true</executable>
         <run_address>0x1c8fc</run_address>
         <size>0xa0</size>
         <alignment>0x4</alignment>
         <input_file_ref idref="fl-d"/>
      </object_component>
      <object_component id="oc-276">
         <name>.text.open</name>
         <load_address>0x1c99c</load_address>
         <readonly>true</readonly>
         <executable>true</executable>
         <run_address>0x1c99c</run_address>
         <size>0xa0</size>
         <alignment>0x4</alignment>
         <input_file_ref idref="fl-11c"/>
      </object_component>
      <object_component id="oc-347">
         <name>.text.fputc</name>
         <load_address>0x1ca3c</load_address>
         <readonly>true</readonly>
         <executable>true</executable>
         <run_address>0x1ca3c</run_address>
         <size>0x9c</size>
         <alignment>0x4</alignment>
         <input_file_ref idref="fl-fb"/>
      </object_component>
      <object_component id="oc-19d">
         <name>.text._Z12ST7735_InitR10initRFlags</name>
         <load_address>0x1cad8</load_address>
         <readonly>true</readonly>
         <executable>true</executable>
         <run_address>0x1cad8</run_address>
         <size>0x98</size>
         <alignment>0x4</alignment>
         <input_file_ref idref="fl-8"/>
      </object_component>
      <object_component id="oc-103">
         <name>.text._Z17ST7735_InitPrintfv</name>
         <load_address>0x1cb70</load_address>
         <readonly>true</readonly>
         <executable>true</executable>
         <run_address>0x1cb70</run_address>
         <size>0x98</size>
         <alignment>0x4</alignment>
         <input_file_ref idref="fl-8"/>
      </object_component>
      <object_component id="oc-112">
         <name>.text._Z15TimerG12_IntArmjj</name>
         <load_address>0x1cc08</load_address>
         <readonly>true</readonly>
         <executable>true</executable>
         <run_address>0x1cc08</run_address>
         <size>0x94</size>
         <alignment>0x4</alignment>
         <input_file_ref idref="fl-c"/>
      </object_component>
      <object_component id="oc-235">
         <name>.text._Z17ST7735_DrawStringttPctt</name>
         <load_address>0x1cc9c</load_address>
         <readonly>true</readonly>
         <executable>true</executable>
         <run_address>0x1cc9c</run_address>
         <size>0x90</size>
         <alignment>0x2</alignment>
         <input_file_ref idref="fl-8"/>
      </object_component>
      <object_component id="oc-84">
         <name>.text._ZN12SolderSprite4tickEv</name>
         <load_address>0x1cd2c</load_address>
         <readonly>true</readonly>
         <executable>true</executable>
         <run_address>0x1cd2c</run_address>
         <size>0x90</size>
         <alignment>0x2</alignment>
         <input_file_ref idref="fl-a"/>
      </object_component>
      <object_component id="oc-94">
         <name>.text._Z11getDiffLaneh</name>
         <load_address>0x1cdbc</load_address>
         <readonly>true</readonly>
         <executable>true</executable>
         <run_address>0x1cdbc</run_address>
         <size>0x88</size>
         <alignment>0x2</alignment>
         <input_file_ref idref="fl-5"/>
      </object_component>
      <object_component id="oc-1e3">
         <name>.text._ZL13setAddrWindowhhhh</name>
         <load_address>0x1ce44</load_address>
         <readonly>true</readonly>
         <executable>true</executable>
         <run_address>0x1ce44</run_address>
         <size>0x88</size>
         <alignment>0x4</alignment>
         <input_file_ref idref="fl-8"/>
      </object_component>
      <object_component id="oc-ba">
         <name>.text._system_pre_init</name>
         <load_address>0x1cecc</load_address>
         <readonly>true</readonly>
         <executable>true</executable>
         <run_address>0x1cecc</run_address>
         <size>0x4</size>
         <alignment>0x2</alignment>
         <input_file_ref idref="fl-46"/>
      </object_component>
      <object_component id="oc-24e">
         <name>.text:strcmp</name>
         <load_address>0x1ced0</load_address>
         <readonly>true</readonly>
         <executable>true</executable>
         <run_address>0x1ced0</run_address>
         <size>0x88</size>
         <alignment>0x10</alignment>
         <input_file_ref idref="fl-116"/>
      </object_component>
      <object_component id="oc-28f">
         <name>.text._Z17ST7735_DrawStringttPcs</name>
         <load_address>0x1cf58</load_address>
         <readonly>true</readonly>
         <executable>true</executable>
         <run_address>0x1cf58</run_address>
         <size>0x84</size>
         <alignment>0x2</alignment>
         <input_file_ref idref="fl-8"/>
      </object_component>
      <object_component id="oc-e6">
         <name>.text._ZN10BeamSprite4initEha</name>
         <load_address>0x1cfdc</load_address>
         <readonly>true</readonly>
         <executable>true</executable>
         <run_address>0x1cfdc</run_address>
         <size>0x84</size>
         <alignment>0x4</alignment>
         <input_file_ref idref="fl-1"/>
      </object_component>
      <object_component id="oc-fd">
         <name>.text._Z14LaunchPad_Initv</name>
         <load_address>0x1d060</load_address>
         <readonly>true</readonly>
         <executable>true</executable>
         <run_address>0x1d060</run_address>
         <size>0x7c</size>
         <alignment>0x4</alignment>
         <input_file_ref idref="fl-6"/>
      </object_component>
      <object_component id="oc-109">
         <name>.text._ZN8SlidePot4InitEv</name>
         <load_address>0x1d0dc</load_address>
         <readonly>true</readonly>
         <executable>true</executable>
         <run_address>0x1d0dc</run_address>
         <size>0x7c</size>
         <alignment>0x4</alignment>
         <input_file_ref idref="fl-9"/>
      </object_component>
      <object_component id="oc-220">
         <name>.text.__TI_closefile</name>
         <load_address>0x1d158</load_address>
         <readonly>true</readonly>
         <executable>true</executable>
         <run_address>0x1d158</run_address>
         <size>0x7c</size>
         <alignment>0x4</alignment>
         <input_file_ref idref="fl-40"/>
      </object_component>
      <object_component id="oc-1c">
         <name>.text:decompress:lzss</name>
         <load_address>0x1d1d4</load_address>
         <readonly>true</readonly>
         <executable>true</executable>
         <run_address>0x1d1d4</run_address>
         <size>0x7c</size>
         <alignment>0x4</alignment>
         <input_file_ref idref="fl-3c"/>
      </object_component>
      <object_component id="oc-13b">
         <name>.text._Z10bgToBufferh</name>
         <load_address>0x1d250</load_address>
         <readonly>true</readonly>
         <executable>true</executable>
         <run_address>0x1d250</run_address>
         <size>0x78</size>
         <alignment>0x4</alignment>
         <input_file_ref idref="fl-5"/>
      </object_component>
      <object_component id="oc-7a">
         <name>.text._ZN10BeamSprite4tickEv</name>
         <load_address>0x1d2c8</load_address>
         <readonly>true</readonly>
         <executable>true</executable>
         <run_address>0x1d2c8</run_address>
         <size>0x76</size>
         <alignment>0x2</alignment>
         <input_file_ref idref="fl-1"/>
      </object_component>
      <object_component id="oc-e0">
         <name>.text.__aeabi_idiv0</name>
         <load_address>0x1d33e</load_address>
         <readonly>true</readonly>
         <executable>true</executable>
         <run_address>0x1d33e</run_address>
         <size>0x2</size>
         <alignment>0x2</alignment>
         <input_file_ref idref="fl-143"/>
      </object_component>
      <object_component id="oc-13f">
         <name>.text._Z14runnerToBufferv</name>
         <load_address>0x1d340</load_address>
         <readonly>true</readonly>
         <executable>true</executable>
         <run_address>0x1d340</run_address>
         <size>0x74</size>
         <alignment>0x4</alignment>
         <input_file_ref idref="fl-5"/>
      </object_component>
      <object_component id="oc-291">
         <name>.text._Z16ST7735_DrawPixelsst</name>
         <load_address>0x1d3b4</load_address>
         <readonly>true</readonly>
         <executable>true</executable>
         <run_address>0x1d3b4</run_address>
         <size>0x70</size>
         <alignment>0x4</alignment>
         <input_file_ref idref="fl-8"/>
      </object_component>
      <object_component id="oc-23c">
         <name>.text._ZNSt3__112basic_stringIcNS_11char_traitsIcEENS_9allocatorIcEEE6appendEPKcj</name>
         <load_address>0x1d424</load_address>
         <readonly>true</readonly>
         <executable>true</executable>
         <run_address>0x1d424</run_address>
         <size>0x70</size>
         <alignment>0x2</alignment>
         <input_file_ref idref="fl-e6"/>
      </object_component>
      <object_component id="oc-264">
         <name>.text.HOSTlseek</name>
         <load_address>0x1d494</load_address>
         <readonly>true</readonly>
         <executable>true</executable>
         <run_address>0x1d494</run_address>
         <size>0x6c</size>
         <alignment>0x4</alignment>
         <input_file_ref idref="fl-122"/>
      </object_component>
      <object_component id="oc-26c">
         <name>.text.HOSTrename</name>
         <load_address>0x1d500</load_address>
         <readonly>true</readonly>
         <executable>true</executable>
         <run_address>0x1d500</run_address>
         <size>0x6c</size>
         <alignment>0x4</alignment>
         <input_file_ref idref="fl-125"/>
      </object_component>
      <object_component id="oc-96">
         <name>.text._ZN15ComponentSpriteC2Ea</name>
         <load_address>0x1d56c</load_address>
         <readonly>true</readonly>
         <executable>true</executable>
         <run_address>0x1d56c</run_address>
         <size>0x6c</size>
         <alignment>0x4</alignment>
         <input_file_ref idref="fl-3"/>
      </object_component>
      <object_component id="oc-3e4">
         <name>.text.fseeko</name>
         <load_address>0x1d5d8</load_address>
         <readonly>true</readonly>
         <executable>true</executable>
         <run_address>0x1d5d8</run_address>
         <size>0x6c</size>
         <alignment>0x4</alignment>
         <input_file_ref idref="fl-49"/>
      </object_component>
      <object_component id="oc-2cc">
         <name>.text.getdevice</name>
         <load_address>0x1d644</load_address>
         <readonly>true</readonly>
         <executable>true</executable>
         <run_address>0x1d644</run_address>
         <size>0x6c</size>
         <alignment>0x4</alignment>
         <input_file_ref idref="fl-144"/>
      </object_component>
      <object_component id="oc-297">
         <name>.text._ZNSt3__112basic_stringIcNS_11char_traitsIcEENS_9allocatorIcEEE17__assign_externalEPKcj</name>
         <load_address>0x1d6b0</load_address>
         <readonly>true</readonly>
         <executable>true</executable>
         <run_address>0x1d6b0</run_address>
         <size>0x68</size>
         <alignment>0x2</alignment>
         <input_file_ref idref="fl-e6"/>
      </object_component>
      <object_component id="oc-99">
         <name>.text._ZN10DashSprite6inBeamEv</name>
         <load_address>0x1d718</load_address>
         <readonly>true</readonly>
         <executable>true</executable>
         <run_address>0x1d718</run_address>
         <size>0x64</size>
         <alignment>0x2</alignment>
         <input_file_ref idref="fl-4"/>
      </object_component>
      <object_component id="oc-a9">
         <name>.text._ZN8Switches4PollEv</name>
         <load_address>0x1d77c</load_address>
         <readonly>true</readonly>
         <executable>true</executable>
         <run_address>0x1d77c</run_address>
         <size>0x64</size>
         <alignment>0x4</alignment>
         <input_file_ref idref="fl-5"/>
      </object_component>
      <object_component id="oc-374">
         <name>.text.__TI_wrt_ok</name>
         <load_address>0x1d7e0</load_address>
         <readonly>true</readonly>
         <executable>true</executable>
         <run_address>0x1d7e0</run_address>
         <size>0x64</size>
         <alignment>0x2</alignment>
         <input_file_ref idref="fl-43"/>
      </object_component>
      <object_component id="oc-2e3">
         <name>.text.split</name>
         <load_address>0x1d844</load_address>
         <readonly>true</readonly>
         <executable>true</executable>
         <run_address>0x1d844</run_address>
         <size>0x64</size>
         <alignment>0x4</alignment>
         <input_file_ref idref="fl-38"/>
      </object_component>
      <object_component id="oc-254">
         <name>.text.HOSTopen</name>
         <load_address>0x1d8a8</load_address>
         <readonly>true</readonly>
         <executable>true</executable>
         <run_address>0x1d8a8</run_address>
         <size>0x60</size>
         <alignment>0x4</alignment>
         <input_file_ref idref="fl-123"/>
      </object_component>
      <object_component id="oc-f7">
         <name>.text._Z13TimerG12_Initv</name>
         <load_address>0x1d908</load_address>
         <readonly>true</readonly>
         <executable>true</executable>
         <run_address>0x1d908</run_address>
         <size>0x60</size>
         <alignment>0x4</alignment>
         <input_file_ref idref="fl-c"/>
      </object_component>
      <object_component id="oc-155">
         <name>.text._Z9PCBScreenv</name>
         <load_address>0x1d968</load_address>
         <readonly>true</readonly>
         <executable>true</executable>
         <run_address>0x1d968</run_address>
         <size>0x5c</size>
         <alignment>0x4</alignment>
         <input_file_ref idref="fl-d"/>
      </object_component>
      <object_component id="oc-25c">
         <name>.text.HOSTread</name>
         <load_address>0x1d9c4</load_address>
         <readonly>true</readonly>
         <executable>true</executable>
         <run_address>0x1d9c4</run_address>
         <size>0x58</size>
         <alignment>0x4</alignment>
         <input_file_ref idref="fl-124"/>
      </object_component>
      <object_component id="oc-260">
         <name>.text.HOSTwrite</name>
         <load_address>0x1da1c</load_address>
         <readonly>true</readonly>
         <executable>true</executable>
         <run_address>0x1da1c</run_address>
         <size>0x58</size>
         <alignment>0x4</alignment>
         <input_file_ref idref="fl-127"/>
      </object_component>
      <object_component id="oc-38">
         <name>.text.SysTick_Handler</name>
         <load_address>0x1da74</load_address>
         <readonly>true</readonly>
         <executable>true</executable>
         <run_address>0x1da74</run_address>
         <size>0x58</size>
         <alignment>0x4</alignment>
         <input_file_ref idref="fl-5"/>
      </object_component>
      <object_component id="oc-120">
         <name>.text._Z6drawBgv</name>
         <load_address>0x1dacc</load_address>
         <readonly>true</readonly>
         <executable>true</executable>
         <run_address>0x1dacc</run_address>
         <size>0x58</size>
         <alignment>0x4</alignment>
         <input_file_ref idref="fl-8"/>
      </object_component>
      <object_component id="oc-2ea">
         <name>.text.__clzsi2</name>
         <load_address>0x1db24</load_address>
         <readonly>true</readonly>
         <executable>true</executable>
         <run_address>0x1db24</run_address>
         <size>0x58</size>
         <alignment>0x2</alignment>
         <input_file_ref idref="fl-136"/>
      </object_component>
      <object_component id="oc-8f">
         <name>.text.__aeabi_idivmod</name>
         <load_address>0x1db7c</load_address>
         <readonly>true</readonly>
         <executable>true</executable>
         <run_address>0x1db7c</run_address>
         <size>0x56</size>
         <alignment>0x4</alignment>
         <input_file_ref idref="fl-139"/>
      </object_component>
      <object_component id="oc-185">
         <name>.text._nop</name>
         <load_address>0x1dbd2</load_address>
         <readonly>true</readonly>
         <executable>true</executable>
         <run_address>0x1dbd2</run_address>
         <size>0x2</size>
         <alignment>0x2</alignment>
         <input_file_ref idref="fl-34"/>
      </object_component>
      <object_component id="oc-177">
         <name>.text:__TI_auto_init_nobinit</name>
         <load_address>0x1dbd4</load_address>
         <readonly>true</readonly>
         <executable>true</executable>
         <run_address>0x1dbd4</run_address>
         <size>0x54</size>
         <alignment>0x4</alignment>
         <input_file_ref idref="fl-45"/>
      </object_component>
      <object_component id="oc-27a">
         <name>.text.__TI_doflush</name>
         <load_address>0x1dc28</load_address>
         <readonly>true</readonly>
         <executable>true</executable>
         <run_address>0x1dc28</run_address>
         <size>0x52</size>
         <alignment>0x2</alignment>
         <input_file_ref idref="fl-41"/>
      </object_component>
      <object_component id="oc-280">
         <name>.text.close</name>
         <load_address>0x1dc7c</load_address>
         <readonly>true</readonly>
         <executable>true</executable>
         <run_address>0x1dc7c</run_address>
         <size>0x50</size>
         <alignment>0x4</alignment>
         <input_file_ref idref="fl-11e"/>
      </object_component>
      <object_component id="oc-1e7">
         <name>.text._Z5bgPixhh</name>
         <load_address>0x1dccc</load_address>
         <readonly>true</readonly>
         <executable>true</executable>
         <run_address>0x1dccc</run_address>
         <size>0x4c</size>
         <alignment>0x4</alignment>
         <input_file_ref idref="fl-8"/>
      </object_component>
      <object_component id="oc-23a">
         <name>.text._ZNSt3__112basic_stringIcNS_11char_traitsIcEENS_9allocatorIcEEE16__init_with_sizeB8nn180100IPcS7_EEvT_T0_j</name>
         <load_address>0x1dd18</load_address>
         <readonly>true</readonly>
         <executable>true</executable>
         <run_address>0x1dd18</run_address>
         <size>0x4c</size>
         <alignment>0x2</alignment>
         <input_file_ref idref="fl-e6"/>
      </object_component>
      <object_component id="oc-326">
         <name>.text.vfprintf</name>
         <load_address>0x1dd64</load_address>
         <readonly>true</readonly>
         <executable>true</executable>
         <run_address>0x1dd64</run_address>
         <size>0x4c</size>
         <alignment>0x4</alignment>
         <input_file_ref idref="fl-f9"/>
      </object_component>
      <object_component id="oc-258">
         <name>.text.HOSTclose</name>
         <load_address>0x1ddb0</load_address>
         <readonly>true</readonly>
         <executable>true</executable>
         <run_address>0x1ddb0</run_address>
         <size>0x48</size>
         <alignment>0x4</alignment>
         <input_file_ref idref="fl-121"/>
      </object_component>
      <object_component id="oc-268">
         <name>.text.HOSTunlink</name>
         <load_address>0x1ddf8</load_address>
         <readonly>true</readonly>
         <executable>true</executable>
         <run_address>0x1ddf8</run_address>
         <size>0x48</size>
         <alignment>0x4</alignment>
         <input_file_ref idref="fl-126"/>
      </object_component>
      <object_component id="oc-102">
         <name>.text._Z10Sound_Initv</name>
         <load_address>0x1de40</load_address>
         <readonly>true</readonly>
         <executable>true</executable>
         <run_address>0x1de40</run_address>
         <size>0x48</size>
         <alignment>0x4</alignment>
         <input_file_ref idref="fl-5"/>
      </object_component>
      <object_component id="oc-1bb">
         <name>.text._Z14SPI_OutCommandc</name>
         <load_address>0x1de88</load_address>
         <readonly>true</readonly>
         <executable>true</executable>
         <run_address>0x1de88</run_address>
         <size>0x48</size>
         <alignment>0x4</alignment>
         <input_file_ref idref="fl-7"/>
      </object_component>
      <object_component id="oc-11f">
         <name>.text._ZN10DashSprite10initHealthEv</name>
         <load_address>0x1ded0</load_address>
         <readonly>true</readonly>
         <executable>true</executable>
         <run_address>0x1ded0</run_address>
         <size>0x48</size>
         <alignment>0x4</alignment>
         <input_file_ref idref="fl-4"/>
      </object_component>
      <object_component id="oc-a3">
         <name>.text._ZN8SlidePot2InEv</name>
         <load_address>0x1df18</load_address>
         <readonly>true</readonly>
         <executable>true</executable>
         <run_address>0x1df18</run_address>
         <size>0x48</size>
         <alignment>0x4</alignment>
         <input_file_ref idref="fl-9"/>
      </object_component>
      <object_component id="oc-1e6">
         <name>.text._ZNSt3__112basic_stringIcNS_11char_traitsIcEENS_9allocatorIcEEE17__assign_no_aliasILb0EEERS5_PKcj</name>
         <load_address>0x1df60</load_address>
         <readonly>true</readonly>
         <executable>true</executable>
         <run_address>0x1df60</run_address>
         <size>0x46</size>
         <alignment>0x2</alignment>
         <input_file_ref idref="fl-e6"/>
      </object_component>
      <object_component id="oc-3d">
         <name>.text.TIMG7_IRQHandler</name>
         <load_address>0x1dfa8</load_address>
         <readonly>true</readonly>
         <executable>true</executable>
         <run_address>0x1dfa8</run_address>
         <size>0x40</size>
         <alignment>0x4</alignment>
         <input_file_ref idref="fl-b"/>
      </object_component>
      <object_component id="oc-2ac">
         <name>.text._Z9SPI_Resetv</name>
         <load_address>0x1dfe8</load_address>
         <readonly>true</readonly>
         <executable>true</executable>
         <run_address>0x1dfe8</run_address>
         <size>0x40</size>
         <alignment>0x4</alignment>
         <input_file_ref idref="fl-7"/>
      </object_component>
      <object_component id="oc-1e5">
         <name>.text._ZNSt3__112basic_stringIcNS_11char_traitsIcEENS_9allocatorIcEEE17__assign_no_aliasILb1EEERS5_PKcj</name>
         <load_address>0x1e028</load_address>
         <readonly>true</readonly>
         <executable>true</executable>
         <run_address>0x1e028</run_address>
         <size>0x40</size>
         <alignment>0x2</alignment>
         <input_file_ref idref="fl-e6"/>
      </object_component>
      <object_component id="oc-156">
         <name>.text.__aeabi_uidivmod</name>
         <load_address>0x1e068</load_address>
         <readonly>true</readonly>
         <executable>true</executable>
         <run_address>0x1e068</run_address>
         <size>0x40</size>
         <alignment>0x4</alignment>
         <input_file_ref idref="fl-13d"/>
      </object_component>
      <object_component id="oc-21c">
         <name>.text._search_fp</name>
         <load_address>0x1e0a8</load_address>
         <readonly>true</readonly>
         <executable>true</executable>
         <run_address>0x1e0a8</run_address>
         <size>0x40</size>
         <alignment>0x4</alignment>
         <input_file_ref idref="fl-30"/>
      </object_component>
      <object_component id="oc-a1">
         <name>.text._Z11Sound_StartPKht</name>
         <load_address>0x1e0e8</load_address>
         <readonly>true</readonly>
         <executable>true</executable>
         <run_address>0x1e0e8</run_address>
         <size>0x3c</size>
         <alignment>0x4</alignment>
         <input_file_ref idref="fl-5"/>
      </object_component>
      <object_component id="oc-19c">
         <name>.text._Z9DAC5_Initv</name>
         <load_address>0x1e124</load_address>
         <readonly>true</readonly>
         <executable>true</executable>
         <run_address>0x1e124</run_address>
[...]
         <value>0x20204f6c</value>
         <object_component_ref idref="oc-1ff"/>
      </symbol>
      <symbol id="sm-35b">
         <name>exit</name>
         <value>0x1e4f5</value>
         <object_component_ref idref="oc-16f"/>
      </symbol>
      <symbol id="sm-364">
         <name>_nop</name>
         <value>0x1dbd3</value>
         <object_component_ref idref="oc-185"/>
      </symbol>
      <symbol id="sm-365">
         <name>_lock</name>
         <value>0x20204f98</value>
         <object_component_ref idref="oc-da"/>
      </symbol>
      <symbol id="sm-366">
         <name>_unlock</name>
         <value>0x20204f9c</value>
         <object_component_ref idref="oc-dd"/>
      </symbol>
      <symbol id="sm-36c">
         <name>_ftable</name>
         <value>0x20204d60</value>
         <object_component_ref idref="oc-1b6"/>
      </symbol>
      <symbol id="sm-36d">
         <name>__TI_ft_end</name>
         <value>0x20204f90</value>
         <object_component_ref idref="oc-275"/>
      </symbol>
      <symbol id="sm-36e">
         <name>__TI_tmpnams</name>
         <value>0x20202c9c</value>
         <object_component_ref idref="oc-288"/>
      </symbol>
      <symbol id="sm-377">
         <name>memcmp</name>
         <value>0x1eaf9</value>
         <object_component_ref idref="oc-29f"/>
      </symbol>
      <symbol id="sm-39a">
         <name>malloc</name>
         <value>0x1ef19</value>
         <object_component_ref idref="oc-228"/>
      </symbol>
      <symbol id="sm-39b">
         <name>aligned_alloc</name>
         <value>0x1b2a5</value>
         <object_component_ref idref="oc-28e"/>
      </symbol>
      <symbol id="sm-39c">
         <name>free</name>
         <value>0x1bb8d</value>
         <object_component_ref idref="oc-226"/>
      </symbol>
      <symbol id="sm-39d">
         <name>_sys_memory</name>
         <value>0x20202d60</value>
         <object_component_ref idref="oc-30"/>
      </symbol>
      <symbol id="sm-39e">
         <name>memalign</name>
         <value>0x1b2a5</value>
         <object_component_ref idref="oc-28e"/>
      </symbol>
      <symbol id="sm-3ae">
         <name>rand</name>
         <value>0x1e27d</value>
         <object_component_ref idref="oc-89"/>
      </symbol>
      <symbol id="sm-3af">
         <name>srand</name>
         <value>0x1ea11</value>
         <object_component_ref idref="oc-108"/>
      </symbol>
      <symbol id="sm-3b9">
         <name>__TI_zero_init</name>
         <value>0x1ee39</value>
         <object_component_ref idref="oc-5b"/>
      </symbol>
      <symbol id="sm-3c2">
         <name>__TI_decompress_none</name>
         <value>0x1edb5</value>
         <object_component_ref idref="oc-20"/>
      </symbol>
      <symbol id="sm-3cd">
         <name>__TI_decompress_lzss</name>
         <value>0x1d1d5</value>
         <object_component_ref idref="oc-1c"/>
      </symbol>
      <symbol id="sm-3d8">
         <name>_c_int00_noargs</name>
         <value>0x1e8c5</value>
         <object_component_ref idref="oc-5e"/>
      </symbol>
      <symbol id="sm-3d9">
         <name>__stack</name>
         <value>0x20206000</value>
         <object_component_ref idref="oc-1a"/>
      </symbol>
      <symbol id="sm-3e6">
         <name>__TI_closefile</name>
         <value>0x1d159</value>
         <object_component_ref idref="oc-220"/>
      </symbol>
      <symbol id="sm-3f0">
         <name>__TI_doflush</name>
         <value>0x1dc29</value>
         <object_component_ref idref="oc-27a"/>
      </symbol>
      <symbol id="sm-3fb">
         <name>fputs</name>
         <value>0x1b7c1</value>
         <object_component_ref idref="oc-341"/>
      </symbol>
      <symbol id="sm-405">
         <name>__TI_wrt_ok</name>
         <value>0x1d7e1</value>
         <object_component_ref idref="oc-374"/>
      </symbol>
      <symbol id="sm-411">
         <name>__TI_auto_init_nobinit</name>
         <value>0x1dbd5</value>
         <object_component_ref idref="oc-177"/>
      </symbol>
      <symbol id="sm-419">
         <name>_system_pre_init</name>
         <value>0x1cecd</value>
         <object_component_ref idref="oc-ba"/>
      </symbol>
      <symbol id="sm-430">
         <name>__TI_printfi_minimal</name>
         <value>0x1a525</value>
         <object_component_ref idref="oc-339"/>
      </symbol>
      <symbol id="sm-43d">
         <name>fseek</name>
         <value>0x1efb1</value>
         <object_component_ref idref="oc-3c5"/>
      </symbol>
      <symbol id="sm-43e">
         <name>fseeko</name>
         <value>0x1d5d9</value>
         <object_component_ref idref="oc-3e4"/>
      </symbol>
      <symbol id="sm-44b">
         <name>memccpy</name>
         <value>0x1ea35</value>
         <object_component_ref idref="oc-34f"/>
      </symbol>
      <symbol id="sm-495">
         <name>_ZNSt3__112basic_stringIcNS_11char_traitsIcEENS_9allocatorIcEEE21__grow_by_and_replaceEjjjjjjPKc</name>
         <value>0x1c435</value>
         <object_component_ref idref="oc-247"/>
      </symbol>
      <symbol id="sm-496">
         <name>_ZNKSt3__112basic_stringIcNS_11char_traitsIcEENS_9allocatorIcEEE20__throw_length_errorB8nn180100Ev</name>
         <value>0x1eee9</value>
         <object_component_ref idref="oc-29b"/>
      </symbol>
      <symbol id="sm-497">
         <name>_ZNSt3__120__throw_length_errorB8nn180100EPKc</name>
         <value>0x1eef5</value>
         <object_component_ref idref="oc-2f9"/>
      </symbol>
      <symbol id="sm-498">
         <name>_ZNSt3__112basic_stringIcNS_11char_traitsIcEENS_9allocatorIcEEED2Ev</name>
         <value>0x1eca5</value>
         <object_component_ref idref="oc-136"/>
      </symbol>
      <symbol id="sm-499">
         <name>_ZNSt3__112basic_stringIcNS_11char_traitsIcEENS_9allocatorIcEEE17__assign_externalEPKcj</name>
         <value>0x1d6b1</value>
         <object_component_ref idref="oc-297"/>
      </symbol>
      <symbol id="sm-49a">
         <name>_ZNSt3__112basic_stringIcNS_11char_traitsIcEENS_9allocatorIcEEE6appendEPKcj</name>
         <value>0x1d425</value>
         <object_component_ref idref="oc-23c"/>
      </symbol>
      <symbol id="sm-49b">
         <name>_ZNSt3__112basic_stringIcNS_11char_traitsIcEENS_9allocatorIcEEE6assignEPKc</name>
         <value>0x1ef7f</value>
         <object_component_ref idref="oc-1d6"/>
      </symbol>
      <symbol id="sm-49c">
         <name>_ZNSt3__112basic_stringIcNS_11char_traitsIcEENS_9allocatorIcEEE17__assign_externalEPKc</name>
         <value>0x1ebe1</value>
         <object_component_ref idref="oc-238"/>
      </symbol>
      <symbol id="sm-49d">
         <name>_ZNSt3__112basic_stringIcNS_11char_traitsIcEENS_9allocatorIcEEEaSERKS5_</name>
         <value>0x1e161</value>
         <object_component_ref idref="oc-13a"/>
      </symbol>
      <symbol id="sm-49e">
         <name>_ZNSt3__112basic_stringIcNS_11char_traitsIcEENS_9allocatorIcEEE17__assign_no_aliasILb1EEERS5_PKcj</name>
         <value>0x1e029</value>
         <object_component_ref idref="oc-1e5"/>
      </symbol>
      <symbol id="sm-49f">
         <name>_ZNSt3__112basic_stringIcNS_11char_traitsIcEENS_9allocatorIcEEE17__assign_no_aliasILb0EEERS5_PKcj</name>
         <value>0x1df61</value>
         <object_component_ref idref="oc-1e6"/>
      </symbol>
      <symbol id="sm-4a0">
         <name>_ZNSt3__112basic_stringIcNS_11char_traitsIcEENS_9allocatorIcEEED1Ev</name>
         <value>0x1eca5</value>
         <object_component_ref idref="oc-136"/>
      </symbol>
      <symbol id="sm-4a1">
         <name>_ZNSt3__19to_stringEi</name>
         <value>0x1e9ed</value>
         <object_component_ref idref="oc-12f"/>
      </symbol>
      <symbol id="sm-4a2">
         <name>_ZNSt3__115__to_chars_itoaB8nn180100IiEENS_15to_chars_resultEPcS2_T_NS_17integral_constantIbLb1EEE</name>
         <value>0x1eb55</value>
         <object_component_ref idref="oc-1d7"/>
      </symbol>
      <symbol id="sm-4a3">
         <name>_ZNSt3__112basic_stringIcNS_11char_traitsIcEENS_9allocatorIcEEE6__initIPcTnNS_9enable_ifIXsr31__has_forward_iterator_categoryIT_EE5valueEiE4typeELi0EEEvS9_S9_</name>
         <value>0x1ef61</value>
         <object_component_ref idref="oc-1d8"/>
      </symbol>
      <symbol id="sm-4a4">
         <name>_ZNSt3__16__itoa13__base_10_u32B8nn180100EPcj</name>
         <value>0x1c005</value>
         <object_component_ref idref="oc-299"/>
      </symbol>
      <symbol id="sm-4a5">
         <name>_ZNSt3__115__to_chars_itoaB8nn180100IjEENS_15to_chars_resultEPcS2_T_NS_17integral_constantIbLb0EEE</name>
         <value>0x1e20d</value>
         <object_component_ref idref="oc-239"/>
      </symbol>
      <symbol id="sm-4a6">
         <name>_ZNSt3__16__itoa13__traits_baseIjvE7__widthB8nn180100Ej</name>
         <value>0x1e5c1</value>
         <object_component_ref idref="oc-298"/>
      </symbol>
      <symbol id="sm-4a7">
         <name>_ZNSt3__16__itoa10__pow10_32E</name>
         <value>0x189d8</value>
         <object_component_ref idref="oc-2ee"/>
      </symbol>
      <symbol id="sm-4a8">
         <name>_ZNSt3__16__itoa9__append7B8nn180100EPcj</name>
         <value>0x1e9a5</value>
         <object_component_ref idref="oc-2ef"/>
      </symbol>
      <symbol id="sm-4a9">
         <name>_ZNSt3__16__itoa9__append5B8nn180100EPcj</name>
         <value>0x1e981</value>
         <object_component_ref idref="oc-2f0"/>
      </symbol>
      <symbol id="sm-4aa">
         <name>_ZNSt3__16__itoa9__append9B8nn180100EPcj</name>
         <value>0x1e9c9</value>
         <object_component_ref idref="oc-2f1"/>
      </symbol>
      <symbol id="sm-4ab">
         <name>_ZNSt3__16__itoa9__append8B8nn180100EPcj</name>
         <value>0x1e425</value>
         <object_component_ref idref="oc-2f2"/>
      </symbol>
      <symbol id="sm-4ac">
         <name>_ZNSt3__16__itoa9__append6B8nn180100EPcj</name>
         <value>0x1e3f1</value>
         <object_component_ref idref="oc-2f3"/>
      </symbol>
      <symbol id="sm-4ad">
         <name>_ZNSt3__16__itoa10__append10B8nn180100IjEEPcS2_T_</name>
         <value>0x1e3bd</value>
         <object_component_ref idref="oc-2f4"/>
      </symbol>
      <symbol id="sm-4ae">
         <name>_ZNSt3__16__itoa9__append4B8nn180100EPcj</name>
         <value>0x1e245</value>
         <object_component_ref idref="oc-2f5"/>
      </symbol>
      <symbol id="sm-4af">
         <name>_ZNSt3__16__itoa16__digits_base_10E</name>
         <value>0x187fc</value>
         <object_component_ref idref="oc-2f6"/>
      </symbol>
      <symbol id="sm-4b0">
         <name>_ZNSt3__112basic_stringIcNS_11char_traitsIcEENS_9allocatorIcEEE16__init_with_sizeB8nn180100IPcS7_EEvT_T0_j</name>
         <value>0x1dd19</value>
         <object_component_ref idref="oc-23a"/>
      </symbol>
      <symbol id="sm-4ba">
         <name>_ZNSt3__122__libcpp_verbose_abortEPKcz</name>
         <value>0x1ead9</value>
         <object_component_ref idref="oc-31a"/>
      </symbol>
      <symbol id="sm-4cd">
         <name>_Znwj</name>
         <value>0x1ed09</value>
         <object_component_ref idref="oc-29a"/>
      </symbol>
      <symbol id="sm-4ce">
         <name>_Z22__throw_bad_alloc_shimv</name>
         <value>0x1eed1</value>
         <object_component_ref idref="oc-2f8"/>
      </symbol>
      <symbol id="sm-4cf">
         <name>_ZdlPv</name>
         <value>0x1ef87</value>
         <object_component_ref idref="oc-1dc"/>
      </symbol>
      <symbol id="sm-4da">
         <name>_ZSt15get_new_handlerv</name>
         <value>0x1ef01</value>
         <object_component_ref idref="oc-30f"/>
      </symbol>
      <symbol id="sm-4e3">
         <name>abort_message</name>
         <value>0x1efc5</value>
         <object_component_ref idref="oc-315"/>
      </symbol>
      <symbol id="sm-4ea">
         <name>__cxa_new_handler</name>
         <value>0x20204f94</value>
         <object_component_ref idref="oc-31f"/>
      </symbol>
      <symbol id="sm-508">
         <name>vfprintf</name>
         <value>0x1dd65</value>
         <object_component_ref idref="oc-326"/>
      </symbol>
      <symbol id="sm-514">
         <name>fputc</name>
         <value>0x1ca3d</value>
         <object_component_ref idref="oc-347"/>
      </symbol>
      <symbol id="sm-522">
         <name>strlen</name>
         <value>0x1ee8f</value>
         <object_component_ref idref="oc-293"/>
      </symbol>
      <symbol id="sm-53e">
         <name>strcmp</name>
         <value>0x1ced1</value>
         <object_component_ref idref="oc-24e"/>
      </symbol>
      <symbol id="sm-549">
         <name>write</name>
         <value>0x1e89d</value>
         <object_component_ref idref="oc-2d2"/>
      </symbol>
      <symbol id="sm-54e">
         <name>_device</name>
         <value>0x20204e50</value>
         <object_component_ref idref="oc-217"/>
      </symbol>
      <symbol id="sm-54f">
         <name>_stream</name>
         <value>0x20204ec8</value>
         <object_component_ref idref="oc-2ce"/>
      </symbol>
      <symbol id="sm-558">
         <name>remove</name>
         <value>0x1efb9</value>
         <object_component_ref idref="oc-284"/>
      </symbol>
      <symbol id="sm-565">
         <name>open</name>
         <value>0x1c99d</value>
         <object_component_ref idref="oc-276"/>
      </symbol>
      <symbol id="sm-56f">
         <name>lseek</name>
         <value>0x1e84d</value>
         <object_component_ref idref="oc-3e8"/>
      </symbol>
      <symbol id="sm-579">
         <name>close</name>
         <value>0x1dc7d</value>
         <object_component_ref idref="oc-280"/>
      </symbol>
      <symbol id="sm-585">
         <name>add_device</name>
         <value>0x1baa1</value>
         <object_component_ref idref="oc-19e"/>
      </symbol>
      <symbol id="sm-58f">
         <name>unlink</name>
         <value>0x1e705</value>
         <object_component_ref idref="oc-2db"/>
      </symbol>
      <symbol id="sm-599">
         <name>HOSTclose</name>
         <value>0x1ddb1</value>
         <object_component_ref idref="oc-258"/>
      </symbol>
      <symbol id="sm-5a3">
         <name>HOSTlseek</name>
         <value>0x1d495</value>
         <object_component_ref idref="oc-264"/>
      </symbol>
      <symbol id="sm-5ad">
         <name>HOSTopen</name>
         <value>0x1d8a9</value>
         <object_component_ref idref="oc-254"/>
      </symbol>
      <symbol id="sm-5ae">
         <name>parmbuf</name>
         <value>0x20202d3c</value>
         <object_component_ref idref="oc-2b5"/>
      </symbol>
      <symbol id="sm-5b8">
         <name>HOSTread</name>
         <value>0x1d9c5</value>
         <object_component_ref idref="oc-25c"/>
      </symbol>
      <symbol id="sm-5c9">
         <name>HOSTrename</name>
         <value>0x1d501</value>
         <object_component_ref idref="oc-26c"/>
      </symbol>
      <symbol id="sm-5d3">
         <name>HOSTunlink</name>
         <value>0x1ddf9</value>
         <object_component_ref idref="oc-268"/>
      </symbol>
      <symbol id="sm-5dd">
         <name>HOSTwrite</name>
         <value>0x1da1d</value>
         <object_component_ref idref="oc-260"/>
      </symbol>
      <symbol id="sm-5eb">
         <name>C$$IO$$</name>
         <value>0x1e4ed</value>
         <object_component_ref idref="oc-2ae"/>
      </symbol>
      <symbol id="sm-5ec">
         <name>__TI_writemsg</name>
         <value>0x1e4c1</value>
         <object_component_ref idref="oc-2ae"/>
      </symbol>
      <symbol id="sm-5ed">
         <name>__CIOBUF_</name>
         <value>0x20202b7c</value>
         <object_component_ref idref="oc-303"/>
      </symbol>
      <symbol id="sm-5ee">
         <name>__TI_readmsg</name>
         <value>0x1e48d</value>
         <object_component_ref idref="oc-2b4"/>
      </symbol>
      <symbol id="sm-5ef">
         <name>_CIOBUF_</name>
         <value>0x20202b7c</value>
         <object_component_ref idref="oc-303"/>
      </symbol>
      <symbol id="sm-5f8">
         <name>__clzsi2</name>
         <value>0x1db25</value>
         <object_component_ref idref="oc-2ea"/>
      </symbol>
      <symbol id="sm-5fe">
         <name>__aeabi_idiv</name>
         <value>0x1db7d</value>
         <object_component_ref idref="oc-8f"/>
      </symbol>
      <symbol id="sm-5ff">
         <name>__aeabi_idivmod</name>
         <value>0x1db7d</value>
         <object_component_ref idref="oc-8f"/>
      </symbol>
      <symbol id="sm-605">
         <name>__aeabi_memcpy</name>
         <value>0x1ef91</value>
         <object_component_ref idref="oc-4e"/>
      </symbol>
      <symbol id="sm-606">
         <name>__aeabi_memcpy4</name>
         <value>0x1ef91</value>
         <object_component_ref idref="oc-4e"/>
      </symbol>
      <symbol id="sm-607">
         <name>__aeabi_memcpy8</name>
         <value>0x1ef91</value>
         <object_component_ref idref="oc-4e"/>
      </symbol>
      <symbol id="sm-60d">
         <name>__aeabi_memmove</name>
         <value>0x1ef99</value>
         <object_component_ref idref="oc-243"/>
      </symbol>
      <symbol id="sm-60e">
         <name>__aeabi_memmove4</name>
         <value>0x1ef99</value>
         <object_component_ref idref="oc-243"/>
      </symbol>
      <symbol id="sm-60f">
         <name>__aeabi_memmove8</name>
         <value>0x1ef99</value>
         <object_component_ref idref="oc-243"/>
      </symbol>
      <symbol id="sm-618">
         <name>__aeabi_memset</name>
         <value>0x1ee65</value>
         <object_component_ref idref="oc-34e"/>
      </symbol>
      <symbol id="sm-619">
         <name>__aeabi_memset4</name>
         <value>0x1ee65</value>
         <object_component_ref idref="oc-34e"/>
      </symbol>
      <symbol id="sm-61a">
         <name>__aeabi_memset8</name>
         <value>0x1ee65</value>
         <object_component_ref idref="oc-34e"/>
      </symbol>
      <symbol id="sm-61b">
         <name>__aeabi_memclr</name>
         <value>0x1ef0d</value>
         <object_component_ref idref="oc-b5"/>
      </symbol>
      <symbol id="sm-61c">
         <name>__aeabi_memclr4</name>
         <value>0x1ef0d</value>
         <object_component_ref idref="oc-b5"/>
      </symbol>
      <symbol id="sm-61d">
         <name>__aeabi_memclr8</name>
         <value>0x1ef0d</value>
         <object_component_ref idref="oc-b5"/>
      </symbol>
      <symbol id="sm-623">
         <name>__aeabi_uidiv</name>
         <value>0x1e069</value>
         <object_component_ref idref="oc-156"/>
      </symbol>
      <symbol id="sm-624">
         <name>__aeabi_uidivmod</name>
         <value>0x1e069</value>
         <object_component_ref idref="oc-156"/>
      </symbol>
      <symbol id="sm-62f">
         <name>__aeabi_idiv0</name>
         <value>0x1d33f</value>
         <object_component_ref idref="oc-e0"/>
      </symbol>
      <symbol id="sm-63d">
         <name>finddevice</name>
         <value>0x1e529</value>
         <object_component_ref idref="oc-210"/>
      </symbol>
      <symbol id="sm-63e">
         <name>getdevice</name>
         <value>0x1d645</value>
         <object_component_ref idref="oc-2cc"/>
      </symbol>
      <symbol id="sm-647">
         <name>TI_memcpy_small</name>
         <value>0x1eda3</value>
         <object_component_ref idref="oc-ed"/>
      </symbol>
      <symbol id="sm-650">
         <name>TI_memset_small</name>
         <value>0x1eeab</value>
         <object_component_ref idref="oc-18f"/>
      </symbol>
      <symbol id="sm-659">
         <name>memmove</name>
         <value>0x1e875</value>
         <object_component_ref idref="oc-2a5"/>
      </symbol>
      <symbol id="sm-65a">
         <name>__TI_static_base__</name>
         <value>0x0</value>
      </symbol>
      <symbol id="sm-65d">
         <name>__mpu_init</name>
         <value>0x0</value>
      </symbol>
      <symbol id="sm-65e">
         <name>_system_post_cinit</name>
         <value>0x0</value>
      </symbol>
   </symbol_table>
   <title>Link successful</title>
</link_info>
