******************************************************************************
            TI ARM Clang Linker Unix v4.0.1                    
******************************************************************************
>> Linked Thu Apr 17 19:19:17 2025

OUTPUT FILE NAME:   <ECE319K_Lab9H.out>
ENTRY POINT SYMBOL: "_c_int00_noargs"  address: 0000d7b1


MEMORY CONFIGURATION

         name            origin    length      used     unused   attr    fill
----------------------  --------  ---------  --------  --------  ----  --------
  FLASH                 00000000   00020000  0000db20  000124e0  R  X
  SRAM                  20200000   00008000  000075db  00000a25  RW X
  BCR_CONFIG            41c00000   00000080  00000000  00000080  R   
  BSL_CONFIG            41c00100   00000080  00000000  00000080  R   


SEGMENT ALLOCATION MAP

run origin  load origin   length   init length attrs members
----------  ----------- ---------- ----------- ----- -------
00000000    00000000    0000db20   0000db20    r-x
  00000000    00000000    000000c0   000000c0    r-- .intvecs
  000000c0    000000c0    0000aab0   0000aab0    r-- .rodata
  0000ab70    0000ab70    00002f10   00002f10    r-x .text
  0000da80    0000da80    00000008   00000008    r-- .init_array
  0000da88    0000da88    00000098   00000098    r-- .cinit
20200000    20200000    000055de   00000000    rw-
  20200000    20200000    000033fd   00000000    rw- .data
  20203400    20203400    00002000   00000000    rw- .sysmem
  20205400    20205400    000001de   00000000    rw- .bss
20206000    20206000    00002000   00000000    rw-
  20206000    20206000    00002000   00000000    rw- .stack


SECTION ALLOCATION MAP

 output                                  attributes/
section   page    origin      length       input sections
--------  ----  ----------  ----------   ----------------
.intvecs   0    00000000    000000c0     
                  00000000    000000c0     startup_mspm0g3507_ticlang.o (.intvecs)

.binit     0    00000000    00000000     

.text      0    0000ab70    00002f10     
                  0000ab70    00000264     Lab9HMain.o (.text.main)
                  0000add4    00000210     ST7735.o (.text._Z17ST7735_DrawBitmapssPKtss)
                  0000afe4    000001d0     DashSprite.o (.text._ZN10DashSprite4tickEv)
                  0000b1b4    000001b4     Clock.o (.text._Z15Clock_Init80MHzi)
                  0000b368    000001a0     ST7735.o (.text._Z16ST7735_DrawCharSsscssh)
                  0000b508    00000154     ST7735.o (.text._Z6drawBgv)
                  0000b65c    00000154     libc.a : fopen.c.obj (.text._openfile)
                  0000b7b0    0000011c     Lab9HMain.o (.text._Z16DrawBeamToBuffer10BeamSprite)
                  0000b8cc    00000118     ST7735.o (.text._Z15ST7735_FillRectsssst)
                  0000b9e4    00000114     libc.a : memory.c.obj (.text.aligned_alloc)
                  0000baf8    000000f8     Lab9HMain.o (.text.TIMG12_IRQHandler)
                  0000bbf0    000000f8     SPI.o (.text._Z8SPI_Initv)
                  0000bce8    000000f4     ST7735.o (.text._Z18ST7735_SetRotationh)
                  0000bddc    000000ec     libsysbm.a : add_device.c.obj (.text.add_device)
                  0000bec8    000000e8     libc.a : memory.c.obj (.text.free)
                  0000bfb0    000000e0            : setvbuf.c.obj (.text.setvbuf)
                  0000c090    000000d0     ST7735.o (.text._Z14ST7735_OutCharc)
                  0000c160    000000cc     libc.a : memory.c.obj (.text.realloc)
                  0000c22c    000000ba     BeamSprite.o (.text._ZN10BeamSprite4tickEv)
                  0000c2e6    000000a2     ST7735.o (.text._ZL11commandListPKh)
                  0000c388    000000a0     libsysbm.a : open.c.obj (.text.open)
                  0000c428    0000009c     ST7735.o (.text._Z17ST7735_InitPrintfv)
                  0000c4c4    00000098     ST7735.o (.text._Z12ST7735_InitR10initRFlags)
                  0000c55c    00000094     Timer.o (.text._Z15TimerG12_IntArmjj)
                  0000c5f0    00000088     ST7735.o (.text._ZL13setAddrWindowhhhh)
                  0000c678    00000008     libclang_rt.builtins.a : aeabi_memcpy.S.obj (.text.__aeabi_memcpy)
                  0000c680    00000088     libc.a : strcmp-armv6m.S.obj (.text:strcmp)
                  0000c708    00000084     ST7735.o (.text._Z17ST7735_DrawStringttPcs)
                  0000c78c    0000007c     LaunchPad.o (.text._Z14LaunchPad_Initv)
                  0000c808    0000007c     SlidePot.o (.text._ZN8SlidePot4InitEv)
                  0000c884    0000007c     libc.a : fclose.c.obj (.text.__TI_closefile)
                  0000c900    0000007c            : copy_decompress_lzss.c.obj (.text:decompress:lzss)
                  0000c97c    00000070     ST7735.o (.text._Z16ST7735_DrawPixelsst)
                  0000c9ec    0000006c     libsysbm.a : hostlseek.c.obj (.text.HOSTlseek)
                  0000ca58    0000006c                : hostrename.c.obj (.text.HOSTrename)
                  0000cac4    0000006c     BeamSprite.o (.text._ZN10BeamSprite4initEv)
                  0000cb30    0000006c     libc.a : getdevice.c.obj (.text.getdevice)
                  0000cb9c    00000068     Lab9HMain.o (.text._Z10bgToBufferh)
                  0000cc04    00000068     Lab9HMain.o (.text._Z14runnerToBufferv)
                  0000cc6c    00000064     libc.a : memory.c.obj (.text.split)
                  0000ccd0    00000060     libsysbm.a : hostopen.c.obj (.text.HOSTopen)
                  0000cd30    00000060     Timer.o (.text._Z13TimerG12_Initv)
                  0000cd90    00000058     libsysbm.a : hostread.c.obj (.text.HOSTread)
                  0000cde8    00000058                : hostwrite.c.obj (.text.HOSTwrite)
                  0000ce40    00000056     libclang_rt.builtins.a : aeabi_idivmod.S.obj (.text.__aeabi_idivmod)
                  0000ce96    00000002     Sound.o (.text.SysTick_Handler)
                  0000ce98    00000054     libc.a : autoinit.c.obj (.text:__TI_auto_init_nobinit)
                  0000ceec    00000052            : fflush.c.obj (.text.__TI_doflush)
                  0000cf3e    00000002     libclang_rt.builtins.a : aeabi_div0.c.obj (.text.__aeabi_idiv0)
                  0000cf40    00000050     Lab9HMain.o (.text._Z21handleRunnerLeaveLanev)
                  0000cf90    00000050     libsysbm.a : close.c.obj (.text.close)
                  0000cfe0    0000004c     ST7735.o (.text._Z5bgPixhh)
                  0000d02c    00000048     libsysbm.a : hostclose.c.obj (.text.HOSTclose)
                  0000d074    00000048                : hostunlink.c.obj (.text.HOSTunlink)
                  0000d0bc    00000048     SPI.o (.text._Z14SPI_OutCommandc)
                  0000d104    00000048     DashSprite.o (.text._ZN10DashSprite10initHealthEv)
                  0000d14c    00000048     SlidePot.o (.text._ZN8SlidePot2InEv)
                  0000d194    00000040     TExaS.o (.text.TIMG7_IRQHandler)
                  0000d1d4    00000040     SPI.o (.text._Z9SPI_Resetv)
                  0000d214    00000040     libclang_rt.builtins.a : aeabi_uidivmod.S.obj (.text.__aeabi_uidivmod)
                  0000d254    00000040     libc.a : fopen.c.obj (.text._search_fp)
                  0000d294    0000003e     DashSprite.o (.text._ZN10DashSprite6inBeamEv)
                  0000d2d2    00000002     libc.a : _lock.c.obj (.text._nop)
                  0000d2d4    0000003c            : memory.c.obj (.text.calloc)
                  0000d310    0000003a     BeamSprite.o (.text._ZN10BeamSpriteC2Ev)
                  0000d34a    00000002     --HOLE-- [fill = 0]
                  0000d34c    00000038     SPI.o (.text._Z11SPI_OutDatac)
                  0000d384    00000038     LaunchPad.o (.text._Z15ActivatePortA_Bv)
                  0000d3bc    00000038     libc.a : rand.c.obj (.text.rand)
                  0000d3f4    00000034     ST7735.o (.text._Z12ST7735_writeiPKcj)
                  0000d428    00000034     Clock.o (.text._Z14Clock_Delay1msj)
                  0000d45c    00000034     ST7735.o (.text._Z16ST7735_SetCursorjj)
                  0000d490    00000034     Lab9HMain.o (.text._ZN8Switches4PollEv)
                  0000d4c4    00000034     libc.a : fopen.c.obj (.text.__TI_cleanup)
                  0000d4f8    00000034     libsysbm.a : trgmsg.c.obj (.text.__TI_readmsg)
                  0000d52c    00000034                : trgmsg.c.obj (.text.__TI_writemsg)
                  0000d560    00000034     libc.a : exit.c.obj (.text.exit)
                  0000d594    00000034            : getdevice.c.obj (.text.finddevice)
                  0000d5c8    00000034            : fopen.c.obj (.text.freopen)
                  0000d5fc    00000030     ST7735.o (.text._ZL10commonInitPKh)
                  0000d62c    00000030     libc.a : fopen.c.obj (.text.fopen)
                  0000d65c    0000002e     DashSprite.o (.text._ZN10DashSprite8prevLaneEv)
                  0000d68a    00000002     --HOLE-- [fill = 0]
                  0000d68c    0000002c     ST7735.o (.text._Z17ST7735_FillScreent)
                  0000d6b8    0000002c     libsysbm.a : unlink.c.obj (.text.unlink)
                  0000d6e4    0000002a     DashSprite.o (.text._ZN10DashSprite10changeLaneEh)
                  0000d70e    00000002     --HOLE-- [fill = 0]
                  0000d710    00000028     DashSprite.o (.text._ZN10DashSprite4jumpEv)
                  0000d738    00000028     Lab9HMain.o (.text._ZN8Switches4InitEv)
                  0000d760    00000028     libc.a : memory.c.obj (.text.free_list_insert)
                  0000d788    00000028     libsysbm.a : write.c.obj (.text.write)
                  0000d7b0    00000028     libc.a : boot_cortex_m.c.obj (.text:_c_int00_noargs)
                  0000d7d8    00000024     DashSprite.o (.text._ZN10DashSpriteC2Ev)
                  0000d7fc    00000024     libc.a : rand.c.obj (.text.srand)
                  0000d820    0000001e     ST7735.o (.text._ZL9pushColort)
                  0000d83e    0000001e     SlidePot.o (.text._ZN8SlidePotC2Ejj)
                  0000d85c    0000001c     startup_mspm0g3507_ticlang.o (.text.Default_Handler)
                  0000d878    0000001c     startup_mspm0g3507_ticlang.o (.text.HardFault_Handler)
                  0000d894    0000001c     libc.a : memory.c.obj (.text.free_list_remove)
                  0000d8b0    00000016     ST7735.o (.text._Z11ST7735_openPKcji)
                  0000d8c6    00000016     ST7735.o (.text._Z11ST7735_readiPcj)
                  0000d8dc    00000016     libc.a : copy_zero_init.c.obj (.text:decompress:ZI:__TI_zero_init_nomemset)
                  0000d8f2    00000014     Lab9HMain.o (.text._GLOBAL__sub_I_Lab9HMain.cpp)
                  0000d906    00000014     Lab9HMain.o (.text._ZN10BeamSprite15getBeamLeftSideEv)
                  0000d91a    00000002     --HOLE-- [fill = 0]
                  0000d91c    00000014     Lab9HMain.o (.text.__cxx_global_var_init)
                  0000d930    00000012     Lab9HMain.o (.text._ZN8SwitchesC2Ev)
                  0000d942    00000012     libc.a : memcpy16.S.obj (.text:TI_memcpy_small)
                  0000d954    00000012            : copy_decompress_none.c.obj (.text:decompress:none)
                  0000d966    00000010     Clock.o (.text._Z11Clock_Delayj)
                  0000d976    00000010     Lab9HMain.o (.text._ZN10BeamSprite13getBottomEdgeEv)
                  0000d986    00000002     --HOLE-- [fill = 0]
                  0000d988    00000010     Lab9HMain.o (.text.__cxx_global_var_init.1)
                  0000d998    00000010     Lab9HMain.o (.text.__cxx_global_var_init.2)
                  0000d9a8    00000010     Lab9HMain.o (.text.__cxx_global_var_init.3)
                  0000d9b8    0000000e     libc.a : memory.c.obj (.text.OUTLINED_FUNCTION_0)
                  0000d9c6    0000000e     ST7735.o (.text._Z12ST7735_lseekili)
                  0000d9d4    0000000e     DashSprite.o (.text._ZN10DashSprite21acknowledgeLaneChangeEv)
                  0000d9e2    0000000e     libsysbm.a : hostrename.c.obj (.text.strcpy)
                  0000d9f0    0000000e                : hostrename.c.obj (.text.strlen)
                  0000d9fe    0000000e     libc.a : memset16.S.obj (.text:TI_memset_small)
                  0000da0c    0000000c     Clock.o (.text._Z10Clock_Freqv)
                  0000da18    0000000c     ST7735.o (.text._Z13ST7735_renamePKcS0_)
                  0000da24    0000000c     DashSprite.o (.text._ZN10DashSprite7getLaneEv)
                  0000da30    0000000c     libclang_rt.builtins.a : aeabi_memset.S.obj (.text.__aeabi_memclr)
                  0000da3c    0000000c     libc.a : memory.c.obj (.text.malloc)
                  0000da48    0000000a     ST7735.o (.text._Z12ST7735_closei)
                  0000da52    0000000a     ST7735.o (.text._Z13ST7735_unlinkPKc)
                  0000da5c    0000000a     Lab9HMain.o (.text._Z8PLL_Initv)
                  0000da66    00000008     libsysbm.a : remove.c.obj (.text.remove)
                  0000da6e    00000004     startup_mspm0g3507_ticlang.o (.text.Reset_Handler)
                  0000da72    00000004     libc.a : pre_init.c.obj (.text._system_pre_init)
                  0000da76    00000004            : exit.c.obj (.text:abort)
                  0000da7a    00000006     --HOLE-- [fill = 0]

.cinit     0    0000da88    00000098     
                  0000da88    0000006e     (.cinit..data.load) [load image, compression = lzss]
                  0000daf6    00000002     --HOLE-- [fill = 0]
                  0000daf8    0000000c     (__TI_handler_table)
                  0000db04    00000008     (.cinit..bss.load) [load image, compression = zero_init]
                  0000db0c    00000010     (__TI_cinit_table)
                  0000db1c    00000004     --HOLE-- [fill = 0]

.rodata    0    000000c0    0000aab0     
                  000000c0    000018d8     DashSprite.o (.rodata._ZL11DashJumpBMP)
                  00001998    000018d8     DashSprite.o (.rodata._ZL11blankRunner)
                  00003270    000018d8     DashSprite.o (.rodata._ZL14DashRunLeftBMP)
                  00004b48    000018d8     DashSprite.o (.rodata._ZL15DashRunRightBMP)
                  00006420    000015e0     BeamSprite.o (.rodata._ZL10beamcolor1)
                  00007a00    000015e0     BeamSprite.o (.rodata._ZL10beamcolor2)
                  00008fe0    000015e0     BeamSprite.o (.rodata._ZL10beamcolor3)
                  0000a5c0    000004fb     ST7735.o (.rodata._ZL4Font)
                  0000aabb    0000003b     ST7735.o (.rodata._ZL5Rcmd1)
                  0000aaf6    0000002b     ST7735.o (.rodata._ZL5Rcmd3)
                  0000ab21    00000016     ST7735.o (.rodata.str1.155458558172884536211)
                  0000ab37    0000000d     ST7735.o (.rodata._ZL10Rcmd2green)
                  0000ab44    0000000d     ST7735.o (.rodata._ZL8Rcmd2red)
                  0000ab51    00000008     ST7735.o (.rodata.str1.163907349639611916321)
                  0000ab59    00000007     ST7735.o (.rodata.str1.118566658787443733641)
                  0000ab60    00000007     ST7735.o (.rodata.str1.50975551021031429701)
                  0000ab67    00000002     ST7735.o (.rodata.str1.151553405499835365021)
                  0000ab69    00000007     --HOLE-- [fill = 0]

.init_array 
*          0    0000da80    00000008     
                  0000da80    00000004     Lab9HMain.o (.init_array)
                  0000da84    00000004     --HOLE-- [fill = 0]

.data      0    20200000    000033fd     UNINITIALIZED
                  20200000    000031b0     Lab9HMain.o (.data.buffer)
                  202031b0    000000f0     libc.a : defs.c.obj (.data._ftable)
                  202032a0    00000078     libsysbm.a : host_device.c.obj (.data._device)
                  20203318    00000050                : host_device.c.obj (.data._stream)
                  20203368    00000034     Lab9HMain.o (.data.beam1)
                  2020339c    00000014     Lab9HMain.o (.data.Sensor)
                  202033b0    00000010     Lab9HMain.o (.data.dash)
                  202033c0    00000008     libc.a : exit.c.obj (.data..L_MergedGlobals)
                  202033c8    00000008     Lab9HMain.o (.data.UpDownPause)
                  202033d0    00000004     Clock.o (.data.BusFreq)
                  202033d4    00000004     ST7735.o (.data.StX)
                  202033d8    00000004     ST7735.o (.data.StY)
                  202033dc    00000004     libc.a : defs.c.obj (.data.__TI_ft_end)
                  202033e0    00000004            : _lock.c.obj (.data._lock)
                  202033e4    00000004            : _lock.c.obj (.data._unlock)
                  202033e8    00000004            : rand.c.obj (.data.next)
                  202033ec    00000002     ST7735.o (.data.StTextColor)
                  202033ee    00000002     ST7735.o (.data._ZL6_width)
                  202033f0    00000002     ST7735.o (.data._ZL7_height)
                  202033f2    00000002     --HOLE--
                  202033f4    00000001     libsysbm.a : add_device.c.obj (.data.add_device.device_init)
                  202033f5    00000003     --HOLE--
                  202033f8    00000001     libc.a : memory.c.obj (.data.memory_is_initialized)
                  202033f9    00000003     --HOLE--
                  202033fc    00000001     libsysbm.a : open.c.obj (.data.open.stream_init)

.sysmem    0    20203400    00002000     UNINITIALIZED
                  20203400    00000010     libc.a : memory.c.obj (.sysmem)
                  20203410    00001ff0     --HOLE--

.bss       0    20205400    000001de     UNINITIALIZED
                  20205400    00000120     libsysbm.a : trgmsg.c.obj (.bss:_CIOBUF_)
                  20205520    000000a0     libc.a : defs.c.obj (.bss.__TI_tmpnams)
                  202055c0    00000008     libsysbm.a : hostopen.c.obj (.bss.parmbuf)
                  202055c8    00000004     TExaS.o (.bss.TExaSLogic)
                  202055cc    00000004     TExaS.o (.bss.TExaSadc)
                  202055d0    00000004     Lab9HMain.o (.bss.spData)
                  202055d4    00000004     libc.a : memory.c.obj (.bss.sys_free)
                  202055d8    00000001     ST7735.o (.bss._ZL8ColStart)
                  202055d9    00000001     ST7735.o (.bss._ZL8Rotation)
                  202055da    00000001     ST7735.o (.bss._ZL8RowStart)
                  202055db    00000001     ST7735.o (.bss._ZL8TabColor)
                  202055dc    00000001     Lab9HMain.o (.bss.lock)
                  202055dd    00000001     Lab9HMain.o (.bss.stopped)

.stack     0    20206000    00002000     UNINITIALIZED
                  20206000    00000004     libc.a : boot_cortex_m.c.obj (.stack)
                  20206004    00001ffc     --HOLE--

__llvm_prf_cnts 
*          0    20200000    00000000     UNINITIALIZED

__llvm_prf_bits 
*          0    20200000    00000000     UNINITIALIZED

MODULE SUMMARY

       Module                         code    ro data   rw data
       ------                         ----    -------   -------
    ./
       DashSprite.o                   788     25440     0      
       BeamSprite.o                   352     16800     0      
       Lab9HMain.o                    1676    4         12822  
       ST7735.o                       3258    1449      18     
       Clock.o                        516     0         4      
       SPI.o                          440     0         0      
       Timer.o                        244     0         0      
       SlidePot.o                     226     0         0      
       LaunchPad.o                    180     0         0      
       TExaS.o                        64      0         8      
       Sound.o                        2       0         0      
    +--+------------------------------+-------+---------+---------+
       Total:                         7746    43693     12852  
                                                               
    ./ticlang/
       startup_mspm0g3507_ticlang.o   60      192       0      
    +--+------------------------------+-------+---------+---------+
       Total:                         60      192       0      
                                                               
    /Applications/ti/ccs2000/ccs/tools/compiler/ti-cgt-armllvm_4.0.1.LTS/lib/armv6m-ti-none-eabi/c/libc.a
       memory.c.obj                   966     0         5      
       fopen.c.obj                    556     0         0      
       defs.c.obj                     0       0         404    
       setvbuf.c.obj                  224     0         0      
       getdevice.c.obj                160     0         0      
       strcmp-armv6m.S.obj            136     0         0      
       copy_decompress_lzss.c.obj     124     0         0      
       fclose.c.obj                   124     0         0      
       rand.c.obj                     92      0         4      
       autoinit.c.obj                 84      0         0      
       fflush.c.obj                   82      0         0      
       exit.c.obj                     56      0         8      
       boot_cortex_m.c.obj            40      0         0      
       copy_zero_init.c.obj           22      0         0      
       copy_decompress_none.c.obj     18      0         0      
       memcpy16.S.obj                 18      0         0      
       memset16.S.obj                 14      0         0      
       _lock.c.obj                    2       0         8      
       pre_init.c.obj                 4       0         0      
    +--+------------------------------+-------+---------+---------+
       Total:                         2722    0         429    
                                                               
    /Applications/ti/ccs2000/ccs/tools/compiler/ti-cgt-armllvm_4.0.1.LTS/lib/armv6m-ti-none-eabi/c/libsysbm.a
       trgmsg.c.obj                   104     0         288    
       add_device.c.obj               236     0         1      
       host_device.c.obj              0       0         200    
       open.c.obj                     160     0         1      
       hostrename.c.obj               136     0         0      
       hostlseek.c.obj                108     0         0      
       hostopen.c.obj                 96      0         8      
       hostread.c.obj                 88      0         0      
       hostwrite.c.obj                88      0         0      
       close.c.obj                    80      0         0      
       hostclose.c.obj                72      0         0      
       hostunlink.c.obj               72      0         0      
       unlink.c.obj                   44      0         0      
       write.c.obj                    40      0         0      
       remove.c.obj                   8       0         0      
    +--+------------------------------+-------+---------+---------+
       Total:                         1332    0         498    
                                                               
    /Applications/ti/ccs2000/ccs/tools/compiler/ti-cgt-armllvm_4.0.1.LTS/lib/armv6m-ti-none-eabi/libclang_rt.builtins.a
       aeabi_idivmod.S.obj            86      0         0      
       aeabi_uidivmod.S.obj           64      0         0      
       aeabi_memset.S.obj             12      0         0      
       aeabi_memcpy.S.obj             8       0         0      
       aeabi_div0.c.obj               2       0         0      
    +--+------------------------------+-------+---------+---------+
       Total:                         172     0         0      
                                                               
       Heap:                          0       0         8192   
       Stack:                         0       0         8192   
       Linker Generated:              0       146       0      
    +--+------------------------------+-------+---------+---------+
       Grand Total:                   12032   44031     30163  


LINKER GENERATED COPY TABLES

__TI_cinit_table @ 0000db0c records: 2, size/record: 8, table size: 16
	.data: load addr=0000da88, load size=0000006e bytes, run addr=20200000, run size=000033fd bytes, compression=lzss
	.bss: load addr=0000db04, load size=00000008 bytes, run addr=20205400, run size=000001de bytes, compression=zero_init


LINKER GENERATED HANDLER TABLE

__TI_handler_table @ 0000daf8 records: 3, size/record: 4, table size: 12
	index: 0, handler: __TI_decompress_lzss
	index: 1, handler: __TI_decompress_none
	index: 2, handler: __TI_zero_init


GLOBAL SYMBOLS: SORTED ALPHABETICALLY BY Name 

address   name                                    
-------   ----                                    
0000d85d  ADC0_IRQHandler                         
0000d85d  ADC1_IRQHandler                         
0000d85d  AES_IRQHandler                          
202033d0  BusFreq                                 
0000da76  C$$EXIT                                 
0000d559  C$$IO$$                                 
0000d85d  CANFD0_IRQHandler                       
0000d85d  DAC0_IRQHandler                         
0000d85d  DMA_IRQHandler                          
0000d85d  Default_Handler                         
0000d85d  GROUP0_IRQHandler                       
0000d85d  GROUP1_IRQHandler                       
0000d02d  HOSTclose                               
0000c9ed  HOSTlseek                               
0000ccd1  HOSTopen                                
0000cd91  HOSTread                                
0000ca59  HOSTrename                              
0000d075  HOSTunlink                              
0000cde9  HOSTwrite                               
0000d879  HardFault_Handler                       
0000d85d  I2C0_IRQHandler                         
0000d85d  I2C1_IRQHandler                         
0000d85d  NMI_Handler                             
0000d85d  PendSV_Handler                          
0000d85d  RTC_IRQHandler                          
0000da6f  Reset_Handler                           
0000da80  SHT$$INIT_ARRAY$$Base                   
0000da84  SHT$$INIT_ARRAY$$Limit                  
0000d85d  SPI0_IRQHandler                         
0000d85d  SPI1_IRQHandler                         
0000d85d  SVC_Handler                             
2020339c  Sensor                                  
202033ec  StTextColor                             
202033d4  StX                                     
202033d8  StY                                     
0000ce97  SysTick_Handler                         
202055c8  TExaSLogic                              
202055cc  TExaSadc                                
0000d85d  TIMA0_IRQHandler                        
0000d85d  TIMA1_IRQHandler                        
0000d85d  TIMG0_IRQHandler                        
0000baf9  TIMG12_IRQHandler                       
0000d85d  TIMG6_IRQHandler                        
0000d195  TIMG7_IRQHandler                        
0000d85d  TIMG8_IRQHandler                        
0000d943  TI_memcpy_small                         
0000d9ff  TI_memset_small                         
0000d85d  UART0_IRQHandler                        
0000d85d  UART1_IRQHandler                        
0000d85d  UART2_IRQHandler                        
0000d85d  UART3_IRQHandler                        
202033c8  UpDownPause                             
20205400  _CIOBUF_                                
0000da0d  _Z10Clock_Freqv                         
0000cb9d  _Z10bgToBufferh                         
0000d967  _Z11Clock_Delayj                        
0000d34d  _Z11SPI_OutDatac                        
0000d8b1  _Z11ST7735_openPKcji                    
0000d8c7  _Z11ST7735_readiPcj                     
0000c4c5  _Z12ST7735_InitR10initRFlags            
0000da49  _Z12ST7735_closei                       
0000d9c7  _Z12ST7735_lseekili                     
0000d3f5  _Z12ST7735_writeiPKcj                   
0000da19  _Z13ST7735_renamePKcS0_                 
0000da53  _Z13ST7735_unlinkPKc                    
0000cd31  _Z13TimerG12_Initv                      
0000d429  _Z14Clock_Delay1msj                     
0000c78d  _Z14LaunchPad_Initv                     
0000d0bd  _Z14SPI_OutCommandc                     
0000c091  _Z14ST7735_OutCharc                     
0000cc05  _Z14runnerToBufferv                     
0000d385  _Z15ActivatePortA_Bv                    
0000b1b5  _Z15Clock_Init80MHzi                    
0000b8cd  _Z15ST7735_FillRectsssst                
0000c55d  _Z15TimerG12_IntArmjj                   
0000b7b1  _Z16DrawBeamToBuffer10BeamSprite        
0000b369  _Z16ST7735_DrawCharSsscssh              
0000c97d  _Z16ST7735_DrawPixelsst                 
0000d45d  _Z16ST7735_SetCursorjj                  
0000add5  _Z17ST7735_DrawBitmapssPKtss            
0000c709  _Z17ST7735_DrawStringttPcs              
0000d68d  _Z17ST7735_FillScreent                  
0000c429  _Z17ST7735_InitPrintfv                  
0000bce9  _Z18ST7735_SetRotationh                 
0000cf41  _Z21handleRunnerLeaveLanev              
0000cfe1  _Z5bgPixhh                              
0000b509  _Z6drawBgv                              
0000da5d  _Z8PLL_Initv                            
0000bbf1  _Z8SPI_Initv                            
0000d1d5  _Z9SPI_Resetv                           
0000d977  _ZN10BeamSprite13getBottomEdgeEv        
0000d907  _ZN10BeamSprite15getBeamLeftSideEv      
0000cac5  _ZN10BeamSprite4initEv                  
0000c22d  _ZN10BeamSprite4tickEv                  
0000d311  _ZN10BeamSpriteC1Ev                     
0000d311  _ZN10BeamSpriteC2Ev                     
0000d6e5  _ZN10DashSprite10changeLaneEh           
0000d105  _ZN10DashSprite10initHealthEv           
0000d9d5  _ZN10DashSprite21acknowledgeLaneChangeEv
0000d711  _ZN10DashSprite4jumpEv                  
0000afe5  _ZN10DashSprite4tickEv                  
0000d295  _ZN10DashSprite6inBeamEv                
0000da25  _ZN10DashSprite7getLaneEv               
0000d65d  _ZN10DashSprite8prevLaneEv              
0000d7d9  _ZN10DashSpriteC1Ev                     
0000d7d9  _ZN10DashSpriteC2Ev                     
0000d14d  _ZN8SlidePot2InEv                       
0000c809  _ZN8SlidePot4InitEv                     
0000d83f  _ZN8SlidePotC1Ejj                       
0000d83f  _ZN8SlidePotC2Ejj                       
0000d739  _ZN8Switches4InitEv                     
0000d491  _ZN8Switches4PollEv                     
0000d931  _ZN8SwitchesC2Ev                        
20205400  __CIOBUF_                               
20208000  __STACK_END                             
00002000  __STACK_SIZE                            
00002000  __SYSMEM_SIZE                           
00000000  __TI_ATRegion0_region_sz                
00000000  __TI_ATRegion0_src_addr                 
00000000  __TI_ATRegion0_trg_addr                 
00000000  __TI_ATRegion1_region_sz                
00000000  __TI_ATRegion1_src_addr                 
00000000  __TI_ATRegion1_trg_addr                 
00000000  __TI_ATRegion2_region_sz                
00000000  __TI_ATRegion2_src_addr                 
00000000  __TI_ATRegion2_trg_addr                 
0000db0c  __TI_CINIT_Base                         
0000db1c  __TI_CINIT_Limit                        
0000db1c  __TI_CINIT_Warm                         
0000daf8  __TI_Handler_Table_Base                 
0000db04  __TI_Handler_Table_Limit                
0000ce99  __TI_auto_init_nobinit                  
0000d4c5  __TI_cleanup                            
202033c0  __TI_cleanup_ptr                        
0000c885  __TI_closefile                          
0000c901  __TI_decompress_lzss                    
0000d955  __TI_decompress_none                    
0000ceed  __TI_doflush                            
202033c4  __TI_dtors_ptr                          
202033dc  __TI_ft_end                             
ffffffff  __TI_pprof_out_hndl                     
ffffffff  __TI_prof_data_size                     
ffffffff  __TI_prof_data_start                    
0000d4f9  __TI_readmsg                            
00000000  __TI_static_base__                      
20205520  __TI_tmpnams                            
0000d52d  __TI_writemsg                           
0000d8dd  __TI_zero_init_nomemset                 
0000ce41  __aeabi_idiv                            
0000cf3f  __aeabi_idiv0                           
0000ce41  __aeabi_idivmod                         
0000da31  __aeabi_memclr                          
0000da31  __aeabi_memclr4                         
0000da31  __aeabi_memclr8                         
0000c679  __aeabi_memcpy                          
0000c679  __aeabi_memcpy4                         
0000c679  __aeabi_memcpy8                         
0000d215  __aeabi_uidiv                           
0000d215  __aeabi_uidivmod                        
ffffffff  __binit__                               
UNDEFED   __mpu_init                              
20206000  __stack                                 
20200000  __start___llvm_prf_bits                 
20200000  __start___llvm_prf_cnts                 
20200000  __stop___llvm_prf_bits                  
20200000  __stop___llvm_prf_cnts                  
0000d7b1  _c_int00_noargs                         
202032a0  _device                                 
202031b0  _ftable                                 
202033e0  _lock                                   
0000d2d3  _nop                                    
20203318  _stream                                 
20203400  _sys_memory                             
UNDEFED   _system_post_cinit                      
0000da73  _system_pre_init                        
202033e4  _unlock                                 
0000da77  abort                                   
0000bddd  add_device                              
0000b9e5  aligned_alloc                           
20203368  beam1                                   
ffffffff  binit                                   
20200000  buffer                                  
0000d2d5  calloc                                  
0000cf91  close                                   
202033b0  dash                                    
0000d561  exit                                    
0000d595  finddevice                              
0000d62d  fopen                                   
0000bec9  free                                    
0000d5c9  freopen                                 
0000cb31  getdevice                               
00000000  interruptVectors                        
202055dc  lock                                    
0000ab71  main                                    
0000da3d  malloc                                  
0000b9e5  memalign                                
0000c389  open                                    
202055c0  parmbuf                                 
0000d3bd  rand                                    
0000c161  realloc                                 
0000da67  remove                                  
0000bfb1  setvbuf                                 
202055d0  spData                                  
0000d7fd  srand                                   
202055dd  stopped                                 
0000c681  strcmp                                  
0000d6b9  unlink                                  
0000d789  write                                   


GLOBAL SYMBOLS: SORTED BY Symbol Address 

address   name                                    
-------   ----                                    
00000000  __TI_ATRegion0_region_sz                
00000000  __TI_ATRegion0_src_addr                 
00000000  __TI_ATRegion0_trg_addr                 
00000000  __TI_ATRegion1_region_sz                
00000000  __TI_ATRegion1_src_addr                 
00000000  __TI_ATRegion1_trg_addr                 
00000000  __TI_ATRegion2_region_sz                
00000000  __TI_ATRegion2_src_addr                 
00000000  __TI_ATRegion2_trg_addr                 
00000000  __TI_static_base__                      
00000000  interruptVectors                        
00002000  __STACK_SIZE                            
00002000  __SYSMEM_SIZE                           
0000ab71  main                                    
0000add5  _Z17ST7735_DrawBitmapssPKtss            
0000afe5  _ZN10DashSprite4tickEv                  
0000b1b5  _Z15Clock_Init80MHzi                    
0000b369  _Z16ST7735_DrawCharSsscssh              
0000b509  _Z6drawBgv                              
0000b7b1  _Z16DrawBeamToBuffer10BeamSprite        
0000b8cd  _Z15ST7735_FillRectsssst                
0000b9e5  aligned_alloc                           
0000b9e5  memalign                                
0000baf9  TIMG12_IRQHandler                       
0000bbf1  _Z8SPI_Initv                            
0000bce9  _Z18ST7735_SetRotationh                 
0000bddd  add_device                              
0000bec9  free                                    
0000bfb1  setvbuf                                 
0000c091  _Z14ST7735_OutCharc                     
0000c161  realloc                                 
0000c22d  _ZN10BeamSprite4tickEv                  
0000c389  open                                    
0000c429  _Z17ST7735_InitPrintfv                  
0000c4c5  _Z12ST7735_InitR10initRFlags            
0000c55d  _Z15TimerG12_IntArmjj                   
0000c679  __aeabi_memcpy                          
0000c679  __aeabi_memcpy4                         
0000c679  __aeabi_memcpy8                         
0000c681  strcmp                                  
0000c709  _Z17ST7735_DrawStringttPcs              
0000c78d  _Z14LaunchPad_Initv                     
0000c809  _ZN8SlidePot4InitEv                     
0000c885  __TI_closefile                          
0000c901  __TI_decompress_lzss                    
0000c97d  _Z16ST7735_DrawPixelsst                 
0000c9ed  HOSTlseek                               
0000ca59  HOSTrename                              
0000cac5  _ZN10BeamSprite4initEv                  
0000cb31  getdevice                               
0000cb9d  _Z10bgToBufferh                         
0000cc05  _Z14runnerToBufferv                     
0000ccd1  HOSTopen                                
0000cd31  _Z13TimerG12_Initv                      
0000cd91  HOSTread                                
0000cde9  HOSTwrite                               
0000ce41  __aeabi_idiv                            
0000ce41  __aeabi_idivmod                         
0000ce97  SysTick_Handler                         
0000ce99  __TI_auto_init_nobinit                  
0000ceed  __TI_doflush                            
0000cf3f  __aeabi_idiv0                           
0000cf41  _Z21handleRunnerLeaveLanev              
0000cf91  close                                   
0000cfe1  _Z5bgPixhh                              
0000d02d  HOSTclose                               
0000d075  HOSTunlink                              
0000d0bd  _Z14SPI_OutCommandc                     
0000d105  _ZN10DashSprite10initHealthEv           
0000d14d  _ZN8SlidePot2InEv                       
0000d195  TIMG7_IRQHandler                        
0000d1d5  _Z9SPI_Resetv                           
0000d215  __aeabi_uidiv                           
0000d215  __aeabi_uidivmod                        
0000d295  _ZN10DashSprite6inBeamEv                
0000d2d3  _nop                                    
0000d2d5  calloc                                  
0000d311  _ZN10BeamSpriteC1Ev                     
0000d311  _ZN10BeamSpriteC2Ev                     
0000d34d  _Z11SPI_OutDatac                        
0000d385  _Z15ActivatePortA_Bv                    
0000d3bd  rand                                    
0000d3f5  _Z12ST7735_writeiPKcj                   
0000d429  _Z14Clock_Delay1msj                     
0000d45d  _Z16ST7735_SetCursorjj                  
0000d491  _ZN8Switches4PollEv                     
0000d4c5  __TI_cleanup                            
0000d4f9  __TI_readmsg                            
0000d52d  __TI_writemsg                           
0000d559  C$$IO$$                                 
0000d561  exit                                    
0000d595  finddevice                              
0000d5c9  freopen                                 
0000d62d  fopen                                   
0000d65d  _ZN10DashSprite8prevLaneEv              
0000d68d  _Z17ST7735_FillScreent                  
0000d6b9  unlink                                  
0000d6e5  _ZN10DashSprite10changeLaneEh           
0000d711  _ZN10DashSprite4jumpEv                  
0000d739  _ZN8Switches4InitEv                     
0000d789  write                                   
0000d7b1  _c_int00_noargs                         
0000d7d9  _ZN10DashSpriteC1Ev                     
0000d7d9  _ZN10DashSpriteC2Ev                     
0000d7fd  srand                                   
0000d83f  _ZN8SlidePotC1Ejj                       
0000d83f  _ZN8SlidePotC2Ejj                       
0000d85d  ADC0_IRQHandler                         
0000d85d  ADC1_IRQHandler                         
0000d85d  AES_IRQHandler                          
0000d85d  CANFD0_IRQHandler                       
0000d85d  DAC0_IRQHandler                         
0000d85d  DMA_IRQHandler                          
0000d85d  Default_Handler                         
0000d85d  GROUP0_IRQHandler                       
0000d85d  GROUP1_IRQHandler                       
0000d85d  I2C0_IRQHandler                         
0000d85d  I2C1_IRQHandler                         
0000d85d  NMI_Handler                             
0000d85d  PendSV_Handler                          
0000d85d  RTC_IRQHandler                          
0000d85d  SPI0_IRQHandler                         
0000d85d  SPI1_IRQHandler                         
0000d85d  SVC_Handler                             
0000d85d  TIMA0_IRQHandler                        
0000d85d  TIMA1_IRQHandler                        
0000d85d  TIMG0_IRQHandler                        
0000d85d  TIMG6_IRQHandler                        
0000d85d  TIMG8_IRQHandler                        
0000d85d  UART0_IRQHandler                        
0000d85d  UART1_IRQHandler                        
0000d85d  UART2_IRQHandler                        
0000d85d  UART3_IRQHandler                        
0000d879  HardFault_Handler                       
0000d8b1  _Z11ST7735_openPKcji                    
0000d8c7  _Z11ST7735_readiPcj                     
0000d8dd  __TI_zero_init_nomemset                 
0000d907  _ZN10BeamSprite15getBeamLeftSideEv      
0000d931  _ZN8SwitchesC2Ev                        
0000d943  TI_memcpy_small                         
0000d955  __TI_decompress_none                    
0000d967  _Z11Clock_Delayj                        
0000d977  _ZN10BeamSprite13getBottomEdgeEv        
0000d9c7  _Z12ST7735_lseekili                     
0000d9d5  _ZN10DashSprite21acknowledgeLaneChangeEv
0000d9ff  TI_memset_small                         
0000da0d  _Z10Clock_Freqv                         
0000da19  _Z13ST7735_renamePKcS0_                 
0000da25  _ZN10DashSprite7getLaneEv               
0000da31  __aeabi_memclr                          
0000da31  __aeabi_memclr4                         
0000da31  __aeabi_memclr8                         
0000da3d  malloc                                  
0000da49  _Z12ST7735_closei                       
0000da53  _Z13ST7735_unlinkPKc                    
0000da5d  _Z8PLL_Initv                            
0000da67  remove                                  
0000da6f  Reset_Handler                           
0000da73  _system_pre_init                        
0000da76  C$$EXIT                                 
0000da77  abort                                   
0000da80  SHT$$INIT_ARRAY$$Base                   
0000da84  SHT$$INIT_ARRAY$$Limit                  
0000daf8  __TI_Handler_Table_Base                 
0000db04  __TI_Handler_Table_Limit                
0000db0c  __TI_CINIT_Base                         
0000db1c  __TI_CINIT_Limit                        
0000db1c  __TI_CINIT_Warm                         
20200000  __start___llvm_prf_bits                 
20200000  __start___llvm_prf_cnts                 
20200000  __stop___llvm_prf_bits                  
20200000  __stop___llvm_prf_cnts                  
20200000  buffer                                  
202031b0  _ftable                                 
202032a0  _device                                 
20203318  _stream                                 
20203368  beam1                                   
2020339c  Sensor                                  
202033b0  dash                                    
202033c0  __TI_cleanup_ptr                        
202033c4  __TI_dtors_ptr                          
202033c8  UpDownPause                             
202033d0  BusFreq                                 
202033d4  StX                                     
202033d8  StY                                     
202033dc  __TI_ft_end                             
202033e0  _lock                                   
202033e4  _unlock                                 
202033ec  StTextColor                             
20203400  _sys_memory                             
20205400  _CIOBUF_                                
20205400  __CIOBUF_                               
20205520  __TI_tmpnams                            
202055c0  parmbuf                                 
202055c8  TExaSLogic                              
202055cc  TExaSadc                                
202055d0  spData                                  
202055dc  lock                                    
202055dd  stopped                                 
20206000  __stack                                 
20208000  __STACK_END                             
ffffffff  __TI_pprof_out_hndl                     
ffffffff  __TI_prof_data_size                     
ffffffff  __TI_prof_data_start                    
ffffffff  __binit__                               
ffffffff  binit                                   
UNDEFED   __mpu_init                              
UNDEFED   _system_post_cinit                      

[208 symbols]
