******************************************************************************
            TI ARM Clang Linker Unix v4.0.1                    
******************************************************************************
>> Linked Wed Apr 23 12:11:39 2025

OUTPUT FILE NAME:   <ECE319K_Lab9H.out>
ENTRY POINT SYMBOL: "_c_int00_noargs"  address: 0001e8c5


MEMORY CONFIGURATION

         name            origin    length      used     unused   attr    fill
----------------------  --------  ---------  --------  --------  ----  --------
  FLASH                 00000000   00020000  0001f078  00000f88  R  X
  SRAM                  20200000   00008000  00006fb5  0000104b  RW X
  BCR_CONFIG            41c00000   00000080  00000000  00000080  R   
  BSL_CONFIG            41c00100   00000080  00000000  00000080  R   


SEGMENT ALLOCATION MAP

run origin  load origin   length   init length attrs members
----------  ----------- ---------- ----------- ----- -------
00000000    00000000    0001f078   0001f078    r-x
  00000000    00000000    000000c0   000000c0    r-- .intvecs
  000000c0    000000c0    00018d40   00018d40    r-- .rodata
  00018e00    00018e00    000061d0   000061d0    r-x .text
  0001efd0    0001efd0    00000008   00000008    r-- .init_array
  0001efd8    0001efd8    000000a0   000000a0    r-- .cinit
20200000    20200000    00004fb5   00000000    rw-
  20200000    20200000    00002d60   00000000    rw- .bss
  20202d60    20202d60    00002000   00000000    rw- .sysmem
  20204d60    20204d60    00000255   00000000    rw- .data
20206000    20206000    00002000   00000000    rw-
  20206000    20206000    00002000   00000000    rw- .stack


SECTION ALLOCATION MAP

 output                                  attributes/
section   page    origin      length       input sections
--------  ----  ----------  ----------   ----------------
.intvecs   0    00000000    000000c0     
                  00000000    000000c0     startup_mspm0g3507_ticlang.o (.intvecs)

.binit     0    00000000    00000000     

.text      0    00018e00    000061d0     
                  00018e00    00001134     Lab9HMain.o (.text.main)
                  00019f34    000005f0     Lab9HMain.o (.text.TIMG12_IRQHandler)
                  0001a524    00000284     libc.a : _printfi.c.obj (.text:__TI_printfi_minimal)
                  0001a7a8    00000210     ST7735.o (.text._Z17ST7735_DrawBitmapssPKtss)
                  0001a9b8    000001f8     DashSprite.o (.text._ZN10DashSprite4tickEv)
                  0001abb0    000001b4     Clock.o (.text._Z15Clock_Init80MHzi)
                  0001ad64    000001a0     ST7735.o (.text._Z16ST7735_DrawCharSsscssh)
                  0001af04    00000154     libc.a : fopen.c.obj (.text._openfile)
                  0001b058    00000134     Lab9HMain.o (.text._Z17componentToBufferv)
                  0001b18c    00000118     ST7735.o (.text._Z15ST7735_FillRectsssst)
                  0001b2a4    00000114     libc.a : memory.c.obj (.text.aligned_alloc)
                  0001b3b8    00000108     Lab9HMain.o (.text._Z14solderToBufferv)
                  0001b4c0    00000108     Lab9HMain.o (.text._Z16DrawBeamToBuffer10BeamSprite)
                  0001b5c8    00000100     ST7735.o (.text._Z22ST7735_DrawSmallCirclesst)
                  0001b6c8    000000f8     SPI.o (.text._Z8SPI_Initv)
                  0001b7c0    000000f8     libc.a : fputs.c.obj (.text.fputs)
                  0001b8b8    000000f4     nitinHelpers.o (.text._Z13drawEndScreenv)
                  0001b9ac    000000f4     ST7735.o (.text._Z18ST7735_SetRotationh)
                  0001baa0    000000ec     libsysbm.a : add_device.c.obj (.text.add_device)
                  0001bb8c    000000e8     libc.a : memory.c.obj (.text.free)
                  0001bc74    000000e4     nitinHelpers.o (.text._Z12drawGameOverv)
                  0001bd58    000000e4     ST7735.o (.text._Z14ST7735_OutCharctt)
                  0001be3c    000000e4     nitinHelpers.o (.text._Z15drawMainButtonsv)
                  0001bf20    000000e4     nitinHelpers.o (.text._Z18drawSpanishButtonsv)
                  0001c004    000000e0     libc++.a : string.cpp.obj (.text._ZNSt3__16__itoa13__base_10_u32B8nn180100EPcj)
                  0001c0e4    000000e0     libc.a : setvbuf.c.obj (.text.setvbuf)
                  0001c1c4    000000d8     nitinHelpers.o (.text._Z10PcbOutlineh)
                  0001c29c    000000d0     ST7735.o (.text._Z14ST7735_OutCharc)
                  0001c36c    000000c8     ST7735.o (.text._Z22ST7735_FillSmallCirclesst)
                  0001c434    000000c4     libc++.a : string.cpp.obj (.text._ZNSt3__112basic_stringIcNS_11char_traitsIcEENS_9allocatorIcEEE21__grow_by_and_replaceEjjjjjjPKc)
                  0001c4f8    000000b4     nitinHelpers.o (.text._Z13outlineButtonssss)
                  0001c5ac    000000b0     ST7735.o (.text._Z20ST7735_DrawFastHLinessst)
                  0001c65c    000000b0     ST7735.o (.text._Z20ST7735_DrawFastVLinessst)
                  0001c70c    000000ac     ComponentSprite.o (.text._ZN15ComponentSprite4tickEv)
                  0001c7b8    000000a2     ST7735.o (.text._ZL11commandListPKh)
                  0001c85a    000000a2     Lab9HMain.o (.text._ZNSt3__1eqB8nn180100INS_9allocatorIcEEEEbRKNS_12basic_stringIcNS_11char_traitsIcEET_EES9_)
                  0001c8fc    000000a0     nitinHelpers.o (.text._Z13drawComponenth)
                  0001c99c    000000a0     libsysbm.a : open.c.obj (.text.open)
                  0001ca3c    0000009c     libc.a : fputc.c.obj (.text.fputc)
                  0001cad8    00000098     ST7735.o (.text._Z12ST7735_InitR10initRFlags)
                  0001cb70    00000098     ST7735.o (.text._Z17ST7735_InitPrintfv)
                  0001cc08    00000094     Timer.o (.text._Z15TimerG12_IntArmjj)
                  0001cc9c    00000090     ST7735.o (.text._Z17ST7735_DrawStringttPctt)
                  0001cd2c    00000090     SolderSprite.o (.text._ZN12SolderSprite4tickEv)
                  0001cdbc    00000088     Lab9HMain.o (.text._Z11getDiffLaneh)
                  0001ce44    00000088     ST7735.o (.text._ZL13setAddrWindowhhhh)
                  0001cecc    00000004     libc.a : pre_init.c.obj (.text._system_pre_init)
                  0001ced0    00000088            : strcmp-armv6m.S.obj (.text:strcmp)
                  0001cf58    00000084     ST7735.o (.text._Z17ST7735_DrawStringttPcs)
                  0001cfdc    00000084     BeamSprite.o (.text._ZN10BeamSprite4initEha)
                  0001d060    0000007c     LaunchPad.o (.text._Z14LaunchPad_Initv)
                  0001d0dc    0000007c     SlidePot.o (.text._ZN8SlidePot4InitEv)
                  0001d158    0000007c     libc.a : fclose.c.obj (.text.__TI_closefile)
                  0001d1d4    0000007c            : copy_decompress_lzss.c.obj (.text:decompress:lzss)
                  0001d250    00000078     Lab9HMain.o (.text._Z10bgToBufferh)
                  0001d2c8    00000076     BeamSprite.o (.text._ZN10BeamSprite4tickEv)
                  0001d33e    00000002     libclang_rt.builtins.a : aeabi_div0.c.obj (.text.__aeabi_idiv0)
                  0001d340    00000074     Lab9HMain.o (.text._Z14runnerToBufferv)
                  0001d3b4    00000070     ST7735.o (.text._Z16ST7735_DrawPixelsst)
                  0001d424    00000070     libc++.a : string.cpp.obj (.text._ZNSt3__112basic_stringIcNS_11char_traitsIcEENS_9allocatorIcEEE6appendEPKcj)
                  0001d494    0000006c     libsysbm.a : hostlseek.c.obj (.text.HOSTlseek)
                  0001d500    0000006c                : hostrename.c.obj (.text.HOSTrename)
                  0001d56c    0000006c     ComponentSprite.o (.text._ZN15ComponentSpriteC2Ea)
                  0001d5d8    0000006c     libc.a : fseek.c.obj (.text.fseeko)
                  0001d644    0000006c            : getdevice.c.obj (.text.getdevice)
                  0001d6b0    00000068     libc++.a : string.cpp.obj (.text._ZNSt3__112basic_stringIcNS_11char_traitsIcEENS_9allocatorIcEEE17__assign_externalEPKcj)
                  0001d718    00000064     DashSprite.o (.text._ZN10DashSprite6inBeamEv)
                  0001d77c    00000064     Lab9HMain.o (.text._ZN8Switches4PollEv)
                  0001d7e0    00000064     libc.a : _io_perm.c.obj (.text.__TI_wrt_ok)
                  0001d844    00000064            : memory.c.obj (.text.split)
                  0001d8a8    00000060     libsysbm.a : hostopen.c.obj (.text.HOSTopen)
                  0001d908    00000060     Timer.o (.text._Z13TimerG12_Initv)
                  0001d968    0000005c     nitinHelpers.o (.text._Z9PCBScreenv)
                  0001d9c4    00000058     libsysbm.a : hostread.c.obj (.text.HOSTread)
                  0001da1c    00000058                : hostwrite.c.obj (.text.HOSTwrite)
                  0001da74    00000058     Lab9HMain.o (.text.SysTick_Handler)
                  0001dacc    00000058     ST7735.o (.text._Z6drawBgv)
                  0001db24    00000058     libclang_rt.builtins.a : clzsi2.c.obj (.text.__clzsi2)
                  0001db7c    00000056                            : aeabi_idivmod.S.obj (.text.__aeabi_idivmod)
                  0001dbd2    00000002     libc.a : _lock.c.obj (.text._nop)
                  0001dbd4    00000054            : autoinit.c.obj (.text:__TI_auto_init_nobinit)
                  0001dc28    00000052            : fflush.c.obj (.text.__TI_doflush)
                  0001dc7a    00000002     --HOLE-- [fill = 0]
                  0001dc7c    00000050     libsysbm.a : close.c.obj (.text.close)
                  0001dccc    0000004c     ST7735.o (.text._Z5bgPixhh)
                  0001dd18    0000004c     libc++.a : string.cpp.obj (.text._ZNSt3__112basic_stringIcNS_11char_traitsIcEENS_9allocatorIcEEE16__init_with_sizeB8nn180100IPcS7_EEvT_T0_j)
                  0001dd64    0000004c     libc.a : vfprintf.c.obj (.text.vfprintf)
                  0001ddb0    00000048     libsysbm.a : hostclose.c.obj (.text.HOSTclose)
                  0001ddf8    00000048                : hostunlink.c.obj (.text.HOSTunlink)
                  0001de40    00000048     Lab9HMain.o (.text._Z10Sound_Initv)
                  0001de88    00000048     SPI.o (.text._Z14SPI_OutCommandc)
                  0001ded0    00000048     DashSprite.o (.text._ZN10DashSprite10initHealthEv)
                  0001df18    00000048     SlidePot.o (.text._ZN8SlidePot2InEv)
                  0001df60    00000046     libc++.a : string.cpp.obj (.text._ZNSt3__112basic_stringIcNS_11char_traitsIcEENS_9allocatorIcEEE17__assign_no_aliasILb0EEERS5_PKcj)
                  0001dfa6    00000002     --HOLE-- [fill = 0]
                  0001dfa8    00000040     TExaS.o (.text.TIMG7_IRQHandler)
                  0001dfe8    00000040     SPI.o (.text._Z9SPI_Resetv)
                  0001e028    00000040     libc++.a : string.cpp.obj (.text._ZNSt3__112basic_stringIcNS_11char_traitsIcEENS_9allocatorIcEEE17__assign_no_aliasILb1EEERS5_PKcj)
                  0001e068    00000040     libclang_rt.builtins.a : aeabi_uidivmod.S.obj (.text.__aeabi_uidivmod)
                  0001e0a8    00000040     libc.a : fopen.c.obj (.text._search_fp)
                  0001e0e8    0000003c     Lab9HMain.o (.text._Z11Sound_StartPKht)
                  0001e124    0000003c     Lab9HMain.o (.text._Z9DAC5_Initv)
                  0001e160    0000003c     libc++.a : string.cpp.obj (.text._ZNSt3__112basic_stringIcNS_11char_traitsIcEENS_9allocatorIcEEEaSERKS5_)
                  0001e19c    00000038     SPI.o (.text._Z11SPI_OutDatac)
                  0001e1d4    00000038     LaunchPad.o (.text._Z15ActivatePortA_Bv)
                  0001e20c    00000038     libc++.a : string.cpp.obj (.text._ZNSt3__115__to_chars_itoaB8nn180100IjEENS_15to_chars_resultEPcS2_T_NS_17integral_constantIbLb0EEE)
                  0001e244    00000038              : string.cpp.obj (.text._ZNSt3__16__itoa9__append4B8nn180100EPcj)
                  0001e27c    00000038     libc.a : rand.c.obj (.text.rand)
                  0001e2b4    00000036     ST7735.o (.text._Z16ST7735_OutStringPctt)
                  0001e2ea    00000034     ST7735.o (.text._Z12ST7735_writeiPKcj)
                  0001e31e    00000002     --HOLE-- [fill = 0]
                  0001e320    00000034     Clock.o (.text._Z14Clock_Delay1msj)
                  0001e354    00000034     ST7735.o (.text._Z16ST7735_SetCursorjj)
                  0001e388    00000034     BeamSprite.o (.text._ZN10BeamSpriteC2Ea)
                  0001e3bc    00000034     libc++.a : string.cpp.obj (.text._ZNSt3__16__itoa10__append10B8nn180100IjEEPcS2_T_)
                  0001e3f0    00000034              : string.cpp.obj (.text._ZNSt3__16__itoa9__append6B8nn180100EPcj)
                  0001e424    00000034              : string.cpp.obj (.text._ZNSt3__16__itoa9__append8B8nn180100EPcj)
                  0001e458    00000034     libc.a : fopen.c.obj (.text.__TI_cleanup)
                  0001e48c    00000034     libsysbm.a : trgmsg.c.obj (.text.__TI_readmsg)
                  0001e4c0    00000034                : trgmsg.c.obj (.text.__TI_writemsg)
                  0001e4f4    00000034     libc.a : exit.c.obj (.text.exit)
                  0001e528    00000034            : getdevice.c.obj (.text.finddevice)
                  0001e55c    00000034            : fopen.c.obj (.text.freopen)
                  0001e590    00000030     ST7735.o (.text._ZL10commonInitPKh)
                  0001e5c0    00000030     libc++.a : string.cpp.obj (.text._ZNSt3__16__itoa13__traits_baseIjvE7__widthB8nn180100Ej)
                  0001e5f0    00000030     libc.a : fopen.c.obj (.text.fopen)
                  0001e620    0000002e     DashSprite.o (.text._ZN10DashSprite4tripEv)
                  0001e64e    0000002e     Lab9HMain.o (.text._ZNKSt3__112basic_stringIcNS_11char_traitsIcEENS_9allocatorIcEEE13__get_pointerB8nn180100Ev)
                  0001e67c    0000002e     Lab9HMain.o (.text._ZNKSt3__112basic_stringIcNS_11char_traitsIcEENS_9allocatorIcEEE4sizeB8nn180100Ev)
                  0001e6aa    00000002     --HOLE-- [fill = 0]
                  0001e6ac    0000002c     ST7735.o (.text._Z17ST7735_FillScreent)
                  0001e6d8    0000002c     DashSprite.o (.text._ZN10DashSpriteC2Ev)
                  0001e704    0000002c     libsysbm.a : unlink.c.obj (.text.unlink)
                  0001e730    0000002a     BeamSprite.o (.text._ZN10BeamSpriteC2Eha)
                  0001e75a    0000002a     DashSprite.o (.text._ZN10DashSprite10changeLaneEh)
                  0001e784    00000028     DashSprite.o (.text._ZN10DashSprite4jumpEv)
                  0001e7ac    00000028     DashSprite.o (.text._ZN10DashSprite9healthOffEv)
                  0001e7d4    00000028     Lab9HMain.o (.text._ZN8Switches4InitEv)
                  0001e7fc    00000028     Lab9HMain.o (.text._ZNSt3__112basic_stringIcNS_11char_traitsIcEENS_9allocatorIcEEE6appendB8nn180100ERKS5_)
                  0001e824    00000028     libc.a : memory.c.obj (.text.free_list_insert)
                  0001e84c    00000028     libsysbm.a : lseek.c.obj (.text.lseek)
                  0001e874    00000028     libc.a : memmov.c.obj (.text.memmove)
                  0001e89c    00000028     libsysbm.a : write.c.obj (.text.write)
                  0001e8c4    00000028     libc.a : boot_cortex_m.c.obj (.text:_c_int00_noargs)
                  0001e8ec    00000026     libc++abi.a : stdlib_new_delete.cpp.obj (.text._ZL17operator_new_implj)
                  0001e912    00000026     Lab9HMain.o (.text._ZNSt3__117__compressed_pairINS_12basic_stringIcNS_11char_traitsIcEENS_9allocatorIcEEE5__repES5_EC2B8nn180100INS_16__value_init_tagENS_18__default_init_tagEEEOT_OT0_)
                  0001e938    00000024     Lab9HMain.o (.text._Z10Sound_Stopv)
                  0001e95c    00000024     nitinHelpers.o (.text._Z14drawHomeScreenv)
                  0001e980    00000024     libc++.a : string.cpp.obj (.text._ZNSt3__16__itoa9__append5B8nn180100EPcj)
                  0001e9a4    00000024              : string.cpp.obj (.text._ZNSt3__16__itoa9__append7B8nn180100EPcj)
                  0001e9c8    00000024              : string.cpp.obj (.text._ZNSt3__16__itoa9__append9B8nn180100EPcj)
                  0001e9ec    00000024              : string.cpp.obj (.text._ZNSt3__19to_stringEi)
                  0001ea10    00000024     libc.a : rand.c.obj (.text.srand)
                  0001ea34    00000022            : memccpy.c.obj (.text.memccpy)
                  0001ea56    00000020     Lab9HMain.o (.text._GLOBAL__sub_I_Lab9HMain.cpp)
                  0001ea76    00000002     --HOLE-- [fill = 0]
                  0001ea78    00000020     Lab9HMain.o (.text._Z8DAC5_Outh)
                  0001ea98    00000020     SolderSprite.o (.text._ZN12SolderSpriteC2Ea)
                  0001eab8    00000020     Lab9HMain.o (.text._ZNSt3__112basic_stringIcNS_11char_traitsIcEENS_9allocatorIcEEEC2B8nn180100Ev)
                  0001ead8    00000020     libc++.a : verbose_abort.cpp.obj (.text._ZNSt3__122__libcpp_verbose_abortEPKcz)
                  0001eaf8    00000020     libc.a : memcmp.c.obj (.text.memcmp)
                  0001eb18    0000001e     ST7735.o (.text._ZL9pushColort)
                  0001eb36    0000001e     SlidePot.o (.text._ZN8SlidePotC2Ejj)
                  0001eb54    0000001e     libc++.a : string.cpp.obj (.text._ZNSt3__115__to_chars_itoaB8nn180100IiEENS_15to_chars_resultEPcS2_T_NS_17integral_constantIbLb1EEE)
                  0001eb72    00000002     --HOLE-- [fill = 0]
                  0001eb74    0000001c     startup_mspm0g3507_ticlang.o (.text.Default_Handler)
                  0001eb90    0000001c     startup_mspm0g3507_ticlang.o (.text.HardFault_Handler)
                  0001ebac    0000001c     libc.a : memory.c.obj (.text.free_list_remove)
                  0001ebc8    00000018     Lab9HMain.o (.text._ZNSt3__111char_traitsIcE7compareB8nn180100EPKcS3_j)
                  0001ebe0    00000018     libc++.a : string.cpp.obj (.text._ZNSt3__112basic_stringIcNS_11char_traitsIcEENS_9allocatorIcEEE17__assign_externalEPKc)
                  0001ebf8    00000018     Lab9HMain.o (.text._ZNSt3__1neB8nn180100IcNS_11char_traitsIcEENS_9allocatorIcEEEEbRKNS_12basic_stringIT_T0_T1_EESB_)
                  0001ec10    00000016     ST7735.o (.text._Z11ST7735_openPKcji)
                  0001ec26    00000016     ST7735.o (.text._Z11ST7735_readiPcj)
                  0001ec3c    00000016     Lab9HMain.o (.text._ZNKSt3__112basic_stringIcNS_11char_traitsIcEENS_9allocatorIcEEE19__get_short_pointerB8nn180100Ev)
                  0001ec52    00000016     Lab9HMain.o (.text._ZNKSt3__112basic_stringIcNS_11char_traitsIcEENS_9allocatorIcEEE9__is_longB8nn180100Ev)
                  0001ec68    00000014     Lab9HMain.o (.text._ZN8SwitchesC2Ev)
                  0001ec7c    00000014     Lab9HMain.o (.text._ZNKSt3__112basic_stringIcNS_11char_traitsIcEENS_9allocatorIcEEE16__get_short_sizeB8nn180100Ev)
                  0001ec90    00000014     Lab9HMain.o (.text._ZNKSt3__112basic_stringIcNS_11char_traitsIcEENS_9allocatorIcEEE4dataB8nn180100Ev)
                  0001eca4    00000014     libc++.a : string.cpp.obj (.text._ZNSt3__112basic_stringIcNS_11char_traitsIcEENS_9allocatorIcEEED2Ev)
                  0001ecb8    00000014     Lab9HMain.o (.text._ZNSt3__112basic_stringIcNS_11char_traitsIcEENS_9allocatorIcEEEaSB8nn180100EPKc)
                  0001eccc    00000014     Lab9HMain.o (.text._ZNSt3__112basic_stringIcNS_11char_traitsIcEENS_9allocatorIcEEEpLB8nn180100ERKS5_)
                  0001ece0    00000014     Lab9HMain.o (.text._ZNSt3__122__compressed_pair_elemINS_9allocatorIcEELi1ELb1EEC2B8nn180100ENS_18__default_init_tagE)
                  0001ecf4    00000014     Lab9HMain.o (.text._ZNSt3__19allocatorIcEC2B8nn180100Ev)
                  0001ed08    00000014     libc++abi.a : stdlib_new_delete.cpp.obj (.text._Znwj)
                  0001ed1c    00000014     Lab9HMain.o (.text.__cxx_global_var_init.3)
                  0001ed30    00000014     Lab9HMain.o (.text.__cxx_global_var_init.4)
                  0001ed44    00000014     Lab9HMain.o (.text.__cxx_global_var_init.5)
                  0001ed58    00000014     Lab9HMain.o (.text.__cxx_global_var_init)
                  0001ed6c    00000012     Lab9HMain.o (.text._ZNKSt3__112basic_stringIcNS_11char_traitsIcEENS_9allocatorIcEEE15__get_long_sizeB8nn180100Ev)
                  0001ed7e    00000012     Lab9HMain.o (.text._ZNKSt3__112basic_stringIcNS_11char_traitsIcEENS_9allocatorIcEEE18__get_long_pointerB8nn180100Ev)
                  0001ed90    00000012     Lab9HMain.o (.text._ZNSt3__122__compressed_pair_elemINS_12basic_stringIcNS_11char_traitsIcEENS_9allocatorIcEEE5__repELi0ELb0EEC2B8nn180100ENS_16__value_init_tagE)
                  0001eda2    00000012     libc.a : memcpy16.S.obj (.text:TI_memcpy_small)
                  0001edb4    00000012            : copy_decompress_none.c.obj (.text:decompress:none)
                  0001edc6    00000010     Clock.o (.text._Z11Clock_Delayj)
                  0001edd6    00000010     Lab9HMain.o (.text._ZN10BeamSprite13getBottomEdgeEv)
                  0001ede6    00000010     Lab9HMain.o (.text._ZNKSt3__112basic_stringIcNS_11char_traitsIcEENS_9allocatorIcEEE5c_strB8nn180100Ev)
                  0001edf6    00000010     Lab9HMain.o (.text._ZNKSt3__117__compressed_pairINS_12basic_stringIcNS_11char_traitsIcEENS_9allocatorIcEEE5__repES5_E5firstB8nn180100Ev)
                  0001ee06    00000002     --HOLE-- [fill = 0]
                  0001ee08    00000010     Lab9HMain.o (.text.__cxx_global_var_init.1)
                  0001ee18    00000010     Lab9HMain.o (.text.__cxx_global_var_init.2)
                  0001ee28    00000010     Lab9HMain.o (.text.__cxx_global_var_init.6)
                  0001ee38    00000010     libc.a : copy_zero_init.c.obj (.text:decompress:ZI)
                  0001ee48    0000000e            : memory.c.obj (.text.OUTLINED_FUNCTION_0)
                  0001ee56    0000000e     ST7735.o (.text._Z12ST7735_lseekili)
                  0001ee64    0000000e     libclang_rt.builtins.a : aeabi_memset.S.obj (.text.__aeabi_memset)
                  0001ee72    0000000e     libsysbm.a : hostrename.c.obj (.text.strcpy)
                  0001ee80    0000000e     libc.a : _printfi.c.obj (.text.strlen)
                  0001ee8e    0000000e            : strlen.c.obj (.text.strlen)
                  0001ee9c    0000000e     libsysbm.a : hostrename.c.obj (.text.strlen)
                  0001eeaa    0000000e     libc.a : memset16.S.obj (.text:TI_memset_small)
                  0001eeb8    0000000c     Clock.o (.text._Z10Clock_Freqv)
                  0001eec4    0000000c     ST7735.o (.text._Z13ST7735_renamePKcS0_)
                  0001eed0    0000000c     libc++abi.a : stdlib_new_delete.cpp.obj (.text._Z22__throw_bad_alloc_shimv)
                  0001eedc    0000000c     DashSprite.o (.text._ZN10DashSprite7getLaneEv)
                  0001eee8    0000000c     libc++.a : string.cpp.obj (.text._ZNKSt3__112basic_stringIcNS_11char_traitsIcEENS_9allocatorIcEEE20__throw_length_errorB8nn180100Ev)
                  0001eef4    0000000c              : string.cpp.obj (.text._ZNSt3__120__throw_length_errorB8nn180100EPKc)
                  0001ef00    0000000c     libc++abi.a : cxa_handlers.cpp.obj (.text._ZSt15get_new_handlerv)
                  0001ef0c    0000000c     libclang_rt.builtins.a : aeabi_memset.S.obj (.text.__aeabi_memclr)
                  0001ef18    0000000c     libc.a : memory.c.obj (.text.malloc)
                  0001ef24    0000000a     ST7735.o (.text._Z12ST7735_closei)
                  0001ef2e    0000000a     ST7735.o (.text._Z13ST7735_unlinkPKc)
                  0001ef38    0000000a     Lab9HMain.o (.text._Z8PLL_Initv)
                  0001ef42    0000000a     Lab9HMain.o (.text._ZNKSt3__112basic_stringIcNS_11char_traitsIcEENS_9allocatorIcEEE14__annotate_newB8nn180100Ej)
                  0001ef4c    0000000a     Lab9HMain.o (.text._ZNKSt3__122__compressed_pair_elemINS_12basic_stringIcNS_11char_traitsIcEENS_9allocatorIcEEE5__repELi0ELb0EE5__getB8nn180100Ev)
                  0001ef56    0000000a     Lab9HMain.o (.text._ZNSt3__112__to_addressB8nn180100IKcEEPT_S3_)
                  0001ef60    0000000a     libc++.a : string.cpp.obj (.text._ZNSt3__112basic_stringIcNS_11char_traitsIcEENS_9allocatorIcEEE6__initIPcTnNS_9enable_ifIXsr31__has_forward_iterator_categoryIT_EE5valueEiE4typeELi0EEEvS9_S9_)
                  0001ef6a    0000000a     Lab9HMain.o (.text._ZNSt3__114pointer_traitsIPKcE10pointer_toB8nn180100ERS1_)
                  0001ef74    0000000a     Lab9HMain.o (.text._ZNSt3__116__non_trivial_ifILb1ENS_9allocatorIcEEEC2B8nn180100Ev)
                  0001ef7e    00000008     libc++.a : string.cpp.obj (.text._ZNSt3__112basic_stringIcNS_11char_traitsIcEENS_9allocatorIcEEE6assignEPKc)
                  0001ef86    00000008     libc++abi.a : stdlib_new_delete.cpp.obj (.text._ZdlPv)
                  0001ef8e    00000002     --HOLE-- [fill = 0]
                  0001ef90    00000008     libclang_rt.builtins.a : aeabi_memcpy.S.obj (.text.__aeabi_memcpy)
                  0001ef98    00000008                            : aeabi_memmove.S.obj (.text.__aeabi_memmove)
                  0001efa0    00000008     libc.a : vfprintf.c.obj (.text._outc)
                  0001efa8    00000008            : vfprintf.c.obj (.text._outs)
                  0001efb0    00000008            : fseek.c.obj (.text.fseek)
                  0001efb8    00000008     libsysbm.a : remove.c.obj (.text.remove)
                  0001efc0    00000004     startup_mspm0g3507_ticlang.o (.text.Reset_Handler)
                  0001efc4    00000004     libc++abi.a : abort_message.cpp.obj (.text.abort_message)
                  0001efc8    00000004     libc.a : exit.c.obj (.text:abort)
                  0001efcc    00000004     --HOLE-- [fill = 0]

.cinit     0    0001efd8    000000a0     
                  0001efd8    00000078     (.cinit..data.load) [load image, compression = lzss]
                  0001f050    0000000c     (__TI_handler_table)
                  0001f05c    00000008     (.cinit..bss.load) [load image, compression = zero_init]
                  0001f064    00000010     (__TI_cinit_table)
                  0001f074    00000004     --HOLE-- [fill = 0]

.rodata    0    000000c0    00018d40     
                  000000c0    00005514     nitinHelpers.o (.rodata._ZL3PCB)
                  000055d4    00003200     nitinHelpers.o (.rodata._ZL14PcbStartScreen)
                  000087d4    0000252a     Lab9HMain.o (.rodata._ZL3won)
                  0000acfe    000018d8     DashSprite.o (.rodata._ZL11DashJumpBMP)
                  0000c5d6    000018d8     DashSprite.o (.rodata._ZL14DashRunLeftBMP)
                  0000deae    000018d8     DashSprite.o (.rodata._ZL15DashRunRightBMP)
                  0000f786    00001518     nitinHelpers.o (.rodata._ZL14LanguageButton)
                  00010c9e    00001290     nitinHelpers.o (.rodata._ZL13IdiomasButton)
                  00011f2e    000010cf     Lab9HMain.o (.rodata._ZL9collected)
                  00012ffd    00000001     Lab9HMain.o (.rodata.str1.144606553268132684431)
                  00012ffe    00000f78     nitinHelpers.o (.rodata._ZL11StartButton)
                  00013f76    00000ec4     nitinHelpers.o (.rodata._ZL13IniciarButton)
                  00014e3a    00000c8a     Lab9HMain.o (.rodata._ZL7tripped)
                  00015ac4    0000060e     Lab9HMain.o (.rodata._ZL6beamed)
                  000160d2    000004fb     ST7735.o (.rodata._ZL4Font)
                  000165cd    00000001     --HOLE-- [fill = 0]
                  000165ce    000004e2     Lab9HMain.o (.rodata._ZL10solderPoop)
                  00016ab0    000004e2     ComponentSprite.o (.rodata._ZL3led)
                  00016f92    000004e2     Lab9HMain.o (.rodata._ZL3led)
                  00017474    000004e2     ComponentSprite.o (.rodata._ZL6button)
                  00017956    000004e2     Lab9HMain.o (.rodata._ZL6button)
                  00017e38    000004e2     ComponentSprite.o (.rodata._ZL8resistor)
                  0001831a    000004e2     Lab9HMain.o (.rodata._ZL8resistor)
                  000187fc    000000c8     libc++.a : string.cpp.obj (.rodata._ZNSt3__16__itoa16__digits_base_10E)
                  000188c4    00000042              : string.cpp.obj (.rodata.str1.119502325174543091881)
                  00018906    0000003c     nitinHelpers.o (.rodata._ZL8elements)
                  00018942    0000003b     ST7735.o (.rodata._ZL5Rcmd1)
                  0001897d    0000002d     libc++abi.a : stdlib_new_delete.cpp.obj (.rodata.str1.6945404916631741401)
                  000189aa    0000002b     ST7735.o (.rodata._ZL5Rcmd3)
                  000189d5    00000002     ST7735.o (.rodata.str1.118566658787443733641)
                  000189d7    00000001     --HOLE-- [fill = 0]
                  000189d8    00000028     libc++.a : string.cpp.obj (.rodata._ZNSt3__16__itoa10__pow10_32E)
                  00018a00    00000024     ST7735.o (.rodata._ZL15fillSmallCircle)
                  00018a24    0000001a     Lab9HMain.o (.rodata.str1.136243777921425235241)
                  00018a3e    00000019     nitinHelpers.o (.rodata.str1.45163651126224223561)
                  00018a57    00000019     Lab9HMain.o (.rodata.str1.74067424030976851731)
                  00018a70    00000018     ST7735.o (.rodata._ZL11smallCircle)
                  00018a88    00000018     Lab9HMain.o (.rodata.str1.138655844362382431591)
                  00018aa0    00000018     Lab9HMain.o (.rodata.str1.150236657587030721481)
                  00018ab8    00000018     Lab9HMain.o (.rodata.str1.53064498209084138541)
                  00018ad0    00000018     Lab9HMain.o (.rodata.str1.5541580624040671811)
                  00018ae8    00000018     Lab9HMain.o (.rodata.str1.74972908382394591551)
                  00018b00    00000017     Lab9HMain.o (.rodata.str1.135587178987165645761)
                  00018b17    00000017     Lab9HMain.o (.rodata.str1.142763588511342823311)
                  00018b2e    00000017     nitinHelpers.o (.rodata.str1.159850862444440719221)
                  00018b45    00000017     Lab9HMain.o (.rodata.str1.23765623467681484731)
                  00018b5c    00000017     Lab9HMain.o (.rodata.str1.36136728744051949671)
                  00018b73    00000017     Lab9HMain.o (.rodata.str1.43928348135455860411)
                  00018b8a    00000017     Lab9HMain.o (.rodata.str1.89800876338655967931)
                  00018ba1    00000017     nitinHelpers.o (.rodata.str1.90832628545929150531)
                  00018bb8    00000016     Lab9HMain.o (.rodata.str1.109436695696880395661)
                  00018bce    00000016     nitinHelpers.o (.rodata.str1.114459609612514556551)
                  00018be4    00000016     Lab9HMain.o (.rodata.str1.148045851500927898161)
                  00018bfa    00000016     ST7735.o (.rodata.str1.155458558172884536211)
                  00018c10    00000016     Lab9HMain.o (.rodata.str1.77946550721901366211)
                  00018c26    00000016     Lab9HMain.o (.rodata.str1.94539348878818337631)
                  00018c3c    00000015     Lab9HMain.o (.rodata.str1.151994399932148622421)
                  00018c51    00000015     Lab9HMain.o (.rodata.str1.15360766164854299121)
                  00018c66    00000014     nitinHelpers.o (.rodata.str1.144504967686959128781)
                  00018c7a    00000014     Lab9HMain.o (.rodata.str1.160588362872062865081)
                  00018c8e    00000014     Lab9HMain.o (.rodata.str1.36435047076059183751)
                  00018ca2    00000014     Lab9HMain.o (.rodata.str1.64434510243936695551)
                  00018cb6    00000013     Lab9HMain.o (.rodata.str1.1045638472106105921)
                  00018cc9    00000013     nitinHelpers.o (.rodata.str1.160009503490793813801)
                  00018cdc    00000013     nitinHelpers.o (.rodata.str1.38050373825990946321)
                  00018cef    00000012     nitinHelpers.o (.rodata.str1.146084403418159548331)
                  00018d01    00000012     Lab9HMain.o (.rodata.str1.92738753765294272191)
                  00018d13    00000011     nitinHelpers.o (.rodata.str1.151652173960122546601)
                  00018d24    00000011     libc.a : _printfi.c.obj (.rodata.str1.153638888446227384661)
                  00018d35    00000010     nitinHelpers.o (.rodata.str1.128872770034521434501)
                  00018d45    00000010     Lab9HMain.o (.rodata.str1.8734979013979085121)
                  00018d55    0000000f     Lab9HMain.o (.rodata.str1.113724764143009181171)
                  00018d64    0000000f     Lab9HMain.o (.rodata.str1.150864919958333191721)
                  00018d73    0000000f     nitinHelpers.o (.rodata.str1.156345557016935312991)
                  00018d82    0000000f     Lab9HMain.o (.rodata.str1.26709213299824485171)
                  00018d91    0000000e     nitinHelpers.o (.rodata.str1.129661452581767075711)
                  00018d9f    0000000e     nitinHelpers.o (.rodata.str1.154472530040096801081)
                  00018dad    0000000d     ST7735.o (.rodata._ZL10Rcmd2green)
                  00018dba    0000000d     ST7735.o (.rodata._ZL8Rcmd2red)
                  00018dc7    0000000d     nitinHelpers.o (.rodata.str1.154390458201616515431)
                  00018dd4    0000000d     libc++.a : string.cpp.obj (.rodata.str1.165106176394632186531)
                  00018de1    0000000a     Lab9HMain.o (.rodata.str1.11344128452655267101)
                  00018deb    00000008     ST7735.o (.rodata.str1.151553405499835365021)
                  00018df3    00000007     ST7735.o (.rodata.str1.50975551021031429701)
                  00018dfa    00000002     nitinHelpers.o (.rodata.str1.182165588478081757521)
                  00018dfc    00000004     --HOLE-- [fill = 0]

.init_array 
*          0    0001efd0    00000008     
                  0001efd0    00000004     Lab9HMain.o (.init_array)
                  0001efd4    00000004     --HOLE-- [fill = 0]

.bss       0    20200000    00002d60     UNINITIALIZED
                  20200000    00002b7a     Lab9HMain.o (.bss.buffer)
                  20202b7a    00000002     Lab9HMain.o (.bss.bigCount)
                  20202b7c    00000120     libsysbm.a : trgmsg.c.obj (.bss:_CIOBUF_)
                  20202c9c    000000a0     libc.a : defs.c.obj (.bss.__TI_tmpnams)
                  20202d3c    00000008     libsysbm.a : hostopen.c.obj (.bss.parmbuf)
                  20202d44    00000004     TExaS.o (.bss.TExaSLogic)
                  20202d48    00000004     TExaS.o (.bss.TExaSadc)
                  20202d4c    00000004     Lab9HMain.o (.bss.currSound)
                  20202d50    00000004     Lab9HMain.o (.bss.spData)
                  20202d54    00000004     libc.a : memory.c.obj (.bss.sys_free)
                  20202d58    00000002     Lab9HMain.o (.bss.ind)
                  20202d5a    00000001     ST7735.o (.bss._ZL8ColStart)
                  20202d5b    00000001     ST7735.o (.bss._ZL8Rotation)
                  20202d5c    00000001     ST7735.o (.bss._ZL8RowStart)
                  20202d5d    00000001     ST7735.o (.bss._ZL8TabColor)
                  20202d5e    00000001     Lab9HMain.o (.bss.lock)
                  20202d5f    00000001     Lab9HMain.o (.bss.stopped)

.sysmem    0    20202d60    00002000     UNINITIALIZED
                  20202d60    00000010     libc.a : memory.c.obj (.sysmem)
                  20202d70    00001ff0     --HOLE--

.data      0    20204d60    00000255     UNINITIALIZED
                  20204d60    000000f0     libc.a : defs.c.obj (.data._ftable)
                  20204e50    00000078     libsysbm.a : host_device.c.obj (.data._device)
                  20204ec8    00000050                : host_device.c.obj (.data._stream)
                  20204f18    00000014     Lab9HMain.o (.data.Sensor)
                  20204f2c    00000014     Lab9HMain.o (.data.dash)
                  20204f40    00000010     Lab9HMain.o (.data.component)
                  20204f50    0000000c     Lab9HMain.o (.data.beam1)
                  20204f5c    0000000c     Lab9HMain.o (.data.beam2)
                  20204f68    00000008     libc.a : exit.c.obj (.data..L_MergedGlobals)
                  20204f70    00000008     Lab9HMain.o (.data.buttons)
                  20204f78    00000006     Lab9HMain.o (.data.componentPlaced)
                  20204f7e    00000006     Lab9HMain.o (.data.solderpoop)
                  20204f84    00000004     Clock.o (.data.BusFreq)
                  20204f88    00000004     ST7735.o (.data.StX)
                  20204f8c    00000004     ST7735.o (.data.StY)
                  20204f90    00000004     libc.a : defs.c.obj (.data.__TI_ft_end)
                  20204f94    00000004     libc++abi.a : cxa_default_handlers.cpp.obj (.data.__cxa_new_handler)
                  20204f98    00000004     libc.a : _lock.c.obj (.data._lock)
                  20204f9c    00000004            : _lock.c.obj (.data._unlock)
                  20204fa0    00000004            : rand.c.obj (.data.next)
                  20204fa4    00000002     ST7735.o (.data.StTextColor)
                  20204fa6    00000002     ST7735.o (.data._ZL6_width)
                  20204fa8    00000002     ST7735.o (.data._ZL7_height)
                  20204faa    00000001     ComponentSprite.o (.data._ZN15ComponentSprite12numCollectedE)
                  20204fab    00000001     Lab9HMain.o (.data.gameEntered)
                  20204fac    00000001     libsysbm.a : add_device.c.obj (.data.add_device.device_init)
                  20204fad    00000001     Lab9HMain.o (.data.inInfoPlace)
                  20204fae    00000001     Lab9HMain.o (.data.isSpanish)
                  20204faf    00000001     Lab9HMain.o (.data.placed)
                  20204fb0    00000001     libc.a : memory.c.obj (.data.memory_is_initialized)
                  20204fb1    00000001     Lab9HMain.o (.data.selected)
                  20204fb2    00000001     Lab9HMain.o (.data.strikes)
                  20204fb3    00000001     --HOLE--
                  20204fb4    00000001     libsysbm.a : open.c.obj (.data.open.stream_init)

.stack     0    20206000    00002000     UNINITIALIZED
                  20206000    00000004     libc.a : boot_cortex_m.c.obj (.stack)
                  20206004    00001ffc     --HOLE--

__llvm_prf_cnts 
*          0    20200000    00000000     UNINITIALIZED

__llvm_prf_bits 
*          0    20200000    00000000     UNINITIALIZED

MODULE SUMMARY

       Module                         code    ro data   rw data
       ------                         ----    -------   -------
    ./
       nitinHelpers.o                 1612    52792     0      
       Lab9HMain.o                    8538    24189     11250  
       DashSprite.o                   900     19080     0      
       ST7735.o                       4236    1502      18     
       ComponentSprite.o              280     3750      1      
       Clock.o                        516     0         4      
       SPI.o                          440     0         0      
       BeamSprite.o                   344     0         0      
       Timer.o                        244     0         0      
       SlidePot.o                     226     0         0      
       LaunchPad.o                    180     0         0      
       SolderSprite.o                 176     0         0      
       TExaS.o                        64      0         8      
    +--+------------------------------+-------+---------+---------+
       Total:                         17756   101313    11281  
                                                               
    ./ticlang/
       startup_mspm0g3507_ticlang.o   60      192       0      
    +--+------------------------------+-------+---------+---------+
       Total:                         60      192       0      
                                                               
    /Applications/ti/ccs2000/ccs/tools/compiler/ti-cgt-armllvm_4.0.1.LTS/lib/armv6m-ti-none-eabi/c/libc.a
       memory.c.obj                   702     0         5      
       _printfi.c.obj                 658     17        0      
       fopen.c.obj                    556     0         0      
       defs.c.obj                     0       0         404    
       fputs.c.obj                    248     0         0      
       setvbuf.c.obj                  224     0         0      
       getdevice.c.obj                160     0         0      
       fputc.c.obj                    156     0         0      
       strcmp-armv6m.S.obj            136     0         0      
       copy_decompress_lzss.c.obj     124     0         0      
       fclose.c.obj                   124     0         0      
       fseek.c.obj                    116     0         0      
       _io_perm.c.obj                 100     0         0      
       rand.c.obj                     92      0         4      
       vfprintf.c.obj                 92      0         0      
       autoinit.c.obj                 84      0         0      
       fflush.c.obj                   82      0         0      
       exit.c.obj                     56      0         8      
       boot_cortex_m.c.obj            40      0         0      
       memmov.c.obj                   40      0         0      
       memccpy.c.obj                  34      0         0      
       memcmp.c.obj                   32      0         0      
       copy_decompress_none.c.obj     18      0         0      
       memcpy16.S.obj                 18      0         0      
       copy_zero_init.c.obj           16      0         0      
       memset16.S.obj                 14      0         0      
       strlen.c.obj                   14      0         0      
       _lock.c.obj                    2       0         8      
       pre_init.c.obj                 4       0         0      
    +--+------------------------------+-------+---------+---------+
       Total:                         3942    17        429    
                                                               
    /Applications/ti/ccs2000/ccs/tools/compiler/ti-cgt-armllvm_4.0.1.LTS/lib/armv6m-ti-none-eabi/c/libsysbm.a
       trgmsg.c.obj                   104     0         288    
       add_device.c.obj               236     0         1      
       host_device.c.obj              0       0         200    
       open.c.obj                     160     0         1      
       hostrename.c.obj               136     0         0      
       hostlseek.c.obj                108     0         0      
       hostopen.c.obj                 96      0         8      
       hostread.c.obj                 88      0         0      
       hostwrite.c.obj                88      0         0      
       close.c.obj                    80      0         0      
       hostclose.c.obj                72      0         0      
       hostunlink.c.obj               72      0         0      
       unlink.c.obj                   44      0         0      
       lseek.c.obj                    40      0         0      
       write.c.obj                    40      0         0      
       remove.c.obj                   8       0         0      
    +--+------------------------------+-------+---------+---------+
       Total:                         1372    0         498    
                                                               
    /Applications/ti/ccs2000/ccs/tools/compiler/ti-cgt-armllvm_4.0.1.LTS/lib/armv6m-ti-none-eabi/libc++.a
       string.cpp.obj                 1482    319       0      
       verbose_abort.cpp.obj          32      0         0      
    +--+------------------------------+-------+---------+---------+
       Total:                         1514    319       0      
                                                               
    /Applications/ti/ccs2000/ccs/tools/compiler/ti-cgt-armllvm_4.0.1.LTS/lib/armv6m-ti-none-eabi/libc++abi.a
       stdlib_new_delete.cpp.obj      78      45        0      
       cxa_handlers.cpp.obj           12      0         0      
       abort_message.cpp.obj          4       0         0      
       cxa_default_handlers.cpp.obj   0       0         4      
    +--+------------------------------+-------+---------+---------+
       Total:                         94      45        4      
                                                               
    /Applications/ti/ccs2000/ccs/tools/compiler/ti-cgt-armllvm_4.0.1.LTS/lib/armv6m-ti-none-eabi/libclang_rt.builtins.a
       clzsi2.c.obj                   88      0         0      
       aeabi_idivmod.S.obj            86      0         0      
       aeabi_uidivmod.S.obj           64      0         0      
       aeabi_memset.S.obj             26      0         0      
       aeabi_memcpy.S.obj             8       0         0      
       aeabi_memmove.S.obj            8       0         0      
       aeabi_div0.c.obj               2       0         0      
    +--+------------------------------+-------+---------+---------+
       Total:                         282     0         0      
                                                               
       Heap:                          0       0         8192   
       Stack:                         0       0         8192   
       Linker Generated:              0       156       0      
    +--+------------------------------+-------+---------+---------+
       Grand Total:                   25020   102042    28596  


LINKER GENERATED COPY TABLES

__TI_cinit_table @ 0001f064 records: 2, size/record: 8, table size: 16
	.data: load addr=0001efd8, load size=00000078 bytes, run addr=20204d60, run size=00000255 bytes, compression=lzss
	.bss: load addr=0001f05c, load size=00000008 bytes, run addr=20200000, run size=00002d60 bytes, compression=zero_init


LINKER GENERATED HANDLER TABLE

__TI_handler_table @ 0001f050 records: 3, size/record: 4, table size: 12
	index: 0, handler: __TI_decompress_lzss
	index: 1, handler: __TI_decompress_none
	index: 2, handler: __TI_zero_init


GLOBAL SYMBOLS: SORTED ALPHABETICALLY BY Name 

address   name                                                                                                                                                                 
-------   ----                                                                                                                                                                 
0001eb75  ADC0_IRQHandler                                                                                                                                                      
0001eb75  ADC1_IRQHandler                                                                                                                                                      
0001eb75  AES_IRQHandler                                                                                                                                                       
20204f84  BusFreq                                                                                                                                                              
0001efc8  C$$EXIT                                                                                                                                                              
0001e4ed  C$$IO$$                                                                                                                                                              
0001eb75  CANFD0_IRQHandler                                                                                                                                                    
0001eb75  DAC0_IRQHandler                                                                                                                                                      
0001eb75  DMA_IRQHandler                                                                                                                                                       
0001eb75  Default_Handler                                                                                                                                                      
0001eb75  GROUP0_IRQHandler                                                                                                                                                    
0001eb75  GROUP1_IRQHandler                                                                                                                                                    
0001ddb1  HOSTclose                                                                                                                                                            
0001d495  HOSTlseek                                                                                                                                                            
0001d8a9  HOSTopen                                                                                                                                                             
0001d9c5  HOSTread                                                                                                                                                             
0001d501  HOSTrename                                                                                                                                                           
0001ddf9  HOSTunlink                                                                                                                                                           
0001da1d  HOSTwrite                                                                                                                                                            
0001eb91  HardFault_Handler                                                                                                                                                    
0001eb75  I2C0_IRQHandler                                                                                                                                                      
0001eb75  I2C1_IRQHandler                                                                                                                                                      
0001eb75  NMI_Handler                                                                                                                                                          
0001eb75  PendSV_Handler                                                                                                                                                       
0001eb75  RTC_IRQHandler                                                                                                                                                       
0001efc1  Reset_Handler                                                                                                                                                        
0001efd0  SHT$$INIT_ARRAY$$Base                                                                                                                                                
0001efd4  SHT$$INIT_ARRAY$$Limit                                                                                                                                               
0001eb75  SPI0_IRQHandler                                                                                                                                                      
0001eb75  SPI1_IRQHandler                                                                                                                                                      
0001eb75  SVC_Handler                                                                                                                                                          
20204f18  Sensor                                                                                                                                                               
20204fa4  StTextColor                                                                                                                                                          
20204f88  StX                                                                                                                                                                  
20204f8c  StY                                                                                                                                                                  
0001da75  SysTick_Handler                                                                                                                                                      
20202d44  TExaSLogic                                                                                                                                                           
20202d48  TExaSadc                                                                                                                                                             
0001eb75  TIMA0_IRQHandler                                                                                                                                                     
0001eb75  TIMA1_IRQHandler                                                                                                                                                     
0001eb75  TIMG0_IRQHandler                                                                                                                                                     
00019f35  TIMG12_IRQHandler                                                                                                                                                    
0001eb75  TIMG6_IRQHandler                                                                                                                                                     
0001dfa9  TIMG7_IRQHandler                                                                                                                                                     
0001eb75  TIMG8_IRQHandler                                                                                                                                                     
0001eda3  TI_memcpy_small                                                                                                                                                      
0001eeab  TI_memset_small                                                                                                                                                      
0001eb75  UART0_IRQHandler                                                                                                                                                     
0001eb75  UART1_IRQHandler                                                                                                                                                     
0001eb75  UART2_IRQHandler                                                                                                                                                     
0001eb75  UART3_IRQHandler                                                                                                                                                     
20202b7c  _CIOBUF_                                                                                                                                                             
0001eeb9  _Z10Clock_Freqv                                                                                                                                                      
0001c1c5  _Z10PcbOutlineh                                                                                                                                                      
0001de41  _Z10Sound_Initv                                                                                                                                                      
0001e939  _Z10Sound_Stopv                                                                                                                                                      
0001d251  _Z10bgToBufferh                                                                                                                                                      
0001edc7  _Z11Clock_Delayj                                                                                                                                                     
0001e19d  _Z11SPI_OutDatac                                                                                                                                                     
0001ec11  _Z11ST7735_openPKcji                                                                                                                                                 
0001ec27  _Z11ST7735_readiPcj                                                                                                                                                  
0001e0e9  _Z11Sound_StartPKht                                                                                                                                                  
0001cdbd  _Z11getDiffLaneh                                                                                                                                                     
0001cad9  _Z12ST7735_InitR10initRFlags                                                                                                                                         
0001ef25  _Z12ST7735_closei                                                                                                                                                    
0001ee57  _Z12ST7735_lseekili                                                                                                                                                  
0001e2eb  _Z12ST7735_writeiPKcj                                                                                                                                                
0001bc75  _Z12drawGameOverv                                                                                                                                                    
0001eec5  _Z13ST7735_renamePKcS0_                                                                                                                                              
0001ef2f  _Z13ST7735_unlinkPKc                                                                                                                                                 
0001d909  _Z13TimerG12_Initv                                                                                                                                                   
0001c8fd  _Z13drawComponenth                                                                                                                                                   
0001b8b9  _Z13drawEndScreenv                                                                                                                                                   
0001c4f9  _Z13outlineButtonssss                                                                                                                                                
0001e321  _Z14Clock_Delay1msj                                                                                                                                                  
0001d061  _Z14LaunchPad_Initv                                                                                                                                                  
0001de89  _Z14SPI_OutCommandc                                                                                                                                                  
0001c29d  _Z14ST7735_OutCharc                                                                                                                                                  
0001bd59  _Z14ST7735_OutCharctt                                                                                                                                                
0001e95d  _Z14drawHomeScreenv                                                                                                                                                  
0001d341  _Z14runnerToBufferv                                                                                                                                                  
0001b3b9  _Z14solderToBufferv                                                                                                                                                  
0001e1d5  _Z15ActivatePortA_Bv                                                                                                                                                 
0001abb1  _Z15Clock_Init80MHzi                                                                                                                                                 
0001b18d  _Z15ST7735_FillRectsssst                                                                                                                                             
0001cc09  _Z15TimerG12_IntArmjj                                                                                                                                                
0001be3d  _Z15drawMainButtonsv                                                                                                                                                 
0001b4c1  _Z16DrawBeamToBuffer10BeamSprite                                                                                                                                     
0001ad65  _Z16ST7735_DrawCharSsscssh                                                                                                                                           
0001d3b5  _Z16ST7735_DrawPixelsst                                                                                                                                              
0001e2b5  _Z16ST7735_OutStringPctt                                                                                                                                             
0001e355  _Z16ST7735_SetCursorjj                                                                                                                                               
0001a7a9  _Z17ST7735_DrawBitmapssPKtss                                                                                                                                         
0001cf59  _Z17ST7735_DrawStringttPcs                                                                                                                                           
0001cc9d  _Z17ST7735_DrawStringttPctt                                                                                                                                          
0001e6ad  _Z17ST7735_FillScreent                                                                                                                                               
0001cb71  _Z17ST7735_InitPrintfv                                                                                                                                               
0001b059  _Z17componentToBufferv                                                                                                                                               
0001b9ad  _Z18ST7735_SetRotationh                                                                                                                                              
0001bf21  _Z18drawSpanishButtonsv                                                                                                                                              
0001c5ad  _Z20ST7735_DrawFastHLinessst                                                                                                                                         
0001c65d  _Z20ST7735_DrawFastVLinessst                                                                                                                                         
0001b5c9  _Z22ST7735_DrawSmallCirclesst                                                                                                                                        
0001c36d  _Z22ST7735_FillSmallCirclesst                                                                                                                                        
0001eed1  _Z22__throw_bad_alloc_shimv                                                                                                                                          
0001dccd  _Z5bgPixhh                                                                                                                                                           
0001dacd  _Z6drawBgv                                                                                                                                                           
0001ea79  _Z8DAC5_Outh                                                                                                                                                         
0001ef39  _Z8PLL_Initv                                                                                                                                                         
0001b6c9  _Z8SPI_Initv                                                                                                                                                         
0001e125  _Z9DAC5_Initv                                                                                                                                                        
0001d969  _Z9PCBScreenv                                                                                                                                                        
0001dfe9  _Z9SPI_Resetv                                                                                                                                                        
0001edd7  _ZN10BeamSprite13getBottomEdgeEv                                                                                                                                     
0001cfdd  _ZN10BeamSprite4initEha                                                                                                                                              
0001d2c9  _ZN10BeamSprite4tickEv                                                                                                                                               
0001e389  _ZN10BeamSpriteC1Ea                                                                                                                                                  
0001e731  _ZN10BeamSpriteC1Eha                                                                                                                                                 
0001e389  _ZN10BeamSpriteC2Ea                                                                                                                                                  
0001e731  _ZN10BeamSpriteC2Eha                                                                                                                                                 
0001e75b  _ZN10DashSprite10changeLaneEh                                                                                                                                        
0001ded1  _ZN10DashSprite10initHealthEv                                                                                                                                        
0001e785  _ZN10DashSprite4jumpEv                                                                                                                                               
0001a9b9  _ZN10DashSprite4tickEv                                                                                                                                               
0001e621  _ZN10DashSprite4tripEv                                                                                                                                               
0001d719  _ZN10DashSprite6inBeamEv                                                                                                                                             
0001eedd  _ZN10DashSprite7getLaneEv                                                                                                                                            
0001e7ad  _ZN10DashSprite9healthOffEv                                                                                                                                          
0001e6d9  _ZN10DashSpriteC1Ev                                                                                                                                                  
0001e6d9  _ZN10DashSpriteC2Ev                                                                                                                                                  
0001cd2d  _ZN12SolderSprite4tickEv                                                                                                                                             
0001ea99  _ZN12SolderSpriteC1Ea                                                                                                                                                
0001ea99  _ZN12SolderSpriteC2Ea                                                                                                                                                
20204faa  _ZN15ComponentSprite12numCollectedE                                                                                                                                  
0001c70d  _ZN15ComponentSprite4tickEv                                                                                                                                          
0001d56d  _ZN15ComponentSpriteC1Ea                                                                                                                                             
0001d56d  _ZN15ComponentSpriteC2Ea                                                                                                                                             
0001df19  _ZN8SlidePot2InEv                                                                                                                                                    
0001d0dd  _ZN8SlidePot4InitEv                                                                                                                                                  
0001eb37  _ZN8SlidePotC1Ejj                                                                                                                                                    
0001eb37  _ZN8SlidePotC2Ejj                                                                                                                                                    
0001e7d5  _ZN8Switches4InitEv                                                                                                                                                  
0001d77d  _ZN8Switches4PollEv                                                                                                                                                  
0001ec69  _ZN8SwitchesC2Ev                                                                                                                                                     
0001e64f  _ZNKSt3__112basic_stringIcNS_11char_traitsIcEENS_9allocatorIcEEE13__get_pointerB8nn180100Ev                                                                          
0001ef43  _ZNKSt3__112basic_stringIcNS_11char_traitsIcEENS_9allocatorIcEEE14__annotate_newB8nn180100Ej                                                                         
0001ed6d  _ZNKSt3__112basic_stringIcNS_11char_traitsIcEENS_9allocatorIcEEE15__get_long_sizeB8nn180100Ev                                                                        
0001ec7d  _ZNKSt3__112basic_stringIcNS_11char_traitsIcEENS_9allocatorIcEEE16__get_short_sizeB8nn180100Ev                                                                       
0001ed7f  _ZNKSt3__112basic_stringIcNS_11char_traitsIcEENS_9allocatorIcEEE18__get_long_pointerB8nn180100Ev                                                                     
0001ec3d  _ZNKSt3__112basic_stringIcNS_11char_traitsIcEENS_9allocatorIcEEE19__get_short_pointerB8nn180100Ev                                                                    
0001eee9  _ZNKSt3__112basic_stringIcNS_11char_traitsIcEENS_9allocatorIcEEE20__throw_length_errorB8nn180100Ev                                                                   
0001ec91  _ZNKSt3__112basic_stringIcNS_11char_traitsIcEENS_9allocatorIcEEE4dataB8nn180100Ev                                                                                    
0001e67d  _ZNKSt3__112basic_stringIcNS_11char_traitsIcEENS_9allocatorIcEEE4sizeB8nn180100Ev                                                                                    
0001ede7  _ZNKSt3__112basic_stringIcNS_11char_traitsIcEENS_9allocatorIcEEE5c_strB8nn180100Ev                                                                                   
0001ec53  _ZNKSt3__112basic_stringIcNS_11char_traitsIcEENS_9allocatorIcEEE9__is_longB8nn180100Ev                                                                               
0001edf7  _ZNKSt3__117__compressed_pairINS_12basic_stringIcNS_11char_traitsIcEENS_9allocatorIcEEE5__repES5_E5firstB8nn180100Ev                                                 
0001ef4d  _ZNKSt3__122__compressed_pair_elemINS_12basic_stringIcNS_11char_traitsIcEENS_9allocatorIcEEE5__repELi0ELb0EE5__getB8nn180100Ev                                       
0001ebc9  _ZNSt3__111char_traitsIcE7compareB8nn180100EPKcS3_j                                                                                                                  
0001ef57  _ZNSt3__112__to_addressB8nn180100IKcEEPT_S3_                                                                                                                         
0001dd19  _ZNSt3__112basic_stringIcNS_11char_traitsIcEENS_9allocatorIcEEE16__init_with_sizeB8nn180100IPcS7_EEvT_T0_j                                                           
0001ebe1  _ZNSt3__112basic_stringIcNS_11char_traitsIcEENS_9allocatorIcEEE17__assign_externalEPKc                                                                               
0001d6b1  _ZNSt3__112basic_stringIcNS_11char_traitsIcEENS_9allocatorIcEEE17__assign_externalEPKcj                                                                              
0001df61  _ZNSt3__112basic_stringIcNS_11char_traitsIcEENS_9allocatorIcEEE17__assign_no_aliasILb0EEERS5_PKcj                                                                    
0001e029  _ZNSt3__112basic_stringIcNS_11char_traitsIcEENS_9allocatorIcEEE17__assign_no_aliasILb1EEERS5_PKcj                                                                    
0001c435  _ZNSt3__112basic_stringIcNS_11char_traitsIcEENS_9allocatorIcEEE21__grow_by_and_replaceEjjjjjjPKc                                                                     
0001ef61  _ZNSt3__112basic_stringIcNS_11char_traitsIcEENS_9allocatorIcEEE6__initIPcTnNS_9enable_ifIXsr31__has_forward_iterator_categoryIT_EE5valueEiE4typeELi0EEEvS9_S9_       
0001e7fd  _ZNSt3__112basic_stringIcNS_11char_traitsIcEENS_9allocatorIcEEE6appendB8nn180100ERKS5_                                                                               
0001d425  _ZNSt3__112basic_stringIcNS_11char_traitsIcEENS_9allocatorIcEEE6appendEPKcj                                                                                          
0001ef7f  _ZNSt3__112basic_stringIcNS_11char_traitsIcEENS_9allocatorIcEEE6assignEPKc                                                                                           
0001eab9  _ZNSt3__112basic_stringIcNS_11char_traitsIcEENS_9allocatorIcEEEC2B8nn180100Ev                                                                                        
0001eca5  _ZNSt3__112basic_stringIcNS_11char_traitsIcEENS_9allocatorIcEEED1Ev                                                                                                  
0001eca5  _ZNSt3__112basic_stringIcNS_11char_traitsIcEENS_9allocatorIcEEED2Ev                                                                                                  
0001ecb9  _ZNSt3__112basic_stringIcNS_11char_traitsIcEENS_9allocatorIcEEEaSB8nn180100EPKc                                                                                      
0001e161  _ZNSt3__112basic_stringIcNS_11char_traitsIcEENS_9allocatorIcEEEaSERKS5_                                                                                              
0001eccd  _ZNSt3__112basic_stringIcNS_11char_traitsIcEENS_9allocatorIcEEEpLB8nn180100ERKS5_                                                                                    
0001ef6b  _ZNSt3__114pointer_traitsIPKcE10pointer_toB8nn180100ERS1_                                                                                                            
0001eb55  _ZNSt3__115__to_chars_itoaB8nn180100IiEENS_15to_chars_resultEPcS2_T_NS_17integral_constantIbLb1EEE                                                                   
0001e20d  _ZNSt3__115__to_chars_itoaB8nn180100IjEENS_15to_chars_resultEPcS2_T_NS_17integral_constantIbLb0EEE                                                                   
0001ef75  _ZNSt3__116__non_trivial_ifILb1ENS_9allocatorIcEEEC2B8nn180100Ev                                                                                                     
0001e913  _ZNSt3__117__compressed_pairINS_12basic_stringIcNS_11char_traitsIcEENS_9allocatorIcEEE5__repES5_EC2B8nn180100INS_16__value_init_tagENS_18__default_init_tagEEEOT_OT0_
0001eef5  _ZNSt3__120__throw_length_errorB8nn180100EPKc                                                                                                                        
0001ed91  _ZNSt3__122__compressed_pair_elemINS_12basic_stringIcNS_11char_traitsIcEENS_9allocatorIcEEE5__repELi0ELb0EEC2B8nn180100ENS_16__value_init_tagE                       
0001ece1  _ZNSt3__122__compressed_pair_elemINS_9allocatorIcEELi1ELb1EEC2B8nn180100ENS_18__default_init_tagE                                                                    
0001ead9  _ZNSt3__122__libcpp_verbose_abortEPKcz                                                                                                                               
0001e3bd  _ZNSt3__16__itoa10__append10B8nn180100IjEEPcS2_T_                                                                                                                    
000189d8  _ZNSt3__16__itoa10__pow10_32E                                                                                                                                        
0001c005  _ZNSt3__16__itoa13__base_10_u32B8nn180100EPcj                                                                                                                        
0001e5c1  _ZNSt3__16__itoa13__traits_baseIjvE7__widthB8nn180100Ej                                                                                                              
[...]
0001ed09  _Znwj                                                                                                                                                                
0001ed6d  _ZNKSt3__112basic_stringIcNS_11char_traitsIcEENS_9allocatorIcEEE15__get_long_sizeB8nn180100Ev                                                                        
0001ed7f  _ZNKSt3__112basic_stringIcNS_11char_traitsIcEENS_9allocatorIcEEE18__get_long_pointerB8nn180100Ev                                                                     
0001ed91  _ZNSt3__122__compressed_pair_elemINS_12basic_stringIcNS_11char_traitsIcEENS_9allocatorIcEEE5__repELi0ELb0EEC2B8nn180100ENS_16__value_init_tagE                       
0001eda3  TI_memcpy_small                                                                                                                                                      
0001edb5  __TI_decompress_none                                                                                                                                                 
0001edc7  _Z11Clock_Delayj                                                                                                                                                     
0001edd7  _ZN10BeamSprite13getBottomEdgeEv                                                                                                                                     
0001ede7  _ZNKSt3__112basic_stringIcNS_11char_traitsIcEENS_9allocatorIcEEE5c_strB8nn180100Ev                                                                                   
0001edf7  _ZNKSt3__117__compressed_pairINS_12basic_stringIcNS_11char_traitsIcEENS_9allocatorIcEEE5__repES5_E5firstB8nn180100Ev                                                 
0001ee39  __TI_zero_init                                                                                                                                                       
0001ee57  _Z12ST7735_lseekili                                                                                                                                                  
0001ee65  __aeabi_memset                                                                                                                                                       
0001ee65  __aeabi_memset4                                                                                                                                                      
0001ee65  __aeabi_memset8                                                                                                                                                      
0001ee8f  strlen                                                                                                                                                               
0001eeab  TI_memset_small                                                                                                                                                      
0001eeb9  _Z10Clock_Freqv                                                                                                                                                      
0001eec5  _Z13ST7735_renamePKcS0_                                                                                                                                              
0001eed1  _Z22__throw_bad_alloc_shimv                                                                                                                                          
0001eedd  _ZN10DashSprite7getLaneEv                                                                                                                                            
0001eee9  _ZNKSt3__112basic_stringIcNS_11char_traitsIcEENS_9allocatorIcEEE20__throw_length_errorB8nn180100Ev                                                                   
0001eef5  _ZNSt3__120__throw_length_errorB8nn180100EPKc                                                                                                                        
0001ef01  _ZSt15get_new_handlerv                                                                                                                                               
0001ef0d  __aeabi_memclr                                                                                                                                                       
0001ef0d  __aeabi_memclr4                                                                                                                                                      
0001ef0d  __aeabi_memclr8                                                                                                                                                      
0001ef19  malloc                                                                                                                                                               
0001ef25  _Z12ST7735_closei                                                                                                                                                    
0001ef2f  _Z13ST7735_unlinkPKc                                                                                                                                                 
0001ef39  _Z8PLL_Initv                                                                                                                                                         
0001ef43  _ZNKSt3__112basic_stringIcNS_11char_traitsIcEENS_9allocatorIcEEE14__annotate_newB8nn180100Ej                                                                         
0001ef4d  _ZNKSt3__122__compressed_pair_elemINS_12basic_stringIcNS_11char_traitsIcEENS_9allocatorIcEEE5__repELi0ELb0EE5__getB8nn180100Ev                                       
0001ef57  _ZNSt3__112__to_addressB8nn180100IKcEEPT_S3_                                                                                                                         
0001ef61  _ZNSt3__112basic_stringIcNS_11char_traitsIcEENS_9allocatorIcEEE6__initIPcTnNS_9enable_ifIXsr31__has_forward_iterator_categoryIT_EE5valueEiE4typeELi0EEEvS9_S9_       
0001ef6b  _ZNSt3__114pointer_traitsIPKcE10pointer_toB8nn180100ERS1_                                                                                                            
0001ef75  _ZNSt3__116__non_trivial_ifILb1ENS_9allocatorIcEEEC2B8nn180100Ev                                                                                                     
0001ef7f  _ZNSt3__112basic_stringIcNS_11char_traitsIcEENS_9allocatorIcEEE6assignEPKc                                                                                           
0001ef87  _ZdlPv                                                                                                                                                               
0001ef91  __aeabi_memcpy                                                                                                                                                       
0001ef91  __aeabi_memcpy4                                                                                                                                                      
0001ef91  __aeabi_memcpy8                                                                                                                                                      
0001ef99  __aeabi_memmove                                                                                                                                                      
0001ef99  __aeabi_memmove4                                                                                                                                                     
0001ef99  __aeabi_memmove8                                                                                                                                                     
0001efb1  fseek                                                                                                                                                                
0001efb9  remove                                                                                                                                                               
0001efc1  Reset_Handler                                                                                                                                                        
0001efc5  abort_message                                                                                                                                                        
0001efc8  C$$EXIT                                                                                                                                                              
0001efc9  abort                                                                                                                                                                
0001efd0  SHT$$INIT_ARRAY$$Base                                                                                                                                                
0001efd4  SHT$$INIT_ARRAY$$Limit                                                                                                                                               
0001f050  __TI_Handler_Table_Base                                                                                                                                              
0001f05c  __TI_Handler_Table_Limit                                                                                                                                             
0001f064  __TI_CINIT_Base                                                                                                                                                      
0001f074  __TI_CINIT_Limit                                                                                                                                                     
0001f074  __TI_CINIT_Warm                                                                                                                                                      
20200000  __start___llvm_prf_bits                                                                                                                                              
20200000  __start___llvm_prf_cnts                                                                                                                                              
20200000  __stop___llvm_prf_bits                                                                                                                                               
20200000  __stop___llvm_prf_cnts                                                                                                                                               
20200000  buffer                                                                                                                                                               
20202b7a  bigCount                                                                                                                                                             
20202b7c  _CIOBUF_                                                                                                                                                             
20202b7c  __CIOBUF_                                                                                                                                                            
20202c9c  __TI_tmpnams                                                                                                                                                         
20202d3c  parmbuf                                                                                                                                                              
20202d44  TExaSLogic                                                                                                                                                           
20202d48  TExaSadc                                                                                                                                                             
20202d4c  currSound                                                                                                                                                            
20202d50  spData                                                                                                                                                               
20202d58  ind                                                                                                                                                                  
20202d5e  lock                                                                                                                                                                 
20202d5f  stopped                                                                                                                                                              
20202d60  _sys_memory                                                                                                                                                          
20204d60  _ftable                                                                                                                                                              
20204e50  _device                                                                                                                                                              
20204ec8  _stream                                                                                                                                                              
20204f18  Sensor                                                                                                                                                               
20204f2c  dash                                                                                                                                                                 
20204f40  component                                                                                                                                                            
20204f50  beam1                                                                                                                                                                
20204f5c  beam2                                                                                                                                                                
20204f68  __TI_cleanup_ptr                                                                                                                                                     
20204f6c  __TI_dtors_ptr                                                                                                                                                       
20204f70  buttons                                                                                                                                                              
20204f78  componentPlaced                                                                                                                                                      
20204f7e  solderpoop                                                                                                                                                           
20204f84  BusFreq                                                                                                                                                              
20204f88  StX                                                                                                                                                                  
20204f8c  StY                                                                                                                                                                  
20204f90  __TI_ft_end                                                                                                                                                          
20204f94  __cxa_new_handler                                                                                                                                                    
20204f98  _lock                                                                                                                                                                
20204f9c  _unlock                                                                                                                                                              
20204fa4  StTextColor                                                                                                                                                          
20204faa  _ZN15ComponentSprite12numCollectedE                                                                                                                                  
20204fab  gameEntered                                                                                                                                                          
20204fad  inInfoPlace                                                                                                                                                          
20204fae  isSpanish                                                                                                                                                            
20204faf  placed                                                                                                                                                               
20204fb1  selected                                                                                                                                                             
20204fb2  strikes                                                                                                                                                              
20206000  __stack                                                                                                                                                              
20208000  __STACK_END                                                                                                                                                          
ffffffff  __TI_pprof_out_hndl                                                                                                                                                  
ffffffff  __TI_prof_data_size                                                                                                                                                  
ffffffff  __TI_prof_data_start                                                                                                                                                 
ffffffff  __binit__                                                                                                                                                            
ffffffff  binit                                                                                                                                                                
UNDEFED   __mpu_init                                                                                                                                                           
UNDEFED   _system_post_cinit                                                                                                                                                   

[330 symbols]
