******************************************************************************
            TI ARM Clang Linker Unix v4.0.1                    
******************************************************************************
>> Linked Thu Apr 17 02:16:18 2025

OUTPUT FILE NAME:   <ECE319K_Lab9H.out>
ENTRY POINT SYMBOL: "_c_int00_noargs"  address: 0000a209


MEMORY CONFIGURATION

         name            origin    length      used     unused   attr    fill
----------------------  --------  ---------  --------  --------  ----  --------
  FLASH                 00000000   00020000  0000a540  00015ac0  R  X
  SRAM                  20200000   00008000  0000759d  00000a63  RW X
  BCR_CONFIG            41c00000   00000080  00000000  00000080  R   
  BSL_CONFIG            41c00100   00000080  00000000  00000080  R   


SEGMENT ALLOCATION MAP

run origin  load origin   length   init length attrs members
----------  ----------- ---------- ----------- ----- -------
00000000    00000000    0000a540   0000a540    r-x
  00000000    00000000    000000c0   000000c0    r-- .intvecs
  000000c0    000000c0    00007900   00007900    r-- .rodata
  000079c0    000079c0    00002ae0   00002ae0    r-x .text
  0000a4a0    0000a4a0    00000008   00000008    r-- .init_array
  0000a4a8    0000a4a8    00000098   00000098    r-- .cinit
20200000    20200000    000055a4   00000000    rw-
  20200000    20200000    000033c1   00000000    rw- .data
  202033c8    202033c8    00002000   00000000    rw- .sysmem
  202053c8    202053c8    000001dc   00000000    rw- .bss
20206000    20206000    00002000   00000000    rw-
  20206000    20206000    00002000   00000000    rw- .stack


SECTION ALLOCATION MAP

 output                                  attributes/
section   page    origin      length       input sections
--------  ----  ----------  ----------   ----------------
.intvecs   0    00000000    000000c0     
                  00000000    000000c0     startup_mspm0g3507_ticlang.o (.intvecs)

.binit     0    00000000    00000000     

.text      0    000079c0    00002ae0     
                  000079c0    00000210     ST7735.o (.text._Z17ST7735_DrawBitmapssPKtss)
                  00007bd0    000001b4     Clock.o (.text._Z15Clock_Init80MHzi)
                  00007d84    000001b0     Lab9HMain.o (.text.main)
                  00007f34    000001a0     ST7735.o (.text._Z16ST7735_DrawCharSsscssh)
                  000080d4    00000154     ST7735.o (.text._Z6drawBgv)
                  00008228    00000154     libc.a : fopen.c.obj (.text._openfile)
                  0000837c    0000011c     Lab9HMain.o (.text._Z16DrawBeamToBuffer10BeamSprite)
                  00008498    00000118     ST7735.o (.text._Z15ST7735_FillRectsssst)
                  000085b0    00000114     libc.a : memory.c.obj (.text.aligned_alloc)
                  000086c4    000000f8     SPI.o (.text._Z8SPI_Initv)
                  000087bc    000000f4     ST7735.o (.text._Z18ST7735_SetRotationh)
                  000088b0    000000ec     libsysbm.a : add_device.c.obj (.text.add_device)
                  0000899c    000000e8     libc.a : memory.c.obj (.text.free)
                  00008a84    000000e0            : setvbuf.c.obj (.text.setvbuf)
                  00008b64    000000d0     ST7735.o (.text._Z14ST7735_OutCharc)
                  00008c34    000000cc     libc.a : memory.c.obj (.text.realloc)
                  00008d00    000000a8     Lab9HMain.o (.text.TIMG12_IRQHandler)
                  00008da8    000000a2     ST7735.o (.text._ZL11commandListPKh)
                  00008e4a    00000002     Sound.o (.text.SysTick_Handler)
                  00008e4c    000000a0     libsysbm.a : open.c.obj (.text.open)
                  00008eec    0000009c     ST7735.o (.text._Z17ST7735_InitPrintfv)
                  00008f88    00000098     ST7735.o (.text._Z12ST7735_InitR10initRFlags)
                  00009020    00000094     Timer.o (.text._Z15TimerG12_IntArmjj)
                  000090b4    00000094     BeamSprite.o (.text._ZN10BeamSpriteC2Eh)
                  00009148    00000088     ST7735.o (.text._ZL13setAddrWindowhhhh)
                  000091d0    00000088     libc.a : strcmp-armv6m.S.obj (.text:strcmp)
                  00009258    00000084     ST7735.o (.text._Z17ST7735_DrawStringttPcs)
                  000092dc    0000007c     LaunchPad.o (.text._Z14LaunchPad_Initv)
                  00009358    0000007c     SlidePot.o (.text._ZN8SlidePot4InitEv)
                  000093d4    0000007c     libc.a : fclose.c.obj (.text.__TI_closefile)
                  00009450    0000007c            : copy_decompress_lzss.c.obj (.text:decompress:lzss)
                  000094cc    00000070     ST7735.o (.text._Z16ST7735_DrawPixelsst)
                  0000953c    0000006c     libsysbm.a : hostlseek.c.obj (.text.HOSTlseek)
                  000095a8    0000006c                : hostrename.c.obj (.text.HOSTrename)
                  00009614    0000006c     libc.a : getdevice.c.obj (.text.getdevice)
                  00009680    00000068     Lab9HMain.o (.text._Z10bgToBufferh)
                  000096e8    00000068     Lab9HMain.o (.text._Z14runnerToBufferv)
                  00009750    00000064     libc.a : memory.c.obj (.text.split)
                  000097b4    00000060     libsysbm.a : hostopen.c.obj (.text.HOSTopen)
                  00009814    00000060     Timer.o (.text._Z13TimerG12_Initv)
                  00009874    00000060     BeamSprite.o (.text._ZN10BeamSprite4tickEv)
                  000098d4    0000005c     DashSprite.o (.text._ZN10DashSprite4tickEv)
                  00009930    00000058     libsysbm.a : hostread.c.obj (.text.HOSTread)
                  00009988    00000058                : hostwrite.c.obj (.text.HOSTwrite)
                  000099e0    00000056     libclang_rt.builtins.a : aeabi_idivmod.S.obj (.text.__aeabi_idivmod)
                  00009a36    00000002                            : aeabi_div0.c.obj (.text.__aeabi_idiv0)
                  00009a38    00000054     libc.a : autoinit.c.obj (.text:__TI_auto_init_nobinit)
                  00009a8c    00000052            : fflush.c.obj (.text.__TI_doflush)
                  00009ade    00000002            : _lock.c.obj (.text._nop)
                  00009ae0    00000050     Lab9HMain.o (.text._Z21handleRunnerLeaveLanev)
                  00009b30    00000050     libsysbm.a : close.c.obj (.text.close)
                  00009b80    0000004c     ST7735.o (.text._Z5bgPixhh)
                  00009bcc    00000048     libsysbm.a : hostclose.c.obj (.text.HOSTclose)
                  00009c14    00000048                : hostunlink.c.obj (.text.HOSTunlink)
                  00009c5c    00000048     SPI.o (.text._Z14SPI_OutCommandc)
                  00009ca4    00000048     SlidePot.o (.text._ZN8SlidePot2InEv)
                  00009cec    00000040     TExaS.o (.text.TIMG7_IRQHandler)
                  00009d2c    00000040     SPI.o (.text._Z9SPI_Resetv)
                  00009d6c    00000040     libclang_rt.builtins.a : aeabi_uidivmod.S.obj (.text.__aeabi_uidivmod)
                  00009dac    00000040     libc.a : fopen.c.obj (.text._search_fp)
                  00009dec    0000003c            : memory.c.obj (.text.calloc)
                  00009e28    00000038     SPI.o (.text._Z11SPI_OutDatac)
                  00009e60    00000038     LaunchPad.o (.text._Z15ActivatePortA_Bv)
                  00009e98    00000038     libc.a : rand.c.obj (.text.rand)
                  00009ed0    00000034     ST7735.o (.text._Z12ST7735_writeiPKcj)
                  00009f04    00000034     Clock.o (.text._Z14Clock_Delay1msj)
                  00009f38    00000034     ST7735.o (.text._Z16ST7735_SetCursorjj)
                  00009f6c    00000034     libc.a : fopen.c.obj (.text.__TI_cleanup)
                  00009fa0    00000034     libsysbm.a : trgmsg.c.obj (.text.__TI_readmsg)
                  00009fd4    00000034                : trgmsg.c.obj (.text.__TI_writemsg)
                  0000a008    00000034     libc.a : exit.c.obj (.text.exit)
                  0000a03c    00000034            : getdevice.c.obj (.text.finddevice)
                  0000a070    00000034            : fopen.c.obj (.text.freopen)
                  0000a0a4    00000030     ST7735.o (.text._ZL10commonInitPKh)
                  0000a0d4    00000030     libc.a : fopen.c.obj (.text.fopen)
                  0000a104    0000002e     DashSprite.o (.text._ZN10DashSprite8prevLaneEv)
                  0000a132    00000002     --HOLE-- [fill = 0]
                  0000a134    0000002c     ST7735.o (.text._Z17ST7735_FillScreent)
                  0000a160    0000002c     libsysbm.a : unlink.c.obj (.text.unlink)
                  0000a18c    0000002a     DashSprite.o (.text._ZN10DashSprite10changeLaneEh)
                  0000a1b6    00000002     --HOLE-- [fill = 0]
                  0000a1b8    00000028     libc.a : memory.c.obj (.text.free_list_insert)
                  0000a1e0    00000028     libsysbm.a : write.c.obj (.text.write)
                  0000a208    00000028     libc.a : boot_cortex_m.c.obj (.text:_c_int00_noargs)
                  0000a230    00000024     DashSprite.o (.text._ZN10DashSpriteC2Eh)
                  0000a254    00000024     libc.a : rand.c.obj (.text.srand)
                  0000a278    0000001e     ST7735.o (.text._ZL9pushColort)
                  0000a296    0000001e     SlidePot.o (.text._ZN8SlidePotC2Ejj)
                  0000a2b4    0000001c     startup_mspm0g3507_ticlang.o (.text.Default_Handler)
                  0000a2d0    0000001c     startup_mspm0g3507_ticlang.o (.text.HardFault_Handler)
                  0000a2ec    0000001c     libc.a : memory.c.obj (.text.free_list_remove)
                  0000a308    00000016     ST7735.o (.text._Z11ST7735_openPKcji)
                  0000a31e    00000016     ST7735.o (.text._Z11ST7735_readiPcj)
                  0000a334    00000016     libc.a : copy_zero_init.c.obj (.text:decompress:ZI:__TI_zero_init_nomemset)
                  0000a34a    00000002     --HOLE-- [fill = 0]
                  0000a34c    00000014     Lab9HMain.o (.text.__cxx_global_var_init)
                  0000a360    00000012     libc.a : memcpy16.S.obj (.text:TI_memcpy_small)
                  0000a372    00000012            : copy_decompress_none.c.obj (.text:decompress:none)
                  0000a384    00000010     Clock.o (.text._Z11Clock_Delayj)
                  0000a394    00000010     Lab9HMain.o (.text._ZN10BeamSprite13getBottomEdgeEv)
                  0000a3a4    00000010     Lab9HMain.o (.text._ZN10BeamSprite15getBeamLeftSideEv)
                  0000a3b4    00000010     Lab9HMain.o (.text.__cxx_global_var_init.1)
                  0000a3c4    0000000e     libc.a : memory.c.obj (.text.OUTLINED_FUNCTION_0)
                  0000a3d2    0000000e     ST7735.o (.text._Z12ST7735_lseekili)
                  0000a3e0    0000000e     DashSprite.o (.text._ZN10DashSprite21acknowledgeLaneChangeEv)
                  0000a3ee    0000000e     libsysbm.a : hostrename.c.obj (.text.strcpy)
                  0000a3fc    0000000e                : hostrename.c.obj (.text.strlen)
                  0000a40a    0000000e     libc.a : memset16.S.obj (.text:TI_memset_small)
                  0000a418    0000000c     Lab9HMain.o (.text._GLOBAL__sub_I_Lab9HMain.cpp)
                  0000a424    0000000c     Clock.o (.text._Z10Clock_Freqv)
                  0000a430    0000000c     ST7735.o (.text._Z13ST7735_renamePKcS0_)
                  0000a43c    0000000c     DashSprite.o (.text._ZN10DashSprite7getLaneEv)
                  0000a448    0000000c     libclang_rt.builtins.a : aeabi_memset.S.obj (.text.__aeabi_memclr)
                  0000a454    0000000c     libc.a : memory.c.obj (.text.malloc)
                  0000a460    0000000a     ST7735.o (.text._Z12ST7735_closei)
                  0000a46a    0000000a     ST7735.o (.text._Z13ST7735_unlinkPKc)
                  0000a474    0000000a     Lab9HMain.o (.text._Z8PLL_Initv)
                  0000a47e    00000002     --HOLE-- [fill = 0]
                  0000a480    00000008     libclang_rt.builtins.a : aeabi_memcpy.S.obj (.text.__aeabi_memcpy)
                  0000a488    00000008     libsysbm.a : remove.c.obj (.text.remove)
                  0000a490    00000004     startup_mspm0g3507_ticlang.o (.text.Reset_Handler)
                  0000a494    00000004     libc.a : pre_init.c.obj (.text._system_pre_init)
                  0000a498    00000004            : exit.c.obj (.text:abort)
                  0000a49c    00000004     --HOLE-- [fill = 0]

.cinit     0    0000a4a8    00000098     
                  0000a4a8    00000070     (.cinit..data.load) [load image, compression = lzss]
                  0000a518    0000000c     (__TI_handler_table)
                  0000a524    00000008     (.cinit..bss.load) [load image, compression = zero_init]
                  0000a52c    00000010     (__TI_cinit_table)
                  0000a53c    00000004     --HOLE-- [fill = 0]

.rodata    0    000000c0    00007900     
                  000000c0    000018d8     DashSprite.o (.rodata._ZL14DashRunLeftBMP)
                  00001998    000018d8     DashSprite.o (.rodata._ZL15DashRunRightBMP)
                  00003270    000015e0     BeamSprite.o (.rodata._ZL5beam1)
                  00004850    000015e0     BeamSprite.o (.rodata._ZL5beam2)
                  00005e30    000015e0     BeamSprite.o (.rodata._ZL5beam3)
                  00007410    000004fb     ST7735.o (.rodata._ZL4Font)
                  0000790b    0000003b     ST7735.o (.rodata._ZL5Rcmd1)
                  00007946    0000002b     ST7735.o (.rodata._ZL5Rcmd3)
                  00007971    00000016     ST7735.o (.rodata.str1.155458558172884536211)
                  00007987    0000000d     ST7735.o (.rodata._ZL10Rcmd2green)
                  00007994    0000000d     ST7735.o (.rodata._ZL8Rcmd2red)
                  000079a1    00000008     ST7735.o (.rodata.str1.163907349639611916321)
                  000079a9    00000007     ST7735.o (.rodata.str1.118566658787443733641)
                  000079b0    00000007     ST7735.o (.rodata.str1.50975551021031429701)
                  000079b7    00000002     ST7735.o (.rodata.str1.151553405499835365021)
                  000079b9    00000007     --HOLE-- [fill = 0]

.init_array 
*          0    0000a4a0    00000008     
                  0000a4a0    00000004     Lab9HMain.o (.init_array)
                  0000a4a4    00000004     --HOLE-- [fill = 0]

.data      0    20200000    000033c1     UNINITIALIZED
                  20200000    000031b0     Lab9HMain.o (.data.buffer)
                  202031b0    000000f0     libc.a : defs.c.obj (.data._ftable)
                  202032a0    00000078     libsysbm.a : host_device.c.obj (.data._device)
                  20203318    00000050                : host_device.c.obj (.data._stream)
                  20203368    00000014     Lab9HMain.o (.data.Sensor)
                  2020337c    00000010     Lab9HMain.o (.data.dash)
                  2020338c    00000008     libc.a : exit.c.obj (.data..L_MergedGlobals)
                  20203394    00000004     Clock.o (.data.BusFreq)
                  20203398    00000004     ST7735.o (.data.StX)
                  2020339c    00000004     ST7735.o (.data.StY)
                  202033a0    00000004     libc.a : defs.c.obj (.data.__TI_ft_end)
                  202033a4    00000004            : _lock.c.obj (.data._lock)
                  202033a8    00000004            : _lock.c.obj (.data._unlock)
                  202033ac    00000004            : rand.c.obj (.data.next)
                  202033b0    00000002     ST7735.o (.data.StTextColor)
                  202033b2    00000002     ST7735.o (.data._ZL6_width)
                  202033b4    00000002     ST7735.o (.data._ZL7_height)
                  202033b6    00000002     --HOLE--
                  202033b8    00000001     libsysbm.a : add_device.c.obj (.data.add_device.device_init)
                  202033b9    00000003     --HOLE--
                  202033bc    00000001     libc.a : memory.c.obj (.data.memory_is_initialized)
                  202033bd    00000003     --HOLE--
                  202033c0    00000001     libsysbm.a : open.c.obj (.data.open.stream_init)

.sysmem    0    202033c8    00002000     UNINITIALIZED
                  202033c8    00000010     libc.a : memory.c.obj (.sysmem)
                  202033d8    00001ff0     --HOLE--

.bss       0    202053c8    000001dc     UNINITIALIZED
                  202053c8    00000120     libsysbm.a : trgmsg.c.obj (.bss:_CIOBUF_)
                  202054e8    000000a0     libc.a : defs.c.obj (.bss.__TI_tmpnams)
                  20205588    00000008     libsysbm.a : hostopen.c.obj (.bss.parmbuf)
                  20205590    00000004     TExaS.o (.bss.TExaSLogic)
                  20205594    00000004     TExaS.o (.bss.TExaSadc)
                  20205598    00000004     Lab9HMain.o (.bss.spData)
                  2020559c    00000004     libc.a : memory.c.obj (.bss.sys_free)
                  202055a0    00000001     ST7735.o (.bss._ZL8ColStart)
                  202055a1    00000001     ST7735.o (.bss._ZL8Rotation)
                  202055a2    00000001     ST7735.o (.bss._ZL8RowStart)
                  202055a3    00000001     ST7735.o (.bss._ZL8TabColor)

.stack     0    20206000    00002000     UNINITIALIZED
                  20206000    00000004     libc.a : boot_cortex_m.c.obj (.stack)
                  20206004    00001ffc     --HOLE--

__llvm_prf_cnts 
*          0    20200000    00000000     UNINITIALIZED

__llvm_prf_bits 
*          0    20200000    00000000     UNINITIALIZED

MODULE SUMMARY

       Module                         code    ro data   rw data
       ------                         ----    -------   -------
    ./
       BeamSprite.o                   244     16800     0      
       Lab9HMain.o                    1262    4         12760  
       DashSprite.o                   242     12720     0      
       ST7735.o                       3258    1449      18     
       Clock.o                        516     0         4      
       SPI.o                          440     0         0      
       Timer.o                        244     0         0      
       SlidePot.o                     226     0         0      
       LaunchPad.o                    180     0         0      
       TExaS.o                        64      0         8      
       Sound.o                        2       0         0      
    +--+------------------------------+-------+---------+---------+
       Total:                         6678    30973     12790  
                                                               
    ./ticlang/
       startup_mspm0g3507_ticlang.o   60      192       0      
    +--+------------------------------+-------+---------+---------+
       Total:                         60      192       0      
                                                               
    /Applications/ti/ccs2000/ccs/tools/compiler/ti-cgt-armllvm_4.0.1.LTS/lib/armv6m-ti-none-eabi/c/libc.a
       memory.c.obj                   966     0         5      
       fopen.c.obj                    556     0         0      
       defs.c.obj                     0       0         404    
       setvbuf.c.obj                  224     0         0      
       getdevice.c.obj                160     0         0      
       strcmp-armv6m.S.obj            136     0         0      
       copy_decompress_lzss.c.obj     124     0         0      
       fclose.c.obj                   124     0         0      
       rand.c.obj                     92      0         4      
       autoinit.c.obj                 84      0         0      
       fflush.c.obj                   82      0         0      
       exit.c.obj                     56      0         8      
       boot_cortex_m.c.obj            40      0         0      
       copy_zero_init.c.obj           22      0         0      
       copy_decompress_none.c.obj     18      0         0      
       memcpy16.S.obj                 18      0         0      
       memset16.S.obj                 14      0         0      
       _lock.c.obj                    2       0         8      
       pre_init.c.obj                 4       0         0      
    +--+------------------------------+-------+---------+---------+
       Total:                         2722    0         429    
                                                               
    /Applications/ti/ccs2000/ccs/tools/compiler/ti-cgt-armllvm_4.0.1.LTS/lib/armv6m-ti-none-eabi/c/libsysbm.a
       trgmsg.c.obj                   104     0         288    
       add_device.c.obj               236     0         1      
       host_device.c.obj              0       0         200    
       open.c.obj                     160     0         1      
       hostrename.c.obj               136     0         0      
       hostlseek.c.obj                108     0         0      
       hostopen.c.obj                 96      0         8      
       hostread.c.obj                 88      0         0      
       hostwrite.c.obj                88      0         0      
       close.c.obj                    80      0         0      
       hostclose.c.obj                72      0         0      
       hostunlink.c.obj               72      0         0      
       unlink.c.obj                   44      0         0      
       write.c.obj                    40      0         0      
       remove.c.obj                   8       0         0      
    +--+------------------------------+-------+---------+---------+
       Total:                         1332    0         498    
                                                               
    /Applications/ti/ccs2000/ccs/tools/compiler/ti-cgt-armllvm_4.0.1.LTS/lib/armv6m-ti-none-eabi/libclang_rt.builtins.a
       aeabi_idivmod.S.obj            86      0         0      
       aeabi_uidivmod.S.obj           64      0         0      
       aeabi_memset.S.obj             12      0         0      
       aeabi_memcpy.S.obj             8       0         0      
       aeabi_div0.c.obj               2       0         0      
    +--+------------------------------+-------+---------+---------+
       Total:                         172     0         0      
                                                               
       Heap:                          0       0         8192   
       Stack:                         0       0         8192   
       Linker Generated:              0       148       0      
    +--+------------------------------+-------+---------+---------+
       Grand Total:                   10964   31313     30101  


LINKER GENERATED COPY TABLES

__TI_cinit_table @ 0000a52c records: 2, size/record: 8, table size: 16
	.data: load addr=0000a4a8, load size=00000070 bytes, run addr=20200000, run size=000033c1 bytes, compression=lzss
	.bss: load addr=0000a524, load size=00000008 bytes, run addr=202053c8, run size=000001dc bytes, compression=zero_init


LINKER GENERATED HANDLER TABLE

__TI_handler_table @ 0000a518 records: 3, size/record: 4, table size: 12
	index: 0, handler: __TI_decompress_lzss
	index: 1, handler: __TI_decompress_none
	index: 2, handler: __TI_zero_init


GLOBAL SYMBOLS: SORTED ALPHABETICALLY BY Name 

address   name                                    
-------   ----                                    
0000a2b5  ADC0_IRQHandler                         
0000a2b5  ADC1_IRQHandler                         
0000a2b5  AES_IRQHandler                          
20203394  BusFreq                                 
0000a498  C$$EXIT                                 
0000a001  C$$IO$$                                 
0000a2b5  CANFD0_IRQHandler                       
0000a2b5  DAC0_IRQHandler                         
0000a2b5  DMA_IRQHandler                          
0000a2b5  Default_Handler                         
0000a2b5  GROUP0_IRQHandler                       
0000a2b5  GROUP1_IRQHandler                       
00009bcd  HOSTclose                               
0000953d  HOSTlseek                               
000097b5  HOSTopen                                
00009931  HOSTread                                
000095a9  HOSTrename                              
00009c15  HOSTunlink                              
00009989  HOSTwrite                               
0000a2d1  HardFault_Handler                       
0000a2b5  I2C0_IRQHandler                         
0000a2b5  I2C1_IRQHandler                         
0000a2b5  NMI_Handler                             
0000a2b5  PendSV_Handler                          
0000a2b5  RTC_IRQHandler                          
0000a491  Reset_Handler                           
0000a4a0  SHT$$INIT_ARRAY$$Base                   
0000a4a4  SHT$$INIT_ARRAY$$Limit                  
0000a2b5  SPI0_IRQHandler                         
0000a2b5  SPI1_IRQHandler                         
0000a2b5  SVC_Handler                             
20203368  Sensor                                  
202033b0  StTextColor                             
20203398  StX                                     
2020339c  StY                                     
00008e4b  SysTick_Handler                         
20205590  TExaSLogic                              
20205594  TExaSadc                                
0000a2b5  TIMA0_IRQHandler                        
0000a2b5  TIMA1_IRQHandler                        
0000a2b5  TIMG0_IRQHandler                        
00008d01  TIMG12_IRQHandler                       
0000a2b5  TIMG6_IRQHandler                        
00009ced  TIMG7_IRQHandler                        
0000a2b5  TIMG8_IRQHandler                        
0000a361  TI_memcpy_small                         
0000a40b  TI_memset_small                         
0000a2b5  UART0_IRQHandler                        
0000a2b5  UART1_IRQHandler                        
0000a2b5  UART2_IRQHandler                        
0000a2b5  UART3_IRQHandler                        
202053c8  _CIOBUF_                                
0000a425  _Z10Clock_Freqv                         
00009681  _Z10bgToBufferh                         
0000a385  _Z11Clock_Delayj                        
00009e29  _Z11SPI_OutDatac                        
0000a309  _Z11ST7735_openPKcji                    
0000a31f  _Z11ST7735_readiPcj                     
00008f89  _Z12ST7735_InitR10initRFlags            
0000a461  _Z12ST7735_closei                       
0000a3d3  _Z12ST7735_lseekili                     
00009ed1  _Z12ST7735_writeiPKcj                   
0000a431  _Z13ST7735_renamePKcS0_                 
0000a46b  _Z13ST7735_unlinkPKc                    
00009815  _Z13TimerG12_Initv                      
00009f05  _Z14Clock_Delay1msj                     
000092dd  _Z14LaunchPad_Initv                     
00009c5d  _Z14SPI_OutCommandc                     
00008b65  _Z14ST7735_OutCharc                     
000096e9  _Z14runnerToBufferv                     
00009e61  _Z15ActivatePortA_Bv                    
00007bd1  _Z15Clock_Init80MHzi                    
00008499  _Z15ST7735_FillRectsssst                
00009021  _Z15TimerG12_IntArmjj                   
0000837d  _Z16DrawBeamToBuffer10BeamSprite        
00007f35  _Z16ST7735_DrawCharSsscssh              
000094cd  _Z16ST7735_DrawPixelsst                 
00009f39  _Z16ST7735_SetCursorjj                  
000079c1  _Z17ST7735_DrawBitmapssPKtss            
00009259  _Z17ST7735_DrawStringttPcs              
0000a135  _Z17ST7735_FillScreent                  
00008eed  _Z17ST7735_InitPrintfv                  
000087bd  _Z18ST7735_SetRotationh                 
00009ae1  _Z21handleRunnerLeaveLanev              
00009b81  _Z5bgPixhh                              
000080d5  _Z6drawBgv                              
0000a475  _Z8PLL_Initv                            
000086c5  _Z8SPI_Initv                            
00009d2d  _Z9SPI_Resetv                           
0000a395  _ZN10BeamSprite13getBottomEdgeEv        
0000a3a5  _ZN10BeamSprite15getBeamLeftSideEv      
00009875  _ZN10BeamSprite4tickEv                  
000090b5  _ZN10BeamSpriteC1Eh                     
000090b5  _ZN10BeamSpriteC2Eh                     
0000a18d  _ZN10DashSprite10changeLaneEh           
0000a3e1  _ZN10DashSprite21acknowledgeLaneChangeEv
000098d5  _ZN10DashSprite4tickEv                  
0000a43d  _ZN10DashSprite7getLaneEv               
0000a105  _ZN10DashSprite8prevLaneEv              
0000a231  _ZN10DashSpriteC1Eh                     
0000a231  _ZN10DashSpriteC2Eh                     
00009ca5  _ZN8SlidePot2InEv                       
00009359  _ZN8SlidePot4InitEv                     
0000a297  _ZN8SlidePotC1Ejj                       
0000a297  _ZN8SlidePotC2Ejj                       
202053c8  __CIOBUF_                               
20208000  __STACK_END                             
00002000  __STACK_SIZE                            
00002000  __SYSMEM_SIZE                           
00000000  __TI_ATRegion0_region_sz                
00000000  __TI_ATRegion0_src_addr                 
00000000  __TI_ATRegion0_trg_addr                 
00000000  __TI_ATRegion1_region_sz                
00000000  __TI_ATRegion1_src_addr                 
00000000  __TI_ATRegion1_trg_addr                 
00000000  __TI_ATRegion2_region_sz                
00000000  __TI_ATRegion2_src_addr                 
00000000  __TI_ATRegion2_trg_addr                 
0000a52c  __TI_CINIT_Base                         
0000a53c  __TI_CINIT_Limit                        
0000a53c  __TI_CINIT_Warm                         
0000a518  __TI_Handler_Table_Base                 
0000a524  __TI_Handler_Table_Limit                
00009a39  __TI_auto_init_nobinit                  
00009f6d  __TI_cleanup                            
2020338c  __TI_cleanup_ptr                        
000093d5  __TI_closefile                          
00009451  __TI_decompress_lzss                    
0000a373  __TI_decompress_none                    
00009a8d  __TI_doflush                            
20203390  __TI_dtors_ptr                          
202033a0  __TI_ft_end                             
ffffffff  __TI_pprof_out_hndl                     
ffffffff  __TI_prof_data_size                     
ffffffff  __TI_prof_data_start                    
00009fa1  __TI_readmsg                            
00000000  __TI_static_base__                      
202054e8  __TI_tmpnams                            
00009fd5  __TI_writemsg                           
0000a335  __TI_zero_init_nomemset                 
000099e1  __aeabi_idiv                            
00009a37  __aeabi_idiv0                           
000099e1  __aeabi_idivmod                         
0000a449  __aeabi_memclr                          
0000a449  __aeabi_memclr4                         
0000a449  __aeabi_memclr8                         
0000a481  __aeabi_memcpy                          
0000a481  __aeabi_memcpy4                         
0000a481  __aeabi_memcpy8                         
00009d6d  __aeabi_uidiv                           
00009d6d  __aeabi_uidivmod                        
ffffffff  __binit__                               
UNDEFED   __mpu_init                              
20206000  __stack                                 
20200000  __start___llvm_prf_bits                 
20200000  __start___llvm_prf_cnts                 
20200000  __stop___llvm_prf_bits                  
20200000  __stop___llvm_prf_cnts                  
0000a209  _c_int00_noargs                         
202032a0  _device                                 
202031b0  _ftable                                 
202033a4  _lock                                   
00009adf  _nop                                    
20203318  _stream                                 
202033c8  _sys_memory                             
UNDEFED   _system_post_cinit                      
0000a495  _system_pre_init                        
202033a8  _unlock                                 
0000a499  abort                                   
000088b1  add_device                              
000085b1  aligned_alloc                           
ffffffff  binit                                   
20200000  buffer                                  
00009ded  calloc                                  
00009b31  close                                   
2020337c  dash                                    
0000a009  exit                                    
0000a03d  finddevice                              
0000a0d5  fopen                                   
0000899d  free                                    
0000a071  freopen                                 
00009615  getdevice                               
00000000  interruptVectors                        
00007d85  main                                    
0000a455  malloc                                  
000085b1  memalign                                
00008e4d  open                                    
20205588  parmbuf                                 
00009e99  rand                                    
00008c35  realloc                                 
0000a489  remove                                  
00008a85  setvbuf                                 
20205598  spData                                  
0000a255  srand                                   
000091d1  strcmp                                  
0000a161  unlink                                  
0000a1e1  write                                   


GLOBAL SYMBOLS: SORTED BY Symbol Address 

address   name                                    
-------   ----                                    
00000000  __TI_ATRegion0_region_sz                
00000000  __TI_ATRegion0_src_addr                 
00000000  __TI_ATRegion0_trg_addr                 
00000000  __TI_ATRegion1_region_sz                
00000000  __TI_ATRegion1_src_addr                 
00000000  __TI_ATRegion1_trg_addr                 
00000000  __TI_ATRegion2_region_sz                
00000000  __TI_ATRegion2_src_addr                 
00000000  __TI_ATRegion2_trg_addr                 
00000000  __TI_static_base__                      
00000000  interruptVectors                        
00002000  __STACK_SIZE                            
00002000  __SYSMEM_SIZE                           
000079c1  _Z17ST7735_DrawBitmapssPKtss            
00007bd1  _Z15Clock_Init80MHzi                    
00007d85  main                                    
00007f35  _Z16ST7735_DrawCharSsscssh              
000080d5  _Z6drawBgv                              
0000837d  _Z16DrawBeamToBuffer10BeamSprite        
00008499  _Z15ST7735_FillRectsssst                
000085b1  aligned_alloc                           
000085b1  memalign                                
000086c5  _Z8SPI_Initv                            
000087bd  _Z18ST7735_SetRotationh                 
000088b1  add_device                              
0000899d  free                                    
00008a85  setvbuf                                 
00008b65  _Z14ST7735_OutCharc                     
00008c35  realloc                                 
00008d01  TIMG12_IRQHandler                       
00008e4b  SysTick_Handler                         
00008e4d  open                                    
00008eed  _Z17ST7735_InitPrintfv                  
00008f89  _Z12ST7735_InitR10initRFlags            
00009021  _Z15TimerG12_IntArmjj                   
000090b5  _ZN10BeamSpriteC1Eh                     
000090b5  _ZN10BeamSpriteC2Eh                     
000091d1  strcmp                                  
00009259  _Z17ST7735_DrawStringttPcs              
000092dd  _Z14LaunchPad_Initv                     
00009359  _ZN8SlidePot4InitEv                     
000093d5  __TI_closefile                          
00009451  __TI_decompress_lzss                    
000094cd  _Z16ST7735_DrawPixelsst                 
0000953d  HOSTlseek                               
000095a9  HOSTrename                              
00009615  getdevice                               
00009681  _Z10bgToBufferh                         
000096e9  _Z14runnerToBufferv                     
000097b5  HOSTopen                                
00009815  _Z13TimerG12_Initv                      
00009875  _ZN10BeamSprite4tickEv                  
000098d5  _ZN10DashSprite4tickEv                  
00009931  HOSTread                                
00009989  HOSTwrite                               
000099e1  __aeabi_idiv                            
000099e1  __aeabi_idivmod                         
00009a37  __aeabi_idiv0                           
00009a39  __TI_auto_init_nobinit                  
00009a8d  __TI_doflush                            
00009adf  _nop                                    
00009ae1  _Z21handleRunnerLeaveLanev              
00009b31  close                                   
00009b81  _Z5bgPixhh                              
00009bcd  HOSTclose                               
00009c15  HOSTunlink                              
00009c5d  _Z14SPI_OutCommandc                     
00009ca5  _ZN8SlidePot2InEv                       
00009ced  TIMG7_IRQHandler                        
00009d2d  _Z9SPI_Resetv                           
00009d6d  __aeabi_uidiv                           
00009d6d  __aeabi_uidivmod                        
00009ded  calloc                                  
00009e29  _Z11SPI_OutDatac                        
00009e61  _Z15ActivatePortA_Bv                    
00009e99  rand                                    
00009ed1  _Z12ST7735_writeiPKcj                   
00009f05  _Z14Clock_Delay1msj                     
00009f39  _Z16ST7735_SetCursorjj                  
00009f6d  __TI_cleanup                            
00009fa1  __TI_readmsg                            
00009fd5  __TI_writemsg                           
0000a001  C$$IO$$                                 
0000a009  exit                                    
0000a03d  finddevice                              
0000a071  freopen                                 
0000a0d5  fopen                                   
0000a105  _ZN10DashSprite8prevLaneEv              
0000a135  _Z17ST7735_FillScreent                  
0000a161  unlink                                  
0000a18d  _ZN10DashSprite10changeLaneEh           
0000a1e1  write                                   
0000a209  _c_int00_noargs                         
0000a231  _ZN10DashSpriteC1Eh                     
0000a231  _ZN10DashSpriteC2Eh                     
0000a255  srand                                   
0000a297  _ZN8SlidePotC1Ejj                       
0000a297  _ZN8SlidePotC2Ejj                       
0000a2b5  ADC0_IRQHandler                         
0000a2b5  ADC1_IRQHandler                         
0000a2b5  AES_IRQHandler                          
0000a2b5  CANFD0_IRQHandler                       
0000a2b5  DAC0_IRQHandler                         
0000a2b5  DMA_IRQHandler                          
0000a2b5  Default_Handler                         
0000a2b5  GROUP0_IRQHandler                       
0000a2b5  GROUP1_IRQHandler                       
0000a2b5  I2C0_IRQHandler                         
0000a2b5  I2C1_IRQHandler                         
0000a2b5  NMI_Handler                             
0000a2b5  PendSV_Handler                          
0000a2b5  RTC_IRQHandler                          
0000a2b5  SPI0_IRQHandler                         
0000a2b5  SPI1_IRQHandler                         
0000a2b5  SVC_Handler                             
0000a2b5  TIMA0_IRQHandler                        
0000a2b5  TIMA1_IRQHandler                        
0000a2b5  TIMG0_IRQHandler                        
0000a2b5  TIMG6_IRQHandler                        
0000a2b5  TIMG8_IRQHandler                        
0000a2b5  UART0_IRQHandler                        
0000a2b5  UART1_IRQHandler                        
0000a2b5  UART2_IRQHandler                        
0000a2b5  UART3_IRQHandler                        
0000a2d1  HardFault_Handler                       
0000a309  _Z11ST7735_openPKcji                    
0000a31f  _Z11ST7735_readiPcj                     
0000a335  __TI_zero_init_nomemset                 
0000a361  TI_memcpy_small                         
0000a373  __TI_decompress_none                    
0000a385  _Z11Clock_Delayj                        
0000a395  _ZN10BeamSprite13getBottomEdgeEv        
0000a3a5  _ZN10BeamSprite15getBeamLeftSideEv      
0000a3d3  _Z12ST7735_lseekili                     
0000a3e1  _ZN10DashSprite21acknowledgeLaneChangeEv
0000a40b  TI_memset_small                         
0000a425  _Z10Clock_Freqv                         
0000a431  _Z13ST7735_renamePKcS0_                 
0000a43d  _ZN10DashSprite7getLaneEv               
0000a449  __aeabi_memclr                          
0000a449  __aeabi_memclr4                         
0000a449  __aeabi_memclr8                         
0000a455  malloc                                  
0000a461  _Z12ST7735_closei                       
0000a46b  _Z13ST7735_unlinkPKc                    
0000a475  _Z8PLL_Initv                            
0000a481  __aeabi_memcpy                          
0000a481  __aeabi_memcpy4                         
0000a481  __aeabi_memcpy8                         
0000a489  remove                                  
0000a491  Reset_Handler                           
0000a495  _system_pre_init                        
0000a498  C$$EXIT                                 
0000a499  abort                                   
0000a4a0  SHT$$INIT_ARRAY$$Base                   
0000a4a4  SHT$$INIT_ARRAY$$Limit                  
0000a518  __TI_Handler_Table_Base                 
0000a524  __TI_Handler_Table_Limit                
0000a52c  __TI_CINIT_Base                         
0000a53c  __TI_CINIT_Limit                        
0000a53c  __TI_CINIT_Warm                         
20200000  __start___llvm_prf_bits                 
20200000  __start___llvm_prf_cnts                 
20200000  __stop___llvm_prf_bits                  
20200000  __stop___llvm_prf_cnts                  
20200000  buffer                                  
202031b0  _ftable                                 
202032a0  _device                                 
20203318  _stream                                 
20203368  Sensor                                  
2020337c  dash                                    
2020338c  __TI_cleanup_ptr                        
20203390  __TI_dtors_ptr                          
20203394  BusFreq                                 
20203398  StX                                     
2020339c  StY                                     
202033a0  __TI_ft_end                             
202033a4  _lock                                   
202033a8  _unlock                                 
202033b0  StTextColor                             
202033c8  _sys_memory                             
202053c8  _CIOBUF_                                
202053c8  __CIOBUF_                               
202054e8  __TI_tmpnams                            
20205588  parmbuf                                 
20205590  TExaSLogic                              
20205594  TExaSadc                                
20205598  spData                                  
20206000  __stack                                 
20208000  __STACK_END                             
ffffffff  __TI_pprof_out_hndl                     
ffffffff  __TI_prof_data_size                     
ffffffff  __TI_prof_data_start                    
ffffffff  __binit__                               
ffffffff  binit                                   
UNDEFED   __mpu_init                              
UNDEFED   _system_post_cinit                      

[197 symbols]
